#
# There is insufficient memory for the Java Runtime Environment to continue.
# Native memory allocation (malloc) failed to allocate 134656 bytes. Error detail: Chunk::new
# Possible reasons:
#   The system is out of physical RAM or swap space
#   This process is running with CompressedOops enabled, and the Java Heap may be blocking the growth of the native heap
# Possible solutions:
#   Reduce memory load on the system
#   Increase physical memory or swap space
#   Check if swap backing store is full
#   Decrease Java heap size (-Xmx/-Xms)
#   Decrease number of Java threads
#   Decrease Java thread stack sizes (-Xss)
#   Set larger code cache with -XX:ReservedCodeCacheSize=
#   JVM is running with Zero Based Compressed Oops mode in which the Java heap is
#     placed in the first 32GB address space. The Java Heap base address is the
#     maximum limit for the native heap growth. Please use -XX:HeapBaseMinAddress
#     to set the Java Heap base and to place the Java Heap above 32GB virtual address.
# This output file may be truncated or incomplete.
#
#  Out of Memory Error (arena.cpp:168), pid=44312, tid=54308
#
# JRE version: OpenJDK Runtime Environment Temurin-21.0.12.1+1 (21.0.12.1+1) (build 21.0.12.1+1-LTS)
# Java VM: OpenJDK 64-Bit Server VM Temurin-21.0.12.1+1 (21.0.12.1+1-LTS, mixed mode, sharing, tiered, compressed oops, compressed class ptrs, g1 gc, windows-amd64)
# No core dump will be written. Minidumps are not enabled by default on client versions of Windows
#

---------------  S U M M A R Y ------------

Command Line: --add-opens=java.base/java.lang=ALL-UNNAMED --add-opens=java.base/java.lang.invoke=ALL-UNNAMED --add-opens=java.base/java.util=ALL-UNNAMED --add-opens=java.prefs/java.util.prefs=ALL-UNNAMED --add-exports=jdk.compiler/com.sun.tools.javac.api=ALL-UNNAMED --add-exports=jdk.compiler/com.sun.tools.javac.util=ALL-UNNAMED --add-opens=java.base/java.util=ALL-UNNAMED --add-opens=java.prefs/java.util.prefs=ALL-UNNAMED --add-opens=java.base/java.nio.charset=ALL-UNNAMED --add-opens=java.base/java.net=ALL-UNNAMED --add-opens=java.base/java.util.concurrent=ALL-UNNAMED --add-opens=java.base/java.util.concurrent.atomic=ALL-UNNAMED --add-opens=java.xml/javax.xml.namespace=ALL-UNNAMED --add-opens=java.base/java.time=ALL-UNNAMED -XX:MaxMetaspaceSize=4G -XX:ReservedCodeCacheSize=512m -XX:+HeapDumpOnOutOfMemoryError -Xmx8G -Dfile.encoding=UTF-8 -Duser.country=IN -Duser.language=en -Duser.variant -javaagent:C:\Users\AJI\.gradle\wrapper\dists\gradle-9.1.0-all\7wzd0jkjit61aq2p43wpjgij9\gradle-9.1.0\lib\agents\gradle-instrumentation-agent-9.1.0.jar org.gradle.launcher.daemon.bootstrap.GradleDaemon 9.1.0

Host: 12th Gen Intel(R) Core(TM) i7-12700H, 20 cores, 15G,  Windows 11 , 64 bit Build 26100 (10.0.26100.9444)
Time: Thu Sep 17 09:16:58 2026 India Standard Time elapsed time: 312.127840 seconds (0d 0h 5m 12s)

---------------  T H R E A D  ---------------

Current thread (0x00000259c121ada0):  JavaThread "C2 CompilerThread0" daemon [_thread_in_native, id=54308, stack(0x000000ea18b00000,0x000000ea18c00000) (1024K)]


Current CompileTask:
C2:312127 5574       4       jdk.internal.org.objectweb.asm.ClassWriter::visitMethod (57 bytes)

Stack: [0x000000ea18b00000,0x000000ea18c00000]
Native frames: (J=compiled Java code, j=interpreted, Vv=VM code, C=native code)
V  [jvm.dll+0x6d83e9]
V  [jvm.dll+0x8b5736]
V  [jvm.dll+0x8b7cee]
V  [jvm.dll+0x8b83d3]
V  [jvm.dll+0x284596]
V  [jvm.dll+0xc685d]
V  [jvm.dll+0xc6da1]
V  [jvm.dll+0x3bf18b]
V  [jvm.dll+0x1e3b4e]
V  [jvm.dll+0x24c853]
V  [jvm.dll+0x24bce0]
V  [jvm.dll+0x1cb4ae]
V  [jvm.dll+0x25baad]
V  [jvm.dll+0x25a03a]
V  [jvm.dll+0x3f8aae]
V  [jvm.dll+0x8600cd]
V  [jvm.dll+0x6d6c1d]
C  [ucrtbase.dll+0x2cd30]
C  [KERNEL32.DLL+0x2cd87]
C  [ntdll.dll+0xacaec]


---------------  P R O C E S S  ---------------

Threads class SMR info:
_java_thread_list=0x00000259c45c25b0, length=34, elements={
0x0000025993041c60, 0x00000259c11deff0, 0x00000259c11dfb50, 0x00000259c11e8120,
0x00000259c11eab90, 0x00000259c11ec290, 0x00000259c11ed2b0, 0x00000259c121ada0,
0x00000259c42ca370, 0x00000259c448f5f0, 0x00000259c4588600, 0x0000025a0a40abf0,
0x00000259c44c1080, 0x0000025a0b104830, 0x00000259c4679dc0, 0x00000259c467abe0,
0x00000259c43df5b0, 0x00000259c478bc50, 0x00000259c478d690, 0x00000259c478c2e0,
0x00000259c478a210, 0x00000259c478af30, 0x00000259c478c970, 0x00000259c478a8a0,
0x0000025a0ca1cd20, 0x0000025a0ca1d3b0, 0x0000025a0ca1b970, 0x0000025a0ca1c000,
0x0000025a0ca1da40, 0x0000025a0ca1e760, 0x0000025a0ca1b2e0, 0x0000025a0ca21550,
0x0000025a0ca201a0, 0x0000025a0ca1edf0
}

Java Threads: ( => current thread )
  0x0000025993041c60 JavaThread "main"                              [_thread_blocked, id=54152, stack(0x000000ea17d00000,0x000000ea17e00000) (1024K)]
  0x00000259c11deff0 JavaThread "Reference Handler"          daemon [_thread_blocked, id=54284, stack(0x000000ea18500000,0x000000ea18600000) (1024K)]
  0x00000259c11dfb50 JavaThread "Finalizer"                  daemon [_thread_blocked, id=54288, stack(0x000000ea18600000,0x000000ea18700000) (1024K)]
  0x00000259c11e8120 JavaThread "Signal Dispatcher"          daemon [_thread_blocked, id=54292, stack(0x000000ea18700000,0x000000ea18800000) (1024K)]
  0x00000259c11eab90 JavaThread "Attach Listener"            daemon [_thread_blocked, id=54296, stack(0x000000ea18800000,0x000000ea18900000) (1024K)]
  0x00000259c11ec290 JavaThread "Service Thread"             daemon [_thread_blocked, id=54300, stack(0x000000ea18900000,0x000000ea18a00000) (1024K)]
  0x00000259c11ed2b0 JavaThread "Monitor Deflation Thread"   daemon [_thread_blocked, id=54304, stack(0x000000ea18a00000,0x000000ea18b00000) (1024K)]
=>0x00000259c121ada0 JavaThread "C2 CompilerThread0"         daemon [_thread_in_native, id=54308, stack(0x000000ea18b00000,0x000000ea18c00000) (1024K)]
  0x00000259c42ca370 JavaThread "C1 CompilerThread0"         daemon [_thread_blocked, id=54312, stack(0x000000ea18c00000,0x000000ea18d00000) (1024K)]
  0x00000259c448f5f0 JavaThread "Common-Cleaner"             daemon [_thread_blocked, id=54368, stack(0x000000ea18d00000,0x000000ea18e00000) (1024K)]
  0x00000259c4588600 JavaThread "Notification Thread"        daemon [_thread_blocked, id=54388, stack(0x000000ea18e00000,0x000000ea18f00000) (1024K)]
  0x0000025a0a40abf0 JavaThread "Daemon health stats"               [_thread_blocked, id=55608, stack(0x000000ea19600000,0x000000ea19700000) (1024K)]
  0x00000259c44c1080 JavaThread "Incoming local TCP Connector on port 40329"        [_thread_in_native, id=56048, stack(0x000000ea19700000,0x000000ea19800000) (1024K)]
  0x0000025a0b104830 JavaThread "Daemon periodic checks"            [_thread_blocked, id=56200, stack(0x000000ea19800000,0x000000ea19900000) (1024K)]
  0x00000259c4679dc0 JavaThread "Daemon"                            [_thread_blocked, id=44720, stack(0x000000ea19900000,0x000000ea19a00000) (1024K)]
  0x00000259c467abe0 JavaThread "Handler for socket connection from /127.0.0.1:40329 to /127.0.0.1:40331"        [_thread_in_native, id=44692, stack(0x000000ea19a00000,0x000000ea19b00000) (1024K)]
  0x00000259c43df5b0 JavaThread "Cancel handler"                    [_thread_blocked, id=53892, stack(0x000000ea19b00000,0x000000ea19c00000) (1024K)]
  0x00000259c478bc50 JavaThread "Daemon worker"                     [_thread_in_vm, id=32872, stack(0x000000ea19c00000,0x000000ea19d00000) (1024K)]
  0x00000259c478d690 JavaThread "Asynchronous log dispatcher for DefaultDaemonConnection: socket connection from /127.0.0.1:40329 to /127.0.0.1:40331"        [_thread_blocked, id=36448, stack(0x000000ea19d00000,0x000000ea19e00000) (1024K)]
  0x00000259c478c2e0 JavaThread "Stdin handler"                     [_thread_blocked, id=45036, stack(0x000000ea19e00000,0x000000ea19f00000) (1024K)]
  0x00000259c478a210 JavaThread "Daemon client event forwarder"        [_thread_blocked, id=37944, stack(0x000000ea19f00000,0x000000ea1a000000) (1024K)]
  0x00000259c478af30 JavaThread "Cache worker for journal cache (C:\Users\AJI\.gradle\caches\journal-1)"        [_thread_blocked, id=52600, stack(0x000000ea1a900000,0x000000ea1aa00000) (1024K)]
  0x00000259c478c970 JavaThread "File lock request listener"        [_thread_in_native, id=56044, stack(0x000000ea1aa00000,0x000000ea1ab00000) (1024K)]
  0x00000259c478a8a0 JavaThread "Cache worker for file hash cache (C:\Users\AJI\.gradle\caches\9.1.0\fileHashes)"        [_thread_blocked, id=36228, stack(0x000000ea1ab00000,0x000000ea1ac00000) (1024K)]
  0x0000025a0ca1cd20 JavaThread "Cache worker for file hash cache (C:\Users\AJI\Documents\Gostriders\gostriders\android\.gradle\9.1.0\fileHashes)"        [_thread_blocked, id=22220, stack(0x000000ea1b100000,0x000000ea1b200000) (1024K)]
  0x0000025a0ca1d3b0 JavaThread "Cache worker for Build Output Cleanup Cache (C:\Users\AJI\Documents\Gostriders\gostriders\android\.gradle\buildOutputCleanup)"        [_thread_blocked, id=64748, stack(0x000000ea1b200000,0x000000ea1b300000) (1024K)]
  0x0000025a0ca1b970 JavaThread "File watcher server"        daemon [_thread_in_native, id=65592, stack(0x000000ea18f00000,0x000000ea19000000) (1024K)]
  0x0000025a0ca1c000 JavaThread "File watcher consumer"      daemon [_thread_blocked, id=65604, stack(0x000000ea1b300000,0x000000ea1b400000) (1024K)]
  0x0000025a0ca1da40 JavaThread "Cache worker for checksums cache (C:\Users\AJI\Documents\Gostriders\gostriders\android\.gradle\9.1.0\checksums)"        [_thread_blocked, id=65812, stack(0x000000ea1b400000,0x000000ea1b500000) (1024K)]
  0x0000025a0ca1e760 JavaThread "Cache worker for file content cache (C:\Users\AJI\.gradle\caches\9.1.0\fileContent)"        [_thread_blocked, id=65920, stack(0x000000ea1b500000,0x000000ea1b600000) (1024K)]
  0x0000025a0ca1b2e0 JavaThread "Cache worker for cache directory md-supplier (C:\Users\AJI\.gradle\caches\9.1.0\md-supplier)"        [_thread_blocked, id=66256, stack(0x000000ea1b600000,0x000000ea1b700000) (1024K)]
  0x0000025a0ca21550 JavaThread "Cache worker for cache directory md-rule (C:\Users\AJI\.gradle\caches\9.1.0\md-rule)"        [_thread_blocked, id=66328, stack(0x000000ea1b700000,0x000000ea1b800000) (1024K)]
  0x0000025a0ca201a0 JavaThread "File lock release action executor Thread 2"        [_thread_blocked, id=29504, stack(0x000000ea17a00000,0x000000ea17b00000) (1024K)]
  0x0000025a0ca1edf0 JavaThread "Cache worker for Build Output Cleanup Cache (C:\Users\AJI\develop\flutter\packages\flutter_tools\gradle\.gradle\buildOutputCleanup)"        [_thread_blocked, id=44344, stack(0x000000ea19500000,0x000000ea19600000) (1024K)]
Total: 34

Other Threads:
  0x00000259c11c3c40 VMThread "VM Thread"                           [id=53608, stack(0x000000ea18400000,0x000000ea18500000) (1024K)]
  0x00000259c42c19e0 WatcherThread "VM Periodic Task Thread"        [id=53452, stack(0x000000ea18300000,0x000000ea18400000) (1024K)]
  0x00000259930ec600 WorkerThread "GC Thread#0"                     [id=54028, stack(0x000000ea17e00000,0x000000ea17f00000) (1024K)]
  0x00000259c458b420 WorkerThread "GC Thread#1"                     [id=54528, stack(0x000000ea19000000,0x000000ea19100000) (1024K)]
  0x00000259c458b7d0 WorkerThread "GC Thread#2"                     [id=54532, stack(0x000000ea19100000,0x000000ea19200000) (1024K)]
  0x00000259c458bb80 WorkerThread "GC Thread#3"                     [id=54536, stack(0x000000ea19200000,0x000000ea19300000) (1024K)]
  0x00000259c458bf30 WorkerThread "GC Thread#4"                     [id=54540, stack(0x000000ea19300000,0x000000ea19400000) (1024K)]
  0x00000259c4625fb0 WorkerThread "GC Thread#5"                     [id=54544, stack(0x000000ea19400000,0x000000ea19500000) (1024K)]
  0x0000025a0a1b9640 WorkerThread "GC Thread#6"                     [id=45228, stack(0x000000ea1a000000,0x000000ea1a100000) (1024K)]
  0x0000025a0a1b99f0 WorkerThread "GC Thread#7"                     [id=35464, stack(0x000000ea1a100000,0x000000ea1a200000) (1024K)]
  0x0000025a0b03b660 WorkerThread "GC Thread#8"                     [id=40784, stack(0x000000ea1a200000,0x000000ea1a300000) (1024K)]
  0x0000025a0b03ba10 WorkerThread "GC Thread#9"                     [id=45032, stack(0x000000ea1a300000,0x000000ea1a400000) (1024K)]
  0x0000025a0b03c1d0 WorkerThread "GC Thread#10"                    [id=44980, stack(0x000000ea1a400000,0x000000ea1a500000) (1024K)]
  0x0000025a0a1b7770 WorkerThread "GC Thread#11"                    [id=40576, stack(0x000000ea1a500000,0x000000ea1a600000) (1024K)]
  0x0000025a0a1b7b20 WorkerThread "GC Thread#12"                    [id=44996, stack(0x000000ea1a600000,0x000000ea1a700000) (1024K)]
  0x0000025a0b0826b0 WorkerThread "GC Thread#13"                    [id=40520, stack(0x000000ea1a700000,0x000000ea1a800000) (1024K)]
  0x0000025a0b081440 WorkerThread "GC Thread#14"                    [id=44228, stack(0x000000ea1a800000,0x000000ea1a900000) (1024K)]
  0x00000259930fdd10 ConcurrentGCThread "G1 Main Marker"            [id=53460, stack(0x000000ea17f00000,0x000000ea18000000) (1024K)]
  0x00000259930fea40 WorkerThread "G1 Conc#0"                       [id=53880, stack(0x000000ea18000000,0x000000ea18100000) (1024K)]
  0x0000025a0b082300 WorkerThread "G1 Conc#1"                       [id=52696, stack(0x000000ea1ac00000,0x000000ea1ad00000) (1024K)]
  0x0000025a0b081090 WorkerThread "G1 Conc#2"                       [id=54508, stack(0x000000ea1ad00000,0x000000ea1ae00000) (1024K)]
  0x0000025a0dff4490 WorkerThread "G1 Conc#3"                       [id=65420, stack(0x000000ea1ae00000,0x000000ea1af00000) (1024K)]
  0x00000259c10e9fd0 ConcurrentGCThread "G1 Refine#0"               [id=53948, stack(0x000000ea18100000,0x000000ea18200000) (1024K)]
  0x00000259c10eaa60 ConcurrentGCThread "G1 Service"                [id=53664, stack(0x000000ea18200000,0x000000ea18300000) (1024K)]
Total: 24

Threads with active compile tasks:
C2 CompilerThread0  312167 5574       4       jdk.internal.org.objectweb.asm.ClassWriter::visitMethod (57 bytes)
Total: 1

VM state: not at safepoint (normal execution)

VM Mutex/Monitor currently owned by a thread: None

Heap address: 0x0000000600000000, size: 8192 MB, Compressed Oops mode: Zero based, Oop shift amount: 3

CDS archive(s) mapped at: [0x00000259c5000000-0x00000259c5ba0000-0x00000259c5ba0000), size 12189696, SharedBaseAddress: 0x00000259c5000000, ArchiveRelocationMode: 1.
Compressed class space mapped at: 0x00000259c6000000-0x0000025a06000000, reserved size: 1073741824
Narrow klass base: 0x00000259c5000000, Narrow klass shift: 0, Narrow klass range: 0x100000000

GC Precious Log:
 CardTable entry size: 512
 Card Set container configuration: InlinePtr #cards 4 size 8 Array Of Cards #cards 32 size 80 Howl #buckets 8 coarsen threshold 7372 Howl Bitmap #cards 1024 size 144 coarsen threshold 921 Card regions per heap region 1 cards per card region 8192
 CPUs: 20 total, 20 available
 Memory: 16068M
 Large Page Support: Disabled
 NUMA Support: Disabled
 Compressed Oops: Enabled (Zero based)
 Heap Region Size: 4M
 Heap Min Capacity: 8M
 Heap Initial Capacity: 252M
 Heap Max Capacity: 8G
 Pre-touch: Disabled
 Parallel Workers: 15
 Concurrent Workers: 4
 Concurrent Refinement Workers: 15
 Periodic GC: Disabled

Heap:
 garbage-first heap   total 102400K, used 50882K [0x0000000600000000, 0x0000000800000000)
  region size 4096K, 7 young (28672K), 2 survivors (8192K)
 Metaspace       used 43956K, committed 45696K, reserved 1114112K
  class space    used 6495K, committed 7360K, reserved 1048576K

Heap Regions: E=young(eden), S=young(survivor), O=old, HS=humongous(starts), HC=humongous(continues), CS=collection set, F=free, TAMS=top-at-mark-start, PB=parsable bottom
|   0|0x0000000600000000, 0x0000000600400000, 0x0000000600400000|100%|HS|  |TAMS 0x0000000600000000| PB 0x0000000600000000| Complete 
|   1|0x0000000600400000, 0x0000000600800000, 0x0000000600800000|100%| O|  |TAMS 0x0000000600400000| PB 0x0000000600400000| Untracked 
|   2|0x0000000600800000, 0x0000000600c00000, 0x0000000600c00000|100%| O|  |TAMS 0x0000000600800000| PB 0x0000000600800000| Untracked 
|   3|0x0000000600c00000, 0x0000000601000000, 0x0000000601000000|100%| O|  |TAMS 0x0000000600c00000| PB 0x0000000600c00000| Untracked 
|   4|0x0000000601000000, 0x0000000601088418, 0x0000000601400000| 13%| O|  |TAMS 0x0000000601000000| PB 0x0000000601000000| Untracked 
|   5|0x0000000601400000, 0x0000000601400000, 0x0000000601800000|  0%| F|  |TAMS 0x0000000601400000| PB 0x0000000601400000| Untracked 
|   6|0x0000000601800000, 0x0000000601800000, 0x0000000601c00000|  0%| F|  |TAMS 0x0000000601800000| PB 0x0000000601800000| Untracked 
|   7|0x0000000601c00000, 0x0000000601d28710, 0x0000000602000000| 28%| S|CS|TAMS 0x0000000601c00000| PB 0x0000000601c00000| Complete 
|   8|0x0000000602000000, 0x0000000602400000, 0x0000000602400000|100%| S|CS|TAMS 0x0000000602000000| PB 0x0000000602000000| Complete 
|   9|0x0000000602400000, 0x0000000602400000, 0x0000000602800000|  0%| F|  |TAMS 0x0000000602400000| PB 0x0000000602400000| Untracked 
|  10|0x0000000602800000, 0x0000000602800000, 0x0000000602c00000|  0%| F|  |TAMS 0x0000000602800000| PB 0x0000000602800000| Untracked 
|  11|0x0000000602c00000, 0x0000000602c00000, 0x0000000603000000|  0%| F|  |TAMS 0x0000000602c00000| PB 0x0000000602c00000| Untracked 
|  12|0x0000000603000000, 0x0000000603000000, 0x0000000603400000|  0%| F|  |TAMS 0x0000000603000000| PB 0x0000000603000000| Untracked 
|  13|0x0000000603400000, 0x0000000603400000, 0x0000000603800000|  0%| F|  |TAMS 0x0000000603400000| PB 0x0000000603400000| Untracked 
|  14|0x0000000603800000, 0x0000000603800000, 0x0000000603c00000|  0%| F|  |TAMS 0x0000000603800000| PB 0x0000000603800000| Untracked 
|  15|0x0000000603c00000, 0x0000000603c00000, 0x0000000604000000|  0%| F|  |TAMS 0x0000000603c00000| PB 0x0000000603c00000| Untracked 
|  16|0x0000000604000000, 0x0000000604000000, 0x0000000604400000|  0%| F|  |TAMS 0x0000000604000000| PB 0x0000000604000000| Untracked 
|  17|0x0000000604400000, 0x000000060474a360, 0x0000000604800000| 82%| E|  |TAMS 0x0000000604400000| PB 0x0000000604400000| Complete 
|  44|0x000000060b000000, 0x000000060b400000, 0x000000060b400000|100%| E|CS|TAMS 0x000000060b000000| PB 0x000000060b000000| Complete 
|  45|0x000000060b400000, 0x000000060b800000, 0x000000060b800000|100%| E|CS|TAMS 0x000000060b400000| PB 0x000000060b400000| Complete 
|  46|0x000000060b800000, 0x000000060bc00000, 0x000000060bc00000|100%| E|CS|TAMS 0x000000060b800000| PB 0x000000060b800000| Complete 
|  62|0x000000060f800000, 0x000000060fc00000, 0x000000060fc00000|100%| E|CS|TAMS 0x000000060f800000| PB 0x000000060f800000| Complete 
|2045|0x00000007ff400000, 0x00000007ff800000, 0x00000007ff800000|100%| O|  |TAMS 0x00000007ff400000| PB 0x00000007ff400000| Untracked 
|2046|0x00000007ff800000, 0x00000007ffc00000, 0x00000007ffc00000|100%| O|  |TAMS 0x00000007ff800000| PB 0x00000007ff800000| Untracked 
|2047|0x00000007ffc00000, 0x0000000800000000, 0x0000000800000000|100%| O|  |TAMS 0x00000007ffc00000| PB 0x00000007ffc00000| Untracked 

Card table byte_map: [0x00000259b7f10000,0x00000259b8f10000] _byte_map_base: 0x00000259b4f10000

Marking Bits: (CMBitMap*) 0x00000259930ecc20
 Bits: [0x00000259b8f10000, 0x00000259c0f10000)

Polling page: 0x0000025990c50000

Metaspace:

Usage:
  Non-class:     36.59 MB used.
      Class:      6.34 MB used.
       Both:     42.93 MB used.

Virtual space:
  Non-class space:       64.00 MB reserved,      37.44 MB ( 58%) committed,  1 nodes.
      Class space:        1.00 GB reserved,       7.19 MB ( <1%) committed,  1 nodes.
             Both:        1.06 GB reserved,      44.62 MB (  4%) committed. 

Chunk freelists:
   Non-Class:  10.23 MB
       Class:  8.77 MB
        Both:  19.00 MB

MaxMetaspaceSize: 4.00 GB
CompressedClassSpaceSize: 1.00 GB
Initial GC threshold: 21.00 MB
Current GC threshold: 58.69 MB
CDS: on
 - commit_granule_bytes: 65536.
 - commit_granule_words: 8192.
 - virtual_space_node_default_size: 8388608.
 - enlarge_chunks_in_place: 1.
 - use_allocation_guard: 0.


Internal statistics:

num_allocs_failed_limit: 6.
num_arena_births: 3100.
num_arena_deaths: 0.
num_vsnodes_births: 2.
num_vsnodes_deaths: 0.
num_space_committed: 715.
num_space_uncommitted: 0.
num_chunks_returned_to_freelist: 6.
num_chunks_taken_from_freelist: 5262.
num_chunk_merges: 6.
num_chunk_splits: 3441.
num_chunks_enlarged: 2123.
num_inconsistent_stats: 0.

CodeHeap 'non-profiled nmethods': size=258432Kb used=3202Kb max_used=3202Kb free=255229Kb
 bounds [0x00000259a65e0000, 0x00000259a6910000, 0x00000259b6240000]
CodeHeap 'profiled nmethods': size=258368Kb used=9974Kb max_used=9974Kb free=248393Kb
 bounds [0x0000025996240000, 0x0000025996c00000, 0x00000259a5e90000]
CodeHeap 'non-nmethods': size=7488Kb used=1852Kb max_used=2962Kb free=5635Kb
 bounds [0x00000259a5e90000, 0x00000259a61a0000, 0x00000259a65e0000]
CodeCache: size=524288Kb, used=15028Kb, max_used=16138Kb, free=509257Kb
 total_blobs=5769, nmethods=5050, adapters=623, full_count=0
Compilation: enabled, stopped_count=0, restarted_count=0

Compilation events (20 events):
Event: 311.988 Thread 0x00000259c42ca370 nmethod 5560 0x0000025996bf6590 code [0x0000025996bf6c00, 0x0000025996bfa770]
Event: 311.999 Thread 0x00000259c121ada0 5561       4       org.objectweb.asm.Frame::pop (53 bytes)
Event: 312.001 Thread 0x00000259c42ca370 5562       3       org.gradle.internal.instantiation.generator.ParamsMatchingConstructorSelector::vetoParameters (1 bytes)
Event: 312.001 Thread 0x00000259c42ca370 nmethod 5562 0x0000025996bfb990 code [0x0000025996bfbb20, 0x0000025996bfbc28]
Event: 312.010 Thread 0x00000259c121ada0 nmethod 5561 0x00000259a68f8e10 code [0x00000259a68f9060, 0x00000259a68f9a70]
Event: 312.014 Thread 0x00000259c121ada0 5563       4       jdk.internal.org.objectweb.asm.MethodWriter::putMethodInfo (1274 bytes)
Event: 312.047 Thread 0x00000259c121ada0 nmethod 5563 0x00000259a68fa890 code [0x00000259a68facc0, 0x00000259a68fc788]
Event: 312.047 Thread 0x00000259c121ada0 5567       4       jdk.internal.org.objectweb.asm.MethodWriter::visitTypeInsn (116 bytes)
Event: 312.053 Thread 0x00000259c121ada0 nmethod 5567 0x00000259a68fdb90 code [0x00000259a68fdd60, 0x00000259a68fe128]
Event: 312.054 Thread 0x00000259c121ada0 5565       4       jdk.internal.org.objectweb.asm.MethodWriter::computeMethodInfoSize (571 bytes)
Event: 312.060 Thread 0x00000259c121ada0 nmethod 5565 0x00000259a68fe490 code [0x00000259a68fe6c0, 0x00000259a68fee08]
Event: 312.073 Thread 0x00000259c42ca370 5568       1       sun.reflect.generics.tree.Wildcard::getUpperBounds (5 bytes)
Event: 312.073 Thread 0x00000259c42ca370 nmethod 5568 0x00000259a68ff390 code [0x00000259a68ff520, 0x00000259a68ff5f0]
Event: 312.074 Thread 0x00000259c121ada0 5569       4       org.objectweb.asm.SymbolTable::addConstantMethodref (24 bytes)
Event: 312.074 Thread 0x00000259c121ada0 nmethod 5569 0x00000259a68ff690 code [0x00000259a68ff820, 0x00000259a68ff8f0]
Event: 312.080 Thread 0x00000259c42ca370 5570       1       org.gradle.internal.typeconversion.TypeInfo::getTargetType (5 bytes)
Event: 312.080 Thread 0x00000259c42ca370 nmethod 5570 0x00000259a68ff990 code [0x00000259a68ffb20, 0x00000259a68ffbf0]
Event: 312.088 Thread 0x00000259c42ca370 5571       3       org.objectweb.asm.Frame::getInitializedType (163 bytes)
Event: 312.088 Thread 0x00000259c42ca370 nmethod 5571 0x0000025996bfbc90 code [0x0000025996bfbea0, 0x0000025996bfc408]
Event: 312.096 Thread 0x00000259c121ada0 5574       4       jdk.internal.org.objectweb.asm.ClassWriter::visitMethod (57 bytes)

GC Heap History (20 events):
Event: 0.448 GC heap before
{Heap before GC invocations=0 (full 0):
 garbage-first heap   total 258048K, used 20480K [0x0000000600000000, 0x0000000800000000)
  region size 4096K, 5 young (20480K), 0 survivors (0K)
 Metaspace       used 877K, committed 1024K, reserved 1114112K
  class space    used 71K, committed 128K, reserved 1048576K
}
Event: 0.451 GC heap after
{Heap after GC invocations=1 (full 0):
 garbage-first heap   total 258048K, used 1600K [0x0000000600000000, 0x0000000800000000)
  region size 4096K, 1 young (4096K), 1 survivors (4096K)
 Metaspace       used 877K, committed 1024K, reserved 1114112K
  class space    used 71K, committed 128K, reserved 1048576K
}
Event: 3.230 GC heap before
{Heap before GC invocations=1 (full 0):
 garbage-first heap   total 258048K, used 46656K [0x0000000600000000, 0x0000000800000000)
  region size 4096K, 11 young (45056K), 1 survivors (4096K)
 Metaspace       used 4610K, committed 4800K, reserved 1114112K
  class space    used 583K, committed 704K, reserved 1048576K
}
Event: 3.235 GC heap after
{Heap after GC invocations=2 (full 0):
 garbage-first heap   total 258048K, used 11452K [0x0000000600000000, 0x0000000800000000)
  region size 4096K, 2 young (8192K), 2 survivors (8192K)
 Metaspace       used 4610K, committed 4800K, reserved 1114112K
  class space    used 583K, committed 704K, reserved 1048576K
}
Event: 5.895 GC heap before
{Heap before GC invocations=2 (full 0):
 garbage-first heap   total 258048K, used 89276K [0x0000000600000000, 0x0000000800000000)
  region size 4096K, 22 young (90112K), 2 survivors (8192K)
 Metaspace       used 12198K, committed 12544K, reserved 1114112K
  class space    used 1670K, committed 1792K, reserved 1048576K
}
Event: 5.912 GC heap after
{Heap after GC invocations=3 (full 0):
 garbage-first heap   total 258048K, used 20653K [0x0000000600000000, 0x0000000800000000)
  region size 4096K, 3 young (12288K), 3 survivors (12288K)
 Metaspace       used 12198K, committed 12544K, reserved 1114112K
  class space    used 1670K, committed 1792K, reserved 1048576K
}
Event: 53.131 GC heap before
{Heap before GC invocations=3 (full 0):
 garbage-first heap   total 258048K, used 77997K [0x0000000600000000, 0x0000000800000000)
  region size 4096K, 19 young (77824K), 3 survivors (12288K)
 Metaspace       used 20892K, committed 21504K, reserved 1114112K
  class space    used 2886K, committed 3136K, reserved 1048576K
}
Event: 53.198 GC heap after
{Heap after GC invocations=4 (full 0):
 garbage-first heap   total 258048K, used 23397K [0x0000000600000000, 0x0000000800000000)
  region size 4096K, 3 young (12288K), 3 survivors (12288K)
 Metaspace       used 20892K, committed 21504K, reserved 1114112K
  class space    used 2886K, committed 3136K, reserved 1048576K
}
Event: 55.456 GC heap before
{Heap before GC invocations=5 (full 0):
 garbage-first heap   total 81920K, used 80741K [0x0000000600000000, 0x0000000800000000)
  region size 4096K, 17 young (69632K), 3 survivors (12288K)
 Metaspace       used 27901K, committed 28864K, reserved 1114112K
  class space    used 3991K, committed 4480K, reserved 1048576K
}
Event: 55.464 GC heap after
{Heap after GC invocations=6 (full 0):
 garbage-first heap   total 102400K, used 27228K [0x0000000600000000, 0x0000000800000000)
  region size 4096K, 2 young (8192K), 2 survivors (8192K)
 Metaspace       used 27901K, committed 28864K, reserved 1114112K
  class space    used 3991K, committed 4480K, reserved 1048576K
}
Event: 56.792 GC heap before
{Heap before GC invocations=6 (full 0):
 garbage-first heap   total 102400K, used 72284K [0x0000000600000000, 0x0000000800000000)
  region size 4096K, 14 young (57344K), 2 survivors (8192K)
 Metaspace       used 34082K, committed 35392K, reserved 1114112K
  class space    used 4897K, committed 5568K, reserved 1048576K
}
Event: 56.799 GC heap after
{Heap after GC invocations=7 (full 0):
 garbage-first heap   total 102400K, used 29532K [0x0000000600000000, 0x0000000800000000)
  region size 4096K, 2 young (8192K), 2 survivors (8192K)
 Metaspace       used 34082K, committed 35392K, reserved 1114112K
  class space    used 4897K, committed 5568K, reserved 1048576K
}
Event: 57.000 GC heap before
{Heap before GC invocations=7 (full 0):
 garbage-first heap   total 102400K, used 29532K [0x0000000600000000, 0x0000000800000000)
  region size 4096K, 3 young (12288K), 2 survivors (8192K)
 Metaspace       used 34670K, committed 35968K, reserved 1114112K
  class space    used 4966K, committed 5568K, reserved 1048576K
}
Event: 57.004 GC heap after
{Heap after GC invocations=8 (full 0):
 garbage-first heap   total 102400K, used 30390K [0x0000000600000000, 0x0000000800000000)
  region size 4096K, 1 young (4096K), 1 survivors (4096K)
 Metaspace       used 34670K, committed 35968K, reserved 1114112K
  class space    used 4966K, committed 5568K, reserved 1048576K
}
Event: 72.263 GC heap before
{Heap before GC invocations=9 (full 0):
 garbage-first heap   total 102400K, used 75446K [0x0000000600000000, 0x0000000800000000)
  region size 4096K, 12 young (49152K), 1 survivors (4096K)
 Metaspace       used 36935K, committed 38400K, reserved 1114112K
  class space    used 5314K, committed 6016K, reserved 1048576K
}
Event: 72.268 GC heap after
{Heap after GC invocations=10 (full 0):
 garbage-first heap   total 102400K, used 32478K [0x0000000600000000, 0x0000000800000000)
  region size 4096K, 2 young (8192K), 2 survivors (8192K)
 Metaspace       used 36935K, committed 38400K, reserved 1114112K
  class space    used 5314K, committed 6016K, reserved 1048576K
}
Event: 298.503 GC heap before
{Heap before GC invocations=10 (full 0):
 garbage-first heap   total 102400K, used 77534K [0x0000000600000000, 0x0000000800000000)
  region size 4096K, 13 young (53248K), 2 survivors (8192K)
 Metaspace       used 39743K, committed 41344K, reserved 1114112K
  class space    used 5777K, committed 6528K, reserved 1048576K
}
Event: 298.521 GC heap after
{Heap after GC invocations=11 (full 0):
 garbage-first heap   total 102400K, used 33132K [0x0000000600000000, 0x0000000800000000)
  region size 4096K, 1 young (4096K), 1 survivors (4096K)
 Metaspace       used 39743K, committed 41344K, reserved 1114112K
  class space    used 5777K, committed 6528K, reserved 1048576K
}
Event: 303.158 GC heap before
{Heap before GC invocations=11 (full 0):
 garbage-first heap   total 102400K, used 82284K [0x0000000600000000, 0x0000000800000000)
  region size 4096K, 13 young (53248K), 1 survivors (4096K)
 Metaspace       used 42259K, committed 44032K, reserved 1114112K
  class space    used 6206K, committed 7104K, reserved 1048576K
}
Event: 303.166 GC heap after
{Heap after GC invocations=12 (full 0):
 garbage-first heap   total 102400K, used 34498K [0x0000000600000000, 0x0000000800000000)
  region size 4096K, 2 young (8192K), 2 survivors (8192K)
 Metaspace       used 42259K, committed 44032K, reserved 1114112K
  class space    used 6206K, committed 7104K, reserved 1048576K
}

Dll operation events (20 events):
Event: 0.113 Attempting to load shared library C:\Users\AJI\.vscode\extensions\redhat.java-1.56.0-win32-x64\jre\21.0.12.1-win32-x86_64\bin\nio.dll
Event: 0.113 Loaded shared library C:\Users\AJI\.vscode\extensions\redhat.java-1.56.0-win32-x64\jre\21.0.12.1-win32-x86_64\bin\nio.dll
Event: 0.116 Attempting to load shared library C:\Users\AJI\.vscode\extensions\redhat.java-1.56.0-win32-x64\jre\21.0.12.1-win32-x86_64\bin\zip.dll
Event: 0.116 Loaded shared library C:\Users\AJI\.vscode\extensions\redhat.java-1.56.0-win32-x64\jre\21.0.12.1-win32-x86_64\bin\zip.dll
Event: 0.462 Attempting to load shared library C:\Users\AJI\.vscode\extensions\redhat.java-1.56.0-win32-x64\jre\21.0.12.1-win32-x86_64\bin\jimage.dll
Event: 0.462 Loaded shared library C:\Users\AJI\.vscode\extensions\redhat.java-1.56.0-win32-x64\jre\21.0.12.1-win32-x86_64\bin\jimage.dll
Event: 1.351 Attempting to load shared library C:\Users\AJI\.vscode\extensions\redhat.java-1.56.0-win32-x64\jre\21.0.12.1-win32-x86_64\bin\verify.dll
Event: 1.364 Loaded shared library C:\Users\AJI\.vscode\extensions\redhat.java-1.56.0-win32-x64\jre\21.0.12.1-win32-x86_64\bin\verify.dll
Event: 1.449 Attempting to load shared library C:\Users\AJI\.gradle\native\1def1411415f61bf3af743bc5b6707747c0891f09f0c88961ee8f79bc544acac\windows-amd64\native-platform.dll
Event: 1.451 Loaded shared library C:\Users\AJI\.gradle\native\1def1411415f61bf3af743bc5b6707747c0891f09f0c88961ee8f79bc544acac\windows-amd64\native-platform.dll
Event: 1.500 Attempting to load shared library C:\Users\AJI\.gradle\native\0.2.8\x86_64-windows-gnu\gradle-fileevents.dll
Event: 1.503 Loaded shared library C:\Users\AJI\.gradle\native\0.2.8\x86_64-windows-gnu\gradle-fileevents.dll
Event: 4.948 Attempting to load shared library C:\Users\AJI\.vscode\extensions\redhat.java-1.56.0-win32-x64\jre\21.0.12.1-win32-x86_64\bin\management.dll
Event: 4.948 Loaded shared library C:\Users\AJI\.vscode\extensions\redhat.java-1.56.0-win32-x64\jre\21.0.12.1-win32-x86_64\bin\management.dll
Event: 4.952 Attempting to load shared library C:\Users\AJI\.vscode\extensions\redhat.java-1.56.0-win32-x64\jre\21.0.12.1-win32-x86_64\bin\management_ext.dll
Event: 4.953 Loaded shared library C:\Users\AJI\.vscode\extensions\redhat.java-1.56.0-win32-x64\jre\21.0.12.1-win32-x86_64\bin\management_ext.dll
Event: 5.237 Attempting to load shared library C:\Users\AJI\.vscode\extensions\redhat.java-1.56.0-win32-x64\jre\21.0.12.1-win32-x86_64\bin\extnet.dll
Event: 5.237 Loaded shared library C:\Users\AJI\.vscode\extensions\redhat.java-1.56.0-win32-x64\jre\21.0.12.1-win32-x86_64\bin\extnet.dll
Event: 5.525 Attempting to load shared library C:\Users\AJI\.vscode\extensions\redhat.java-1.56.0-win32-x64\jre\21.0.12.1-win32-x86_64\bin\sunmscapi.dll
Event: 5.527 Loaded shared library C:\Users\AJI\.vscode\extensions\redhat.java-1.56.0-win32-x64\jre\21.0.12.1-win32-x86_64\bin\sunmscapi.dll

Deoptimization events (20 events):
Event: 303.410 Thread 0x00000259c478bc50 DEOPT PACKING pc=0x00000259a68c398c sp=0x000000ea19cf4910
Event: 303.410 Thread 0x00000259c478bc50 DEOPT UNPACKING pc=0x00000259a5ee4422 sp=0x000000ea19cf48b0 mode 2
Event: 311.920 Thread 0x00000259c478bc50 DEOPT PACKING pc=0x0000025996763549 sp=0x000000ea19cf6290
Event: 311.920 Thread 0x00000259c478bc50 DEOPT UNPACKING pc=0x00000259a5ee4bc2 sp=0x000000ea19cf5790 mode 0
Event: 311.952 Thread 0x00000259c478bc50 Uncommon trap: trap_request=0xffffffd6 fr.pc=0x00000259a68c398c relative=0x00000000000003cc
Event: 311.952 Thread 0x00000259c478bc50 Uncommon trap: reason=array_check action=maybe_recompile pc=0x00000259a68c398c method=java.util.LinkedHashMap.keysToArray([Ljava/lang/Object;Z)[Ljava/lang/Object; @ 67 c2
Event: 311.952 Thread 0x00000259c478bc50 DEOPT PACKING pc=0x00000259a68c398c sp=0x000000ea19cf5580
Event: 311.952 Thread 0x00000259c478bc50 DEOPT UNPACKING pc=0x00000259a5ee4422 sp=0x000000ea19cf5520 mode 2
Event: 312.028 Thread 0x00000259c478bc50 Uncommon trap: trap_request=0xffffff45 fr.pc=0x00000259a669ae3c relative=0x00000000000001fc
Event: 312.028 Thread 0x00000259c478bc50 Uncommon trap: reason=unstable_if action=reinterpret pc=0x00000259a669ae3c method=java.net.URI$Parser.scan(IILjava/lang/String;)I @ 26 c2
Event: 312.028 Thread 0x00000259c478bc50 DEOPT PACKING pc=0x00000259a669ae3c sp=0x000000ea19cf4da0
Event: 312.028 Thread 0x00000259c478bc50 DEOPT UNPACKING pc=0x00000259a5ee4422 sp=0x000000ea19cf4d30 mode 2
Event: 312.029 Thread 0x00000259c478bc50 Uncommon trap: trap_request=0xffffff45 fr.pc=0x00000259a666c734 relative=0x0000000000000174
Event: 312.029 Thread 0x00000259c478bc50 Uncommon trap: reason=unstable_if action=reinterpret pc=0x00000259a666c734 method=java.net.URI.match(CJJ)Z @ 45 c2
Event: 312.029 Thread 0x00000259c478bc50 DEOPT PACKING pc=0x00000259a666c734 sp=0x000000ea19cf4b10
Event: 312.029 Thread 0x00000259c478bc50 DEOPT UNPACKING pc=0x00000259a5ee4422 sp=0x000000ea19cf4a38 mode 2
Event: 312.029 Thread 0x00000259c478bc50 Uncommon trap: trap_request=0xffffff45 fr.pc=0x00000259a661c078 relative=0x0000000000000058
Event: 312.029 Thread 0x00000259c478bc50 Uncommon trap: reason=unstable_if action=reinterpret pc=0x00000259a661c078 method=java.net.URI.match(CJJ)Z @ 19 c2
Event: 312.029 Thread 0x00000259c478bc50 DEOPT PACKING pc=0x00000259a661c078 sp=0x000000ea19cf4b20
Event: 312.029 Thread 0x00000259c478bc50 DEOPT UNPACKING pc=0x00000259a5ee4422 sp=0x000000ea19cf4ab0 mode 2

Classes loaded (20 events):
Event: 298.005 Loading class sun/invoke/util/ValueConversions$1
Event: 298.005 Loading class sun/invoke/util/ValueConversions$1 done
Event: 298.009 Loading class java/lang/invoke/BoundMethodHandle$Species_LI
Event: 298.009 Loading class java/lang/invoke/BoundMethodHandle$Species_LI done
Event: 298.262 Loading class java/util/PrimitiveIterator$OfInt
Event: 298.262 Loading class java/util/PrimitiveIterator
Event: 298.262 Loading class java/util/PrimitiveIterator done
Event: 298.262 Loading class java/util/PrimitiveIterator$OfInt done
Event: 298.276 Loading class java/util/concurrent/RecursiveAction
Event: 298.276 Loading class java/util/concurrent/RecursiveAction done
Event: 299.138 Loading class java/util/DualPivotQuicksort
Event: 299.139 Loading class java/util/DualPivotQuicksort done
Event: 299.331 Loading class java/util/stream/ReduceOps$2
Event: 299.338 Loading class java/util/stream/ReduceOps$2 done
Event: 299.338 Loading class java/util/stream/ReduceOps$2ReducingSink
Event: 299.338 Loading class java/util/stream/ReduceOps$2ReducingSink done
Event: 302.720 Loading class java/io/FileWriter
Event: 302.721 Loading class java/io/FileWriter done
Event: 303.279 Loading class java/util/function/LongUnaryOperator
Event: 303.279 Loading class java/util/function/LongUnaryOperator done

Classes unloaded (0 events):
No events

Classes redefined (0 events):
No events

Internal exceptions (20 events):
Event: 297.815 Thread 0x00000259c478bc50 Exception <a 'java/lang/NoSuchMethodError'{0x0000000603024d30}: 'java.lang.Object java.lang.invoke.DirectMethodHandle$Holder.invokeSpecial(java.lang.Object, java.lang.Object, java.lang.Object, java.lang.Object, long, java.lang.Object)'> (0x0000000603024d30) 
thrown [s\src\hotspot\share\interpreter\linkResolver.cpp, line 773]
Event: 297.815 Thread 0x00000259c478bc50 Exception <a 'java/lang/NoSuchMethodError'{0x00000006030292b0}: 'java.lang.Object java.lang.invoke.Invokers$Holder.linkToTargetMethod(java.lang.Object, java.lang.Object, long, java.lang.Object, java.lang.Object)'> (0x00000006030292b0) 
thrown [s\src\hotspot\share\interpreter\linkResolver.cpp, line 773]
Event: 298.004 Thread 0x00000259c478bc50 Implicit null exception at 0x00000259a67523f2 to 0x00000259a6752670
Event: 298.005 Thread 0x00000259c478bc50 Exception <a 'java/lang/NoSuchMethodError'{0x0000000603291b28}: 'int java.lang.invoke.DirectMethodHandle$Holder.invokeSpecial(java.lang.Object, java.lang.Object, java.lang.Object, int)'> (0x0000000603291b28) 
thrown [s\src\hotspot\share\interpreter\linkResolver.cpp, line 773]
Event: 298.012 Thread 0x00000259c478bc50 Exception <a 'java/lang/NoSuchMethodError'{0x00000006032a2990}: 'java.lang.Object java.lang.invoke.DirectMethodHandle$Holder.invokeStatic(java.lang.Object, java.lang.Object, java.lang.Object, java.lang.Object, int)'> (0x00000006032a2990) 
thrown [s\src\hotspot\share\interpreter\linkResolver.cpp, line 773]
Event: 298.015 Thread 0x00000259c478bc50 Exception <a 'java/lang/NoSuchMethodError'{0x00000006032b0d08}: 'java.lang.Object java.lang.invoke.DelegatingMethodHandle$Holder.reinvoke_L(java.lang.Object, java.lang.Object, java.lang.Object, int, java.lang.Object, java.lang.Object, java.lang.Object, java.lang.Object, java.lang.Object, java.lang.Object, java.lang.Object, java.lang.Object, java.lang.Object, java.lang.Object, java.lang.Object, java.lang.Object, java.lang.Object, java.lang.Object, java.lang.Object, java.lang.Object, java.lang.Object, java.l
Event: 298.247 Thread 0x00000259c478bc50 Implicit null exception at 0x00000259a681fb7c to 0x00000259a681fc34
Event: 299.069 Thread 0x00000259c478bc50 Exception <a 'java/lang/NoSuchMethodError'{0x000000060b843ea8}: 'java.lang.Object java.lang.invoke.DirectMethodHandle$Holder.newInvokeSpecial(java.lang.Object, java.lang.Object, java.lang.Object, java.lang.Object, java.lang.Object, java.lang.Object, java.lang.Object, java.lang.Object, java.lang.Object, java.lang.Object, java.lang.Object, java.lang.Object, java.lang.Object, java.lang.Object, java.lang.Object, java.lang.Object, java.lang.Object, java.lang.Object, java.lang.Object)'> (0x000000060b843ea8) 
thr
Event: 299.071 Thread 0x00000259c478bc50 Exception <a 'java/lang/NoSuchMethodError'{0x000000060b84ab28}: 'java.lang.Object java.lang.invoke.DirectMethodHandle$Holder.invokeSpecial(java.lang.Object, java.lang.Object, java.lang.Object, java.lang.Object, java.lang.Object, java.lang.Object, java.lang.Object, java.lang.Object, java.lang.Object, java.lang.Object, java.lang.Object, java.lang.Object, java.lang.Object, java.lang.Object, java.lang.Object, java.lang.Object, java.lang.Object, java.lang.Object, java.lang.Object, java.lang.Object)'> (0x0000000
Event: 299.076 Thread 0x00000259c478bc50 Exception <a 'java/lang/NoSuchMethodError'{0x000000060b850378}: 'java.lang.Object java.lang.invoke.DelegatingMethodHandle$Holder.reinvoke_L(java.lang.Object, java.lang.Object, java.lang.Object, java.lang.Object, java.lang.Object, java.lang.Object, java.lang.Object, java.lang.Object, java.lang.Object, java.lang.Object, java.lang.Object, java.lang.Object, java.lang.Object, java.lang.Object, java.lang.Object, java.lang.Object, java.lang.Object, java.lang.Object, java.lang.Object)'> (0x000000060b850378) 
throw
Event: 299.148 Thread 0x00000259c478bc50 Exception <a 'java/lang/NoSuchMethodError'{0x000000060b94af18}: 'void java.lang.invoke.DirectMethodHandle$Holder.invokeStatic(java.lang.Object, java.lang.Object, java.lang.Object, java.lang.Object, java.lang.Object, java.lang.Object)'> (0x000000060b94af18) 
thrown [s\src\hotspot\share\interpreter\linkResolver.cpp, line 773]
Event: 299.158 Thread 0x00000259c478bc50 Exception <a 'java/lang/IncompatibleClassChangeError'{0x000000060b960018}: Found class java.lang.Object, but interface was expected> (0x000000060b960018) 
thrown [s\src\hotspot\share\interpreter\linkResolver.cpp, line 840]
Event: 300.396 Thread 0x00000259c478bc50 Exception <a 'sun/nio/fs/WindowsException'{0x000000060b448ed0}> (0x000000060b448ed0) 
thrown [s\src\hotspot\share\prims\jni.cpp, line 520]
Event: 300.397 Thread 0x00000259c478bc50 Exception <a 'sun/nio/fs/WindowsException'{0x000000060b44ab98}> (0x000000060b44ab98) 
thrown [s\src\hotspot\share\prims\jni.cpp, line 520]
Event: 300.397 Thread 0x00000259c478bc50 Exception <a 'sun/nio/fs/WindowsException'{0x000000060b44c850}> (0x000000060b44c850) 
thrown [s\src\hotspot\share\prims\jni.cpp, line 520]
Event: 300.398 Thread 0x00000259c478bc50 Exception <a 'sun/nio/fs/WindowsException'{0x000000060b44e508}> (0x000000060b44e508) 
thrown [s\src\hotspot\share\prims\jni.cpp, line 520]
Event: 303.280 Thread 0x00000259c478bc50 Exception <a 'java/lang/NoSuchMethodError'{0x000000060fab9378}: 'long java.lang.invoke.DirectMethodHandle$Holder.invokeStatic(java.lang.Object, long)'> (0x000000060fab9378) 
thrown [s\src\hotspot\share\interpreter\linkResolver.cpp, line 773]
Event: 312.018 Thread 0x00000259c478bc50 Exception <a 'java/lang/NoSuchMethodError'{0x000000060b1778d0}: 'java.lang.Object java.lang.invoke.DirectMethodHandle$Holder.newInvokeSpecial(java.lang.Object, java.lang.Object, java.lang.Object, int, java.lang.Object)'> (0x000000060b1778d0) 
thrown [s\src\hotspot\share\interpreter\linkResolver.cpp, line 773]
Event: 312.018 Thread 0x00000259c478bc50 Exception <a 'java/lang/NoSuchMethodError'{0x000000060b17c850}: 'java.lang.Object java.lang.invoke.Invokers$Holder.linkToTargetMethod(java.lang.Object, java.lang.Object, int, java.lang.Object, java.lang.Object)'> (0x000000060b17c850) 
thrown [s\src\hotspot\share\interpreter\linkResolver.cpp, line 773]
Event: 312.096 Thread 0x00000259c478bc50 Exception <a 'java/lang/NoSuchMethodError'{0x000000060446d710}: 'java.lang.Object java.lang.invoke.DirectMethodHandle$Holder.newInvokeSpecial(java.lang.Object, int, java.lang.Object)'> (0x000000060446d710) 
thrown [s\src\hotspot\share\interpreter\linkResolver.cpp, line 773]

ZGC Phase Switch (0 events):
No events

VM Operations (20 events):
Event: 300.597 Executing non-safepoint VM operation: HandshakeAllThreads (HandshakeForDeflation)
Event: 300.598 Executing non-safepoint VM operation: HandshakeAllThreads (HandshakeForDeflation) done
Event: 300.598 Executing non-safepoint VM operation: RendezvousGCThreads
Event: 300.598 Executing non-safepoint VM operation: RendezvousGCThreads done
Event: 301.612 Executing safepoint VM operation: Cleanup
Event: 301.612 Executing safepoint VM operation: Cleanup done
Event: 302.619 Executing safepoint VM operation: Cleanup
Event: 302.634 Executing safepoint VM operation: Cleanup done
Event: 302.723 Executing non-safepoint VM operation: HandshakeAllThreads (Deoptimize)
Event: 302.724 Executing non-safepoint VM operation: HandshakeAllThreads (Deoptimize) done
Event: 303.158 Executing safepoint VM operation: G1CollectForAllocation (G1 Evacuation Pause)
Event: 303.166 Executing safepoint VM operation: G1CollectForAllocation (G1 Evacuation Pause) done
Event: 304.168 Executing safepoint VM operation: Cleanup
Event: 304.168 Executing safepoint VM operation: Cleanup done
Event: 306.179 Executing safepoint VM operation: Cleanup
Event: 306.179 Executing safepoint VM operation: Cleanup done
Event: 308.195 Executing safepoint VM operation: Cleanup
Event: 308.195 Executing safepoint VM operation: Cleanup done
Event: 311.226 Executing safepoint VM operation: Cleanup
Event: 311.226 Executing safepoint VM operation: Cleanup done

Memory protections (0 events):
No events

Nmethod flushes (20 events):
Event: 57.028 Thread 0x00000259c11c3c40 flushing  nmethod 0x000002599639d910
Event: 57.028 Thread 0x00000259c11c3c40 flushing  nmethod 0x000002599639df90
Event: 57.028 Thread 0x00000259c11c3c40 flushing  nmethod 0x000002599639fc90
Event: 57.028 Thread 0x00000259c11c3c40 flushing  nmethod 0x00000259963d8610
Event: 57.028 Thread 0x00000259c11c3c40 flushing  nmethod 0x00000259963d9290
Event: 57.028 Thread 0x00000259c11c3c40 flushing  nmethod 0x00000259963da210
Event: 57.028 Thread 0x00000259c11c3c40 flushing  nmethod 0x00000259963dad90
Event: 57.028 Thread 0x00000259c11c3c40 flushing  nmethod 0x00000259963e4090
Event: 57.028 Thread 0x00000259c11c3c40 flushing  nmethod 0x00000259963e5e10
Event: 57.028 Thread 0x00000259c11c3c40 flushing  nmethod 0x00000259963e6710
Event: 57.028 Thread 0x00000259c11c3c40 flushing  nmethod 0x0000025996462c90
Event: 57.028 Thread 0x00000259c11c3c40 flushing  nmethod 0x0000025996467c10
Event: 57.028 Thread 0x00000259c11c3c40 flushing  nmethod 0x00000259963f1410
Event: 57.028 Thread 0x00000259c11c3c40 flushing  nmethod 0x00000259963f4710
Event: 57.028 Thread 0x00000259c11c3c40 flushing  nmethod 0x00000259963f5b10
Event: 57.028 Thread 0x00000259c11c3c40 flushing  nmethod 0x00000259963f6390
Event: 57.028 Thread 0x00000259c11c3c40 flushing  nmethod 0x00000259963f9710
Event: 57.028 Thread 0x00000259c11c3c40 flushing  nmethod 0x0000025996427b90
Event: 57.028 Thread 0x00000259c11c3c40 flushing  nmethod 0x0000025996429610
Event: 57.028 Thread 0x00000259c11c3c40 flushing  nmethod 0x000002599642b910

Events (20 events):
Event: 54.300 Thread 0x0000025a0ca232a0 Thread exited: 0x0000025a0ca232a0
Event: 54.955 Thread 0x00000259c478bc50 Thread added: 0x0000025a0ca1b970
Event: 55.025 Thread 0x00000259c478bc50 Thread added: 0x0000025a0ca1c000
Event: 55.559 Thread 0x00000259c478bc50 Thread added: 0x0000025a0ca1da40
Event: 55.685 Thread 0x00000259c478bc50 Thread added: 0x0000025a0ca1e760
Event: 56.146 Thread 0x00000259c478bc50 Thread added: 0x0000025a0ca1b2e0
Event: 56.285 Thread 0x00000259c478bc50 Thread added: 0x0000025a0ca21550
Event: 62.421 Thread 0x0000025a0d9e3d70 Thread exited: 0x0000025a0d9e3d70
Event: 62.421 Thread 0x0000025a0d9e4b10 Thread exited: 0x0000025a0d9e4b10
Event: 132.510 Thread 0x00000259c478d000 Thread exited: 0x00000259c478d000
Event: 290.390 Thread 0x00000259c478c970 Thread added: 0x0000025a0ca201a0
Event: 295.856 Thread 0x00000259c42ca370 Thread added: 0x0000025a0d9e6650
Event: 296.536 Thread 0x0000025a0d9e6650 Thread exited: 0x0000025a0d9e6650
Event: 296.851 Thread 0x00000259c42ca370 Thread added: 0x0000025a0d9e6d20
Event: 297.701 Thread 0x0000025a0d9e6d20 Thread exited: 0x0000025a0d9e6d20
Event: 300.215 Thread 0x00000259c478bc50 Thread added: 0x0000025a0ca1edf0
Event: 302.780 Thread 0x00000259c42ca370 Thread added: 0x0000025a0d9e5f80
Event: 303.008 Thread 0x0000025a0d9e5f80 Thread exited: 0x0000025a0d9e5f80
Event: 303.293 Thread 0x00000259c42ca370 Thread added: 0x0000025a0d9e4b10
Event: 305.960 Thread 0x0000025a0d9e4b10 Thread exited: 0x0000025a0d9e4b10


Dynamic libraries:
0x00007ff79bf90000 - 0x00007ff79bf9e000 	C:\Users\AJI\.vscode\extensions\redhat.java-1.56.0-win32-x64\jre\21.0.12.1-win32-x86_64\bin\java.exe
0x00007ffe02160000 - 0x00007ffe023c7000 	C:\WINDOWS\SYSTEM32\ntdll.dll
0x00007ffe003b0000 - 0x00007ffe0047b000 	C:\WINDOWS\System32\KERNEL32.DLL
0x00007ffdff6f0000 - 0x00007ffdffaf2000 	C:\WINDOWS\System32\KERNELBASE.dll
0x00007ffdff410000 - 0x00007ffdff55c000 	C:\WINDOWS\System32\ucrtbase.dll
0x00007ffd821c0000 - 0x00007ffd821d8000 	C:\Users\AJI\.vscode\extensions\redhat.java-1.56.0-win32-x64\jre\21.0.12.1-win32-x86_64\bin\jli.dll
0x00007ffdc0f00000 - 0x00007ffdc0f1e000 	C:\Users\AJI\.vscode\extensions\redhat.java-1.56.0-win32-x64\jre\21.0.12.1-win32-x86_64\bin\VCRUNTIME140.dll
0x00007ffe019a0000 - 0x00007ffe01b6f000 	C:\WINDOWS\System32\USER32.dll
0x00007ffddfe30000 - 0x00007ffde00c0000 	C:\WINDOWS\WinSxS\amd64_microsoft.windows.common-controls_6595b64144ccf1df_6.0.26100.9278_none_3e0d1ba8e3303201\COMCTL32.dll
0x00007ffdff570000 - 0x00007ffdff597000 	C:\WINDOWS\System32\win32u.dll
0x00007ffe01970000 - 0x00007ffe0199b000 	C:\WINDOWS\System32\GDI32.dll
0x00007ffe018c0000 - 0x00007ffe01969000 	C:\WINDOWS\System32\msvcrt.dll
0x00007ffdffc90000 - 0x00007ffdffdb9000 	C:\WINDOWS\System32\gdi32full.dll
0x00007ffdff360000 - 0x00007ffdff403000 	C:\WINDOWS\System32\msvcp_win.dll
0x00007ffe01b90000 - 0x00007ffe01bc1000 	C:\WINDOWS\System32\IMM32.DLL
0x00007ffdd7ca0000 - 0x00007ffdd7cac000 	C:\Users\AJI\.vscode\extensions\redhat.java-1.56.0-win32-x64\jre\21.0.12.1-win32-x86_64\bin\vcruntime140_1.dll
0x00007ffd7e7f0000 - 0x00007ffd7e87d000 	C:\Users\AJI\.vscode\extensions\redhat.java-1.56.0-win32-x64\jre\21.0.12.1-win32-x86_64\bin\msvcp140.dll
0x00007ffcef0f0000 - 0x00007ffcefe92000 	C:\Users\AJI\.vscode\extensions\redhat.java-1.56.0-win32-x64\jre\21.0.12.1-win32-x86_64\bin\server\jvm.dll
0x00007ffe002e0000 - 0x00007ffe0039c000 	C:\WINDOWS\System32\ADVAPI32.dll
0x00007ffe00230000 - 0x00007ffe002d9000 	C:\WINDOWS\System32\sechost.dll
0x00007ffdfff30000 - 0x00007ffe00048000 	C:\WINDOWS\System32\RPCRT4.dll
0x00007ffe01720000 - 0x00007ffe017a0000 	C:\WINDOWS\System32\WS2_32.dll
0x00007ffdff1c0000 - 0x00007ffdff21e000 	C:\WINDOWS\SYSTEM32\POWRPROF.dll
0x00007ffdfb560000 - 0x00007ffdfb596000 	C:\WINDOWS\SYSTEM32\WINMM.dll
0x00007ffdf5020000 - 0x00007ffdf502b000 	C:\WINDOWS\SYSTEM32\VERSION.dll
0x00007ffdff1a0000 - 0x00007ffdff1b5000 	C:\WINDOWS\SYSTEM32\UMPDC.dll
0x00007ffdfdf70000 - 0x00007ffdfdf8b000 	C:\WINDOWS\SYSTEM32\kernel.appcore.dll
0x00007ffdd7be0000 - 0x00007ffdd7bea000 	C:\Users\AJI\.vscode\extensions\redhat.java-1.56.0-win32-x64\jre\21.0.12.1-win32-x86_64\bin\jimage.dll
0x00007ffdfc940000 - 0x00007ffdfcb8c000 	C:\WINDOWS\SYSTEM32\DBGHELP.DLL
0x00007ffe00d20000 - 0x00007ffe010a5000 	C:\WINDOWS\System32\combase.dll
0x00007ffe011b0000 - 0x00007ffe01289000 	C:\WINDOWS\System32\OLEAUT32.dll
0x00007ffdde450000 - 0x00007ffdde48b000 	C:\WINDOWS\SYSTEM32\dbgcore.DLL
0x00007ffdffdc0000 - 0x00007ffdffe6c000 	C:\WINDOWS\System32\bcryptPrimitives.dll
0x00007ffdd70d0000 - 0x00007ffdd70df000 	C:\Users\AJI\.vscode\extensions\redhat.java-1.56.0-win32-x64\jre\21.0.12.1-win32-x86_64\bin\instrument.dll
0x00007ffd7fbb0000 - 0x00007ffd7fbd0000 	C:\Users\AJI\.vscode\extensions\redhat.java-1.56.0-win32-x64\jre\21.0.12.1-win32-x86_64\bin\java.dll
0x00007ffe00580000 - 0x00007ffe00d18000 	C:\WINDOWS\System32\SHELL32.dll
0x00007ffdfcd80000 - 0x00007ffdfd62e000 	C:\WINDOWS\SYSTEM32\windows.storage.dll
0x00007ffe01320000 - 0x00007ffe0141b000 	C:\WINDOWS\System32\SHCORE.dll
0x00007ffe010b0000 - 0x00007ffe01116000 	C:\WINDOWS\System32\shlwapi.dll
0x00007ffdff280000 - 0x00007ffdff2a9000 	C:\WINDOWS\SYSTEM32\profapi.dll
0x00007ffd7fb90000 - 0x00007ffd7fba8000 	C:\Users\AJI\.vscode\extensions\redhat.java-1.56.0-win32-x64\jre\21.0.12.1-win32-x86_64\bin\zip.dll
0x00007ffdd7b20000 - 0x00007ffdd7b30000 	C:\Users\AJI\.vscode\extensions\redhat.java-1.56.0-win32-x64\jre\21.0.12.1-win32-x86_64\bin\net.dll
0x00007ffdf8730000 - 0x00007ffdf885a000 	C:\WINDOWS\SYSTEM32\WINHTTP.dll
0x00007ffdfe5f0000 - 0x00007ffdfe65c000 	C:\WINDOWS\system32\mswsock.dll
0x00007ffd7e7d0000 - 0x00007ffd7e7e6000 	C:\Users\AJI\.vscode\extensions\redhat.java-1.56.0-win32-x64\jre\21.0.12.1-win32-x86_64\bin\nio.dll
0x00007ffdd1b60000 - 0x00007ffdd1b70000 	C:\Users\AJI\.vscode\extensions\redhat.java-1.56.0-win32-x64\jre\21.0.12.1-win32-x86_64\bin\verify.dll
0x00007ffd7fce0000 - 0x00007ffd7fd07000 	C:\Users\AJI\.gradle\native\1def1411415f61bf3af743bc5b6707747c0891f09f0c88961ee8f79bc544acac\windows-amd64\native-platform.dll
0x00007ffcf9e70000 - 0x00007ffcf9ee7000 	C:\Users\AJI\.gradle\native\0.2.8\x86_64-windows-gnu\gradle-fileevents.dll
0x00007ffdd17c0000 - 0x00007ffdd17ca000 	C:\Users\AJI\.vscode\extensions\redhat.java-1.56.0-win32-x64\jre\21.0.12.1-win32-x86_64\bin\management.dll
0x00007ffdd0ce0000 - 0x00007ffdd0cec000 	C:\Users\AJI\.vscode\extensions\redhat.java-1.56.0-win32-x64\jre\21.0.12.1-win32-x86_64\bin\management_ext.dll
0x00007ffe01b80000 - 0x00007ffe01b88000 	C:\WINDOWS\System32\PSAPI.DLL
0x00007ffdfd9b0000 - 0x00007ffdfd9e3000 	C:\WINDOWS\SYSTEM32\IPHLPAPI.DLL
0x00007ffdfff00000 - 0x00007ffdfff0a000 	C:\WINDOWS\System32\NSI.dll
0x00007ffdd0ba0000 - 0x00007ffdd0ba9000 	C:\Users\AJI\.vscode\extensions\redhat.java-1.56.0-win32-x64\jre\21.0.12.1-win32-x86_64\bin\extnet.dll
0x00007ffdfe8e0000 - 0x00007ffdfe8fb000 	C:\WINDOWS\SYSTEM32\CRYPTSP.dll
0x00007ffdfdf90000 - 0x00007ffdfdfc9000 	C:\WINDOWS\system32\rsaenh.dll
0x00007ffdfe6a0000 - 0x00007ffdfe6d4000 	C:\WINDOWS\SYSTEM32\USERENV.dll
0x00007ffdff250000 - 0x00007ffdff27a000 	C:\WINDOWS\SYSTEM32\bcrypt.dll
0x00007ffdfe900000 - 0x00007ffdfe90c000 	C:\WINDOWS\SYSTEM32\CRYPTBASE.dll
0x00007ffdd0640000 - 0x00007ffdd064e000 	C:\Users\AJI\.vscode\extensions\redhat.java-1.56.0-win32-x64\jre\21.0.12.1-win32-x86_64\bin\sunmscapi.dll
0x00007ffdffb00000 - 0x00007ffdffc7e000 	C:\WINDOWS\System32\CRYPT32.dll
0x00007ffdfeb20000 - 0x00007ffdfeb50000 	C:\WINDOWS\SYSTEM32\ncrypt.dll
0x00007ffdfead0000 - 0x00007ffdfeb0f000 	C:\WINDOWS\SYSTEM32\NTASN1.dll
0x00007ffdd4f00000 - 0x00007ffdd4f08000 	C:\WINDOWS\system32\wshunix.dll

JVMTI agents:
C:\Users\AJI\.gradle\wrapper\dists\gradle-9.1.0-all\7wzd0jkjit61aq2p43wpjgij9\gradle-9.1.0\lib\agents\gradle-instrumentation-agent-9.1.0.jar path:C:\Users\AJI\.vscode\extensions\redhat.java-1.56.0-win32-x64\jre\21.0.12.1-win32-x86_64\bin\instrument.dll, loaded, initialized, instrumentlib options:none

dbghelp: loaded successfully - version: 4.0.5 - missing functions: none
symbol engine: initialized successfully - sym options: 0x614 - pdb path: .;C:\Users\AJI\.vscode\extensions\redhat.java-1.56.0-win32-x64\jre\21.0.12.1-win32-x86_64\bin;C:\WINDOWS\SYSTEM32;C:\WINDOWS\WinSxS\amd64_microsoft.windows.common-controls_6595b64144ccf1df_6.0.26100.9278_none_3e0d1ba8e3303201;C:\Users\AJI\.vscode\extensions\redhat.java-1.56.0-win32-x64\jre\21.0.12.1-win32-x86_64\bin\server;C:\Users\AJI\.gradle\native\1def1411415f61bf3af743bc5b6707747c0891f09f0c88961ee8f79bc544acac\windows-amd64;C:\Users\AJI\.gradle\native\0.2.8\x86_64-windows-gnu

VM Arguments:
jvm_args: --add-opens=java.base/java.lang=ALL-UNNAMED --add-opens=java.base/java.lang.invoke=ALL-UNNAMED --add-opens=java.base/java.util=ALL-UNNAMED --add-opens=java.prefs/java.util.prefs=ALL-UNNAMED --add-exports=jdk.compiler/com.sun.tools.javac.api=ALL-UNNAMED --add-exports=jdk.compiler/com.sun.tools.javac.util=ALL-UNNAMED --add-opens=java.base/java.util=ALL-UNNAMED --add-opens=java.prefs/java.util.prefs=ALL-UNNAMED --add-opens=java.base/java.nio.charset=ALL-UNNAMED --add-opens=java.base/java.net=ALL-UNNAMED --add-opens=java.base/java.util.concurrent=ALL-UNNAMED --add-opens=java.base/java.util.concurrent.atomic=ALL-UNNAMED --add-opens=java.xml/javax.xml.namespace=ALL-UNNAMED --add-opens=java.base/java.time=ALL-UNNAMED -XX:MaxMetaspaceSize=4G -XX:ReservedCodeCacheSize=512m -XX:+HeapDumpOnOutOfMemoryError -Xmx8G -Dfile.encoding=UTF-8 -Duser.country=IN -Duser.language=en -Duser.variant -javaagent:C:\Users\AJI\.gradle\wrapper\dists\gradle-9.1.0-all\7wzd0jkjit61aq2p43wpjgij9\gradle-9.1.0\lib\agents\gradle-instrumentation-agent-9.1.0.jar 
java_command: org.gradle.launcher.daemon.bootstrap.GradleDaemon 9.1.0
java_class_path (initial): C:\Users\AJI\.gradle\wrapper\dists\gradle-9.1.0-all\7wzd0jkjit61aq2p43wpjgij9\gradle-9.1.0\lib\gradle-daemon-main-9.1.0.jar
Launcher Type: SUN_STANDARD

[Global flags]
     intx CICompilerCount                          = 12                                        {product} {ergonomic}
     uint ConcGCThreads                            = 4                                         {product} {ergonomic}
     uint G1ConcRefinementThreads                  = 15                                        {product} {ergonomic}
   size_t G1HeapRegionSize                         = 4194304                                   {product} {ergonomic}
    uintx GCDrainStackTargetSize                   = 64                                        {product} {ergonomic}
     bool HeapDumpOnOutOfMemoryError               = true                                   {manageable} {command line}
   size_t InitialHeapSize                          = 264241152                                 {product} {ergonomic}
   size_t MarkStackSize                            = 4194304                                   {product} {ergonomic}
   size_t MaxHeapSize                              = 8589934592                                {product} {command line}
   size_t MaxMetaspaceSize                         = 4294967296                                {product} {command line}
   size_t MaxNewSize                               = 5150605312                                {product} {ergonomic}
   size_t MinHeapDeltaBytes                        = 4194304                                   {product} {ergonomic}
   size_t MinHeapSize                              = 8388608                                   {product} {ergonomic}
    uintx NonNMethodCodeHeapSize                   = 7602480                                {pd product} {ergonomic}
    uintx NonProfiledCodeHeapSize                  = 264634216                              {pd product} {ergonomic}
    uintx ProfiledCodeHeapSize                     = 264634216                              {pd product} {ergonomic}
    uintx ReservedCodeCacheSize                    = 536870912                              {pd product} {command line}
     bool SegmentedCodeCache                       = true                                      {product} {ergonomic}
   size_t SoftMaxHeapSize                          = 8589934592                             {manageable} {ergonomic}
     bool UseCompressedOops                        = true                           {product lp64_product} {ergonomic}
     bool UseG1GC                                  = true                                      {product} {ergonomic}
     bool UseLargePagesIndividualAllocation        = false                                  {pd product} {ergonomic}

Logging:
Log output configuration:
 #0: stdout all=warning uptime,level,tags foldmultilines=false
 #1: stderr all=off uptime,level,tags foldmultilines=false

Release file:
JAVA_VERSION="21.0.12.1" 
MODULES="java.base java.compiler java.datatransfer java.xml java.prefs java.desktop java.instrument java.logging java.management java.security.sasl java.naming java.rmi java.management.rmi java.net.http java.scripting java.security.jgss java.transaction.xa java.sql java.sql.rowset java.xml.crypto java.se java.smartcardio jdk.accessibility jdk.internal.jvmstat jdk.attach jdk.charsets jdk.internal.opt jdk.zipfs jdk.compiler jdk.crypto.ec jdk.crypto.cryptoki jdk.crypto.mscapi jdk.dynalink jdk.internal.ed jdk.editpad jdk.hotspot.agent jdk.httpserver jdk.internal.le jdk.internal.vm.ci jdk.internal.vm.compiler jdk.internal.vm.compiler.management jdk.jartool jdk.javadoc jdk.jcmd jdk.management jdk.management.agent jdk.jconsole jdk.jdeps jdk.jdwp.agent jdk.jdi jdk.jfr jdk.jshell jdk.jsobject jdk.jstatd jdk.localedata jdk.management.jfr jdk.naming.dns jdk.naming.rmi jdk.net jdk.nio.mapmode jdk.random jdk.sctp jdk.security.auth jdk.security.jgss jdk.unsupported jdk.unsupported.desktop jdk.xml.dom" 

Environment Variables:
JAVA_HOME=C:\Program Files\Java\jdk-17
PATH=C:\Python314\Scripts\;C:\Python314\;C:\Program Files\Eclipse Adoptium\jdk-25.0.3.9-hotspot\bin;C:\Program Files\Microsoft\jdk-11.0.16.101-hotspot\bin;C:\WINDOWS\system32;C:\WINDOWS;C:\WINDOWS\System32\Wbem;C:\WINDOWS\System32\WindowsPowerShell\v1.0\;C:\WINDOWS\System32\OpenSSH\;C:\Program Files\dotnet\;C:\MinGW\bin;C:\ProgramData\chocolatey\bin;C:\Users\AJI\AppData\Local\Pub\Cache\bin;C:\Program Files\Java\jdk-17\bin;d:\cursor\resources\app\bin;C:\Users\AJI\develop\flutter\bin;C:\Users\AJI\.local\bin;D:\node\node_modules\npm\bin;D:\node\;C:\Program Files\nodejs\;C:\Program Files\nodejs\node_modules\npm\bin;C:\Users\AJI\Documents\MONGO\mongosh-2.9.2-win32-x64\bin;C:\xampp\php;C:\Program Files\Git\cmd;C:\Users\AJI\AppData\Local\Programs\Python\Python312\Scripts\;C:\Users\AJI\AppData\Local\Programs\Python\Python312\;C:\Users\AJI\.local\bin;C:\Users\AJI\AppData\Local\Microsoft\WindowsApps;D:\IntelliJ IDEA Community Edition 2023.1.5\bin;;C:\mingw64\bin;C:\Users\AJI\.dotnet\tools;C:\Users\AJI\Documents\flutter_windows_3.13.4-stable\flutter\bin;C:\Users\AJI\AppData\Local\Pub\Cache\bin;D:\flutter_pub_cache;C:\Users\AJI\AppData\Local\Android\Sdk;C:\Program Files\Java\jdk-17\bin;D:\rider\JetBrains Rider 2024.3.7\bin;;D:\Program Files\Microsoft VS Code\bin;D:\freelanceing\cursor\resources\app\bin;C:\Users\AJI\AppData\Local\Programs\Microsoft VS Code\bin;C:\Users\AJI\AppData\Local\Programs\cursor\resources\app\bin;C:\Users\AJI\AppData\Roaming\npm
USERNAME=AJI
OS=Windows_NT
PROCESSOR_IDENTIFIER=Intel64 Family 6 Model 154 Stepping 3, GenuineIntel
TMP=C:\Users\AJI\AppData\Local\Temp
TEMP=C:\Users\AJI\AppData\Local\Temp




Periodic native trim disabled

---------------  S Y S T E M  ---------------

OS:
 Windows 11 , 64 bit Build 26100 (10.0.26100.9444)
OS uptime: 0 days 0:15 hours
Hyper-V role detected

CPU: total 20 (initial active 20) (10 cores per cpu, 2 threads per core) family 6 model 154 stepping 3 microcode 0x43b, cx8, cmov, fxsr, ht, mmx, 3dnowpref, sse, sse2, sse3, ssse3, sse4.1, sse4.2, popcnt, lzcnt, tsc, tscinvbit, avx, avx2, aes, erms, clmul, bmi1, bmi2, adx, sha, fma, vzeroupper, clflush, clflushopt, clwb, hv, serialize, rdtscp, rdpid, fsrm, f16c, cet_ibt, cet_ss
Processor Information for processor 0
  Max Mhz: 2300, Current Mhz: 2300, Mhz Limit: 2300
Processor Information for processor 1
  Max Mhz: 2300, Current Mhz: 2300, Mhz Limit: 2300
Processor Information for processor 2
  Max Mhz: 2300, Current Mhz: 2300, Mhz Limit: 2300
Processor Information for processor 3
  Max Mhz: 2300, Current Mhz: 2300, Mhz Limit: 2300
Processor Information for processor 4
  Max Mhz: 2300, Current Mhz: 2300, Mhz Limit: 2300
Processor Information for processor 5
  Max Mhz: 2300, Current Mhz: 2300, Mhz Limit: 2300
Processor Information for processor 6
  Max Mhz: 2300, Current Mhz: 2300, Mhz Limit: 2300
Processor Information for processor 7
  Max Mhz: 2300, Current Mhz: 2300, Mhz Limit: 2300
Processor Information for processor 8
  Max Mhz: 2300, Current Mhz: 2300, Mhz Limit: 2300
Processor Information for processor 9
  Max Mhz: 2300, Current Mhz: 2300, Mhz Limit: 2300
Processor Information for processor 10
  Max Mhz: 2300, Current Mhz: 2300, Mhz Limit: 2300
Processor Information for processor 11
  Max Mhz: 2300, Current Mhz: 2300, Mhz Limit: 2300
Processor Information for processor 12
  Max Mhz: 2300, Current Mhz: 2300, Mhz Limit: 2300
Processor Information for processor 13
  Max Mhz: 2300, Current Mhz: 1488, Mhz Limit: 2300
Processor Information for processor 14
  Max Mhz: 2300, Current Mhz: 1488, Mhz Limit: 2300
Processor Information for processor 15
  Max Mhz: 2300, Current Mhz: 2300, Mhz Limit: 2300
Processor Information for processor 16
  Max Mhz: 2300, Current Mhz: 2300, Mhz Limit: 2300
Processor Information for processor 17
  Max Mhz: 2300, Current Mhz: 2300, Mhz Limit: 2300
Processor Information for processor 18
  Max Mhz: 2300, Current Mhz: 2300, Mhz Limit: 2300
Processor Information for processor 19
  Max Mhz: 2300, Current Mhz: 2300, Mhz Limit: 2300

Memory: 4k page, system-wide physical 16068M (80M free)
TotalPageFile size 65220M (AvailPageFile size 0M)
current process WorkingSet (physical memory assigned to process): 170M, peak: 217M
current process commit charge ("private bytes"): 305M, peak: 445M

vm_info: OpenJDK 64-Bit Server VM (21.0.12.1+1-LTS) for windows-amd64 JRE (21.0.12.1+1-LTS), built on 2026-08-18T00:00:00Z by "admin" with MS VC++ 17.12 (VS2022)

END.
