#
# There is insufficient memory for the Java Runtime Environment to continue.
# Native memory allocation (mmap) failed to map 4194304 bytes. Error detail: G1 virtual space
# Possible reasons:
#   The system is out of physical RAM or swap space
#   This process is running with CompressedOops enabled, and the Java Heap may be blocking the growth of the native heap
# Possible solutions:
#   Reduce memory load on the system
#   Increase physical memory or swap space
#   Check if swap backing store is full
#   Decrease Java heap size (-Xmx/-Xms)
#   Decrease number of Java threads
#   Decrease Java thread stack sizes (-Xss)
#   Set larger code cache with -XX:ReservedCodeCacheSize=
#   JVM is running with Zero Based Compressed Oops mode in which the Java heap is
#     placed in the first 32GB address space. The Java Heap base address is the
#     maximum limit for the native heap growth. Please use -XX:HeapBaseMinAddress
#     to set the Java Heap base and to place the Java Heap above 32GB virtual address.
# This output file may be truncated or incomplete.
#
#  Out of Memory Error (os_windows.cpp:3732), pid=46600, tid=52676
#
# JRE version: OpenJDK Runtime Environment Temurin-21.0.12.1+1 (21.0.12.1+1) (build 21.0.12.1+1-LTS)
# Java VM: OpenJDK 64-Bit Server VM Temurin-21.0.12.1+1 (21.0.12.1+1-LTS, mixed mode, sharing, tiered, compressed oops, compressed class ptrs, g1 gc, windows-amd64)
# No core dump will be written. Minidumps are not enabled by default on client versions of Windows
#

---------------  S U M M A R Y ------------

Command Line: --add-opens=java.base/java.lang=ALL-UNNAMED --add-opens=java.base/java.lang.invoke=ALL-UNNAMED --add-opens=java.base/java.util=ALL-UNNAMED --add-opens=java.prefs/java.util.prefs=ALL-UNNAMED --add-exports=jdk.compiler/com.sun.tools.javac.api=ALL-UNNAMED --add-exports=jdk.compiler/com.sun.tools.javac.util=ALL-UNNAMED --add-opens=java.base/java.util=ALL-UNNAMED --add-opens=java.prefs/java.util.prefs=ALL-UNNAMED --add-opens=java.base/java.nio.charset=ALL-UNNAMED --add-opens=java.base/java.net=ALL-UNNAMED --add-opens=java.base/java.util.concurrent=ALL-UNNAMED --add-opens=java.base/java.util.concurrent.atomic=ALL-UNNAMED --add-opens=java.xml/javax.xml.namespace=ALL-UNNAMED --add-opens=java.base/java.time=ALL-UNNAMED -XX:MaxMetaspaceSize=4G -XX:ReservedCodeCacheSize=512m -XX:+HeapDumpOnOutOfMemoryError -Xmx8G -Dfile.encoding=UTF-8 -Duser.country=IN -Duser.language=en -Duser.variant -javaagent:C:\Users\AJI\.gradle\wrapper\dists\gradle-9.1.0-all\7wzd0jkjit61aq2p43wpjgij9\gradle-9.1.0\lib\agents\gradle-instrumentation-agent-9.1.0.jar org.gradle.launcher.daemon.bootstrap.GradleDaemon 9.1.0

Host: 12th Gen Intel(R) Core(TM) i7-12700H, 20 cores, 15G,  Windows 11 , 64 bit Build 26100 (10.0.26100.9444)
Time: Thu Sep 17 09:17:50 2026 India Standard Time elapsed time: 24.700321 seconds (0d 0h 0m 24s)

---------------  T H R E A D  ---------------

Current thread (0x000002794d3fd4a0):  WorkerThread "GC Thread#2"    [id=52676, stack(0x000000a235200000,0x000000a235300000) (1024K)]

Stack: [0x000000a235200000,0x000000a235300000]
Native frames: (J=compiled Java code, j=interpreted, Vv=VM code, C=native code)
V  [jvm.dll+0x6d83e9]
V  [jvm.dll+0x8b5736]
V  [jvm.dll+0x8b7cee]
V  [jvm.dll+0x8b83d3]
V  [jvm.dll+0x284596]
V  [jvm.dll+0x6d4d05]
V  [jvm.dll+0x6c898a]
V  [jvm.dll+0x35f2f8]
V  [jvm.dll+0x366f36]
V  [jvm.dll+0x3b7d4f]
V  [jvm.dll+0x3b83e4]
V  [jvm.dll+0x3b84af]
V  [jvm.dll+0x3347ac]
V  [jvm.dll+0x334505]
V  [jvm.dll+0x3231c6]
V  [jvm.dll+0x323fda]
V  [jvm.dll+0x3243c2]
V  [jvm.dll+0x323ed3]
V  [jvm.dll+0x361136]
V  [jvm.dll+0x3614aa]
V  [jvm.dll+0x362593]
V  [jvm.dll+0x36220b]
V  [jvm.dll+0x376359]
V  [jvm.dll+0x376a1a]
V  [jvm.dll+0x376b07]
V  [jvm.dll+0x3779cb]
V  [jvm.dll+0x8e3751]
V  [jvm.dll+0x8600cd]
V  [jvm.dll+0x6d6c1d]
C  [ucrtbase.dll+0x2cd30]
C  [KERNEL32.DLL+0x2cd87]
C  [ntdll.dll+0xacaec]


---------------  P R O C E S S  ---------------

Threads class SMR info:
_java_thread_list=0x0000027996d472d0, length=31, elements={
0x000002791be50f80, 0x000002794a00fa50, 0x000002794a0106b0, 0x000002794a018350,
0x000002794a018db0, 0x000002794a019810, 0x000002794a01a270, 0x000002794a01d370,
0x000002794a024880, 0x000002794d2eae40, 0x000002794d2ebf10, 0x0000027993518f80,
0x000002794d4a1000, 0x000002794d2d62a0, 0x0000027993f57800, 0x0000027993f57e70,
0x0000027993445d20, 0x000002794d387860, 0x000002794d389930, 0x000002794d3892a0,
0x000002794d3871d0, 0x000002794d388580, 0x000002794d389fc0, 0x000002794d38a650,
0x000002794d388c10, 0x0000027994eaef90, 0x0000027994e06ce0, 0x0000027995118940,
0x000002799511b0a0, 0x000002799511b730, 0x0000027995118fd0
}

Java Threads: ( => current thread )
  0x000002791be50f80 JavaThread "main"                              [_thread_blocked, id=80316, stack(0x000000a233c00000,0x000000a233d00000) (1024K)]
  0x000002794a00fa50 JavaThread "Reference Handler"          daemon [_thread_blocked, id=37292, stack(0x000000a234400000,0x000000a234500000) (1024K)]
  0x000002794a0106b0 JavaThread "Finalizer"                  daemon [_thread_blocked, id=53744, stack(0x000000a234500000,0x000000a234600000) (1024K)]
  0x000002794a018350 JavaThread "Signal Dispatcher"          daemon [_thread_blocked, id=80216, stack(0x000000a234600000,0x000000a234700000) (1024K)]
  0x000002794a018db0 JavaThread "Attach Listener"            daemon [_thread_blocked, id=80220, stack(0x000000a234700000,0x000000a234800000) (1024K)]
  0x000002794a019810 JavaThread "Service Thread"             daemon [_thread_blocked, id=55316, stack(0x000000a234800000,0x000000a234900000) (1024K)]
  0x000002794a01a270 JavaThread "Monitor Deflation Thread"   daemon [_thread_blocked, id=49264, stack(0x000000a234900000,0x000000a234a00000) (1024K)]
  0x000002794a01d370 JavaThread "C2 CompilerThread0"         daemon [_thread_blocked, id=41156, stack(0x000000a234a00000,0x000000a234b00000) (1024K)]
  0x000002794a024880 JavaThread "C1 CompilerThread0"         daemon [_thread_blocked, id=72272, stack(0x000000a234b00000,0x000000a234c00000) (1024K)]
  0x000002794d2eae40 JavaThread "Common-Cleaner"             daemon [_thread_blocked, id=68896, stack(0x000000a234f00000,0x000000a235000000) (1024K)]
  0x000002794d2ebf10 JavaThread "Notification Thread"        daemon [_thread_blocked, id=54524, stack(0x000000a235000000,0x000000a235100000) (1024K)]
  0x0000027993518f80 JavaThread "Daemon health stats"               [_thread_blocked, id=84048, stack(0x000000a235800000,0x000000a235900000) (1024K)]
  0x000002794d4a1000 JavaThread "Incoming local TCP Connector on port 36754"        [_thread_in_native, id=84868, stack(0x000000a235900000,0x000000a235a00000) (1024K)]
  0x000002794d2d62a0 JavaThread "Daemon periodic checks"            [_thread_blocked, id=28256, stack(0x000000a235a00000,0x000000a235b00000) (1024K)]
  0x0000027993f57800 JavaThread "Daemon"                            [_thread_blocked, id=25584, stack(0x000000a235b00000,0x000000a235c00000) (1024K)]
  0x0000027993f57e70 JavaThread "Handler for socket connection from /127.0.0.1:36754 to /127.0.0.1:36755"        [_thread_in_native, id=47444, stack(0x000000a235c00000,0x000000a235d00000) (1024K)]
  0x0000027993445d20 JavaThread "Cancel handler"                    [_thread_blocked, id=83784, stack(0x000000a235d00000,0x000000a235e00000) (1024K)]
  0x000002794d387860 JavaThread "Daemon worker"                     [_thread_blocked, id=83796, stack(0x000000a235e00000,0x000000a235f00000) (1024K)]
  0x000002794d389930 JavaThread "Asynchronous log dispatcher for DefaultDaemonConnection: socket connection from /127.0.0.1:36754 to /127.0.0.1:36755"        [_thread_blocked, id=84028, stack(0x000000a235f00000,0x000000a236000000) (1024K)]
  0x000002794d3892a0 JavaThread "Stdin handler"                     [_thread_blocked, id=83588, stack(0x000000a236000000,0x000000a236100000) (1024K)]
  0x000002794d3871d0 JavaThread "Daemon client event forwarder"        [_thread_blocked, id=82952, stack(0x000000a236100000,0x000000a236200000) (1024K)]
  0x000002794d388580 JavaThread "Cache worker for journal cache (C:\Users\AJI\.gradle\caches\journal-1)"        [_thread_blocked, id=61292, stack(0x000000a236200000,0x000000a236300000) (1024K)]
  0x000002794d389fc0 JavaThread "File lock request listener"        [_thread_in_native, id=24448, stack(0x000000a236300000,0x000000a236400000) (1024K)]
  0x000002794d38a650 JavaThread "File lock release action executor"        [_thread_blocked, id=52712, stack(0x000000a236400000,0x000000a236500000) (1024K)]
  0x000002794d388c10 JavaThread "Cache worker for file hash cache (C:\Users\AJI\.gradle\caches\9.1.0\fileHashes)"        [_thread_blocked, id=60044, stack(0x000000a236500000,0x000000a236600000) (1024K)]
  0x0000027994eaef90 JavaThread "C1 CompilerThread1"         daemon [_thread_blocked, id=63068, stack(0x000000a236f00000,0x000000a237000000) (1024K)]
  0x0000027994e06ce0 JavaThread "C1 CompilerThread2"         daemon [_thread_blocked, id=80760, stack(0x000000a237100000,0x000000a237200000) (1024K)]
  0x0000027995118940 JavaThread "Cache worker for file hash cache (C:\Users\AJI\Documents\Gostriders\gostriders\android\.gradle\9.1.0\fileHashes)"        [_thread_blocked, id=80840, stack(0x000000a237200000,0x000000a237300000) (1024K)]
  0x000002799511b0a0 JavaThread "Cache worker for Build Output Cleanup Cache (C:\Users\AJI\Documents\Gostriders\gostriders\android\.gradle\buildOutputCleanup)"        [_thread_blocked, id=52844, stack(0x000000a237300000,0x000000a237400000) (1024K)]
  0x000002799511b730 JavaThread "File watcher server"        daemon [_thread_in_native, id=49324, stack(0x000000a237400000,0x000000a237500000) (1024K)]
  0x0000027995118fd0 JavaThread "File watcher consumer"      daemon [_thread_blocked, id=85956, stack(0x000000a237500000,0x000000a237600000) (1024K)]
Total: 31

Other Threads:
  0x0000027949ff5c00 VMThread "VM Thread"                           [id=6708, stack(0x000000a234300000,0x000000a234400000) (1024K)]
  0x000002794d0e14b0 WatcherThread "VM Periodic Task Thread"        [id=48212, stack(0x000000a234200000,0x000000a234300000) (1024K)]
  0x000002791befcaa0 WorkerThread "GC Thread#0"                     [id=80356, stack(0x000000a233d00000,0x000000a233e00000) (1024K)]
  0x000002794d4a93e0 WorkerThread "GC Thread#1"                     [id=52672, stack(0x000000a235100000,0x000000a235200000) (1024K)]
=>0x000002794d3fd4a0 WorkerThread "GC Thread#2"                     [id=52676, stack(0x000000a235200000,0x000000a235300000) (1024K)]
  0x000002794d3fd850 WorkerThread "GC Thread#3"                     [id=52680, stack(0x000000a235300000,0x000000a235400000) (1024K)]
  0x000002794d3fdc00 WorkerThread "GC Thread#4"                     [id=52684, stack(0x000000a235400000,0x000000a235500000) (1024K)]
  0x000002794d4571d0 WorkerThread "GC Thread#5"                     [id=52688, stack(0x000000a235500000,0x000000a235600000) (1024K)]
  0x000002794d385920 WorkerThread "GC Thread#6"                     [id=77248, stack(0x000000a234c00000,0x000000a234d00000) (1024K)]
  0x000002794d386b90 WorkerThread "GC Thread#7"                     [id=76464, stack(0x000000a234d00000,0x000000a234e00000) (1024K)]
  0x000002794d3851c0 WorkerThread "GC Thread#8"                     [id=30788, stack(0x000000a234e00000,0x000000a234f00000) (1024K)]
  0x000002794d385cd0 WorkerThread "GC Thread#9"                     [id=62656, stack(0x000000a236600000,0x000000a236700000) (1024K)]
  0x0000027994dc6570 WorkerThread "GC Thread#10"                    [id=78820, stack(0x000000a236700000,0x000000a236800000) (1024K)]
  0x0000027994dc6920 WorkerThread "GC Thread#11"                    [id=21052, stack(0x000000a236800000,0x000000a236900000) (1024K)]
  0x0000027994dc7b90 WorkerThread "GC Thread#12"                    [id=53004, stack(0x000000a236900000,0x000000a236a00000) (1024K)]
  0x0000027994dc7430 WorkerThread "GC Thread#13"                    [id=24968, stack(0x000000a236a00000,0x000000a236b00000) (1024K)]
  0x0000027994dc7f40 WorkerThread "GC Thread#14"                    [id=78536, stack(0x000000a236b00000,0x000000a236c00000) (1024K)]
  0x000002791bf0e1b0 ConcurrentGCThread "G1 Main Marker"            [id=57020, stack(0x000000a233e00000,0x000000a233f00000) (1024K)]
  0x000002791bf0ebd0 WorkerThread "G1 Conc#0"                       [id=28828, stack(0x000000a233f00000,0x000000a234000000) (1024K)]
  0x0000027994dc5a60 WorkerThread "G1 Conc#1"                       [id=44892, stack(0x000000a236c00000,0x000000a236d00000) (1024K)]
  0x0000027994dc82f0 WorkerThread "G1 Conc#2"                       [id=79184, stack(0x000000a236d00000,0x000000a236e00000) (1024K)]
  0x0000027994dc56b0 WorkerThread "G1 Conc#3"                       [id=73316, stack(0x000000a236e00000,0x000000a236f00000) (1024K)]
  0x0000027949f08250 ConcurrentGCThread "G1 Refine#0"               [id=80396, stack(0x000000a234000000,0x000000a234100000) (1024K)]
  0x0000027949f08b80 ConcurrentGCThread "G1 Service"                [id=61812, stack(0x000000a234100000,0x000000a234200000) (1024K)]
Total: 24

Threads with active compile tasks:
C2 CompilerThread0  24753 3850       4       sun.net.util.URLUtil::urlNoFragString (143 bytes)
Total: 1

VM state: at safepoint (normal execution)

VM Mutex/Monitor currently owned by a thread:  ([mutex/lock_event])
[0x00007ffcefdad030] FreeList_lock - owner thread: 0x000002794d3fd4a0
[0x00007ffcefdaf5b0] Threads_lock - owner thread: 0x0000027949ff5c00
[0x00007ffcefdaf6b0] Heap_lock - owner thread: 0x000002794d387860

Heap address: 0x0000000600000000, size: 8192 MB, Compressed Oops mode: Zero based, Oop shift amount: 3

CDS archive(s) mapped at: [0x000002794e000000-0x000002794eba0000-0x000002794eba0000), size 12189696, SharedBaseAddress: 0x000002794e000000, ArchiveRelocationMode: 1.
Compressed class space mapped at: 0x000002794f000000-0x000002798f000000, reserved size: 1073741824
Narrow klass base: 0x000002794e000000, Narrow klass shift: 0, Narrow klass range: 0x100000000

GC Precious Log:
 CardTable entry size: 512
 Card Set container configuration: InlinePtr #cards 4 size 8 Array Of Cards #cards 32 size 80 Howl #buckets 8 coarsen threshold 7372 Howl Bitmap #cards 1024 size 144 coarsen threshold 921 Card regions per heap region 1 cards per card region 8192
 CPUs: 20 total, 20 available
 Memory: 16068M
 Large Page Support: Disabled
 NUMA Support: Disabled
 Compressed Oops: Enabled (Zero based)
 Heap Region Size: 4M
 Heap Min Capacity: 8M
 Heap Initial Capacity: 252M
 Heap Max Capacity: 8G
 Pre-touch: Disabled
 Parallel Workers: 15
 Concurrent Workers: 4
 Concurrent Refinement Workers: 15
 Periodic GC: Disabled

Heap:
 garbage-first heap   total 98304K, used 80578K [0x0000000600000000, 0x0000000800000000)
  region size 4096K, 15 young (61440K), 1 survivors (4096K)
 Metaspace       used 28014K, committed 29056K, reserved 1114112K
  class space    used 4025K, committed 4544K, reserved 1048576K

Heap Regions: E=young(eden), S=young(survivor), O=old, HS=humongous(starts), HC=humongous(continues), CS=collection set, F=free, TAMS=top-at-mark-start, PB=parsable bottom
|   0|0x0000000600000000, 0x0000000600400000, 0x0000000600400000|100%|HS|  |TAMS 0x0000000600000000| PB 0x0000000600000000| Complete 
|   1|0x0000000600400000, 0x0000000600800000, 0x0000000600800000|100%| E|CS|TAMS 0x0000000600400000| PB 0x0000000600400000| Complete 
|   2|0x0000000600800000, 0x0000000600c00000, 0x0000000600c00000|100%| E|CS|TAMS 0x0000000600800000| PB 0x0000000600800000| Complete 
|   3|0x0000000600c00000, 0x0000000601000000, 0x0000000601000000|100%| E|CS|TAMS 0x0000000600c00000| PB 0x0000000600c00000| Complete 
|   4|0x0000000601000000, 0x0000000601400000, 0x0000000601400000|100%| E|CS|TAMS 0x0000000601000000| PB 0x0000000601000000| Complete 
|   5|0x0000000601400000, 0x0000000601800000, 0x0000000601800000|100%| E|CS|TAMS 0x0000000601400000| PB 0x0000000601400000| Complete 
|   6|0x0000000601800000, 0x0000000601c00000, 0x0000000601c00000|100%| E|CS|TAMS 0x0000000601800000| PB 0x0000000601800000| Complete 
|   7|0x0000000601c00000, 0x0000000602000000, 0x0000000602000000|100%| E|CS|TAMS 0x0000000601c00000| PB 0x0000000601c00000| Complete 
|   8|0x0000000602000000, 0x0000000602400000, 0x0000000602400000|100%| E|CS|TAMS 0x0000000602000000| PB 0x0000000602000000| Complete 
|   9|0x0000000602400000, 0x0000000602800000, 0x0000000602800000|100%| E|CS|TAMS 0x0000000602400000| PB 0x0000000602400000| Complete 
|  10|0x0000000602800000, 0x0000000602c00000, 0x0000000602c00000|100%| E|CS|TAMS 0x0000000602800000| PB 0x0000000602800000| Complete 
|  11|0x0000000602c00000, 0x0000000603000000, 0x0000000603000000|100%| E|CS|TAMS 0x0000000602c00000| PB 0x0000000602c00000| Complete 
|  12|0x0000000603000000, 0x0000000603400000, 0x0000000603400000|100%| E|CS|TAMS 0x0000000603000000| PB 0x0000000603000000| Complete 
|  13|0x0000000603400000, 0x0000000603800000, 0x0000000603800000|100%| E|CS|TAMS 0x0000000603400000| PB 0x0000000603400000| Complete 
|  14|0x0000000603800000, 0x0000000603b7b798, 0x0000000603c00000| 87%| S|  |TAMS 0x0000000603800000| PB 0x0000000603800000| Complete 
|  21|0x0000000605400000, 0x00000006056b0a20, 0x0000000605800000| 67%| E|CS|TAMS 0x0000000605400000| PB 0x0000000605400000| Complete 
|  22|0x0000000605800000, 0x0000000605c00000, 0x0000000605c00000|100%| E|CS|TAMS 0x0000000605800000| PB 0x0000000605800000| Complete 
|  23|0x0000000605c00000, 0x0000000606000000, 0x0000000606000000|100%| E|CS|TAMS 0x0000000605c00000| PB 0x0000000605c00000| Complete 
|  24|0x0000000606000000, 0x0000000606400000, 0x0000000606400000|100%| E|CS|TAMS 0x0000000606000000| PB 0x0000000606000000| Complete 
|  25|0x0000000606400000, 0x0000000606800000, 0x0000000606800000|100%| E|CS|TAMS 0x0000000606400000| PB 0x0000000606400000| Complete 
|  62|0x000000060f800000, 0x000000060fc00000, 0x000000060fc00000|100%| E|CS|TAMS 0x000000060f800000| PB 0x000000060f800000| Complete 
|2045|0x00000007ff400000, 0x00000007ff800000, 0x00000007ff800000|100%| O|  |TAMS 0x00000007ff400000| PB 0x00000007ff400000| Untracked 
|2046|0x00000007ff800000, 0x00000007ffc00000, 0x00000007ffc00000|100%| O|  |TAMS 0x00000007ff800000| PB 0x00000007ff800000| Untracked 
|2047|0x00000007ffc00000, 0x0000000800000000, 0x0000000800000000|100%| O|  |TAMS 0x00000007ffc00000| PB 0x00000007ffc00000| Untracked 

Card table byte_map: [0x0000027940d30000,0x0000027941d30000] _byte_map_base: 0x000002793dd30000

Marking Bits: (CMBitMap*) 0x000002791befd0c0
 Bits: [0x0000027941d30000, 0x0000027949d30000)

Polling page: 0x0000027919e90000

Metaspace:

Usage:
  Non-class:     23.43 MB used.
      Class:      3.93 MB used.
       Both:     27.36 MB used.

Virtual space:
  Non-class space:       64.00 MB reserved,      23.94 MB ( 37%) committed,  1 nodes.
      Class space:        1.00 GB reserved,       4.44 MB ( <1%) committed,  1 nodes.
             Both:        1.06 GB reserved,      28.38 MB (  3%) committed. 

Chunk freelists:
   Non-Class:  7.44 MB
       Class:  11.41 MB
        Both:  18.85 MB

MaxMetaspaceSize: 4.00 GB
CompressedClassSpaceSize: 1.00 GB
Initial GC threshold: 21.00 MB
Current GC threshold: 35.12 MB
CDS: on
 - commit_granule_bytes: 65536.
 - commit_granule_words: 8192.
 - virtual_space_node_default_size: 8388608.
 - enlarge_chunks_in_place: 1.
 - use_allocation_guard: 0.


Internal statistics:

num_allocs_failed_limit: 3.
num_arena_births: 1594.
num_arena_deaths: 0.
num_vsnodes_births: 2.
num_vsnodes_deaths: 0.
num_space_committed: 454.
num_space_uncommitted: 0.
num_chunks_returned_to_freelist: 3.
num_chunks_taken_from_freelist: 2842.
num_chunk_merges: 3.
num_chunk_splits: 1860.
num_chunks_enlarged: 1159.
num_inconsistent_stats: 0.

CodeHeap 'non-profiled nmethods': size=258432Kb used=2122Kb max_used=2122Kb free=256310Kb
 bounds [0x000002792f3f0000, 0x000002792f660000, 0x000002793f050000]
CodeHeap 'profiled nmethods': size=258368Kb used=7775Kb max_used=7775Kb free=250592Kb
 bounds [0x000002791f050000, 0x000002791f7f0000, 0x000002792eca0000]
CodeHeap 'non-nmethods': size=7488Kb used=2567Kb max_used=3140Kb free=4920Kb
 bounds [0x000002792eca0000, 0x000002792efc0000, 0x000002792f3f0000]
CodeCache: size=524288Kb, used=12464Kb, max_used=13037Kb, free=511822Kb
 total_blobs=4442, nmethods=3848, adapters=496, full_count=0
Compilation: enabled, stopped_count=0, restarted_count=0

Compilation events (20 events):
Event: 24.618 Thread 0x000002794a024880 nmethod 3838 0x000002791f7e5790 code [0x000002791f7e5a00, 0x000002791f7e6420]
Event: 24.634 Thread 0x0000027994e06ce0 3839       3       java.util.Collections::emptyMap (4 bytes)
Event: 24.634 Thread 0x0000027994e06ce0 nmethod 3839 0x000002791f7e6810 code [0x000002791f7e69a0, 0x000002791f7e6a98]
Event: 24.636 Thread 0x000002794a01d370 3840       4       jdk.internal.org.objectweb.asm.AnnotationWriter::putAnnotations (67 bytes)
Event: 24.637 Thread 0x000002794a01d370 nmethod 3840 0x000002792f5ffa90 code [0x000002792f5ffc40, 0x000002792f5ffdd0]
Event: 24.639 Thread 0x0000027994eaef90 3841       3       java.lang.invoke.MethodHandles$Lookup::getDirectConstructorNoSecurityManager (10 bytes)
Event: 24.639 Thread 0x0000027994eaef90 nmethod 3841 0x000002791f7e6b10 code [0x000002791f7e6cc0, 0x000002791f7e6e00]
Event: 24.643 Thread 0x0000027994e06ce0 3842       3       java.util.regex.CharPredicates$$Lambda/0x000002794f0687a0::is (9 bytes)
Event: 24.643 Thread 0x000002794a024880 3843       3       java.util.regex.CharPredicates::lambda$ctype$17 (21 bytes)
Event: 24.643 Thread 0x000002794a024880 nmethod 3843 0x000002791f7e6e90 code [0x000002791f7e7040, 0x000002791f7e7338]
Event: 24.643 Thread 0x0000027994e06ce0 nmethod 3842 0x000002791f7e7490 code [0x000002791f7e7660, 0x000002791f7e79d8]
Event: 24.643 Thread 0x000002794a01d370 3844       4       jdk.internal.org.objectweb.asm.ByteVector::putByteArray (49 bytes)
Event: 24.645 Thread 0x000002794a01d370 nmethod 3844 0x000002792f5fff90 code [0x000002792f600120, 0x000002792f6002b0]
Event: 24.650 Thread 0x000002794a01d370 3845       4       org.gradle.internal.service.DefaultServiceRegistry::unwrap (75 bytes)
Event: 24.652 Thread 0x000002794a01d370 nmethod 3845 0x000002792f600710 code [0x000002792f6008a0, 0x000002792f6009d8]
Event: 24.652 Thread 0x0000027994e06ce0 3848       3       jdk.internal.misc.CDS::isDumpingClassList (4 bytes)
Event: 24.653 Thread 0x0000027994e06ce0 nmethod 3848 0x000002791f7e7b10 code [0x000002791f7e7ca0, 0x000002791f7e7d90]
Event: 24.654 Thread 0x000002794a01d370 3849       4       jdk.internal.org.objectweb.asm.Frame::getAbstractTypeFromDescriptor (415 bytes)
Event: 24.674 Thread 0x000002794a01d370 nmethod 3849 0x000002792f600e10 code [0x000002792f6010a0, 0x000002792f601f58]
Event: 24.674 Thread 0x000002794a01d370 3850       4       sun.net.util.URLUtil::urlNoFragString (143 bytes)

GC Heap History (7 events):
Event: 0.820 GC heap before
{Heap before GC invocations=0 (full 0):
 garbage-first heap   total 258048K, used 20480K [0x0000000600000000, 0x0000000800000000)
  region size 4096K, 5 young (20480K), 0 survivors (0K)
 Metaspace       used 872K, committed 1024K, reserved 1114112K
  class space    used 71K, committed 128K, reserved 1048576K
}
Event: 0.829 GC heap after
{Heap after GC invocations=1 (full 0):
 garbage-first heap   total 258048K, used 1440K [0x0000000600000000, 0x0000000800000000)
  region size 4096K, 1 young (4096K), 1 survivors (4096K)
 Metaspace       used 872K, committed 1024K, reserved 1114112K
  class space    used 71K, committed 128K, reserved 1048576K
}
Event: 2.777 GC heap before
{Heap before GC invocations=1 (full 0):
 garbage-first heap   total 258048K, used 46496K [0x0000000600000000, 0x0000000800000000)
  region size 4096K, 11 young (45056K), 1 survivors (4096K)
 Metaspace       used 4615K, committed 4800K, reserved 1114112K
  class space    used 583K, committed 704K, reserved 1048576K
}
Event: 2.782 GC heap after
{Heap after GC invocations=2 (full 0):
 garbage-first heap   total 258048K, used 11604K [0x0000000600000000, 0x0000000800000000)
  region size 4096K, 2 young (8192K), 2 survivors (8192K)
 Metaspace       used 4615K, committed 4800K, reserved 1114112K
  class space    used 583K, committed 704K, reserved 1048576K
}
Event: 23.087 GC heap before
{Heap before GC invocations=2 (full 0):
 garbage-first heap   total 258048K, used 146772K [0x0000000600000000, 0x0000000800000000)
  region size 4096K, 37 young (151552K), 2 survivors (8192K)
 Metaspace       used 20855K, committed 21504K, reserved 1114112K
  class space    used 2895K, committed 3200K, reserved 1048576K
}
Event: 23.100 GC heap after
{Heap after GC invocations=3 (full 0):
 garbage-first heap   total 258048K, used 23234K [0x0000000600000000, 0x0000000800000000)
  region size 4096K, 5 young (20480K), 5 survivors (20480K)
 Metaspace       used 20855K, committed 21504K, reserved 1114112K
  class space    used 2895K, committed 3200K, reserved 1048576K
}
Event: 24.686 GC heap before
{Heap before GC invocations=4 (full 0):
 garbage-first heap   total 81920K, used 80578K [0x0000000600000000, 0x0000000800000000)
  region size 4096K, 19 young (77824K), 5 survivors (20480K)
 Metaspace       used 28014K, committed 29056K, reserved 1114112K
  class space    used 4025K, committed 4544K, reserved 1048576K
}

Dll operation events (20 events):
Event: 0.280 Attempting to load shared library C:\Users\AJI\.vscode\extensions\redhat.java-1.56.0-win32-x64\jre\21.0.12.1-win32-x86_64\bin\nio.dll
Event: 0.282 Loaded shared library C:\Users\AJI\.vscode\extensions\redhat.java-1.56.0-win32-x64\jre\21.0.12.1-win32-x86_64\bin\nio.dll
Event: 0.291 Attempting to load shared library C:\Users\AJI\.vscode\extensions\redhat.java-1.56.0-win32-x64\jre\21.0.12.1-win32-x86_64\bin\zip.dll
Event: 0.291 Loaded shared library C:\Users\AJI\.vscode\extensions\redhat.java-1.56.0-win32-x64\jre\21.0.12.1-win32-x86_64\bin\zip.dll
Event: 0.887 Attempting to load shared library C:\Users\AJI\.vscode\extensions\redhat.java-1.56.0-win32-x64\jre\21.0.12.1-win32-x86_64\bin\jimage.dll
Event: 0.887 Loaded shared library C:\Users\AJI\.vscode\extensions\redhat.java-1.56.0-win32-x64\jre\21.0.12.1-win32-x86_64\bin\jimage.dll
Event: 1.426 Attempting to load shared library C:\Users\AJI\.vscode\extensions\redhat.java-1.56.0-win32-x64\jre\21.0.12.1-win32-x86_64\bin\verify.dll
Event: 1.426 Loaded shared library C:\Users\AJI\.vscode\extensions\redhat.java-1.56.0-win32-x64\jre\21.0.12.1-win32-x86_64\bin\verify.dll
Event: 1.651 Attempting to load shared library C:\Users\AJI\.gradle\native\1def1411415f61bf3af743bc5b6707747c0891f09f0c88961ee8f79bc544acac\windows-amd64\native-platform.dll
Event: 1.652 Loaded shared library C:\Users\AJI\.gradle\native\1def1411415f61bf3af743bc5b6707747c0891f09f0c88961ee8f79bc544acac\windows-amd64\native-platform.dll
Event: 1.868 Attempting to load shared library C:\Users\AJI\.gradle\native\0.2.8\x86_64-windows-gnu\gradle-fileevents.dll
Event: 1.874 Loaded shared library C:\Users\AJI\.gradle\native\0.2.8\x86_64-windows-gnu\gradle-fileevents.dll
Event: 7.120 Attempting to load shared library C:\Users\AJI\.vscode\extensions\redhat.java-1.56.0-win32-x64\jre\21.0.12.1-win32-x86_64\bin\management.dll
Event: 7.131 Loaded shared library C:\Users\AJI\.vscode\extensions\redhat.java-1.56.0-win32-x64\jre\21.0.12.1-win32-x86_64\bin\management.dll
Event: 7.136 Attempting to load shared library C:\Users\AJI\.vscode\extensions\redhat.java-1.56.0-win32-x64\jre\21.0.12.1-win32-x86_64\bin\management_ext.dll
Event: 7.165 Loaded shared library C:\Users\AJI\.vscode\extensions\redhat.java-1.56.0-win32-x64\jre\21.0.12.1-win32-x86_64\bin\management_ext.dll
Event: 8.582 Attempting to load shared library C:\Users\AJI\.vscode\extensions\redhat.java-1.56.0-win32-x64\jre\21.0.12.1-win32-x86_64\bin\extnet.dll
Event: 8.648 Loaded shared library C:\Users\AJI\.vscode\extensions\redhat.java-1.56.0-win32-x64\jre\21.0.12.1-win32-x86_64\bin\extnet.dll
Event: 10.233 Attempting to load shared library C:\Users\AJI\.vscode\extensions\redhat.java-1.56.0-win32-x64\jre\21.0.12.1-win32-x86_64\bin\sunmscapi.dll
Event: 10.356 Loaded shared library C:\Users\AJI\.vscode\extensions\redhat.java-1.56.0-win32-x64\jre\21.0.12.1-win32-x86_64\bin\sunmscapi.dll

Deoptimization events (20 events):
Event: 23.414 Thread 0x000002794d387860 Uncommon trap: trap_request=0xffffff45 fr.pc=0x000002792f586e20 relative=0x00000000000002c0
Event: 23.414 Thread 0x000002794d387860 Uncommon trap: reason=unstable_if action=reinterpret pc=0x000002792f586e20 method=java.util.HashMap.getNode(Ljava/lang/Object;)Ljava/util/HashMap$Node; @ 131 c2
Event: 23.414 Thread 0x000002794d387860 DEOPT PACKING pc=0x000002792f586e20 sp=0x000000a235efb4a0
Event: 23.414 Thread 0x000002794d387860 DEOPT UNPACKING pc=0x000002792ecf4422 sp=0x000000a235efb420 mode 2
Event: 23.612 Thread 0x000002794d387860 Uncommon trap: trap_request=0xffffff45 fr.pc=0x000002792f55a58c relative=0x0000000000000cec
Event: 23.612 Thread 0x000002794d387860 Uncommon trap: reason=unstable_if action=reinterpret pc=0x000002792f55a58c method=jdk.internal.org.objectweb.asm.SymbolTable.addType(Ljava/lang/String;)I @ 33 c2
Event: 23.612 Thread 0x000002794d387860 DEOPT PACKING pc=0x000002792f55a58c sp=0x000000a235efa770
Event: 23.612 Thread 0x000002794d387860 DEOPT UNPACKING pc=0x000002792ecf4422 sp=0x000000a235efa6a8 mode 2
Event: 23.612 Thread 0x000002794d387860 Uncommon trap: trap_request=0xffffff45 fr.pc=0x000002792f523f78 relative=0x0000000000000398
Event: 23.612 Thread 0x000002794d387860 Uncommon trap: reason=unstable_if action=reinterpret pc=0x000002792f523f78 method=jdk.internal.org.objectweb.asm.SymbolTable.addType(Ljava/lang/String;)I @ 33 c2
Event: 23.612 Thread 0x000002794d387860 DEOPT PACKING pc=0x000002792f523f78 sp=0x000000a235efa880
Event: 23.612 Thread 0x000002794d387860 DEOPT UNPACKING pc=0x000002792ecf4422 sp=0x000000a235efa808 mode 2
Event: 23.722 Thread 0x000002794d387860 Uncommon trap: trap_request=0xffffffde fr.pc=0x000002792f3fc4d0 relative=0x00000000000001b0
Event: 23.722 Thread 0x000002794d387860 Uncommon trap: reason=class_check action=maybe_recompile pc=0x000002792f3fc4d0 method=java.lang.String.equals(Ljava/lang/Object;)Z @ 8 c2
Event: 23.722 Thread 0x000002794d387860 DEOPT PACKING pc=0x000002792f3fc4d0 sp=0x000000a235efa260
Event: 23.722 Thread 0x000002794d387860 DEOPT UNPACKING pc=0x000002792ecf4422 sp=0x000000a235efa1f8 mode 2
Event: 24.211 Thread 0x000002794d387860 Uncommon trap: trap_request=0xffffff76 fr.pc=0x000002792f5c8690 relative=0x00000000000001d0
Event: 24.211 Thread 0x000002794d387860 Uncommon trap: reason=predicate action=maybe_recompile pc=0x000002792f5c8690 method=com.google.common.base.CharMatcher.indexIn(Ljava/lang/CharSequence;I)I @ 19 c2
Event: 24.211 Thread 0x000002794d387860 DEOPT PACKING pc=0x000002792f5c8690 sp=0x000000a235efaeb0
Event: 24.211 Thread 0x000002794d387860 DEOPT UNPACKING pc=0x000002792ecf4422 sp=0x000000a235efae40 mode 2

Classes loaded (20 events):
Event: 23.940 Loading class java/util/Collections$2
Event: 23.940 Loading class java/util/Collections$2 done
Event: 24.123 Loading class java/util/stream/SliceOps
Event: 24.124 Loading class java/util/stream/SliceOps done
Event: 24.124 Loading class java/util/stream/SliceOps$1
Event: 24.124 Loading class java/util/stream/ReferencePipeline$StatefulOp
Event: 24.124 Loading class java/util/stream/ReferencePipeline$StatefulOp done
Event: 24.124 Loading class java/util/stream/SliceOps$1 done
Event: 24.129 Loading class java/util/stream/SliceOps$1$1
Event: 24.129 Loading class java/util/stream/SliceOps$1$1 done
Event: 24.201 Loading class java/util/concurrent/TimeoutException
Event: 24.201 Loading class java/util/concurrent/TimeoutException done
Event: 24.201 Loading class java/util/concurrent/CancellationException
Event: 24.201 Loading class java/util/concurrent/CancellationException done
Event: 24.262 Loading class java/util/concurrent/locks/AbstractQueuedSynchronizer$SharedNode
Event: 24.262 Loading class java/util/concurrent/locks/AbstractQueuedSynchronizer$SharedNode done
Event: 24.273 Loading class java/io/InterruptedIOException
Event: 24.273 Loading class java/io/InterruptedIOException done
Event: 24.284 Loading class java/util/ArrayDeque$DeqSpliterator
Event: 24.284 Loading class java/util/ArrayDeque$DeqSpliterator done

Classes unloaded (0 events):
No events

Classes redefined (0 events):
No events

Internal exceptions (20 events):
Event: 23.784 Thread 0x000002794d387860 Exception <a 'java/lang/NoSuchMethodError'{0x0000000602787970}: 'java.lang.Object java.lang.invoke.DelegatingMethodHandle$Holder.delegate(java.lang.Object, java.lang.Object, java.lang.Object, java.lang.Object, java.lang.Object, java.lang.Object, java.lang.Object, java.lang.Object, java.lang.Object, java.lang.Object, java.lang.Object, java.lang.Object, java.lang.Object, java.lang.Object, java.lang.Object, java.lang.Object, java.lang.Object, java.lang.Object, java.lang.Object, java.lang.Object, java.lang.Obj
Event: 23.867 Thread 0x000002794d387860 Exception <a 'java/lang/NoSuchMethodError'{0x00000006021d3550}: 'java.lang.Object java.lang.invoke.DirectMethodHandle$Holder.invokeStaticInit(java.lang.Object, java.lang.Object, java.lang.Object, java.lang.Object)'> (0x00000006021d3550) 
thrown [s\src\hotspot\share\interpreter\linkResolver.cpp, line 773]
Event: 23.937 Thread 0x000002794d387860 Exception <a 'java/lang/IncompatibleClassChangeError'{0x0000000601ceb2a0}: Found class java.lang.Object, but interface was expected> (0x0000000601ceb2a0) 
thrown [s\src\hotspot\share\interpreter\linkResolver.cpp, line 840]
Event: 23.953 Thread 0x000002794d387860 Exception <a 'java/lang/NoSuchMethodError'{0x0000000601d738f8}: 'java.lang.Object java.lang.invoke.DirectMethodHandle$Holder.invokeVirtual(java.lang.Object, java.lang.Object, java.lang.Object, java.lang.Object, java.lang.Object, java.lang.Object, java.lang.Object, java.lang.Object, java.lang.Object, java.lang.Object, java.lang.Object, java.lang.Object, java.lang.Object)'> (0x0000000601d738f8) 
thrown [s\src\hotspot\share\interpreter\linkResolver.cpp, line 773]
Event: 23.953 Thread 0x000002794d387860 Exception <a 'java/lang/NoSuchMethodError'{0x0000000601d78b30}: 'java.lang.Object java.lang.invoke.DirectMethodHandle$Holder.invokeSpecial(java.lang.Object, java.lang.Object, java.lang.Object, java.lang.Object, java.lang.Object, java.lang.Object, java.lang.Object, java.lang.Object, java.lang.Object, java.lang.Object, java.lang.Object, java.lang.Object, java.lang.Object, java.lang.Object)'> (0x0000000601d78b30) 
thrown [s\src\hotspot\share\interpreter\linkResolver.cpp, line 773]
Event: 23.954 Thread 0x000002794d387860 Exception <a 'java/lang/NoSuchMethodError'{0x0000000601d7d880}: 'java.lang.Object java.lang.invoke.DelegatingMethodHandle$Holder.reinvoke_L(java.lang.Object, java.lang.Object, java.lang.Object, java.lang.Object, java.lang.Object, java.lang.Object, java.lang.Object, java.lang.Object, java.lang.Object, java.lang.Object, java.lang.Object, java.lang.Object, java.lang.Object)'> (0x0000000601d7d880) 
thrown [s\src\hotspot\share\interpreter\linkResolver.cpp, line 773]
Event: 24.008 Thread 0x000002794d387860 Exception <a 'java/lang/NoSuchMethodError'{0x0000000601f13a30}: 'void java.lang.invoke.DirectMethodHandle$Holder.invokeStaticInit(java.lang.Object, java.lang.Object)'> (0x0000000601f13a30) 
thrown [s\src\hotspot\share\interpreter\linkResolver.cpp, line 773]
Event: 24.024 Thread 0x000002794d387860 Exception <a 'java/lang/NoSuchMethodError'{0x0000000601f6c320}: 'java.lang.Object java.lang.invoke.DirectMethodHandle$Holder.newInvokeSpecial(java.lang.Object, java.lang.Object, java.lang.Object, java.lang.Object, java.lang.Object, java.lang.Object, java.lang.Object, java.lang.Object)'> (0x0000000601f6c320) 
thrown [s\src\hotspot\share\interpreter\linkResolver.cpp, line 773]
Event: 24.062 Thread 0x000002794d387860 Exception <a 'java/lang/NoSuchMethodError'{0x00000006018c0400}: 'java.lang.Object java.lang.invoke.DirectMethodHandle$Holder.newInvokeSpecial(java.lang.Object, java.lang.Object, java.lang.Object, java.lang.Object, java.lang.Object, java.lang.Object, java.lang.Object, java.lang.Object, java.lang.Object, java.lang.Object, java.lang.Object)'> (0x00000006018c0400) 
thrown [s\src\hotspot\share\interpreter\linkResolver.cpp, line 773]
Event: 24.184 Thread 0x000002794d387860 Exception <a 'java/lang/IncompatibleClassChangeError'{0x0000000601433f20}: Found class java.lang.Object, but interface was expected> (0x0000000601433f20) 
thrown [s\src\hotspot\share\interpreter\linkResolver.cpp, line 840]
Event: 24.278 Thread 0x000002794d387860 Exception <a 'java/lang/NoSuchMethodError'{0x00000006016b1018}: 'int java.lang.invoke.DirectMethodHandle$Holder.invokeVirtual(java.lang.Object, java.lang.Object)'> (0x00000006016b1018) 
thrown [s\src\hotspot\share\interpreter\linkResolver.cpp, line 773]
Event: 24.308 Thread 0x000002794d387860 Exception <a 'java/lang/NoSuchMethodError'{0x0000000601002350}: 'java.lang.Object java.lang.invoke.DirectMethodHandle$Holder.newInvokeSpecial(java.lang.Object, java.lang.Object, java.lang.Object, int)'> (0x0000000601002350) 
thrown [s\src\hotspot\share\interpreter\linkResolver.cpp, line 773]
Event: 24.309 Thread 0x000002794d387860 Exception <a 'java/lang/NoSuchMethodError'{0x0000000601006778}: 'java.lang.Object java.lang.invoke.DirectMethodHandle$Holder.invokeSpecial(java.lang.Object, java.lang.Object, java.lang.Object, java.lang.Object, int)'> (0x0000000601006778) 
thrown [s\src\hotspot\share\interpreter\linkResolver.cpp, line 773]
Event: 24.309 Thread 0x000002794d387860 Exception <a 'java/lang/NoSuchMethodError'{0x000000060100a380}: 'java.lang.Object java.lang.invoke.Invokers$Holder.linkToTargetMethod(java.lang.Object, java.lang.Object, int, java.lang.Object)'> (0x000000060100a380) 
thrown [s\src\hotspot\share\interpreter\linkResolver.cpp, line 773]
Event: 24.317 Thread 0x000002794d387860 Exception <a 'java/lang/NoSuchMethodError'{0x00000006010454b0}: 'java.lang.Object java.lang.invoke.DirectMethodHandle$Holder.invokeStatic(java.lang.Object, java.lang.Object, int, java.lang.Object)'> (0x00000006010454b0) 
thrown [s\src\hotspot\share\interpreter\linkResolver.cpp, line 773]
Event: 24.529 Thread 0x000002794d387860 Exception <a 'java/lang/NoSuchMethodError'{0x0000000600853a20}: 'void java.lang.invoke.DirectMethodHandle$Holder.invokeInterface(java.lang.Object, java.lang.Object, java.lang.Object, java.lang.Object, java.lang.Object)'> (0x0000000600853a20) 
thrown [s\src\hotspot\share\interpreter\linkResolver.cpp, line 773]
Event: 24.652 Thread 0x000002794d387860 Exception <a 'java/lang/NoSuchMethodError'{0x000000060061a720}: 'java.lang.Object java.lang.invoke.DirectMethodHandle$Holder.newInvokeSpecial(java.lang.Object, java.lang.Object, java.lang.Object, java.lang.Object, java.lang.Object, java.lang.Object, java.lang.Object, java.lang.Object, java.lang.Object, java.lang.Object, java.lang.Object, java.lang.Object, java.lang.Object, java.lang.Object, java.lang.Object, java.lang.Object, java.lang.Object, java.lang.Object)'> (0x000000060061a720) 
thrown [s\src\hotspot
Event: 24.652 Thread 0x000002794d387860 Exception <a 'java/lang/NoSuchMethodError'{0x0000000600620ec8}: 'java.lang.Object java.lang.invoke.DirectMethodHandle$Holder.invokeSpecial(java.lang.Object, java.lang.Object, java.lang.Object, java.lang.Object, java.lang.Object, java.lang.Object, java.lang.Object, java.lang.Object, java.lang.Object, java.lang.Object, java.lang.Object, java.lang.Object, java.lang.Object, java.lang.Object, java.lang.Object, java.lang.Object, java.lang.Object, java.lang.Object, java.lang.Object)'> (0x0000000600620ec8) 
thrown
Event: 24.653 Thread 0x000002794d387860 Exception <a 'java/lang/NoSuchMethodError'{0x00000006006265f0}: 'java.lang.Object java.lang.invoke.DelegatingMethodHandle$Holder.reinvoke_L(java.lang.Object, java.lang.Object, java.lang.Object, java.lang.Object, java.lang.Object, java.lang.Object, java.lang.Object, java.lang.Object, java.lang.Object, java.lang.Object, java.lang.Object, java.lang.Object, java.lang.Object, java.lang.Object, java.lang.Object, java.lang.Object, java.lang.Object, java.lang.Object)'> (0x00000006006265f0) 
thrown [s\src\hotspot\s
Event: 24.670 Thread 0x000002794d387860 Exception <a 'java/lang/NoSuchMethodError'{0x0000000600769208}: 'java.lang.Object java.lang.invoke.DirectMethodHandle$Holder.invokeStaticInit(java.lang.Object, java.lang.Object, java.lang.Object)'> (0x0000000600769208) 
thrown [s\src\hotspot\share\interpreter\linkResolver.cpp, line 773]

ZGC Phase Switch (0 events):
No events

VM Operations (20 events):
Event: 20.670 Executing safepoint VM operation: Cleanup done
Event: 21.675 Executing safepoint VM operation: Cleanup
Event: 21.675 Executing safepoint VM operation: Cleanup done
Event: 22.376 Executing non-safepoint VM operation: HandshakeAllThreads (Deoptimize)
Event: 22.376 Executing non-safepoint VM operation: HandshakeAllThreads (Deoptimize) done
Event: 22.376 Executing non-safepoint VM operation: HandshakeAllThreads (Deoptimize)
Event: 22.376 Executing non-safepoint VM operation: HandshakeAllThreads (Deoptimize) done
Event: 23.086 Executing safepoint VM operation: CollectForMetadataAllocation (Metadata GC Threshold)
Event: 23.100 Executing safepoint VM operation: CollectForMetadataAllocation (Metadata GC Threshold) done
Event: 23.107 Executing safepoint VM operation: G1PauseRemark
Event: 23.110 Executing safepoint VM operation: G1PauseRemark done
Event: 23.110 Executing safepoint VM operation: G1PauseCleanup
Event: 23.124 Executing safepoint VM operation: G1PauseCleanup done
Event: 23.947 Executing safepoint VM operation: ICBufferFull
Event: 23.947 Executing safepoint VM operation: ICBufferFull done
Event: 24.125 Executing non-safepoint VM operation: HandshakeAllThreads (Deoptimize)
Event: 24.125 Executing non-safepoint VM operation: HandshakeAllThreads (Deoptimize) done
Event: 24.675 Executing non-safepoint VM operation: HandshakeAllThreads (Deoptimize)
Event: 24.675 Executing non-safepoint VM operation: HandshakeAllThreads (Deoptimize) done
Event: 24.686 Executing safepoint VM operation: G1CollectForAllocation (G1 Evacuation Pause)

Memory protections (0 events):
No events

Nmethod flushes (0 events):
No events

Events (20 events):
Event: 10.619 Thread 0x0000027993f57800 Thread added: 0x0000027993445d20
Event: 10.666 Thread 0x0000027993f57800 Thread added: 0x000002794d387860
Event: 10.697 Thread 0x000002794d387860 Thread added: 0x000002794d389930
Event: 10.708 Thread 0x000002794d387860 Thread added: 0x000002794d3892a0
Event: 10.732 Thread 0x000002794d387860 Thread added: 0x000002794d3871d0
Event: 11.581 Thread 0x000002794d387860 Thread added: 0x000002794d388580
Event: 11.608 Thread 0x000002794d387860 Thread added: 0x000002794d389fc0
Event: 11.973 Thread 0x000002794d389fc0 Thread added: 0x000002794d38a650
Event: 12.019 Thread 0x000002794d387860 Thread added: 0x000002794d388c10
Event: 13.812 Thread 0x000002794d16e110 Thread exited: 0x000002794d16e110
Event: 13.987 Thread 0x000002794d16ca50 Thread exited: 0x000002794d16ca50
Event: 15.088 Thread 0x000002794d14a380 Thread exited: 0x000002794d14a380
Event: 23.435 Thread 0x000002794a024880 Thread added: 0x0000027994eaef90
Event: 23.492 Thread 0x000002794a01d370 Thread added: 0x00000279950f2be0
Event: 23.671 Thread 0x0000027994eaef90 Thread added: 0x0000027994e06ce0
Event: 23.731 Thread 0x000002794d387860 Thread added: 0x0000027995118940
Event: 23.768 Thread 0x000002794d387860 Thread added: 0x000002799511b0a0
Event: 24.262 Thread 0x000002794d387860 Thread added: 0x000002799511b730
Event: 24.275 Thread 0x000002794d387860 Thread added: 0x0000027995118fd0
Event: 24.612 Thread 0x00000279950f2be0 Thread exited: 0x00000279950f2be0


Dynamic libraries:
0x00007ff79bf90000 - 0x00007ff79bf9e000 	C:\Users\AJI\.vscode\extensions\redhat.java-1.56.0-win32-x64\jre\21.0.12.1-win32-x86_64\bin\java.exe
0x00007ffe02160000 - 0x00007ffe023c7000 	C:\WINDOWS\SYSTEM32\ntdll.dll
0x00007ffe003b0000 - 0x00007ffe0047b000 	C:\WINDOWS\System32\KERNEL32.DLL
0x00007ffdff6f0000 - 0x00007ffdffaf2000 	C:\WINDOWS\System32\KERNELBASE.dll
0x00007ffdff410000 - 0x00007ffdff55c000 	C:\WINDOWS\System32\ucrtbase.dll
0x00007ffdc0f00000 - 0x00007ffdc0f1e000 	C:\Users\AJI\.vscode\extensions\redhat.java-1.56.0-win32-x64\jre\21.0.12.1-win32-x86_64\bin\VCRUNTIME140.dll
0x00007ffd821c0000 - 0x00007ffd821d8000 	C:\Users\AJI\.vscode\extensions\redhat.java-1.56.0-win32-x64\jre\21.0.12.1-win32-x86_64\bin\jli.dll
0x00007ffe019a0000 - 0x00007ffe01b6f000 	C:\WINDOWS\System32\USER32.dll
0x00007ffdff570000 - 0x00007ffdff597000 	C:\WINDOWS\System32\win32u.dll
0x00007ffe01970000 - 0x00007ffe0199b000 	C:\WINDOWS\System32\GDI32.dll
0x00007ffdffc90000 - 0x00007ffdffdb9000 	C:\WINDOWS\System32\gdi32full.dll
0x00007ffdff360000 - 0x00007ffdff403000 	C:\WINDOWS\System32\msvcp_win.dll
0x00007ffddfe30000 - 0x00007ffde00c0000 	C:\WINDOWS\WinSxS\amd64_microsoft.windows.common-controls_6595b64144ccf1df_6.0.26100.9278_none_3e0d1ba8e3303201\COMCTL32.dll
0x00007ffe018c0000 - 0x00007ffe01969000 	C:\WINDOWS\System32\msvcrt.dll
0x00007ffe01b90000 - 0x00007ffe01bc1000 	C:\WINDOWS\System32\IMM32.DLL
0x00007ffdd7ca0000 - 0x00007ffdd7cac000 	C:\Users\AJI\.vscode\extensions\redhat.java-1.56.0-win32-x64\jre\21.0.12.1-win32-x86_64\bin\vcruntime140_1.dll
0x00007ffd7e7f0000 - 0x00007ffd7e87d000 	C:\Users\AJI\.vscode\extensions\redhat.java-1.56.0-win32-x64\jre\21.0.12.1-win32-x86_64\bin\msvcp140.dll
0x00007ffcef0f0000 - 0x00007ffcefe92000 	C:\Users\AJI\.vscode\extensions\redhat.java-1.56.0-win32-x64\jre\21.0.12.1-win32-x86_64\bin\server\jvm.dll
0x00007ffe002e0000 - 0x00007ffe0039c000 	C:\WINDOWS\System32\ADVAPI32.dll
0x00007ffe00230000 - 0x00007ffe002d9000 	C:\WINDOWS\System32\sechost.dll
0x00007ffdfff30000 - 0x00007ffe00048000 	C:\WINDOWS\System32\RPCRT4.dll
0x00007ffe01720000 - 0x00007ffe017a0000 	C:\WINDOWS\System32\WS2_32.dll
0x00007ffdff1c0000 - 0x00007ffdff21e000 	C:\WINDOWS\SYSTEM32\POWRPROF.dll
0x00007ffdfb560000 - 0x00007ffdfb596000 	C:\WINDOWS\SYSTEM32\WINMM.dll
0x00007ffdf5020000 - 0x00007ffdf502b000 	C:\WINDOWS\SYSTEM32\VERSION.dll
0x00007ffdff1a0000 - 0x00007ffdff1b5000 	C:\WINDOWS\SYSTEM32\UMPDC.dll
0x00007ffdfdf70000 - 0x00007ffdfdf8b000 	C:\WINDOWS\SYSTEM32\kernel.appcore.dll
0x00007ffdd7be0000 - 0x00007ffdd7bea000 	C:\Users\AJI\.vscode\extensions\redhat.java-1.56.0-win32-x64\jre\21.0.12.1-win32-x86_64\bin\jimage.dll
0x00007ffdfc940000 - 0x00007ffdfcb8c000 	C:\WINDOWS\SYSTEM32\DBGHELP.DLL
0x00007ffe00d20000 - 0x00007ffe010a5000 	C:\WINDOWS\System32\combase.dll
0x00007ffe011b0000 - 0x00007ffe01289000 	C:\WINDOWS\System32\OLEAUT32.dll
0x00007ffdde450000 - 0x00007ffdde48b000 	C:\WINDOWS\SYSTEM32\dbgcore.DLL
0x00007ffdffdc0000 - 0x00007ffdffe6c000 	C:\WINDOWS\System32\bcryptPrimitives.dll
0x00007ffdd70d0000 - 0x00007ffdd70df000 	C:\Users\AJI\.vscode\extensions\redhat.java-1.56.0-win32-x64\jre\21.0.12.1-win32-x86_64\bin\instrument.dll
0x00007ffd7fbb0000 - 0x00007ffd7fbd0000 	C:\Users\AJI\.vscode\extensions\redhat.java-1.56.0-win32-x64\jre\21.0.12.1-win32-x86_64\bin\java.dll
0x00007ffe00580000 - 0x00007ffe00d18000 	C:\WINDOWS\System32\SHELL32.dll
0x00007ffdfcd80000 - 0x00007ffdfd62e000 	C:\WINDOWS\SYSTEM32\windows.storage.dll
0x00007ffe01320000 - 0x00007ffe0141b000 	C:\WINDOWS\System32\SHCORE.dll
0x00007ffe010b0000 - 0x00007ffe01116000 	C:\WINDOWS\System32\shlwapi.dll
0x00007ffdff280000 - 0x00007ffdff2a9000 	C:\WINDOWS\SYSTEM32\profapi.dll
0x00007ffd7fb90000 - 0x00007ffd7fba8000 	C:\Users\AJI\.vscode\extensions\redhat.java-1.56.0-win32-x64\jre\21.0.12.1-win32-x86_64\bin\zip.dll
0x00007ffdd7b20000 - 0x00007ffdd7b30000 	C:\Users\AJI\.vscode\extensions\redhat.java-1.56.0-win32-x64\jre\21.0.12.1-win32-x86_64\bin\net.dll
0x00007ffdf8730000 - 0x00007ffdf885a000 	C:\WINDOWS\SYSTEM32\WINHTTP.dll
0x00007ffdfe5f0000 - 0x00007ffdfe65c000 	C:\WINDOWS\system32\mswsock.dll
0x00007ffd7e7d0000 - 0x00007ffd7e7e6000 	C:\Users\AJI\.vscode\extensions\redhat.java-1.56.0-win32-x64\jre\21.0.12.1-win32-x86_64\bin\nio.dll
0x00007ffdd1b60000 - 0x00007ffdd1b70000 	C:\Users\AJI\.vscode\extensions\redhat.java-1.56.0-win32-x64\jre\21.0.12.1-win32-x86_64\bin\verify.dll
0x00007ffd7fce0000 - 0x00007ffd7fd07000 	C:\Users\AJI\.gradle\native\1def1411415f61bf3af743bc5b6707747c0891f09f0c88961ee8f79bc544acac\windows-amd64\native-platform.dll
0x00007ffcf9e70000 - 0x00007ffcf9ee7000 	C:\Users\AJI\.gradle\native\0.2.8\x86_64-windows-gnu\gradle-fileevents.dll
0x00007ffdd17c0000 - 0x00007ffdd17ca000 	C:\Users\AJI\.vscode\extensions\redhat.java-1.56.0-win32-x64\jre\21.0.12.1-win32-x86_64\bin\management.dll
0x00007ffdd0ce0000 - 0x00007ffdd0cec000 	C:\Users\AJI\.vscode\extensions\redhat.java-1.56.0-win32-x64\jre\21.0.12.1-win32-x86_64\bin\management_ext.dll
0x00007ffe01b80000 - 0x00007ffe01b88000 	C:\WINDOWS\System32\PSAPI.DLL
0x00007ffdfd9b0000 - 0x00007ffdfd9e3000 	C:\WINDOWS\SYSTEM32\IPHLPAPI.DLL
0x00007ffdfff00000 - 0x00007ffdfff0a000 	C:\WINDOWS\System32\NSI.dll
0x00007ffdd0ba0000 - 0x00007ffdd0ba9000 	C:\Users\AJI\.vscode\extensions\redhat.java-1.56.0-win32-x64\jre\21.0.12.1-win32-x86_64\bin\extnet.dll
0x00007ffdfe8e0000 - 0x00007ffdfe8fb000 	C:\WINDOWS\SYSTEM32\CRYPTSP.dll
0x00007ffdfdf90000 - 0x00007ffdfdfc9000 	C:\WINDOWS\system32\rsaenh.dll
0x00007ffdfe6a0000 - 0x00007ffdfe6d4000 	C:\WINDOWS\SYSTEM32\USERENV.dll
0x00007ffdff250000 - 0x00007ffdff27a000 	C:\WINDOWS\SYSTEM32\bcrypt.dll
0x00007ffdfe900000 - 0x00007ffdfe90c000 	C:\WINDOWS\SYSTEM32\CRYPTBASE.dll
0x00007ffdd0640000 - 0x00007ffdd064e000 	C:\Users\AJI\.vscode\extensions\redhat.java-1.56.0-win32-x64\jre\21.0.12.1-win32-x86_64\bin\sunmscapi.dll
0x00007ffdffb00000 - 0x00007ffdffc7e000 	C:\WINDOWS\System32\CRYPT32.dll
0x00007ffdfeb20000 - 0x00007ffdfeb50000 	C:\WINDOWS\SYSTEM32\ncrypt.dll
0x00007ffdfead0000 - 0x00007ffdfeb0f000 	C:\WINDOWS\SYSTEM32\NTASN1.dll
0x00007ffdd4f00000 - 0x00007ffdd4f08000 	C:\WINDOWS\system32\wshunix.dll

JVMTI agents:
C:\Users\AJI\.gradle\wrapper\dists\gradle-9.1.0-all\7wzd0jkjit61aq2p43wpjgij9\gradle-9.1.0\lib\agents\gradle-instrumentation-agent-9.1.0.jar path:C:\Users\AJI\.vscode\extensions\redhat.java-1.56.0-win32-x64\jre\21.0.12.1-win32-x86_64\bin\instrument.dll, loaded, initialized, instrumentlib options:none

dbghelp: loaded successfully - version: 4.0.5 - missing functions: none
symbol engine: initialized successfully - sym options: 0x614 - pdb path: .;C:\Users\AJI\.vscode\extensions\redhat.java-1.56.0-win32-x64\jre\21.0.12.1-win32-x86_64\bin;C:\WINDOWS\SYSTEM32;C:\WINDOWS\WinSxS\amd64_microsoft.windows.common-controls_6595b64144ccf1df_6.0.26100.9278_none_3e0d1ba8e3303201;C:\Users\AJI\.vscode\extensions\redhat.java-1.56.0-win32-x64\jre\21.0.12.1-win32-x86_64\bin\server;C:\Users\AJI\.gradle\native\1def1411415f61bf3af743bc5b6707747c0891f09f0c88961ee8f79bc544acac\windows-amd64;C:\Users\AJI\.gradle\native\0.2.8\x86_64-windows-gnu

VM Arguments:
jvm_args: --add-opens=java.base/java.lang=ALL-UNNAMED --add-opens=java.base/java.lang.invoke=ALL-UNNAMED --add-opens=java.base/java.util=ALL-UNNAMED --add-opens=java.prefs/java.util.prefs=ALL-UNNAMED --add-exports=jdk.compiler/com.sun.tools.javac.api=ALL-UNNAMED --add-exports=jdk.compiler/com.sun.tools.javac.util=ALL-UNNAMED --add-opens=java.base/java.util=ALL-UNNAMED --add-opens=java.prefs/java.util.prefs=ALL-UNNAMED --add-opens=java.base/java.nio.charset=ALL-UNNAMED --add-opens=java.base/java.net=ALL-UNNAMED --add-opens=java.base/java.util.concurrent=ALL-UNNAMED --add-opens=java.base/java.util.concurrent.atomic=ALL-UNNAMED --add-opens=java.xml/javax.xml.namespace=ALL-UNNAMED --add-opens=java.base/java.time=ALL-UNNAMED -XX:MaxMetaspaceSize=4G -XX:ReservedCodeCacheSize=512m -XX:+HeapDumpOnOutOfMemoryError -Xmx8G -Dfile.encoding=UTF-8 -Duser.country=IN -Duser.language=en -Duser.variant -javaagent:C:\Users\AJI\.gradle\wrapper\dists\gradle-9.1.0-all\7wzd0jkjit61aq2p43wpjgij9\gradle-9.1.0\lib\agents\gradle-instrumentation-agent-9.1.0.jar 
java_command: org.gradle.launcher.daemon.bootstrap.GradleDaemon 9.1.0
java_class_path (initial): C:\Users\AJI\.gradle\wrapper\dists\gradle-9.1.0-all\7wzd0jkjit61aq2p43wpjgij9\gradle-9.1.0\lib\gradle-daemon-main-9.1.0.jar
Launcher Type: SUN_STANDARD

[Global flags]
     intx CICompilerCount                          = 12                                        {product} {ergonomic}
     uint ConcGCThreads                            = 4                                         {product} {ergonomic}
     uint G1ConcRefinementThreads                  = 15                                        {product} {ergonomic}
   size_t G1HeapRegionSize                         = 4194304                                   {product} {ergonomic}
    uintx GCDrainStackTargetSize                   = 64                                        {product} {ergonomic}
     bool HeapDumpOnOutOfMemoryError               = true                                   {manageable} {command line}
   size_t InitialHeapSize                          = 264241152                                 {product} {ergonomic}
   size_t MarkStackSize                            = 4194304                                   {product} {ergonomic}
   size_t MaxHeapSize                              = 8589934592                                {product} {command line}
   size_t MaxMetaspaceSize                         = 4294967296                                {product} {command line}
   size_t MaxNewSize                               = 5150605312                                {product} {ergonomic}
   size_t MinHeapDeltaBytes                        = 4194304                                   {product} {ergonomic}
   size_t MinHeapSize                              = 8388608                                   {product} {ergonomic}
    uintx NonNMethodCodeHeapSize                   = 7602480                                {pd product} {ergonomic}
    uintx NonProfiledCodeHeapSize                  = 264634216                              {pd product} {ergonomic}
    uintx ProfiledCodeHeapSize                     = 264634216                              {pd product} {ergonomic}
    uintx ReservedCodeCacheSize                    = 536870912                              {pd product} {command line}
     bool SegmentedCodeCache                       = true                                      {product} {ergonomic}
   size_t SoftMaxHeapSize                          = 8589934592                             {manageable} {ergonomic}
     bool UseCompressedOops                        = true                           {product lp64_product} {ergonomic}
     bool UseG1GC                                  = true                                      {product} {ergonomic}
     bool UseLargePagesIndividualAllocation        = false                                  {pd product} {ergonomic}

Logging:
Log output configuration:
 #0: stdout all=warning uptime,level,tags foldmultilines=false
 #1: stderr all=off uptime,level,tags foldmultilines=false

Release file:
JAVA_VERSION="21.0.12.1" 
MODULES="java.base java.compiler java.datatransfer java.xml java.prefs java.desktop java.instrument java.logging java.management java.security.sasl java.naming java.rmi java.management.rmi java.net.http java.scripting java.security.jgss java.transaction.xa java.sql java.sql.rowset java.xml.crypto java.se java.smartcardio jdk.accessibility jdk.internal.jvmstat jdk.attach jdk.charsets jdk.internal.opt jdk.zipfs jdk.compiler jdk.crypto.ec jdk.crypto.cryptoki jdk.crypto.mscapi jdk.dynalink jdk.internal.ed jdk.editpad jdk.hotspot.agent jdk.httpserver jdk.internal.le jdk.internal.vm.ci jdk.internal.vm.compiler jdk.internal.vm.compiler.management jdk.jartool jdk.javadoc jdk.jcmd jdk.management jdk.management.agent jdk.jconsole jdk.jdeps jdk.jdwp.agent jdk.jdi jdk.jfr jdk.jshell jdk.jsobject jdk.jstatd jdk.localedata jdk.management.jfr jdk.naming.dns jdk.naming.rmi jdk.net jdk.nio.mapmode jdk.random jdk.sctp jdk.security.auth jdk.security.jgss jdk.unsupported jdk.unsupported.desktop jdk.xml.dom" 

Environment Variables:
JAVA_HOME=C:\Program Files\Java\jdk-17
PATH=C:\Python314\Scripts\;C:\Python314\;C:\Program Files\Eclipse Adoptium\jdk-25.0.3.9-hotspot\bin;C:\Program Files\Microsoft\jdk-11.0.16.101-hotspot\bin;C:\WINDOWS\system32;C:\WINDOWS;C:\WINDOWS\System32\Wbem;C:\WINDOWS\System32\WindowsPowerShell\v1.0\;C:\WINDOWS\System32\OpenSSH\;C:\Program Files\dotnet\;C:\MinGW\bin;C:\ProgramData\chocolatey\bin;C:\Users\AJI\AppData\Local\Pub\Cache\bin;C:\Program Files\Java\jdk-17\bin;d:\cursor\resources\app\bin;C:\Users\AJI\develop\flutter\bin;C:\Users\AJI\.local\bin;D:\node\node_modules\npm\bin;D:\node\;C:\Program Files\nodejs\;C:\Program Files\nodejs\node_modules\npm\bin;C:\Users\AJI\Documents\MONGO\mongosh-2.9.2-win32-x64\bin;C:\xampp\php;C:\Program Files\Git\cmd;C:\Users\AJI\AppData\Local\Programs\Python\Python312\Scripts\;C:\Users\AJI\AppData\Local\Programs\Python\Python312\;C:\Users\AJI\.local\bin;C:\Users\AJI\AppData\Local\Microsoft\WindowsApps;D:\IntelliJ IDEA Community Edition 2023.1.5\bin;;C:\mingw64\bin;C:\Users\AJI\.dotnet\tools;C:\Users\AJI\Documents\flutter_windows_3.13.4-stable\flutter\bin;C:\Users\AJI\AppData\Local\Pub\Cache\bin;D:\flutter_pub_cache;C:\Users\AJI\AppData\Local\Android\Sdk;C:\Program Files\Java\jdk-17\bin;D:\rider\JetBrains Rider 2024.3.7\bin;;D:\Program Files\Microsoft VS Code\bin;D:\freelanceing\cursor\resources\app\bin;C:\Users\AJI\AppData\Local\Programs\Microsoft VS Code\bin;C:\Users\AJI\AppData\Local\Programs\cursor\resources\app\bin;C:\Users\AJI\AppData\Roaming\npm
USERNAME=AJI
OS=Windows_NT
PROCESSOR_IDENTIFIER=Intel64 Family 6 Model 154 Stepping 3, GenuineIntel
TMP=C:\Users\AJI\AppData\Local\Temp
TEMP=C:\Users\AJI\AppData\Local\Temp




Periodic native trim disabled

---------------  S Y S T E M  ---------------

OS:
 Windows 11 , 64 bit Build 26100 (10.0.26100.9444)
OS uptime: 0 days 0:16 hours
Hyper-V role detected

CPU: total 20 (initial active 20) (10 cores per cpu, 2 threads per core) family 6 model 154 stepping 3 microcode 0x43b, cx8, cmov, fxsr, ht, mmx, 3dnowpref, sse, sse2, sse3, ssse3, sse4.1, sse4.2, popcnt, lzcnt, tsc, tscinvbit, avx, avx2, aes, erms, clmul, bmi1, bmi2, adx, sha, fma, vzeroupper, clflush, clflushopt, clwb, hv, serialize, rdtscp, rdpid, fsrm, f16c, cet_ibt, cet_ss
Processor Information for processor 0
  Max Mhz: 2300, Current Mhz: 2300, Mhz Limit: 2300
Processor Information for processor 1
  Max Mhz: 2300, Current Mhz: 2300, Mhz Limit: 2300
Processor Information for processor 2
  Max Mhz: 2300, Current Mhz: 2300, Mhz Limit: 2300
Processor Information for processor 3
  Max Mhz: 2300, Current Mhz: 2300, Mhz Limit: 2300
Processor Information for processor 4
  Max Mhz: 2300, Current Mhz: 2300, Mhz Limit: 2300
Processor Information for processor 5
  Max Mhz: 2300, Current Mhz: 2300, Mhz Limit: 2300
Processor Information for processor 6
  Max Mhz: 2300, Current Mhz: 2300, Mhz Limit: 2300
Processor Information for processor 7
  Max Mhz: 2300, Current Mhz: 2300, Mhz Limit: 2300
Processor Information for processor 8
  Max Mhz: 2300, Current Mhz: 2300, Mhz Limit: 2300
Processor Information for processor 9
  Max Mhz: 2300, Current Mhz: 2300, Mhz Limit: 2300
Processor Information for processor 10
  Max Mhz: 2300, Current Mhz: 2300, Mhz Limit: 2300
Processor Information for processor 11
  Max Mhz: 2300, Current Mhz: 2300, Mhz Limit: 2300
Processor Information for processor 12
  Max Mhz: 2300, Current Mhz: 2300, Mhz Limit: 2300
Processor Information for processor 13
  Max Mhz: 2300, Current Mhz: 1488, Mhz Limit: 2300
Processor Information for processor 14
  Max Mhz: 2300, Current Mhz: 2300, Mhz Limit: 2300
Processor Information for processor 15
  Max Mhz: 2300, Current Mhz: 2300, Mhz Limit: 2300
Processor Information for processor 16
  Max Mhz: 2300, Current Mhz: 2300, Mhz Limit: 2300
Processor Information for processor 17
  Max Mhz: 2300, Current Mhz: 2300, Mhz Limit: 2300
Processor Information for processor 18
  Max Mhz: 2300, Current Mhz: 2300, Mhz Limit: 2300
Processor Information for processor 19
  Max Mhz: 2300, Current Mhz: 1488, Mhz Limit: 2300

Memory: 4k page, system-wide physical 16068M (312M free)
TotalPageFile size 65220M (AvailPageFile size 0M)
current process WorkingSet (physical memory assigned to process): 204M, peak: 204M
current process commit charge ("private bytes"): 298M, peak: 427M

vm_info: OpenJDK 64-Bit Server VM (21.0.12.1+1-LTS) for windows-amd64 JRE (21.0.12.1+1-LTS), built on 2026-08-18T00:00:00Z by "admin" with MS VC++ 17.12 (VS2022)

END.
