#
# There is insufficient memory for the Java Runtime Environment to continue.
# Native memory allocation (malloc) failed to allocate 32744 bytes. Error detail: Chunk::new
# Possible reasons:
#   The system is out of physical RAM or swap space
#   This process is running with CompressedOops enabled, and the Java Heap may be blocking the growth of the native heap
# Possible solutions:
#   Reduce memory load on the system
#   Increase physical memory or swap space
#   Check if swap backing store is full
#   Decrease Java heap size (-Xmx/-Xms)
#   Decrease number of Java threads
#   Decrease Java thread stack sizes (-Xss)
#   Set larger code cache with -XX:ReservedCodeCacheSize=
#   JVM is running with Zero Based Compressed Oops mode in which the Java heap is
#     placed in the first 32GB address space. The Java Heap base address is the
#     maximum limit for the native heap growth. Please use -XX:HeapBaseMinAddress
#     to set the Java Heap base and to place the Java Heap above 32GB virtual address.
# This output file may be truncated or incomplete.
#
#  Out of Memory Error (arena.cpp:168), pid=60168, tid=60336
#
# JRE version: OpenJDK Runtime Environment Temurin-21.0.12.1+1 (21.0.12.1+1) (build 21.0.12.1+1-LTS)
# Java VM: OpenJDK 64-Bit Server VM Temurin-21.0.12.1+1 (21.0.12.1+1-LTS, mixed mode, sharing, tiered, compressed oops, compressed class ptrs, g1 gc, windows-amd64)
# No core dump will be written. Minidumps are not enabled by default on client versions of Windows
#

---------------  S U M M A R Y ------------

Command Line: --add-opens=java.base/java.lang=ALL-UNNAMED --add-opens=java.base/java.lang.invoke=ALL-UNNAMED --add-opens=java.base/java.util=ALL-UNNAMED --add-opens=java.prefs/java.util.prefs=ALL-UNNAMED --add-exports=jdk.compiler/com.sun.tools.javac.api=ALL-UNNAMED --add-exports=jdk.compiler/com.sun.tools.javac.util=ALL-UNNAMED --add-opens=java.base/java.util=ALL-UNNAMED --add-opens=java.prefs/java.util.prefs=ALL-UNNAMED --add-opens=java.base/java.nio.charset=ALL-UNNAMED --add-opens=java.base/java.net=ALL-UNNAMED --add-opens=java.base/java.util.concurrent=ALL-UNNAMED --add-opens=java.base/java.util.concurrent.atomic=ALL-UNNAMED --add-opens=java.xml/javax.xml.namespace=ALL-UNNAMED --add-opens=java.base/java.time=ALL-UNNAMED -XX:MaxMetaspaceSize=4G -XX:ReservedCodeCacheSize=512m -XX:+HeapDumpOnOutOfMemoryError -Xmx8G -Dfile.encoding=UTF-8 -Duser.country=IN -Duser.language=en -Duser.variant -javaagent:C:\Users\AJI\.gradle\wrapper\dists\gradle-9.1.0-all\7wzd0jkjit61aq2p43wpjgij9\gradle-9.1.0\lib\agents\gradle-instrumentation-agent-9.1.0.jar org.gradle.launcher.daemon.bootstrap.GradleDaemon 9.1.0

Host: 12th Gen Intel(R) Core(TM) i7-12700H, 20 cores, 15G,  Windows 11 , 64 bit Build 26100 (10.0.26100.9444)
Time: Thu Sep 17 09:15:33 2026 India Standard Time elapsed time: 199.183939 seconds (0d 0h 3m 19s)

---------------  T H R E A D  ---------------

Current thread (0x00000191dd1fdc80):  JavaThread "C1 CompilerThread0" daemon [_thread_in_native, id=60336, stack(0x0000000e9fd00000,0x0000000e9fe00000) (1024K)]


Current CompileTask:
C1:199184 6209       3       org.gradle.cache.internal.btree.BTreePersistentIndexedCache$IndexBlock::read (94 bytes)

Stack: [0x0000000e9fd00000,0x0000000e9fe00000]
Native frames: (J=compiled Java code, j=interpreted, Vv=VM code, C=native code)
V  [jvm.dll+0x6d83e9]
V  [jvm.dll+0x8b5736]
V  [jvm.dll+0x8b7cee]
V  [jvm.dll+0x8b83d3]
V  [jvm.dll+0x284596]
V  [jvm.dll+0xc685d]
V  [jvm.dll+0xc6da1]
V  [jvm.dll+0x14195e]
V  [jvm.dll+0x140c17]
V  [jvm.dll+0x1a29f6]
V  [jvm.dll+0x1aed2b]
V  [jvm.dll+0x156acc]
V  [jvm.dll+0x156d32]
V  [jvm.dll+0x156fe4]
V  [jvm.dll+0x1563fc]
V  [jvm.dll+0x15818d]
V  [jvm.dll+0x25baad]
V  [jvm.dll+0x25a03a]
V  [jvm.dll+0x3f8aae]
V  [jvm.dll+0x8600cd]
V  [jvm.dll+0x6d6c1d]
C  [ucrtbase.dll+0x2cd30]
C  [KERNEL32.DLL+0x2cd87]
C  [ntdll.dll+0xacaec]


---------------  P R O C E S S  ---------------

Threads class SMR info:
_java_thread_list=0x0000019228b739f0, length=53, elements={
0x00000191af021e60, 0x00000191dd1f0d30, 0x00000191dd1f1990, 0x00000191dd1f4500,
0x00000191dd1f4f60, 0x00000191dd1f59c0, 0x00000191dd1f6420, 0x00000191dd1f71b0,
0x00000191dd1fdc80, 0x00000191e051a370, 0x00000191e03f4d90, 0x0000019226e87ff0,
0x0000019226f42cb0, 0x00000192270b9130, 0x0000019226fbd5a0, 0x0000019226fb8c50,
0x0000019226fddcb0, 0x0000019226fefb90, 0x0000019226ff4820, 0x0000019226ff5bd0,
0x0000019226ff2750, 0x0000019226ff2de0, 0x0000019226ff3470, 0x0000019226ff3b00,
0x0000019227f10aa0, 0x0000019227f124e0, 0x0000019227f13f20, 0x0000019227f13890,
0x0000019227f11e50, 0x0000019227f145b0, 0x0000019227f11130, 0x0000019227f117c0,
0x0000019227f152d0, 0x0000019227f12b70, 0x0000019227f173a0, 0x0000019227f17a30,
0x0000019226ff4eb0, 0x0000019228ba94b0, 0x0000019228ba7a70, 0x0000019228ba73e0,
0x0000019228ba6030, 0x0000019228ba8e20, 0x0000019228ba9b40, 0x0000019228ba8100,
0x0000019228ba66c0, 0x0000019228ba8790, 0x0000019228baa1d0, 0x0000019228ba6d50,
0x0000019228bac930, 0x0000019228bad650, 0x0000019228baa860, 0x0000019228baaef0,
0x0000019228bab580
}

Java Threads: ( => current thread )
  0x00000191af021e60 JavaThread "main"                              [_thread_blocked, id=60236, stack(0x0000000e9ee00000,0x0000000e9ef00000) (1024K)]
  0x00000191dd1f0d30 JavaThread "Reference Handler"          daemon [_thread_blocked, id=60308, stack(0x0000000e9f600000,0x0000000e9f700000) (1024K)]
  0x00000191dd1f1990 JavaThread "Finalizer"                  daemon [_thread_blocked, id=60312, stack(0x0000000e9f700000,0x0000000e9f800000) (1024K)]
  0x00000191dd1f4500 JavaThread "Signal Dispatcher"          daemon [_thread_blocked, id=60316, stack(0x0000000e9f800000,0x0000000e9f900000) (1024K)]
  0x00000191dd1f4f60 JavaThread "Attach Listener"            daemon [_thread_blocked, id=60320, stack(0x0000000e9f900000,0x0000000e9fa00000) (1024K)]
  0x00000191dd1f59c0 JavaThread "Service Thread"             daemon [_thread_blocked, id=60324, stack(0x0000000e9fa00000,0x0000000e9fb00000) (1024K)]
  0x00000191dd1f6420 JavaThread "Monitor Deflation Thread"   daemon [_thread_blocked, id=60328, stack(0x0000000e9fb00000,0x0000000e9fc00000) (1024K)]
  0x00000191dd1f71b0 JavaThread "C2 CompilerThread0"         daemon [_thread_in_native, id=60332, stack(0x0000000e9fc00000,0x0000000e9fd00000) (1024K)]
=>0x00000191dd1fdc80 JavaThread "C1 CompilerThread0"         daemon [_thread_in_native, id=60336, stack(0x0000000e9fd00000,0x0000000e9fe00000) (1024K)]
  0x00000191e051a370 JavaThread "Common-Cleaner"             daemon [_thread_blocked, id=60392, stack(0x0000000e9fe00000,0x0000000e9ff00000) (1024K)]
  0x00000191e03f4d90 JavaThread "Notification Thread"        daemon [_thread_blocked, id=60408, stack(0x0000000e9ff00000,0x0000000ea0000000) (1024K)]
  0x0000019226e87ff0 JavaThread "Daemon health stats"               [_thread_blocked, id=60476, stack(0x0000000ea0700000,0x0000000ea0800000) (1024K)]
  0x0000019226f42cb0 JavaThread "Incoming local TCP Connector on port 40376"        [_thread_in_native, id=60912, stack(0x0000000ea0800000,0x0000000ea0900000) (1024K)]
  0x00000192270b9130 JavaThread "Daemon periodic checks"            [_thread_blocked, id=61084, stack(0x0000000ea0a00000,0x0000000ea0b00000) (1024K)]
  0x0000019226fbd5a0 JavaThread "Daemon"                            [_thread_blocked, id=61136, stack(0x0000000ea0b00000,0x0000000ea0c00000) (1024K)]
  0x0000019226fb8c50 JavaThread "Handler for socket connection from /127.0.0.1:40376 to /127.0.0.1:40377"        [_thread_in_native, id=61144, stack(0x0000000ea0c00000,0x0000000ea0d00000) (1024K)]
  0x0000019226fddcb0 JavaThread "Cancel handler"                    [_thread_blocked, id=61264, stack(0x0000000ea1500000,0x0000000ea1600000) (1024K)]
  0x0000019226fefb90 JavaThread "Daemon worker"                     [_thread_in_vm, id=61268, stack(0x0000000ea1600000,0x0000000ea1700000) (1024K)]
  0x0000019226ff4820 JavaThread "Asynchronous log dispatcher for DefaultDaemonConnection: socket connection from /127.0.0.1:40376 to /127.0.0.1:40377"        [_thread_blocked, id=61284, stack(0x0000000ea1700000,0x0000000ea1800000) (1024K)]
  0x0000019226ff5bd0 JavaThread "Stdin handler"                     [_thread_blocked, id=61292, stack(0x0000000ea1800000,0x0000000ea1900000) (1024K)]
  0x0000019226ff2750 JavaThread "Daemon client event forwarder"        [_thread_blocked, id=61296, stack(0x0000000ea1900000,0x0000000ea1a00000) (1024K)]
  0x0000019226ff2de0 JavaThread "Cache worker for journal cache (C:\Users\AJI\.gradle\caches\journal-1)"        [_thread_blocked, id=2400, stack(0x0000000ea0900000,0x0000000ea0a00000) (1024K)]
  0x0000019226ff3470 JavaThread "File lock request listener"        [_thread_in_native, id=60968, stack(0x0000000ea1a00000,0x0000000ea1b00000) (1024K)]
  0x0000019226ff3b00 JavaThread "Cache worker for file hash cache (C:\Users\AJI\.gradle\caches\9.1.0\fileHashes)"        [_thread_blocked, id=61680, stack(0x0000000ea1c00000,0x0000000ea1d00000) (1024K)]
  0x0000019227f10aa0 JavaThread "Cache worker for file hash cache (C:\Users\AJI\Documents\Gostriders\gostriders\android\.gradle\9.1.0\fileHashes)"        [_thread_blocked, id=61748, stack(0x0000000ea1d00000,0x0000000ea1e00000) (1024K)]
  0x0000019227f124e0 JavaThread "Cache worker for Build Output Cleanup Cache (C:\Users\AJI\Documents\Gostriders\gostriders\android\.gradle\buildOutputCleanup)"        [_thread_blocked, id=6736, stack(0x0000000ea1e00000,0x0000000ea1f00000) (1024K)]
  0x0000019227f13f20 JavaThread "File watcher server"        daemon [_thread_in_native, id=64044, stack(0x0000000ea1f00000,0x0000000ea2000000) (1024K)]
  0x0000019227f13890 JavaThread "File watcher consumer"      daemon [_thread_blocked, id=14788, stack(0x0000000ea2000000,0x0000000ea2100000) (1024K)]
  0x0000019227f11e50 JavaThread "Cache worker for checksums cache (C:\Users\AJI\Documents\Gostriders\gostriders\android\.gradle\9.1.0\checksums)"        [_thread_blocked, id=62844, stack(0x0000000ea2100000,0x0000000ea2200000) (1024K)]
  0x0000019227f145b0 JavaThread "Cache worker for file content cache (C:\Users\AJI\.gradle\caches\9.1.0\fileContent)"        [_thread_blocked, id=46124, stack(0x0000000ea2200000,0x0000000ea2300000) (1024K)]
  0x0000019227f11130 JavaThread "Cache worker for cache directory md-supplier (C:\Users\AJI\.gradle\caches\9.1.0\md-supplier)"        [_thread_blocked, id=46128, stack(0x0000000ea2300000,0x0000000ea2400000) (1024K)]
  0x0000019227f117c0 JavaThread "Cache worker for cache directory md-rule (C:\Users\AJI\.gradle\caches\9.1.0\md-rule)"        [_thread_blocked, id=53280, stack(0x0000000ea2400000,0x0000000ea2500000) (1024K)]
  0x0000019227f152d0 JavaThread "File lock release action executor Thread 2"        [_thread_blocked, id=76296, stack(0x0000000ea0600000,0x0000000ea0700000) (1024K)]
  0x0000019227f12b70 JavaThread "Cache worker for Build Output Cleanup Cache (C:\Users\AJI\develop\flutter\packages\flutter_tools\gradle\.gradle\buildOutputCleanup)"        [_thread_blocked, id=60576, stack(0x0000000ea1b00000,0x0000000ea1c00000) (1024K)]
  0x0000019227f173a0 JavaThread "Unconstrained build operations"        [_thread_blocked, id=76488, stack(0x0000000ea2500000,0x0000000ea2600000) (1024K)]
  0x0000019227f17a30 JavaThread "Unconstrained build operations Thread 2"        [_thread_blocked, id=75004, stack(0x0000000ea2600000,0x0000000ea2700000) (1024K)]
  0x0000019226ff4eb0 JavaThread "Unconstrained build operations Thread 3"        [_thread_blocked, id=66528, stack(0x0000000ea2700000,0x0000000ea2800000) (1024K)]
  0x0000019228ba94b0 JavaThread "Unconstrained build operations Thread 4"        [_thread_blocked, id=58372, stack(0x0000000ea2800000,0x0000000ea2900000) (1024K)]
  0x0000019228ba7a70 JavaThread "Unconstrained build operations Thread 5"        [_thread_blocked, id=41976, stack(0x0000000ea2900000,0x0000000ea2a00000) (1024K)]
  0x0000019228ba73e0 JavaThread "Unconstrained build operations Thread 6"        [_thread_blocked, id=66580, stack(0x0000000ea2a00000,0x0000000ea2b00000) (1024K)]
  0x0000019228ba6030 JavaThread "Unconstrained build operations Thread 7"        [_thread_blocked, id=53228, stack(0x0000000ea2b00000,0x0000000ea2c00000) (1024K)]
  0x0000019228ba8e20 JavaThread "Unconstrained build operations Thread 8"        [_thread_blocked, id=35744, stack(0x0000000ea2c00000,0x0000000ea2d00000) (1024K)]
  0x0000019228ba9b40 JavaThread "Unconstrained build operations Thread 9"        [_thread_blocked, id=54584, stack(0x0000000ea2d00000,0x0000000ea2e00000) (1024K)]
  0x0000019228ba8100 JavaThread "Unconstrained build operations Thread 10"        [_thread_blocked, id=67020, stack(0x0000000ea2e00000,0x0000000ea2f00000) (1024K)]
  0x0000019228ba66c0 JavaThread "Unconstrained build operations Thread 11"        [_thread_blocked, id=58140, stack(0x0000000ea2f00000,0x0000000ea3000000) (1024K)]
  0x0000019228ba8790 JavaThread "Unconstrained build operations Thread 12"        [_thread_blocked, id=44408, stack(0x0000000ea3000000,0x0000000ea3100000) (1024K)]
  0x0000019228baa1d0 JavaThread "Unconstrained build operations Thread 13"        [_thread_blocked, id=44384, stack(0x0000000ea3100000,0x0000000ea3200000) (1024K)]
  0x0000019228ba6d50 JavaThread "Unconstrained build operations Thread 14"        [_thread_blocked, id=41308, stack(0x0000000ea3200000,0x0000000ea3300000) (1024K)]
  0x0000019228bac930 JavaThread "Unconstrained build operations Thread 15"        [_thread_blocked, id=8772, stack(0x0000000ea3300000,0x0000000ea3400000) (1024K)]
  0x0000019228bad650 JavaThread "Unconstrained build operations Thread 16"        [_thread_blocked, id=29012, stack(0x0000000ea3400000,0x0000000ea3500000) (1024K)]
  0x0000019228baa860 JavaThread "Unconstrained build operations Thread 17"        [_thread_blocked, id=58000, stack(0x0000000ea3500000,0x0000000ea3600000) (1024K)]
  0x0000019228baaef0 JavaThread "Unconstrained build operations Thread 18"        [_thread_blocked, id=76388, stack(0x0000000ea3600000,0x0000000ea3700000) (1024K)]
  0x0000019228bab580 JavaThread "Unconstrained build operations Thread 19"        [_thread_blocked, id=19032, stack(0x0000000ea3700000,0x0000000ea3800000) (1024K)]
Total: 53

Other Threads:
  0x00000191dd1d4970 VMThread "VM Thread"                           [id=60288, stack(0x0000000e9f500000,0x0000000e9f600000) (1024K)]
  0x00000191dd1c62c0 WatcherThread "VM Periodic Task Thread"        [id=60284, stack(0x0000000e9f400000,0x0000000e9f500000) (1024K)]
  0x00000191af0cc8a0 WorkerThread "GC Thread#0"                     [id=60248, stack(0x0000000e9ef00000,0x0000000e9f000000) (1024K)]
  0x00000191e05f5ca0 WorkerThread "GC Thread#1"                     [id=59424, stack(0x0000000ea0000000,0x0000000ea0100000) (1024K)]
  0x00000191e05fe3f0 WorkerThread "GC Thread#2"                     [id=59428, stack(0x0000000ea0100000,0x0000000ea0200000) (1024K)]
  0x00000191e05fe7a0 WorkerThread "GC Thread#3"                     [id=59432, stack(0x0000000ea0200000,0x0000000ea0300000) (1024K)]
  0x00000191e05feb50 WorkerThread "GC Thread#4"                     [id=59440, stack(0x0000000ea0300000,0x0000000ea0400000) (1024K)]
  0x00000191e04ed680 WorkerThread "GC Thread#5"                     [id=59556, stack(0x0000000ea0400000,0x0000000ea0500000) (1024K)]
  0x00000192273136d0 WorkerThread "GC Thread#6"                     [id=61148, stack(0x0000000ea0d00000,0x0000000ea0e00000) (1024K)]
  0x0000019227313a80 WorkerThread "GC Thread#7"                     [id=61152, stack(0x0000000ea0e00000,0x0000000ea0f00000) (1024K)]
  0x0000019227316e60 WorkerThread "GC Thread#8"                     [id=61156, stack(0x0000000ea0f00000,0x0000000ea1000000) (1024K)]
  0x0000019227317210 WorkerThread "GC Thread#9"                     [id=61160, stack(0x0000000ea1000000,0x0000000ea1100000) (1024K)]
  0x00000192273175c0 WorkerThread "GC Thread#10"                    [id=61164, stack(0x0000000ea1100000,0x0000000ea1200000) (1024K)]
  0x0000019227316ab0 WorkerThread "GC Thread#11"                    [id=61168, stack(0x0000000ea1200000,0x0000000ea1300000) (1024K)]
  0x0000019227316700 WorkerThread "GC Thread#12"                    [id=61180, stack(0x0000000ea1300000,0x0000000ea1400000) (1024K)]
  0x0000019227316350 WorkerThread "GC Thread#13"                    [id=61184, stack(0x0000000ea1400000,0x0000000ea1500000) (1024K)]
  0x00000192275d5c20 WorkerThread "GC Thread#14"                    [id=70232, stack(0x0000000e9eb00000,0x0000000e9ec00000) (1024K)]
  0x00000191dd042b80 ConcurrentGCThread "G1 Main Marker"            [id=60252, stack(0x0000000e9f000000,0x0000000e9f100000) (1024K)]
  0x00000191dd043440 WorkerThread "G1 Conc#0"                       [id=60256, stack(0x0000000e9f100000,0x0000000e9f200000) (1024K)]
  0x00000192275d5870 WorkerThread "G1 Conc#1"                       [id=56040, stack(0x0000000e9ec00000,0x0000000e9ed00000) (1024K)]
  0x00000192275d54c0 WorkerThread "G1 Conc#2"                       [id=65740, stack(0x0000000e9ed00000,0x0000000e9ee00000) (1024K)]
  0x00000192275d3ea0 WorkerThread "G1 Conc#3"                       [id=70624, stack(0x0000000ea0500000,0x0000000ea0600000) (1024K)]
  0x00000191dd094930 ConcurrentGCThread "G1 Refine#0"               [id=60260, stack(0x0000000e9f200000,0x0000000e9f300000) (1024K)]
  0x00000191dd095260 ConcurrentGCThread "G1 Service"                [id=60264, stack(0x0000000e9f300000,0x0000000e9f400000) (1024K)]
Total: 24

Threads with active compile tasks:
C2 CompilerThread0  199224 6162       4       java.lang.invoke.MethodType::makeImpl (109 bytes)
C1 CompilerThread0  199224 6209       3       org.gradle.cache.internal.btree.BTreePersistentIndexedCache$IndexBlock::read (94 bytes)
Total: 2

VM state: not at safepoint (normal execution)

VM Mutex/Monitor currently owned by a thread:  ([mutex/lock_event])
[0x00007ffcefdad930] AdapterHandlerLibrary_lock - owner thread: 0x0000000000000000

Heap address: 0x0000000600000000, size: 8192 MB, Compressed Oops mode: Zero based, Oop shift amount: 3

CDS archive(s) mapped at: [0x00000191e1000000-0x00000191e1ba0000-0x00000191e1ba0000), size 12189696, SharedBaseAddress: 0x00000191e1000000, ArchiveRelocationMode: 1.
Compressed class space mapped at: 0x00000191e2000000-0x0000019222000000, reserved size: 1073741824
Narrow klass base: 0x00000191e1000000, Narrow klass shift: 0, Narrow klass range: 0x100000000

GC Precious Log:
 CardTable entry size: 512
 Card Set container configuration: InlinePtr #cards 4 size 8 Array Of Cards #cards 32 size 80 Howl #buckets 8 coarsen threshold 7372 Howl Bitmap #cards 1024 size 144 coarsen threshold 921 Card regions per heap region 1 cards per card region 8192
 CPUs: 20 total, 20 available
 Memory: 16068M
 Large Page Support: Disabled
 NUMA Support: Disabled
 Compressed Oops: Enabled (Zero based)
 Heap Region Size: 4M
 Heap Min Capacity: 8M
 Heap Initial Capacity: 252M
 Heap Max Capacity: 8G
 Pre-touch: Disabled
 Parallel Workers: 15
 Concurrent Workers: 4
 Concurrent Refinement Workers: 15
 Periodic GC: Disabled

Heap:
 garbage-first heap   total 102400K, used 64275K [0x0000000600000000, 0x0000000800000000)
  region size 4096K, 10 young (40960K), 2 survivors (8192K)
 Metaspace       used 46886K, committed 48640K, reserved 1114112K
  class space    used 6935K, committed 7808K, reserved 1048576K

Heap Regions: E=young(eden), S=young(survivor), O=old, HS=humongous(starts), HC=humongous(continues), CS=collection set, F=free, TAMS=top-at-mark-start, PB=parsable bottom
|   0|0x0000000600000000, 0x0000000600400000, 0x0000000600400000|100%|HS|  |TAMS 0x0000000600000000| PB 0x0000000600000000| Complete 
|   1|0x0000000600400000, 0x0000000600800000, 0x0000000600800000|100%| O|  |TAMS 0x0000000600400000| PB 0x0000000600400000| Untracked 
|   2|0x0000000600800000, 0x0000000600c00000, 0x0000000600c00000|100%| O|  |TAMS 0x0000000600800000| PB 0x0000000600800000| Untracked 
|   3|0x0000000600c00000, 0x0000000601000000, 0x0000000601000000|100%| O|  |TAMS 0x0000000600c00000| PB 0x0000000600c00000| Untracked 
|   4|0x0000000601000000, 0x00000006010d0c18, 0x0000000601400000| 20%| O|  |TAMS 0x0000000601000000| PB 0x0000000601000000| Untracked 
|   5|0x0000000601400000, 0x0000000601400000, 0x0000000601800000|  0%| F|  |TAMS 0x0000000601400000| PB 0x0000000601400000| Untracked 
|   6|0x0000000601800000, 0x0000000601800000, 0x0000000601c00000|  0%| F|  |TAMS 0x0000000601800000| PB 0x0000000601800000| Untracked 
|   7|0x0000000601c00000, 0x0000000601df43c8, 0x0000000602000000| 48%| S|CS|TAMS 0x0000000601c00000| PB 0x0000000601c00000| Complete 
|   8|0x0000000602000000, 0x0000000602400000, 0x0000000602400000|100%| S|CS|TAMS 0x0000000602000000| PB 0x0000000602000000| Complete 
|   9|0x0000000602400000, 0x0000000602400000, 0x0000000602800000|  0%| F|  |TAMS 0x0000000602400000| PB 0x0000000602400000| Untracked 
|  10|0x0000000602800000, 0x0000000602800000, 0x0000000602c00000|  0%| F|  |TAMS 0x0000000602800000| PB 0x0000000602800000| Untracked 
|  11|0x0000000602c00000, 0x0000000602c00000, 0x0000000603000000|  0%| F|  |TAMS 0x0000000602c00000| PB 0x0000000602c00000| Untracked 
|  12|0x0000000603000000, 0x0000000603000000, 0x0000000603400000|  0%| F|  |TAMS 0x0000000603000000| PB 0x0000000603000000| Untracked 
|  13|0x0000000603400000, 0x0000000603400000, 0x0000000603800000|  0%| F|  |TAMS 0x0000000603400000| PB 0x0000000603400000| Untracked 
|  14|0x0000000603800000, 0x0000000603a944f0, 0x0000000603c00000| 64%| E|  |TAMS 0x0000000603800000| PB 0x0000000603800000| Complete 
|  15|0x0000000603c00000, 0x0000000604000000, 0x0000000604000000|100%| E|CS|TAMS 0x0000000603c00000| PB 0x0000000603c00000| Complete 
|  16|0x0000000604000000, 0x0000000604400000, 0x0000000604400000|100%| E|CS|TAMS 0x0000000604000000| PB 0x0000000604000000| Complete 
|  17|0x0000000604400000, 0x0000000604800000, 0x0000000604800000|100%| E|CS|TAMS 0x0000000604400000| PB 0x0000000604400000| Complete 
|  37|0x0000000609400000, 0x0000000609800000, 0x0000000609800000|100%| E|CS|TAMS 0x0000000609400000| PB 0x0000000609400000| Complete 
|  38|0x0000000609800000, 0x0000000609c00000, 0x0000000609c00000|100%| E|CS|TAMS 0x0000000609800000| PB 0x0000000609800000| Complete 
|  39|0x0000000609c00000, 0x000000060a000000, 0x000000060a000000|100%| E|CS|TAMS 0x0000000609c00000| PB 0x0000000609c00000| Complete 
|  62|0x000000060f800000, 0x000000060fc00000, 0x000000060fc00000|100%| E|CS|TAMS 0x000000060f800000| PB 0x000000060f800000| Complete 
|2045|0x00000007ff400000, 0x00000007ff800000, 0x00000007ff800000|100%| O|  |TAMS 0x00000007ff400000| PB 0x00000007ff400000| Untracked 
|2046|0x00000007ff800000, 0x00000007ffc00000, 0x00000007ffc00000|100%| O|  |TAMS 0x00000007ff800000| PB 0x00000007ff800000| Untracked 
|2047|0x00000007ffc00000, 0x0000000800000000, 0x0000000800000000|100%| O|  |TAMS 0x00000007ffc00000| PB 0x00000007ffc00000| Untracked 

Card table byte_map: [0x00000191d3ef0000,0x00000191d4ef0000] _byte_map_base: 0x00000191d0ef0000

Marking Bits: (CMBitMap*) 0x00000191af0ccec0
 Bits: [0x00000191d4ef0000, 0x00000191dcef0000)

Polling page: 0x00000191ace10000

Metaspace:

Usage:
  Non-class:     39.02 MB used.
      Class:      6.77 MB used.
       Both:     45.79 MB used.

Virtual space:
  Non-class space:       64.00 MB reserved,      39.88 MB ( 62%) committed,  1 nodes.
      Class space:        1.00 GB reserved,       7.62 MB ( <1%) committed,  1 nodes.
             Both:        1.06 GB reserved,      47.50 MB (  4%) committed. 

Chunk freelists:
   Non-Class:  7.39 MB
       Class:  8.34 MB
        Both:  15.73 MB

MaxMetaspaceSize: 4.00 GB
CompressedClassSpaceSize: 1.00 GB
Initial GC threshold: 21.00 MB
Current GC threshold: 58.88 MB
CDS: on
 - commit_granule_bytes: 65536.
 - commit_granule_words: 8192.
 - virtual_space_node_default_size: 8388608.
 - enlarge_chunks_in_place: 1.
 - use_allocation_guard: 0.


Internal statistics:

num_allocs_failed_limit: 6.
num_arena_births: 3136.
num_arena_deaths: 0.
num_vsnodes_births: 2.
num_vsnodes_deaths: 0.
num_space_committed: 760.
num_space_uncommitted: 0.
num_chunks_returned_to_freelist: 6.
num_chunks_taken_from_freelist: 5485.
num_chunk_merges: 6.
num_chunk_splits: 3538.
num_chunks_enlarged: 2157.
num_inconsistent_stats: 0.

CodeHeap 'non-profiled nmethods': size=258432Kb used=3385Kb max_used=3385Kb free=255046Kb
 bounds [0x00000191c25c0000, 0x00000191c2910000, 0x00000191d2220000]
CodeHeap 'profiled nmethods': size=258368Kb used=10918Kb max_used=10918Kb free=247449Kb
 bounds [0x00000191b2220000, 0x00000191b2cd0000, 0x00000191c1e70000]
CodeHeap 'non-nmethods': size=7488Kb used=1863Kb max_used=2572Kb free=5624Kb
 bounds [0x00000191c1e70000, 0x00000191c2100000, 0x00000191c25c0000]
CodeCache: size=524288Kb, used=16166Kb, max_used=16875Kb, free=508119Kb
 total_blobs=6398, nmethods=5664, adapters=638, full_count=0
Compilation: enabled, stopped_count=0, restarted_count=0

Compilation events (20 events):
Event: 199.171 Thread 0x00000191dd1fdc80 nmethod 6194 0x00000191c290ca90 code [0x00000191c290cc20, 0x00000191c290ccf0]
Event: 199.172 Thread 0x00000191dd1fdc80 6199   !   3       java.io.BufferedOutputStream::write (73 bytes)
Event: 199.172 Thread 0x00000191dd1fdc80 nmethod 6199 0x00000191b2cc6110 code [0x00000191b2cc63a0, 0x00000191b2cc7038]
Event: 199.173 Thread 0x00000191dd1fdc80 6200       3       java.io.BufferedOutputStream::implWrite (71 bytes)
Event: 199.173 Thread 0x00000191dd1fdc80 nmethod 6200 0x00000191b2cc7490 code [0x00000191b2cc76a0, 0x00000191b2cc7d68]
Event: 199.173 Thread 0x00000191dd1fdc80 6202       3       java.util.concurrent.ConcurrentHashMap::get (162 bytes)
Event: 199.174 Thread 0x00000191dd1fdc80 nmethod 6202 0x00000191b2cc7f90 code [0x00000191b2cc8200, 0x00000191b2cc8c60]
Event: 199.174 Thread 0x00000191dd1fdc80 6203       3       org.gradle.internal.serialize.kryo.KryoBackedEncoder::writeString (23 bytes)
Event: 199.174 Thread 0x00000191dd1fdc80 nmethod 6203 0x00000191b2cc8f90 code [0x00000191b2cc9160, 0x00000191b2cc93c0]
Event: 199.175 Thread 0x00000191dd1fdc80 6204       3       com.google.common.cache.LocalCache$NullEntry::setNextInAccessQueue (1 bytes)
Event: 199.176 Thread 0x00000191dd1fdc80 nmethod 6204 0x00000191b2cc9510 code [0x00000191b2cc96a0, 0x00000191b2cc97a8]
Event: 199.176 Thread 0x00000191dd1fdc80 6205       3       com.google.common.cache.LocalCache$NullEntry::setPreviousInAccessQueue (1 bytes)
Event: 199.176 Thread 0x00000191dd1fdc80 nmethod 6205 0x00000191b2cc9810 code [0x00000191b2cc99a0, 0x00000191b2cc9aa8]
Event: 199.177 Thread 0x00000191dd1fdc80 6206       1       org.gradle.cache.internal.ExclusiveCacheAccessingWorker::access$200 (5 bytes)
Event: 199.178 Thread 0x00000191dd1fdc80 nmethod 6206 0x00000191c290d190 code [0x00000191c290d320, 0x00000191c290d3d0]
Event: 199.178 Thread 0x00000191dd1fdc80 6207       1       org.gradle.cache.internal.ExclusiveCacheAccessingWorker::access$400 (5 bytes)
Event: 199.178 Thread 0x00000191dd1fdc80 nmethod 6207 0x00000191c290d490 code [0x00000191c290d620, 0x00000191c290d6d0]
Event: 199.178 Thread 0x00000191dd1fdc80 6208       1       org.gradle.cache.internal.ExclusiveCacheAccessingWorker::access$300 (5 bytes)
Event: 199.178 Thread 0x00000191dd1fdc80 nmethod 6208 0x00000191c290d790 code [0x00000191c290d920, 0x00000191c290d9d0]
Event: 199.178 Thread 0x00000191dd1fdc80 6209       3       org.gradle.cache.internal.btree.BTreePersistentIndexedCache$IndexBlock::read (94 bytes)

GC Heap History (20 events):
Event: 0.619 GC heap before
{Heap before GC invocations=0 (full 0):
 garbage-first heap   total 258048K, used 20480K [0x0000000600000000, 0x0000000800000000)
  region size 4096K, 5 young (20480K), 0 survivors (0K)
 Metaspace       used 881K, committed 1024K, reserved 1114112K
  class space    used 71K, committed 128K, reserved 1048576K
}
Event: 0.622 GC heap after
{Heap after GC invocations=1 (full 0):
 garbage-first heap   total 258048K, used 1600K [0x0000000600000000, 0x0000000800000000)
  region size 4096K, 1 young (4096K), 1 survivors (4096K)
 Metaspace       used 881K, committed 1024K, reserved 1114112K
  class space    used 71K, committed 128K, reserved 1048576K
}
Event: 1.897 GC heap before
{Heap before GC invocations=1 (full 0):
 garbage-first heap   total 258048K, used 42560K [0x0000000600000000, 0x0000000800000000)
  region size 4096K, 11 young (45056K), 1 survivors (4096K)
 Metaspace       used 4614K, committed 4800K, reserved 1114112K
  class space    used 583K, committed 704K, reserved 1048576K
}
Event: 1.902 GC heap after
{Heap after GC invocations=2 (full 0):
 garbage-first heap   total 258048K, used 11692K [0x0000000600000000, 0x0000000800000000)
  region size 4096K, 2 young (8192K), 2 survivors (8192K)
 Metaspace       used 4614K, committed 4800K, reserved 1114112K
  class space    used 583K, committed 704K, reserved 1048576K
}
Event: 4.697 GC heap before
{Heap before GC invocations=2 (full 0):
 garbage-first heap   total 258048K, used 77228K [0x0000000600000000, 0x0000000800000000)
  region size 4096K, 19 young (77824K), 2 survivors (8192K)
 Metaspace       used 10254K, committed 10560K, reserved 1114112K
  class space    used 1380K, committed 1536K, reserved 1048576K
}
Event: 4.705 GC heap after
{Heap after GC invocations=3 (full 0):
 garbage-first heap   total 258048K, used 19893K [0x0000000600000000, 0x0000000800000000)
  region size 4096K, 3 young (12288K), 3 survivors (12288K)
 Metaspace       used 10254K, committed 10560K, reserved 1114112K
  class space    used 1380K, committed 1536K, reserved 1048576K
}
Event: 71.207 GC heap before
{Heap before GC invocations=3 (full 0):
 garbage-first heap   total 258048K, used 93621K [0x0000000600000000, 0x0000000800000000)
  region size 4096K, 23 young (94208K), 3 survivors (12288K)
 Metaspace       used 20930K, committed 21504K, reserved 1114112K
  class space    used 2890K, committed 3136K, reserved 1048576K
}
Event: 71.236 GC heap after
{Heap after GC invocations=4 (full 0):
 garbage-first heap   total 258048K, used 23189K [0x0000000600000000, 0x0000000800000000)
  region size 4096K, 3 young (12288K), 3 survivors (12288K)
 Metaspace       used 20930K, committed 21504K, reserved 1114112K
  class space    used 2890K, committed 3136K, reserved 1048576K
}
Event: 74.285 GC heap before
{Heap before GC invocations=5 (full 0):
 garbage-first heap   total 81920K, used 80533K [0x0000000600000000, 0x0000000800000000)
  region size 4096K, 17 young (69632K), 3 survivors (12288K)
 Metaspace       used 28128K, committed 29120K, reserved 1114112K
  class space    used 4029K, committed 4480K, reserved 1048576K
}
Event: 74.297 GC heap after
{Heap after GC invocations=6 (full 0):
 garbage-first heap   total 102400K, used 27273K [0x0000000600000000, 0x0000000800000000)
  region size 4096K, 2 young (8192K), 2 survivors (8192K)
 Metaspace       used 28128K, committed 29120K, reserved 1114112K
  class space    used 4029K, committed 4480K, reserved 1048576K
}
Event: 76.857 GC heap before
{Heap before GC invocations=6 (full 0):
 garbage-first heap   total 102400K, used 72329K [0x0000000600000000, 0x0000000800000000)
  region size 4096K, 14 young (57344K), 2 survivors (8192K)
 Metaspace       used 34343K, committed 35648K, reserved 1114112K
  class space    used 4928K, committed 5568K, reserved 1048576K
}
Event: 76.886 GC heap after
{Heap after GC invocations=7 (full 0):
 garbage-first heap   total 102400K, used 29992K [0x0000000600000000, 0x0000000800000000)
  region size 4096K, 2 young (8192K), 2 survivors (8192K)
 Metaspace       used 34343K, committed 35648K, reserved 1114112K
  class space    used 4928K, committed 5568K, reserved 1048576K
}
Event: 77.053 GC heap before
{Heap before GC invocations=7 (full 0):
 garbage-first heap   total 102400K, used 29992K [0x0000000600000000, 0x0000000800000000)
  region size 4096K, 3 young (12288K), 2 survivors (8192K)
 Metaspace       used 34761K, committed 36096K, reserved 1114112K
  class space    used 4968K, committed 5632K, reserved 1048576K
}
Event: 77.058 GC heap after
{Heap after GC invocations=8 (full 0):
 garbage-first heap   total 102400K, used 30626K [0x0000000600000000, 0x0000000800000000)
  region size 4096K, 1 young (4096K), 1 survivors (4096K)
 Metaspace       used 34761K, committed 36096K, reserved 1114112K
  class space    used 4968K, committed 5632K, reserved 1048576K
}
Event: 133.782 GC heap before
{Heap before GC invocations=9 (full 0):
 garbage-first heap   total 102400K, used 79778K [0x0000000600000000, 0x0000000800000000)
  region size 4096K, 13 young (53248K), 1 survivors (4096K)
 Metaspace       used 37006K, committed 38400K, reserved 1114112K
  class space    used 5320K, committed 6016K, reserved 1048576K
}
Event: 133.851 GC heap after
{Heap after GC invocations=10 (full 0):
 garbage-first heap   total 102400K, used 32017K [0x0000000600000000, 0x0000000800000000)
  region size 4096K, 2 young (8192K), 2 survivors (8192K)
 Metaspace       used 37006K, committed 38400K, reserved 1114112K
  class space    used 5320K, committed 6016K, reserved 1048576K
}
Event: 188.388 GC heap before
{Heap before GC invocations=10 (full 0):
 garbage-first heap   total 102400K, used 81169K [0x0000000600000000, 0x0000000800000000)
  region size 4096K, 14 young (57344K), 2 survivors (8192K)
 Metaspace       used 40519K, committed 42112K, reserved 1114112K
  class space    used 5910K, committed 6656K, reserved 1048576K
}
Event: 188.407 GC heap after
{Heap after GC invocations=11 (full 0):
 garbage-first heap   total 102400K, used 33596K [0x0000000600000000, 0x0000000800000000)
  region size 4096K, 1 young (4096K), 1 survivors (4096K)
 Metaspace       used 40519K, committed 42112K, reserved 1114112K
  class space    used 5910K, committed 6656K, reserved 1048576K
}
Event: 197.966 GC heap before
{Heap before GC invocations=11 (full 0):
 garbage-first heap   total 102400K, used 82748K [0x0000000600000000, 0x0000000800000000)
  region size 4096K, 13 young (53248K), 1 survivors (4096K)
 Metaspace       used 44087K, committed 45824K, reserved 1114112K
  class space    used 6522K, committed 7360K, reserved 1048576K
}
Event: 197.973 GC heap after
{Heap after GC invocations=12 (full 0):
 garbage-first heap   total 102400K, used 35603K [0x0000000600000000, 0x0000000800000000)
  region size 4096K, 2 young (8192K), 2 survivors (8192K)
 Metaspace       used 44087K, committed 45824K, reserved 1114112K
  class space    used 6522K, committed 7360K, reserved 1048576K
}

Dll operation events (20 events):
Event: 0.192 Attempting to load shared library C:\Users\AJI\.vscode\extensions\redhat.java-1.56.0-win32-x64\jre\21.0.12.1-win32-x86_64\bin\nio.dll
Event: 0.193 Loaded shared library C:\Users\AJI\.vscode\extensions\redhat.java-1.56.0-win32-x64\jre\21.0.12.1-win32-x86_64\bin\nio.dll
Event: 0.197 Attempting to load shared library C:\Users\AJI\.vscode\extensions\redhat.java-1.56.0-win32-x64\jre\21.0.12.1-win32-x86_64\bin\zip.dll
Event: 0.197 Loaded shared library C:\Users\AJI\.vscode\extensions\redhat.java-1.56.0-win32-x64\jre\21.0.12.1-win32-x86_64\bin\zip.dll
Event: 0.648 Attempting to load shared library C:\Users\AJI\.vscode\extensions\redhat.java-1.56.0-win32-x64\jre\21.0.12.1-win32-x86_64\bin\jimage.dll
Event: 0.648 Loaded shared library C:\Users\AJI\.vscode\extensions\redhat.java-1.56.0-win32-x64\jre\21.0.12.1-win32-x86_64\bin\jimage.dll
Event: 1.095 Attempting to load shared library C:\Users\AJI\.vscode\extensions\redhat.java-1.56.0-win32-x64\jre\21.0.12.1-win32-x86_64\bin\verify.dll
Event: 1.096 Loaded shared library C:\Users\AJI\.vscode\extensions\redhat.java-1.56.0-win32-x64\jre\21.0.12.1-win32-x86_64\bin\verify.dll
Event: 1.137 Attempting to load shared library C:\Users\AJI\.gradle\native\1def1411415f61bf3af743bc5b6707747c0891f09f0c88961ee8f79bc544acac\windows-amd64\native-platform.dll
Event: 1.140 Loaded shared library C:\Users\AJI\.gradle\native\1def1411415f61bf3af743bc5b6707747c0891f09f0c88961ee8f79bc544acac\windows-amd64\native-platform.dll
Event: 1.149 Attempting to load shared library C:\Users\AJI\.gradle\native\0.2.8\x86_64-windows-gnu\gradle-fileevents.dll
Event: 1.153 Loaded shared library C:\Users\AJI\.gradle\native\0.2.8\x86_64-windows-gnu\gradle-fileevents.dll
Event: 3.456 Attempting to load shared library C:\Users\AJI\.vscode\extensions\redhat.java-1.56.0-win32-x64\jre\21.0.12.1-win32-x86_64\bin\management.dll
Event: 3.459 Loaded shared library C:\Users\AJI\.vscode\extensions\redhat.java-1.56.0-win32-x64\jre\21.0.12.1-win32-x86_64\bin\management.dll
Event: 3.463 Attempting to load shared library C:\Users\AJI\.vscode\extensions\redhat.java-1.56.0-win32-x64\jre\21.0.12.1-win32-x86_64\bin\management_ext.dll
Event: 3.464 Loaded shared library C:\Users\AJI\.vscode\extensions\redhat.java-1.56.0-win32-x64\jre\21.0.12.1-win32-x86_64\bin\management_ext.dll
Event: 3.951 Attempting to load shared library C:\Users\AJI\.vscode\extensions\redhat.java-1.56.0-win32-x64\jre\21.0.12.1-win32-x86_64\bin\extnet.dll
Event: 3.952 Loaded shared library C:\Users\AJI\.vscode\extensions\redhat.java-1.56.0-win32-x64\jre\21.0.12.1-win32-x86_64\bin\extnet.dll
Event: 4.623 Attempting to load shared library C:\Users\AJI\.vscode\extensions\redhat.java-1.56.0-win32-x64\jre\21.0.12.1-win32-x86_64\bin\sunmscapi.dll
Event: 4.625 Loaded shared library C:\Users\AJI\.vscode\extensions\redhat.java-1.56.0-win32-x64\jre\21.0.12.1-win32-x86_64\bin\sunmscapi.dll

Deoptimization events (20 events):
Event: 199.101 Thread 0x0000019227f173a0 DEOPT PACKING pc=0x00000191c2685ee0 sp=0x0000000ea25fe370
Event: 199.101 Thread 0x0000019228ba94b0 Uncommon trap: trap_request=0xffffff45 fr.pc=0x00000191c2665474 relative=0x00000000000004f4
Event: 199.101 Thread 0x0000019228ba7a70 DEOPT PACKING pc=0x00000191c2685eac sp=0x0000000ea29fe540
Event: 199.101 Thread 0x0000019228ba94b0 Uncommon trap: reason=unstable_if action=reinterpret pc=0x00000191c2665474 method=java.util.concurrent.locks.AbstractQueuedSynchronizer$ConditionObject.enableWait(Ljava/util/concurrent/locks/AbstractQueuedSynchronizer$ConditionNode;)I @ 28 c2
Event: 199.101 Thread 0x0000019228ba94b0 DEOPT PACKING pc=0x00000191c2665474 sp=0x0000000ea28fdea0
Event: 199.101 Thread 0x0000019228ba94b0 DEOPT UNPACKING pc=0x00000191c1ec4422 sp=0x0000000ea28fde60 mode 2
Event: 199.101 Thread 0x0000019228ba7a70 DEOPT UNPACKING pc=0x00000191c1ec4422 sp=0x0000000ea29fe4a0 mode 2
Event: 199.101 Thread 0x0000019227f173a0 DEOPT UNPACKING pc=0x00000191c1ec4422 sp=0x0000000ea25fe2d0 mode 2
Event: 199.102 Thread 0x0000019228ba6030 Uncommon trap: trap_request=0xffffff45 fr.pc=0x00000191c28f3f2c relative=0x0000000000000cac
Event: 199.102 Thread 0x0000019228ba6030 Uncommon trap: reason=unstable_if action=reinterpret pc=0x00000191c28f3f2c method=com.esotericsoftware.kryo.io.Input.readUtf8Length(I)I @ 9 c2
Event: 199.102 Thread 0x0000019228ba6030 DEOPT PACKING pc=0x00000191c28f3f2c sp=0x0000000ea2bfd0b0
Event: 199.102 Thread 0x0000019228ba6030 DEOPT UNPACKING pc=0x00000191c1ec4422 sp=0x0000000ea2bfd008 mode 2
Event: 199.103 Thread 0x0000019227f17a30 Uncommon trap: trap_request=0xffffff45 fr.pc=0x00000191c28f4f18 relative=0x0000000000000078
Event: 199.103 Thread 0x0000019227f17a30 Uncommon trap: reason=unstable_if action=reinterpret pc=0x00000191c28f4f18 method=com.esotericsoftware.kryo.io.Input.readUtf8Length(I)I @ 9 c2
Event: 199.103 Thread 0x0000019227f17a30 DEOPT PACKING pc=0x00000191c28f4f18 sp=0x0000000ea26fd720
Event: 199.103 Thread 0x0000019227f17a30 DEOPT UNPACKING pc=0x00000191c1ec4422 sp=0x0000000ea26fd6b0 mode 2
Event: 199.165 Thread 0x0000019228bad650 Uncommon trap: trap_request=0xffffff45 fr.pc=0x00000191c27323e0 relative=0x00000000000002a0
Event: 199.165 Thread 0x0000019228bad650 Uncommon trap: reason=unstable_if action=reinterpret pc=0x00000191c27323e0 method=java.util.concurrent.ConcurrentHashMap.get(Ljava/lang/Object;)Ljava/lang/Object; @ 86 c2
Event: 199.165 Thread 0x0000019228bad650 DEOPT PACKING pc=0x00000191c27323e0 sp=0x0000000ea34fe470
Event: 199.165 Thread 0x0000019228bad650 DEOPT UNPACKING pc=0x00000191c1ec4422 sp=0x0000000ea34fe3e8 mode 2

Classes loaded (20 events):
Event: 197.962 Loading class javax/net/ssl/SSLPeerUnverifiedException
Event: 197.962 Loading class javax/net/ssl/SSLPeerUnverifiedException done
Event: 197.962 Loading class java/security/cert/CertificateParsingException
Event: 197.962 Loading class java/security/cert/CertificateException
Event: 197.962 Loading class java/security/cert/CertificateException done
Event: 197.962 Loading class java/security/cert/CertificateParsingException done
Event: 197.962 Loading class javax/naming/NamingException
Event: 197.964 Loading class javax/naming/NamingException done
Event: 197.964 Loading class javax/naming/InvalidNameException
Event: 197.964 Loading class javax/naming/InvalidNameException done
Event: 198.365 Loading class java/util/function/IntBinaryOperator
Event: 198.366 Loading class java/util/function/IntBinaryOperator done
Event: 199.069 Loading class java/util/LinkedList$LLSpliterator
Event: 199.070 Loading class java/util/LinkedList$LLSpliterator done
Event: 199.173 Loading class java/util/stream/DistinctOps
Event: 199.173 Loading class java/util/stream/DistinctOps done
Event: 199.173 Loading class java/util/stream/DistinctOps$1
Event: 199.174 Loading class java/util/stream/DistinctOps$1 done
Event: 199.174 Loading class java/util/stream/DistinctOps$1$2
Event: 199.174 Loading class java/util/stream/DistinctOps$1$2 done

Classes unloaded (0 events):
No events

Classes redefined (0 events):
No events

Internal exceptions (20 events):
Event: 187.146 Thread 0x0000019226fefb90 Exception <a 'java/lang/IncompatibleClassChangeError'{0x00000006034c00d8}: Found class java.lang.Object, but interface was expected> (0x00000006034c00d8) 
thrown [s\src\hotspot\share\interpreter\linkResolver.cpp, line 840]
Event: 188.025 Thread 0x0000019226fefb90 Exception <a 'sun/nio/fs/WindowsException'{0x000000060374aa40}> (0x000000060374aa40) 
thrown [s\src\hotspot\share\prims\jni.cpp, line 520]
Event: 188.027 Thread 0x0000019226fefb90 Exception <a 'sun/nio/fs/WindowsException'{0x000000060374c708}> (0x000000060374c708) 
thrown [s\src\hotspot\share\prims\jni.cpp, line 520]
Event: 188.028 Thread 0x0000019226fefb90 Exception <a 'sun/nio/fs/WindowsException'{0x000000060374e3c0}> (0x000000060374e3c0) 
thrown [s\src\hotspot\share\prims\jni.cpp, line 520]
Event: 188.031 Thread 0x0000019226fefb90 Exception <a 'sun/nio/fs/WindowsException'{0x0000000603750078}> (0x0000000603750078) 
thrown [s\src\hotspot\share\prims\jni.cpp, line 520]
Event: 193.803 Thread 0x0000019226fefb90 Exception <a 'java/lang/NoSuchMethodError'{0x0000000603a571d8}: 'long java.lang.invoke.DirectMethodHandle$Holder.invokeStatic(java.lang.Object, long)'> (0x0000000603a571d8) 
thrown [s\src\hotspot\share\interpreter\linkResolver.cpp, line 773]
Event: 197.823 Thread 0x0000019226fefb90 Exception <a 'java/lang/NoSuchMethodError'{0x0000000602cd8ad8}: 'java.lang.Object java.lang.invoke.DirectMethodHandle$Holder.newInvokeSpecial(java.lang.Object, java.lang.Object, java.lang.Object, int, java.lang.Object)'> (0x0000000602cd8ad8) 
thrown [s\src\hotspot\share\interpreter\linkResolver.cpp, line 773]
Event: 197.824 Thread 0x0000019226fefb90 Exception <a 'java/lang/NoSuchMethodError'{0x0000000602cdda58}: 'java.lang.Object java.lang.invoke.Invokers$Holder.linkToTargetMethod(java.lang.Object, java.lang.Object, int, java.lang.Object, java.lang.Object)'> (0x0000000602cdda58) 
thrown [s\src\hotspot\share\interpreter\linkResolver.cpp, line 773]
Event: 197.877 Thread 0x0000019226fefb90 Exception <a 'java/lang/NoSuchMethodError'{0x0000000602fc4ce8}: 'java.lang.Object java.lang.invoke.DirectMethodHandle$Holder.newInvokeSpecial(java.lang.Object, int, java.lang.Object)'> (0x0000000602fc4ce8) 
thrown [s\src\hotspot\share\interpreter\linkResolver.cpp, line 773]
Event: 198.077 Thread 0x0000019226fefb90 Exception <a 'java/lang/NoSuchMethodError'{0x0000000609ca9858}: 'java.lang.Object java.lang.invoke.DirectMethodHandle$Holder.invokeSpecial(java.lang.Object, java.lang.Object, java.lang.Object, int, java.lang.Object)'> (0x0000000609ca9858) 
thrown [s\src\hotspot\share\interpreter\linkResolver.cpp, line 773]
Event: 198.150 Thread 0x0000019226fefb90 Exception <a 'java/lang/NoSuchMethodError'{0x0000000609f44ca8}: 'int java.lang.invoke.DirectMethodHandle$Holder.invokeSpecialIFC(java.lang.Object, java.lang.Object, java.lang.Object)'> (0x0000000609f44ca8) 
thrown [s\src\hotspot\share\interpreter\linkResolver.cpp, line 773]
Event: 198.373 Thread 0x0000019226fefb90 Exception <a 'java/lang/NoSuchMethodError'{0x0000000609451048}: 'java.lang.Object java.lang.invoke.DirectMethodHandle$Holder.newInvokeSpecial(java.lang.Object, java.lang.Object, long, java.lang.Object)'> (0x0000000609451048) 
thrown [s\src\hotspot\share\interpreter\linkResolver.cpp, line 773]
Event: 198.373 Thread 0x0000019226fefb90 Exception <a 'java/lang/NoSuchMethodError'{0x00000006094565f8}: 'java.lang.Object java.lang.invoke.DirectMethodHandle$Holder.invokeSpecial(java.lang.Object, java.lang.Object, java.lang.Object, long, java.lang.Object)'> (0x00000006094565f8) 
thrown [s\src\hotspot\share\interpreter\linkResolver.cpp, line 773]
Event: 198.373 Thread 0x0000019226fefb90 Exception <a 'java/lang/NoSuchMethodError'{0x000000060945b528}: 'java.lang.Object java.lang.invoke.Invokers$Holder.linkToTargetMethod(java.lang.Object, long, java.lang.Object, java.lang.Object)'> (0x000000060945b528) 
thrown [s\src\hotspot\share\interpreter\linkResolver.cpp, line 773]
Event: 198.376 Thread 0x0000019226fefb90 Exception <a 'java/lang/NoSuchMethodError'{0x0000000609487520}: 'void java.lang.invoke.DirectMethodHandle$Holder.invokeStatic(java.lang.Object, java.lang.Object, java.lang.Object, int, java.lang.Object)'> (0x0000000609487520) 
thrown [s\src\hotspot\share\interpreter\linkResolver.cpp, line 773]
Event: 198.461 Thread 0x0000019226fefb90 Exception <a 'java/lang/NoSuchMethodError'{0x000000060964b908}: 'int java.lang.invoke.DirectMethodHandle$Holder.invokeInterface(java.lang.Object, java.lang.Object, java.lang.Object, java.lang.Object, java.lang.Object)'> (0x000000060964b908) 
thrown [s\src\hotspot\share\interpreter\linkResolver.cpp, line 773]
Event: 198.627 Thread 0x0000019226fefb90 Exception <a 'java/lang/NoSuchMethodError'{0x0000000604586af0}: 'java.lang.Object java.lang.invoke.DirectMethodHandle$Holder.invokeSpecial(java.lang.Object, java.lang.Object, long, java.lang.Object, java.lang.Object)'> (0x0000000604586af0) 
thrown [s\src\hotspot\share\interpreter\linkResolver.cpp, line 773]
Event: 199.070 Thread 0x0000019226fefb90 Exception <a 'java/lang/IncompatibleClassChangeError'{0x0000000603cf09f8}: Found class java.lang.Object, but interface was expected> (0x0000000603cf09f8) 
thrown [s\src\hotspot\share\interpreter\linkResolver.cpp, line 840]
Event: 199.103 Thread 0x0000019228ba6d50 Exception <a 'java/lang/NoSuchMethodError'{0x0000000603f99dd0}: 'void java.lang.invoke.DirectMethodHandle$Holder.invokeVirtual(java.lang.Object, java.lang.Object)'> (0x0000000603f99dd0) 
thrown [s\src\hotspot\share\interpreter\linkResolver.cpp, line 773]
Event: 199.104 Thread 0x0000019228ba8e20 Exception <a 'java/lang/NoSuchMethodError'{0x0000000603eedb20}: 'void java.lang.invoke.DirectMethodHandle$Holder.invokeVirtual(java.lang.Object, java.lang.Object)'> (0x0000000603eedb20) 
thrown [s\src\hotspot\share\interpreter\linkResolver.cpp, line 773]

ZGC Phase Switch (0 events):
No events

VM Operations (20 events):
Event: 188.388 Executing safepoint VM operation: G1CollectForAllocation (G1 Evacuation Pause)
Event: 188.407 Executing safepoint VM operation: G1CollectForAllocation (G1 Evacuation Pause) done
Event: 189.421 Executing safepoint VM operation: Cleanup
Event: 189.421 Executing safepoint VM operation: Cleanup done
Event: 193.392 Executing non-safepoint VM operation: HandshakeAllThreads (Deoptimize)
Event: 193.392 Executing non-safepoint VM operation: HandshakeAllThreads (Deoptimize) done
Event: 193.392 Executing safepoint VM operation: Cleanup
Event: 193.392 Executing safepoint VM operation: Cleanup done
Event: 194.396 Executing safepoint VM operation: Cleanup
Event: 194.397 Executing safepoint VM operation: Cleanup done
Event: 195.409 Executing safepoint VM operation: Cleanup
Event: 195.409 Executing safepoint VM operation: Cleanup done
Event: 197.966 Executing safepoint VM operation: G1CollectForAllocation (G1 Evacuation Pause)
Event: 197.973 Executing safepoint VM operation: G1CollectForAllocation (G1 Evacuation Pause) done
Event: 198.154 Executing non-safepoint VM operation: HandshakeAllThreads (Deoptimize)
Event: 198.154 Executing non-safepoint VM operation: HandshakeAllThreads (Deoptimize) done
Event: 198.550 Executing non-safepoint VM operation: HandshakeAllThreads (Deoptimize)
Event: 198.550 Executing non-safepoint VM operation: HandshakeAllThreads (Deoptimize) done
Event: 198.988 Executing safepoint VM operation: ICBufferFull
Event: 198.988 Executing safepoint VM operation: ICBufferFull done

Memory protections (0 events):
No events

Nmethod flushes (20 events):
Event: 77.079 Thread 0x00000191dd1d4970 flushing  nmethod 0x00000191b2638610
Event: 77.079 Thread 0x00000191dd1d4970 flushing  nmethod 0x00000191b2638a90
Event: 77.079 Thread 0x00000191dd1d4970 flushing  nmethod 0x00000191b2675e90
Event: 77.079 Thread 0x00000191dd1d4970 flushing  nmethod 0x00000191b267b610
Event: 77.079 Thread 0x00000191dd1d4970 flushing  nmethod 0x00000191b26d5f90
Event: 77.079 Thread 0x00000191dd1d4970 flushing  nmethod 0x00000191b26da290
Event: 77.079 Thread 0x00000191dd1d4970 flushing  nmethod 0x00000191b26db010
Event: 77.079 Thread 0x00000191dd1d4970 flushing  nmethod 0x00000191b26c7510
Event: 77.079 Thread 0x00000191dd1d4970 flushing  nmethod 0x00000191b26cc010
Event: 77.079 Thread 0x00000191dd1d4970 flushing  nmethod 0x00000191b26f1b90
Event: 77.079 Thread 0x00000191dd1d4970 flushing  nmethod 0x00000191b26fd710
Event: 77.079 Thread 0x00000191dd1d4970 flushing  nmethod 0x00000191b2726b10
Event: 77.079 Thread 0x00000191dd1d4970 flushing  nmethod 0x00000191b2726e10
Event: 77.079 Thread 0x00000191dd1d4970 flushing  nmethod 0x00000191b26a2990
Event: 77.079 Thread 0x00000191dd1d4970 flushing  nmethod 0x00000191b26dd090
Event: 77.079 Thread 0x00000191dd1d4970 flushing  nmethod 0x00000191b26e4510
Event: 77.079 Thread 0x00000191dd1d4970 flushing  nmethod 0x00000191b26e5c90
Event: 77.079 Thread 0x00000191dd1d4970 flushing  nmethod 0x00000191b272ad90
Event: 77.079 Thread 0x00000191dd1d4970 flushing  nmethod 0x00000191b2778810
Event: 77.079 Thread 0x00000191dd1d4970 flushing  nmethod 0x00000191b2787d90

Events (20 events):
Event: 187.720 Thread 0x0000019226fefb90 Thread added: 0x0000019227f12b70
Event: 199.095 Thread 0x0000019226fefb90 Thread added: 0x0000019227f173a0
Event: 199.095 Thread 0x0000019226fefb90 Thread added: 0x0000019227f17a30
Event: 199.095 Thread 0x0000019226fefb90 Thread added: 0x0000019226ff4eb0
Event: 199.095 Thread 0x0000019226fefb90 Thread added: 0x0000019228ba94b0
Event: 199.096 Thread 0x0000019226fefb90 Thread added: 0x0000019228ba7a70
Event: 199.096 Thread 0x0000019226fefb90 Thread added: 0x0000019228ba73e0
Event: 199.096 Thread 0x0000019226fefb90 Thread added: 0x0000019228ba6030
Event: 199.096 Thread 0x0000019226fefb90 Thread added: 0x0000019228ba8e20
Event: 199.096 Thread 0x0000019226fefb90 Thread added: 0x0000019228ba9b40
Event: 199.101 Thread 0x0000019226fefb90 Thread added: 0x0000019228ba8100
Event: 199.101 Thread 0x0000019226fefb90 Thread added: 0x0000019228ba66c0
Event: 199.101 Thread 0x0000019226fefb90 Thread added: 0x0000019228ba8790
Event: 199.102 Thread 0x0000019226fefb90 Thread added: 0x0000019228baa1d0
Event: 199.102 Thread 0x0000019226fefb90 Thread added: 0x0000019228ba6d50
Event: 199.102 Thread 0x0000019226fefb90 Thread added: 0x0000019228bac930
Event: 199.102 Thread 0x0000019226fefb90 Thread added: 0x0000019228bad650
Event: 199.102 Thread 0x0000019226fefb90 Thread added: 0x0000019228baa860
Event: 199.103 Thread 0x0000019226fefb90 Thread added: 0x0000019228baaef0
Event: 199.103 Thread 0x0000019226fefb90 Thread added: 0x0000019228bab580


Dynamic libraries:
0x00007ff79bf90000 - 0x00007ff79bf9e000 	C:\Users\AJI\.vscode\extensions\redhat.java-1.56.0-win32-x64\jre\21.0.12.1-win32-x86_64\bin\java.exe
0x00007ffe02160000 - 0x00007ffe023c7000 	C:\WINDOWS\SYSTEM32\ntdll.dll
0x00007ffe003b0000 - 0x00007ffe0047b000 	C:\WINDOWS\System32\KERNEL32.DLL
0x00007ffdff6f0000 - 0x00007ffdffaf2000 	C:\WINDOWS\System32\KERNELBASE.dll
0x00007ffdff410000 - 0x00007ffdff55c000 	C:\WINDOWS\System32\ucrtbase.dll
0x00007ffdc0f00000 - 0x00007ffdc0f1e000 	C:\Users\AJI\.vscode\extensions\redhat.java-1.56.0-win32-x64\jre\21.0.12.1-win32-x86_64\bin\VCRUNTIME140.dll
0x00007ffd821c0000 - 0x00007ffd821d8000 	C:\Users\AJI\.vscode\extensions\redhat.java-1.56.0-win32-x64\jre\21.0.12.1-win32-x86_64\bin\jli.dll
0x00007ffe019a0000 - 0x00007ffe01b6f000 	C:\WINDOWS\System32\USER32.dll
0x00007ffdff570000 - 0x00007ffdff597000 	C:\WINDOWS\System32\win32u.dll
0x00007ffe01970000 - 0x00007ffe0199b000 	C:\WINDOWS\System32\GDI32.dll
0x00007ffdffc90000 - 0x00007ffdffdb9000 	C:\WINDOWS\System32\gdi32full.dll
0x00007ffdff360000 - 0x00007ffdff403000 	C:\WINDOWS\System32\msvcp_win.dll
0x00007ffddfe30000 - 0x00007ffde00c0000 	C:\WINDOWS\WinSxS\amd64_microsoft.windows.common-controls_6595b64144ccf1df_6.0.26100.9278_none_3e0d1ba8e3303201\COMCTL32.dll
0x00007ffe018c0000 - 0x00007ffe01969000 	C:\WINDOWS\System32\msvcrt.dll
0x00007ffe01b90000 - 0x00007ffe01bc1000 	C:\WINDOWS\System32\IMM32.DLL
0x00007ffdd7ca0000 - 0x00007ffdd7cac000 	C:\Users\AJI\.vscode\extensions\redhat.java-1.56.0-win32-x64\jre\21.0.12.1-win32-x86_64\bin\vcruntime140_1.dll
0x00007ffd7e7f0000 - 0x00007ffd7e87d000 	C:\Users\AJI\.vscode\extensions\redhat.java-1.56.0-win32-x64\jre\21.0.12.1-win32-x86_64\bin\msvcp140.dll
0x00007ffcef0f0000 - 0x00007ffcefe92000 	C:\Users\AJI\.vscode\extensions\redhat.java-1.56.0-win32-x64\jre\21.0.12.1-win32-x86_64\bin\server\jvm.dll
0x00007ffe002e0000 - 0x00007ffe0039c000 	C:\WINDOWS\System32\ADVAPI32.dll
0x00007ffe00230000 - 0x00007ffe002d9000 	C:\WINDOWS\System32\sechost.dll
0x00007ffdfff30000 - 0x00007ffe00048000 	C:\WINDOWS\System32\RPCRT4.dll
0x00007ffe01720000 - 0x00007ffe017a0000 	C:\WINDOWS\System32\WS2_32.dll
0x00007ffdff1c0000 - 0x00007ffdff21e000 	C:\WINDOWS\SYSTEM32\POWRPROF.dll
0x00007ffdfb560000 - 0x00007ffdfb596000 	C:\WINDOWS\SYSTEM32\WINMM.dll
0x00007ffdf5020000 - 0x00007ffdf502b000 	C:\WINDOWS\SYSTEM32\VERSION.dll
0x00007ffdff1a0000 - 0x00007ffdff1b5000 	C:\WINDOWS\SYSTEM32\UMPDC.dll
0x00007ffdfdf70000 - 0x00007ffdfdf8b000 	C:\WINDOWS\SYSTEM32\kernel.appcore.dll
0x00007ffdd7be0000 - 0x00007ffdd7bea000 	C:\Users\AJI\.vscode\extensions\redhat.java-1.56.0-win32-x64\jre\21.0.12.1-win32-x86_64\bin\jimage.dll
0x00007ffdfc940000 - 0x00007ffdfcb8c000 	C:\WINDOWS\SYSTEM32\DBGHELP.DLL
0x00007ffe00d20000 - 0x00007ffe010a5000 	C:\WINDOWS\System32\combase.dll
0x00007ffe011b0000 - 0x00007ffe01289000 	C:\WINDOWS\System32\OLEAUT32.dll
0x00007ffdde450000 - 0x00007ffdde48b000 	C:\WINDOWS\SYSTEM32\dbgcore.DLL
0x00007ffdffdc0000 - 0x00007ffdffe6c000 	C:\WINDOWS\System32\bcryptPrimitives.dll
0x00007ffdd70d0000 - 0x00007ffdd70df000 	C:\Users\AJI\.vscode\extensions\redhat.java-1.56.0-win32-x64\jre\21.0.12.1-win32-x86_64\bin\instrument.dll
0x00007ffd7fbb0000 - 0x00007ffd7fbd0000 	C:\Users\AJI\.vscode\extensions\redhat.java-1.56.0-win32-x64\jre\21.0.12.1-win32-x86_64\bin\java.dll
0x00007ffe00580000 - 0x00007ffe00d18000 	C:\WINDOWS\System32\SHELL32.dll
0x00007ffdfcd80000 - 0x00007ffdfd62e000 	C:\WINDOWS\SYSTEM32\windows.storage.dll
0x00007ffe01320000 - 0x00007ffe0141b000 	C:\WINDOWS\System32\SHCORE.dll
0x00007ffe010b0000 - 0x00007ffe01116000 	C:\WINDOWS\System32\shlwapi.dll
0x00007ffdff280000 - 0x00007ffdff2a9000 	C:\WINDOWS\SYSTEM32\profapi.dll
0x00007ffd7fb90000 - 0x00007ffd7fba8000 	C:\Users\AJI\.vscode\extensions\redhat.java-1.56.0-win32-x64\jre\21.0.12.1-win32-x86_64\bin\zip.dll
0x00007ffdd7b20000 - 0x00007ffdd7b30000 	C:\Users\AJI\.vscode\extensions\redhat.java-1.56.0-win32-x64\jre\21.0.12.1-win32-x86_64\bin\net.dll
0x00007ffdf8730000 - 0x00007ffdf885a000 	C:\WINDOWS\SYSTEM32\WINHTTP.dll
0x00007ffdfe5f0000 - 0x00007ffdfe65c000 	C:\WINDOWS\system32\mswsock.dll
0x00007ffd7e7d0000 - 0x00007ffd7e7e6000 	C:\Users\AJI\.vscode\extensions\redhat.java-1.56.0-win32-x64\jre\21.0.12.1-win32-x86_64\bin\nio.dll
0x00007ffdd1b60000 - 0x00007ffdd1b70000 	C:\Users\AJI\.vscode\extensions\redhat.java-1.56.0-win32-x64\jre\21.0.12.1-win32-x86_64\bin\verify.dll
0x00007ffd7fce0000 - 0x00007ffd7fd07000 	C:\Users\AJI\.gradle\native\1def1411415f61bf3af743bc5b6707747c0891f09f0c88961ee8f79bc544acac\windows-amd64\native-platform.dll
0x00007ffcf9e70000 - 0x00007ffcf9ee7000 	C:\Users\AJI\.gradle\native\0.2.8\x86_64-windows-gnu\gradle-fileevents.dll
0x00007ffdd17c0000 - 0x00007ffdd17ca000 	C:\Users\AJI\.vscode\extensions\redhat.java-1.56.0-win32-x64\jre\21.0.12.1-win32-x86_64\bin\management.dll
0x00007ffdd0ce0000 - 0x00007ffdd0cec000 	C:\Users\AJI\.vscode\extensions\redhat.java-1.56.0-win32-x64\jre\21.0.12.1-win32-x86_64\bin\management_ext.dll
0x00007ffe01b80000 - 0x00007ffe01b88000 	C:\WINDOWS\System32\PSAPI.DLL
0x00007ffdfd9b0000 - 0x00007ffdfd9e3000 	C:\WINDOWS\SYSTEM32\IPHLPAPI.DLL
0x00007ffdfff00000 - 0x00007ffdfff0a000 	C:\WINDOWS\System32\NSI.dll
0x00007ffdd0ba0000 - 0x00007ffdd0ba9000 	C:\Users\AJI\.vscode\extensions\redhat.java-1.56.0-win32-x64\jre\21.0.12.1-win32-x86_64\bin\extnet.dll
0x00007ffdfe8e0000 - 0x00007ffdfe8fb000 	C:\WINDOWS\SYSTEM32\CRYPTSP.dll
0x00007ffdfdf90000 - 0x00007ffdfdfc9000 	C:\WINDOWS\system32\rsaenh.dll
0x00007ffdfe6a0000 - 0x00007ffdfe6d4000 	C:\WINDOWS\SYSTEM32\USERENV.dll
0x00007ffdff250000 - 0x00007ffdff27a000 	C:\WINDOWS\SYSTEM32\bcrypt.dll
0x00007ffdfe900000 - 0x00007ffdfe90c000 	C:\WINDOWS\SYSTEM32\CRYPTBASE.dll
0x00007ffdd0640000 - 0x00007ffdd064e000 	C:\Users\AJI\.vscode\extensions\redhat.java-1.56.0-win32-x64\jre\21.0.12.1-win32-x86_64\bin\sunmscapi.dll
0x00007ffdffb00000 - 0x00007ffdffc7e000 	C:\WINDOWS\System32\CRYPT32.dll
0x00007ffdfeb20000 - 0x00007ffdfeb50000 	C:\WINDOWS\SYSTEM32\ncrypt.dll
0x00007ffdfead0000 - 0x00007ffdfeb0f000 	C:\WINDOWS\SYSTEM32\NTASN1.dll
0x00007ffdd4f00000 - 0x00007ffdd4f08000 	C:\WINDOWS\system32\wshunix.dll

JVMTI agents:
C:\Users\AJI\.gradle\wrapper\dists\gradle-9.1.0-all\7wzd0jkjit61aq2p43wpjgij9\gradle-9.1.0\lib\agents\gradle-instrumentation-agent-9.1.0.jar path:C:\Users\AJI\.vscode\extensions\redhat.java-1.56.0-win32-x64\jre\21.0.12.1-win32-x86_64\bin\instrument.dll, loaded, initialized, instrumentlib options:none

dbghelp: loaded successfully - version: 4.0.5 - missing functions: none
symbol engine: initialized successfully - sym options: 0x614 - pdb path: .;C:\Users\AJI\.vscode\extensions\redhat.java-1.56.0-win32-x64\jre\21.0.12.1-win32-x86_64\bin;C:\WINDOWS\SYSTEM32;C:\WINDOWS\WinSxS\amd64_microsoft.windows.common-controls_6595b64144ccf1df_6.0.26100.9278_none_3e0d1ba8e3303201;C:\Users\AJI\.vscode\extensions\redhat.java-1.56.0-win32-x64\jre\21.0.12.1-win32-x86_64\bin\server;C:\Users\AJI\.gradle\native\1def1411415f61bf3af743bc5b6707747c0891f09f0c88961ee8f79bc544acac\windows-amd64;C:\Users\AJI\.gradle\native\0.2.8\x86_64-windows-gnu

VM Arguments:
jvm_args: --add-opens=java.base/java.lang=ALL-UNNAMED --add-opens=java.base/java.lang.invoke=ALL-UNNAMED --add-opens=java.base/java.util=ALL-UNNAMED --add-opens=java.prefs/java.util.prefs=ALL-UNNAMED --add-exports=jdk.compiler/com.sun.tools.javac.api=ALL-UNNAMED --add-exports=jdk.compiler/com.sun.tools.javac.util=ALL-UNNAMED --add-opens=java.base/java.util=ALL-UNNAMED --add-opens=java.prefs/java.util.prefs=ALL-UNNAMED --add-opens=java.base/java.nio.charset=ALL-UNNAMED --add-opens=java.base/java.net=ALL-UNNAMED --add-opens=java.base/java.util.concurrent=ALL-UNNAMED --add-opens=java.base/java.util.concurrent.atomic=ALL-UNNAMED --add-opens=java.xml/javax.xml.namespace=ALL-UNNAMED --add-opens=java.base/java.time=ALL-UNNAMED -XX:MaxMetaspaceSize=4G -XX:ReservedCodeCacheSize=512m -XX:+HeapDumpOnOutOfMemoryError -Xmx8G -Dfile.encoding=UTF-8 -Duser.country=IN -Duser.language=en -Duser.variant -javaagent:C:\Users\AJI\.gradle\wrapper\dists\gradle-9.1.0-all\7wzd0jkjit61aq2p43wpjgij9\gradle-9.1.0\lib\agents\gradle-instrumentation-agent-9.1.0.jar 
java_command: org.gradle.launcher.daemon.bootstrap.GradleDaemon 9.1.0
java_class_path (initial): C:\Users\AJI\.gradle\wrapper\dists\gradle-9.1.0-all\7wzd0jkjit61aq2p43wpjgij9\gradle-9.1.0\lib\gradle-daemon-main-9.1.0.jar
Launcher Type: SUN_STANDARD

[Global flags]
     intx CICompilerCount                          = 12                                        {product} {ergonomic}
     uint ConcGCThreads                            = 4                                         {product} {ergonomic}
     uint G1ConcRefinementThreads                  = 15                                        {product} {ergonomic}
   size_t G1HeapRegionSize                         = 4194304                                   {product} {ergonomic}
    uintx GCDrainStackTargetSize                   = 64                                        {product} {ergonomic}
     bool HeapDumpOnOutOfMemoryError               = true                                   {manageable} {command line}
   size_t InitialHeapSize                          = 264241152                                 {product} {ergonomic}
   size_t MarkStackSize                            = 4194304                                   {product} {ergonomic}
   size_t MaxHeapSize                              = 8589934592                                {product} {command line}
   size_t MaxMetaspaceSize                         = 4294967296                                {product} {command line}
   size_t MaxNewSize                               = 5150605312                                {product} {ergonomic}
   size_t MinHeapDeltaBytes                        = 4194304                                   {product} {ergonomic}
   size_t MinHeapSize                              = 8388608                                   {product} {ergonomic}
    uintx NonNMethodCodeHeapSize                   = 7602480                                {pd product} {ergonomic}
    uintx NonProfiledCodeHeapSize                  = 264634216                              {pd product} {ergonomic}
    uintx ProfiledCodeHeapSize                     = 264634216                              {pd product} {ergonomic}
    uintx ReservedCodeCacheSize                    = 536870912                              {pd product} {command line}
     bool SegmentedCodeCache                       = true                                      {product} {ergonomic}
   size_t SoftMaxHeapSize                          = 8589934592                             {manageable} {ergonomic}
     bool UseCompressedOops                        = true                           {product lp64_product} {ergonomic}
     bool UseG1GC                                  = true                                      {product} {ergonomic}
     bool UseLargePagesIndividualAllocation        = false                                  {pd product} {ergonomic}

Logging:
Log output configuration:
 #0: stdout all=warning uptime,level,tags foldmultilines=false
 #1: stderr all=off uptime,level,tags foldmultilines=false

Release file:
JAVA_VERSION="21.0.12.1" 
MODULES="java.base java.compiler java.datatransfer java.xml java.prefs java.desktop java.instrument java.logging java.management java.security.sasl java.naming java.rmi java.management.rmi java.net.http java.scripting java.security.jgss java.transaction.xa java.sql java.sql.rowset java.xml.crypto java.se java.smartcardio jdk.accessibility jdk.internal.jvmstat jdk.attach jdk.charsets jdk.internal.opt jdk.zipfs jdk.compiler jdk.crypto.ec jdk.crypto.cryptoki jdk.crypto.mscapi jdk.dynalink jdk.internal.ed jdk.editpad jdk.hotspot.agent jdk.httpserver jdk.internal.le jdk.internal.vm.ci jdk.internal.vm.compiler jdk.internal.vm.compiler.management jdk.jartool jdk.javadoc jdk.jcmd jdk.management jdk.management.agent jdk.jconsole jdk.jdeps jdk.jdwp.agent jdk.jdi jdk.jfr jdk.jshell jdk.jsobject jdk.jstatd jdk.localedata jdk.management.jfr jdk.naming.dns jdk.naming.rmi jdk.net jdk.nio.mapmode jdk.random jdk.sctp jdk.security.auth jdk.security.jgss jdk.unsupported jdk.unsupported.desktop jdk.xml.dom" 

Environment Variables:
JAVA_HOME=C:\Program Files\Java\jdk-17
PATH=C:\Python314\Scripts\;C:\Python314\;C:\Program Files\Eclipse Adoptium\jdk-25.0.3.9-hotspot\bin;C:\Program Files\Microsoft\jdk-11.0.16.101-hotspot\bin;C:\WINDOWS\system32;C:\WINDOWS;C:\WINDOWS\System32\Wbem;C:\WINDOWS\System32\WindowsPowerShell\v1.0\;C:\WINDOWS\System32\OpenSSH\;C:\Program Files\dotnet\;C:\MinGW\bin;C:\ProgramData\chocolatey\bin;C:\Users\AJI\AppData\Local\Pub\Cache\bin;C:\Program Files\Java\jdk-17\bin;d:\cursor\resources\app\bin;C:\Users\AJI\develop\flutter\bin;C:\Users\AJI\.local\bin;D:\node\node_modules\npm\bin;D:\node\;C:\Program Files\nodejs\;C:\Program Files\nodejs\node_modules\npm\bin;C:\Users\AJI\Documents\MONGO\mongosh-2.9.2-win32-x64\bin;C:\xampp\php;C:\Program Files\Git\cmd;C:\Users\AJI\AppData\Local\Programs\Python\Python312\Scripts\;C:\Users\AJI\AppData\Local\Programs\Python\Python312\;C:\Users\AJI\.local\bin;C:\Users\AJI\AppData\Local\Microsoft\WindowsApps;D:\IntelliJ IDEA Community Edition 2023.1.5\bin;;C:\mingw64\bin;C:\Users\AJI\.dotnet\tools;C:\Users\AJI\Documents\flutter_windows_3.13.4-stable\flutter\bin;C:\Users\AJI\AppData\Local\Pub\Cache\bin;D:\flutter_pub_cache;C:\Users\AJI\AppData\Local\Android\Sdk;C:\Program Files\Java\jdk-17\bin;D:\rider\JetBrains Rider 2024.3.7\bin;;D:\Program Files\Microsoft VS Code\bin;D:\freelanceing\cursor\resources\app\bin;C:\Users\AJI\AppData\Local\Programs\Microsoft VS Code\bin;C:\Users\AJI\AppData\Local\Programs\cursor\resources\app\bin;C:\Users\AJI\AppData\Roaming\npm
USERNAME=AJI
OS=Windows_NT
PROCESSOR_IDENTIFIER=Intel64 Family 6 Model 154 Stepping 3, GenuineIntel
TMP=C:\Users\AJI\AppData\Local\Temp
TEMP=C:\Users\AJI\AppData\Local\Temp




Periodic native trim disabled

---------------  S Y S T E M  ---------------

OS:
 Windows 11 , 64 bit Build 26100 (10.0.26100.9444)
OS uptime: 0 days 0:14 hours
Hyper-V role detected

CPU: total 20 (initial active 20) (10 cores per cpu, 2 threads per core) family 6 model 154 stepping 3 microcode 0x43b, cx8, cmov, fxsr, ht, mmx, 3dnowpref, sse, sse2, sse3, ssse3, sse4.1, sse4.2, popcnt, lzcnt, tsc, tscinvbit, avx, avx2, aes, erms, clmul, bmi1, bmi2, adx, sha, fma, vzeroupper, clflush, clflushopt, clwb, hv, serialize, rdtscp, rdpid, fsrm, f16c, cet_ibt, cet_ss
Processor Information for processor 0
  Max Mhz: 2300, Current Mhz: 2300, Mhz Limit: 2300
Processor Information for processor 1
  Max Mhz: 2300, Current Mhz: 2300, Mhz Limit: 2300
Processor Information for processor 2
  Max Mhz: 2300, Current Mhz: 2300, Mhz Limit: 2300
Processor Information for processor 3
  Max Mhz: 2300, Current Mhz: 2300, Mhz Limit: 2300
Processor Information for processor 4
  Max Mhz: 2300, Current Mhz: 2300, Mhz Limit: 2300
Processor Information for processor 5
  Max Mhz: 2300, Current Mhz: 2300, Mhz Limit: 2300
Processor Information for processor 6
  Max Mhz: 2300, Current Mhz: 2300, Mhz Limit: 2300
Processor Information for processor 7
  Max Mhz: 2300, Current Mhz: 2300, Mhz Limit: 2300
Processor Information for processor 8
  Max Mhz: 2300, Current Mhz: 2300, Mhz Limit: 2300
Processor Information for processor 9
  Max Mhz: 2300, Current Mhz: 2300, Mhz Limit: 2300
Processor Information for processor 10
  Max Mhz: 2300, Current Mhz: 2300, Mhz Limit: 2300
Processor Information for processor 11
  Max Mhz: 2300, Current Mhz: 2300, Mhz Limit: 2300
Processor Information for processor 12
  Max Mhz: 2300, Current Mhz: 2300, Mhz Limit: 2300
Processor Information for processor 13
  Max Mhz: 2300, Current Mhz: 2300, Mhz Limit: 2300
Processor Information for processor 14
  Max Mhz: 2300, Current Mhz: 1488, Mhz Limit: 2300
Processor Information for processor 15
  Max Mhz: 2300, Current Mhz: 1488, Mhz Limit: 2300
Processor Information for processor 16
  Max Mhz: 2300, Current Mhz: 1488, Mhz Limit: 2300
Processor Information for processor 17
  Max Mhz: 2300, Current Mhz: 1488, Mhz Limit: 2300
Processor Information for processor 18
  Max Mhz: 2300, Current Mhz: 2300, Mhz Limit: 2300
Processor Information for processor 19
  Max Mhz: 2300, Current Mhz: 1488, Mhz Limit: 2300

Memory: 4k page, system-wide physical 16068M (77M free)
TotalPageFile size 65220M (AvailPageFile size 26M)
current process WorkingSet (physical memory assigned to process): 182M, peak: 205M
current process commit charge ("private bytes"): 312M, peak: 430M

vm_info: OpenJDK 64-Bit Server VM (21.0.12.1+1-LTS) for windows-amd64 JRE (21.0.12.1+1-LTS), built on 2026-08-18T00:00:00Z by "admin" with MS VC++ 17.12 (VS2022)

END.
