#
# There is insufficient memory for the Java Runtime Environment to continue.
# Native memory allocation (malloc) failed to allocate 32784 bytes. Error detail: Chunk::new
# Possible reasons:
#   The system is out of physical RAM or swap space
#   This process is running with CompressedOops enabled, and the Java Heap may be blocking the growth of the native heap
# Possible solutions:
#   Reduce memory load on the system
#   Increase physical memory or swap space
#   Check if swap backing store is full
#   Decrease Java heap size (-Xmx/-Xms)
#   Decrease number of Java threads
#   Decrease Java thread stack sizes (-Xss)
#   Set larger code cache with -XX:ReservedCodeCacheSize=
#   JVM is running with Zero Based Compressed Oops mode in which the Java heap is
#     placed in the first 32GB address space. The Java Heap base address is the
#     maximum limit for the native heap growth. Please use -XX:HeapBaseMinAddress
#     to set the Java Heap base and to place the Java Heap above 32GB virtual address.
# This output file may be truncated or incomplete.
#
#  Out of Memory Error (arena.cpp:168), pid=43544, tid=41112
#
# JRE version: OpenJDK Runtime Environment Temurin-21.0.12.1+1 (21.0.12.1+1) (build 21.0.12.1+1-LTS)
# Java VM: OpenJDK 64-Bit Server VM Temurin-21.0.12.1+1 (21.0.12.1+1-LTS, mixed mode, sharing, tiered, compressed oops, compressed class ptrs, g1 gc, windows-amd64)
# No core dump will be written. Minidumps are not enabled by default on client versions of Windows
#

---------------  S U M M A R Y ------------

Command Line: --add-opens=java.base/java.lang=ALL-UNNAMED --add-opens=java.base/java.lang.invoke=ALL-UNNAMED --add-opens=java.base/java.util=ALL-UNNAMED --add-opens=java.prefs/java.util.prefs=ALL-UNNAMED --add-exports=jdk.compiler/com.sun.tools.javac.api=ALL-UNNAMED --add-exports=jdk.compiler/com.sun.tools.javac.util=ALL-UNNAMED --add-opens=java.base/java.util=ALL-UNNAMED --add-opens=java.prefs/java.util.prefs=ALL-UNNAMED --add-opens=java.base/java.nio.charset=ALL-UNNAMED --add-opens=java.base/java.net=ALL-UNNAMED --add-opens=java.base/java.util.concurrent=ALL-UNNAMED --add-opens=java.base/java.util.concurrent.atomic=ALL-UNNAMED --add-opens=java.xml/javax.xml.namespace=ALL-UNNAMED --add-opens=java.base/java.time=ALL-UNNAMED -XX:MaxMetaspaceSize=4G -XX:ReservedCodeCacheSize=512m -XX:+HeapDumpOnOutOfMemoryError -Xmx8G -Dfile.encoding=UTF-8 -Duser.country=IN -Duser.language=en -Duser.variant -javaagent:C:\Users\AJI\.gradle\wrapper\dists\gradle-9.1.0-all\7wzd0jkjit61aq2p43wpjgij9\gradle-9.1.0\lib\agents\gradle-instrumentation-agent-9.1.0.jar org.gradle.launcher.daemon.bootstrap.GradleDaemon 9.1.0

Host: 12th Gen Intel(R) Core(TM) i7-12700H, 20 cores, 15G,  Windows 11 , 64 bit Build 26100 (10.0.26100.9444)
Time: Thu Sep 17 09:16:05 2026 India Standard Time elapsed time: 304.600463 seconds (0d 0h 5m 4s)

---------------  T H R E A D  ---------------

Current thread (0x000001cfae00c860):  JavaThread "C2 CompilerThread0" daemon [_thread_in_native, id=41112, stack(0x0000007b5cb00000,0x0000007b5cc00000) (1024K)]


Current CompileTask:
C2:304600 6275       4       java.lang.Class::descriptorString (170 bytes)

Stack: [0x0000007b5cb00000,0x0000007b5cc00000]
Native frames: (J=compiled Java code, j=interpreted, Vv=VM code, C=native code)
V  [jvm.dll+0x6d83e9]
V  [jvm.dll+0x8b5736]
V  [jvm.dll+0x8b7cee]
V  [jvm.dll+0x8b83d3]
V  [jvm.dll+0x284596]
V  [jvm.dll+0xc685d]
V  [jvm.dll+0xc6da1]
V  [jvm.dll+0xc6985]
V  [jvm.dll+0x72e45c]
V  [jvm.dll+0x609747]
V  [jvm.dll+0x7a5388]
V  [jvm.dll+0x7a42d1]
V  [jvm.dll+0x615712]
V  [jvm.dll+0x6154a0]
V  [jvm.dll+0x5ff591]
V  [jvm.dll+0x255d67]
V  [jvm.dll+0x24e0f4]
V  [jvm.dll+0x24bbe6]
V  [jvm.dll+0x1cb4ae]
V  [jvm.dll+0x25baad]
V  [jvm.dll+0x25a03a]
V  [jvm.dll+0x3f8aae]
V  [jvm.dll+0x8600cd]
V  [jvm.dll+0x6d6c1d]
C  [ucrtbase.dll+0x2cd30]
C  [KERNEL32.DLL+0x2cd87]
C  [ntdll.dll+0xacaec]


---------------  P R O C E S S  ---------------

Threads class SMR info:
_java_thread_list=0x000001cfb019b090, length=54, elements={
0x000001cf37bf1c50, 0x000001cf65dba5a0, 0x000001cf65dbb200, 0x000001cf65dbe0d0,
0x000001cfae006ee0, 0x000001cfae007570, 0x000001cfae0040f0, 0x000001cfae00c860,
0x000001cfae026cc0, 0x000001cfae004780, 0x000001cfae0061c0, 0x000001cfae005b30,
0x000001cfae006850, 0x000001cfafabfb20, 0x000001cfafac0840, 0x000001cfafac2910,
0x000001cfafac0ed0, 0x000001cfafac1560, 0x000001cfafac1bf0, 0x000001cfafac2280,
0x000001cfafabf490, 0x000001cfafac6420, 0x000001cfafac3630, 0x000001cfafac4350,
0x000001cfafac2fa0, 0x000001cfafac5700, 0x000001cfafac6ab0, 0x000001cfb08ac6f0,
0x000001cfb08adaa0, 0x000001cfb08ac060, 0x000001cfb08acd80, 0x000001cfb08ad410,
0x000001cfb08ae7c0, 0x000001cfb0a2f1c0, 0x000001cfb08aee50, 0x000001cfb055bd90,
0x000001cfb055a9e0, 0x000001cfb055d140, 0x000001cfb0559cc0, 0x000001cfb055b070,
0x000001cfb055d7d0, 0x000001cfb055c420, 0x000001cfb055a350, 0x000001cfb055eb80,
0x000001cfb055de60, 0x000001cfb055b700, 0x000001cfb055f8a0, 0x000001cfb055e4f0,
0x000001cfb055f210, 0x000001cfb055ff30, 0x000001cfb055cab0, 0x000001cfb05605c0,
0x000001cfb0560c50, 0x000001cfb1e09b20
}

Java Threads: ( => current thread )
  0x000001cf37bf1c50 JavaThread "main"                              [_thread_blocked, id=37892, stack(0x0000007b5bd00000,0x0000007b5be00000) (1024K)]
  0x000001cf65dba5a0 JavaThread "Reference Handler"          daemon [_thread_blocked, id=40932, stack(0x0000007b5c500000,0x0000007b5c600000) (1024K)]
  0x000001cf65dbb200 JavaThread "Finalizer"                  daemon [_thread_blocked, id=33964, stack(0x0000007b5c600000,0x0000007b5c700000) (1024K)]
  0x000001cf65dbe0d0 JavaThread "Signal Dispatcher"          daemon [_thread_blocked, id=43772, stack(0x0000007b5c700000,0x0000007b5c800000) (1024K)]
  0x000001cfae006ee0 JavaThread "Attach Listener"            daemon [_thread_blocked, id=25024, stack(0x0000007b5c800000,0x0000007b5c900000) (1024K)]
  0x000001cfae007570 JavaThread "Service Thread"             daemon [_thread_blocked, id=26364, stack(0x0000007b5c900000,0x0000007b5ca00000) (1024K)]
  0x000001cfae0040f0 JavaThread "Monitor Deflation Thread"   daemon [_thread_blocked, id=44808, stack(0x0000007b5ca00000,0x0000007b5cb00000) (1024K)]
=>0x000001cfae00c860 JavaThread "C2 CompilerThread0"         daemon [_thread_in_native, id=41112, stack(0x0000007b5cb00000,0x0000007b5cc00000) (1024K)]
  0x000001cfae026cc0 JavaThread "C1 CompilerThread0"         daemon [_thread_blocked, id=37940, stack(0x0000007b5cc00000,0x0000007b5cd00000) (1024K)]
  0x000001cfae004780 JavaThread "Common-Cleaner"             daemon [_thread_blocked, id=20560, stack(0x0000007b5cd00000,0x0000007b5ce00000) (1024K)]
  0x000001cfae0061c0 JavaThread "Notification Thread"        daemon [_thread_blocked, id=31940, stack(0x0000007b5ce00000,0x0000007b5cf00000) (1024K)]
  0x000001cfae005b30 JavaThread "Daemon health stats"               [_thread_blocked, id=42136, stack(0x0000007b5d700000,0x0000007b5d800000) (1024K)]
  0x000001cfae006850 JavaThread "Incoming local TCP Connector on port 9266"        [_thread_in_native, id=45972, stack(0x0000007b5d800000,0x0000007b5d900000) (1024K)]
  0x000001cfafabfb20 JavaThread "Daemon periodic checks"            [_thread_blocked, id=46068, stack(0x0000007b5da00000,0x0000007b5db00000) (1024K)]
  0x000001cfafac0840 JavaThread "Daemon"                            [_thread_blocked, id=45360, stack(0x0000007b5db00000,0x0000007b5dc00000) (1024K)]
  0x000001cfafac2910 JavaThread "Handler for socket connection from /127.0.0.1:9266 to /127.0.0.1:9267"        [_thread_in_native, id=45352, stack(0x0000007b5dc00000,0x0000007b5dd00000) (1024K)]
  0x000001cfafac0ed0 JavaThread "Cancel handler"                    [_thread_blocked, id=45976, stack(0x0000007b5dd00000,0x0000007b5de00000) (1024K)]
  0x000001cfafac1560 JavaThread "Daemon worker"                     [_thread_blocked, id=45840, stack(0x0000007b5de00000,0x0000007b5df00000) (1024K)]
  0x000001cfafac1bf0 JavaThread "Asynchronous log dispatcher for DefaultDaemonConnection: socket connection from /127.0.0.1:9266 to /127.0.0.1:9267"        [_thread_blocked, id=44812, stack(0x0000007b5df00000,0x0000007b5e000000) (1024K)]
  0x000001cfafac2280 JavaThread "Stdin handler"                     [_thread_blocked, id=42516, stack(0x0000007b5e000000,0x0000007b5e100000) (1024K)]
  0x000001cfafabf490 JavaThread "Daemon client event forwarder"        [_thread_blocked, id=44108, stack(0x0000007b5e100000,0x0000007b5e200000) (1024K)]
  0x000001cfafac6420 JavaThread "Cache worker for journal cache (C:\Users\AJI\.gradle\caches\journal-1)"        [_thread_blocked, id=46156, stack(0x0000007b5d900000,0x0000007b5da00000) (1024K)]
  0x000001cfafac3630 JavaThread "File lock request listener"        [_thread_in_native, id=46224, stack(0x0000007b5e200000,0x0000007b5e300000) (1024K)]
  0x000001cfafac4350 JavaThread "Cache worker for file hash cache (C:\Users\AJI\.gradle\caches\9.1.0\fileHashes)"        [_thread_blocked, id=46920, stack(0x0000007b5d500000,0x0000007b5d600000) (1024K)]
  0x000001cfafac2fa0 JavaThread "Cache worker for file hash cache (C:\Users\AJI\Documents\Gostriders\gostriders\android\.gradle\9.1.0\fileHashes)"        [_thread_blocked, id=50888, stack(0x0000007b5ef00000,0x0000007b5f000000) (1024K)]
  0x000001cfafac5700 JavaThread "Cache worker for Build Output Cleanup Cache (C:\Users\AJI\Documents\Gostriders\gostriders\android\.gradle\buildOutputCleanup)"        [_thread_blocked, id=50896, stack(0x0000007b5f000000,0x0000007b5f100000) (1024K)]
  0x000001cfafac6ab0 JavaThread "File watcher server"        daemon [_thread_in_native, id=51028, stack(0x0000007b5f100000,0x0000007b5f200000) (1024K)]
  0x000001cfb08ac6f0 JavaThread "File watcher consumer"      daemon [_thread_blocked, id=51036, stack(0x0000007b5f200000,0x0000007b5f300000) (1024K)]
  0x000001cfb08adaa0 JavaThread "Cache worker for checksums cache (C:\Users\AJI\Documents\Gostriders\gostriders\android\.gradle\9.1.0\checksums)"        [_thread_blocked, id=31728, stack(0x0000007b5f300000,0x0000007b5f400000) (1024K)]
  0x000001cfb08ac060 JavaThread "Cache worker for file content cache (C:\Users\AJI\.gradle\caches\9.1.0\fileContent)"        [_thread_blocked, id=50836, stack(0x0000007b5f400000,0x0000007b5f500000) (1024K)]
  0x000001cfb08acd80 JavaThread "Cache worker for cache directory md-supplier (C:\Users\AJI\.gradle\caches\9.1.0\md-supplier)"        [_thread_blocked, id=50984, stack(0x0000007b5f500000,0x0000007b5f600000) (1024K)]
  0x000001cfb08ad410 JavaThread "Cache worker for cache directory md-rule (C:\Users\AJI\.gradle\caches\9.1.0\md-rule)"        [_thread_blocked, id=17680, stack(0x0000007b5f600000,0x0000007b5f700000) (1024K)]
  0x000001cfb08ae7c0 JavaThread "File lock release action executor Thread 2"        [_thread_blocked, id=67188, stack(0x0000007b5ba00000,0x0000007b5bb00000) (1024K)]
  0x000001cfb0a2f1c0 JavaThread "C1 CompilerThread1"         daemon [_thread_blocked, id=78676, stack(0x0000007b5bb00000,0x0000007b5bc00000) (1024K)]
  0x000001cfb08aee50 JavaThread "Cache worker for Build Output Cleanup Cache (C:\Users\AJI\develop\flutter\packages\flutter_tools\gradle\.gradle\buildOutputCleanup)"        [_thread_blocked, id=67904, stack(0x0000007b5f800000,0x0000007b5f900000) (1024K)]
  0x000001cfb055bd90 JavaThread "Unconstrained build operations"        [_thread_blocked, id=55324, stack(0x0000007b5bc00000,0x0000007b5bd00000) (1024K)]
  0x000001cfb055a9e0 JavaThread "Unconstrained build operations Thread 2"        [_thread_blocked, id=45016, stack(0x0000007b5f900000,0x0000007b5fa00000) (1024K)]
  0x000001cfb055d140 JavaThread "Unconstrained build operations Thread 3"        [_thread_blocked, id=75924, stack(0x0000007b5fa00000,0x0000007b5fb00000) (1024K)]
  0x000001cfb0559cc0 JavaThread "Unconstrained build operations Thread 4"        [_thread_blocked, id=75844, stack(0x0000007b5fb00000,0x0000007b5fc00000) (1024K)]
  0x000001cfb055b070 JavaThread "Unconstrained build operations Thread 5"        [_thread_blocked, id=76276, stack(0x0000007b5fc00000,0x0000007b5fd00000) (1024K)]
  0x000001cfb055d7d0 JavaThread "Unconstrained build operations Thread 6"        [_thread_blocked, id=45048, stack(0x0000007b5fd00000,0x0000007b5fe00000) (1024K)]
  0x000001cfb055c420 JavaThread "Unconstrained build operations Thread 7"        [_thread_blocked, id=35608, stack(0x0000007b5fe00000,0x0000007b5ff00000) (1024K)]
  0x000001cfb055a350 JavaThread "Unconstrained build operations Thread 8"        [_thread_blocked, id=49868, stack(0x0000007b5ff00000,0x0000007b60000000) (1024K)]
  0x000001cfb055eb80 JavaThread "Unconstrained build operations Thread 9"        [_thread_blocked, id=78692, stack(0x0000007b60000000,0x0000007b60100000) (1024K)]
  0x000001cfb055de60 JavaThread "Unconstrained build operations Thread 10"        [_thread_blocked, id=78700, stack(0x0000007b60100000,0x0000007b60200000) (1024K)]
  0x000001cfb055b700 JavaThread "Unconstrained build operations Thread 11"        [_thread_blocked, id=37324, stack(0x0000007b60200000,0x0000007b60300000) (1024K)]
  0x000001cfb055f8a0 JavaThread "Unconstrained build operations Thread 12"        [_thread_blocked, id=72188, stack(0x0000007b60300000,0x0000007b60400000) (1024K)]
  0x000001cfb055e4f0 JavaThread "Unconstrained build operations Thread 13"        [_thread_blocked, id=67236, stack(0x0000007b60400000,0x0000007b60500000) (1024K)]
  0x000001cfb055f210 JavaThread "Unconstrained build operations Thread 14"        [_thread_blocked, id=72140, stack(0x0000007b60500000,0x0000007b60600000) (1024K)]
  0x000001cfb055ff30 JavaThread "Unconstrained build operations Thread 15"        [_thread_blocked, id=52544, stack(0x0000007b60600000,0x0000007b60700000) (1024K)]
  0x000001cfb055cab0 JavaThread "Unconstrained build operations Thread 16"        [_thread_blocked, id=40324, stack(0x0000007b60700000,0x0000007b60800000) (1024K)]
  0x000001cfb05605c0 JavaThread "Unconstrained build operations Thread 17"        [_thread_blocked, id=22164, stack(0x0000007b60800000,0x0000007b60900000) (1024K)]
  0x000001cfb0560c50 JavaThread "Unconstrained build operations Thread 18"        [_thread_blocked, id=53580, stack(0x0000007b60900000,0x0000007b60a00000) (1024K)]
  0x000001cfb1e09b20 JavaThread "Unconstrained build operations Thread 19"        [_thread_blocked, id=78456, stack(0x0000007b60a00000,0x0000007b60b00000) (1024K)]
Total: 54

Other Threads:
  0x000001cf65d9fe10 VMThread "VM Thread"                           [id=13136, stack(0x0000007b5c400000,0x0000007b5c500000) (1024K)]
  0x000001cf65d896b0 WatcherThread "VM Periodic Task Thread"        [id=36084, stack(0x0000007b5c300000,0x0000007b5c400000) (1024K)]
  0x000001cf37c9c5f0 WorkerThread "GC Thread#0"                     [id=44892, stack(0x0000007b5be00000,0x0000007b5bf00000) (1024K)]
  0x000001cfae464610 WorkerThread "GC Thread#1"                     [id=22092, stack(0x0000007b5d000000,0x0000007b5d100000) (1024K)]
  0x000001cfae386670 WorkerThread "GC Thread#2"                     [id=35384, stack(0x0000007b5d100000,0x0000007b5d200000) (1024K)]
  0x000001cfae386a20 WorkerThread "GC Thread#3"                     [id=22076, stack(0x0000007b5d200000,0x0000007b5d300000) (1024K)]
  0x000001cfae386dd0 WorkerThread "GC Thread#4"                     [id=15156, stack(0x0000007b5d300000,0x0000007b5d400000) (1024K)]
  0x000001cfae387180 WorkerThread "GC Thread#5"                     [id=28248, stack(0x0000007b5d400000,0x0000007b5d500000) (1024K)]
  0x000001cfae636f30 WorkerThread "GC Thread#6"                     [id=50396, stack(0x0000007b5cf00000,0x0000007b5d000000) (1024K)]
  0x000001cfaf0cafe0 WorkerThread "GC Thread#7"                     [id=50400, stack(0x0000007b5e300000,0x0000007b5e400000) (1024K)]
  0x000001cfaf0cbaf0 WorkerThread "GC Thread#8"                     [id=50404, stack(0x0000007b5e400000,0x0000007b5e500000) (1024K)]
  0x000001cfaf0cc600 WorkerThread "GC Thread#9"                     [id=50408, stack(0x0000007b5e500000,0x0000007b5e600000) (1024K)]
  0x000001cfaf0cc250 WorkerThread "GC Thread#10"                    [id=50412, stack(0x0000007b5e600000,0x0000007b5e700000) (1024K)]
  0x000001cfaf0cbea0 WorkerThread "GC Thread#11"                    [id=50416, stack(0x0000007b5e700000,0x0000007b5e800000) (1024K)]
  0x000001cfaf0cc9b0 WorkerThread "GC Thread#12"                    [id=50420, stack(0x0000007b5e800000,0x0000007b5e900000) (1024K)]
  0x000001cfaf0cb390 WorkerThread "GC Thread#13"                    [id=50424, stack(0x0000007b5e900000,0x0000007b5ea00000) (1024K)]
  0x000001cfaf0cb740 WorkerThread "GC Thread#14"                    [id=50428, stack(0x0000007b5ea00000,0x0000007b5eb00000) (1024K)]
  0x000001cf37caeb80 ConcurrentGCThread "G1 Main Marker"            [id=38892, stack(0x0000007b5bf00000,0x0000007b5c000000) (1024K)]
  0x000001cf65bc0e70 WorkerThread "G1 Conc#0"                       [id=41828, stack(0x0000007b5c000000,0x0000007b5c100000) (1024K)]
  0x000001cfb05a9b60 WorkerThread "G1 Conc#1"                       [id=50620, stack(0x0000007b5eb00000,0x0000007b5ec00000) (1024K)]
  0x000001cfb05abc90 WorkerThread "G1 Conc#2"                       [id=50624, stack(0x0000007b5ec00000,0x0000007b5ed00000) (1024K)]
  0x000001cfb05ac3f0 WorkerThread "G1 Conc#3"                       [id=50628, stack(0x0000007b5ed00000,0x0000007b5ee00000) (1024K)]
  0x000001cf65c54400 ConcurrentGCThread "G1 Refine#0"               [id=44668, stack(0x0000007b5c100000,0x0000007b5c200000) (1024K)]
  0x000001cf65c55d40 ConcurrentGCThread "G1 Service"                [id=26120, stack(0x0000007b5c200000,0x0000007b5c300000) (1024K)]
Total: 24

Threads with active compile tasks:
C2 CompilerThread0  304852 6275       4       java.lang.Class::descriptorString (170 bytes)
Total: 1

VM state: not at safepoint (normal execution)

VM Mutex/Monitor currently owned by a thread: None

Heap address: 0x0000000600000000, size: 8192 MB, Compressed Oops mode: Zero based, Oop shift amount: 3

CDS archive(s) mapped at: [0x000001cf69000000-0x000001cf69ba0000-0x000001cf69ba0000), size 12189696, SharedBaseAddress: 0x000001cf69000000, ArchiveRelocationMode: 1.
Compressed class space mapped at: 0x000001cf6a000000-0x000001cfaa000000, reserved size: 1073741824
Narrow klass base: 0x000001cf69000000, Narrow klass shift: 0, Narrow klass range: 0x100000000

GC Precious Log:
 CardTable entry size: 512
 Card Set container configuration: InlinePtr #cards 4 size 8 Array Of Cards #cards 32 size 80 Howl #buckets 8 coarsen threshold 7372 Howl Bitmap #cards 1024 size 144 coarsen threshold 921 Card regions per heap region 1 cards per card region 8192
 CPUs: 20 total, 20 available
 Memory: 16068M
 Large Page Support: Disabled
 NUMA Support: Disabled
 Compressed Oops: Enabled (Zero based)
 Heap Region Size: 4M
 Heap Min Capacity: 8M
 Heap Initial Capacity: 252M
 Heap Max Capacity: 8G
 Pre-touch: Disabled
 Parallel Workers: 15
 Concurrent Workers: 4
 Concurrent Refinement Workers: 15
 Periodic GC: Disabled

Heap:
 garbage-first heap   total 102400K, used 79466K [0x0000000600000000, 0x0000000800000000)
  region size 4096K, 14 young (57344K), 2 survivors (8192K)
 Metaspace       used 47090K, committed 48832K, reserved 1114112K
  class space    used 6956K, committed 7808K, reserved 1048576K

Heap Regions: E=young(eden), S=young(survivor), O=old, HS=humongous(starts), HC=humongous(continues), CS=collection set, F=free, TAMS=top-at-mark-start, PB=parsable bottom
|   0|0x0000000600000000, 0x0000000600400000, 0x0000000600400000|100%|HS|  |TAMS 0x0000000600000000| PB 0x0000000600000000| Complete 
|   1|0x0000000600400000, 0x0000000600800000, 0x0000000600800000|100%| O|  |TAMS 0x0000000600400000| PB 0x0000000600400000| Untracked 
|   2|0x0000000600800000, 0x0000000600c00000, 0x0000000600c00000|100%| O|  |TAMS 0x0000000600800000| PB 0x0000000600800000| Untracked 
|   3|0x0000000600c00000, 0x0000000601000000, 0x0000000601000000|100%| O|  |TAMS 0x0000000600c00000| PB 0x0000000600c00000| Untracked 
|   4|0x0000000601000000, 0x0000000601400000, 0x0000000601400000|100%| O|  |TAMS 0x0000000601000000| PB 0x0000000601000000| Untracked 
|   5|0x0000000601400000, 0x000000060148a100, 0x0000000601800000| 13%| O|  |TAMS 0x0000000601400000| PB 0x0000000601400000| Untracked 
|   6|0x0000000601800000, 0x0000000601800000, 0x0000000601c00000|  0%| F|  |TAMS 0x0000000601800000| PB 0x0000000601800000| Untracked 
|   7|0x0000000601c00000, 0x0000000601c00000, 0x0000000602000000|  0%| F|  |TAMS 0x0000000601c00000| PB 0x0000000601c00000| Untracked 
|   8|0x0000000602000000, 0x0000000602110870, 0x0000000602400000| 26%| S|CS|TAMS 0x0000000602000000| PB 0x0000000602000000| Complete 
|   9|0x0000000602400000, 0x0000000602400000, 0x0000000602800000|  0%| F|  |TAMS 0x0000000602400000| PB 0x0000000602400000| Untracked 
|  10|0x0000000602800000, 0x0000000602c00000, 0x0000000602c00000|100%| S|CS|TAMS 0x0000000602800000| PB 0x0000000602800000| Complete 
|  11|0x0000000602c00000, 0x0000000602d63d20, 0x0000000603000000| 34%| E|  |TAMS 0x0000000602c00000| PB 0x0000000602c00000| Complete 
|  12|0x0000000603000000, 0x0000000603400000, 0x0000000603400000|100%| E|CS|TAMS 0x0000000603000000| PB 0x0000000603000000| Complete 
|  13|0x0000000603400000, 0x0000000603800000, 0x0000000603800000|100%| E|CS|TAMS 0x0000000603400000| PB 0x0000000603400000| Complete 
|  14|0x0000000603800000, 0x0000000603c00000, 0x0000000603c00000|100%| E|CS|TAMS 0x0000000603800000| PB 0x0000000603800000| Complete 
|  15|0x0000000603c00000, 0x0000000604000000, 0x0000000604000000|100%| E|CS|TAMS 0x0000000603c00000| PB 0x0000000603c00000| Complete 
|  16|0x0000000604000000, 0x0000000604400000, 0x0000000604400000|100%| E|CS|TAMS 0x0000000604000000| PB 0x0000000604000000| Complete 
|  17|0x0000000604400000, 0x0000000604800000, 0x0000000604800000|100%| E|CS|TAMS 0x0000000604400000| PB 0x0000000604400000| Complete 
|  51|0x000000060cc00000, 0x000000060d000000, 0x000000060d000000|100%| E|CS|TAMS 0x000000060cc00000| PB 0x000000060cc00000| Complete 
|  52|0x000000060d000000, 0x000000060d400000, 0x000000060d400000|100%| E|CS|TAMS 0x000000060d000000| PB 0x000000060d000000| Complete 
|  53|0x000000060d400000, 0x000000060d800000, 0x000000060d800000|100%| E|CS|TAMS 0x000000060d400000| PB 0x000000060d400000| Complete 
|  62|0x000000060f800000, 0x000000060fc00000, 0x000000060fc00000|100%| E|CS|TAMS 0x000000060f800000| PB 0x000000060f800000| Complete 
|2045|0x00000007ff400000, 0x00000007ff800000, 0x00000007ff800000|100%| E|CS|TAMS 0x00000007ff400000| PB 0x00000007ff400000| Complete 
|2046|0x00000007ff800000, 0x00000007ffc00000, 0x00000007ffc00000|100%| O|  |TAMS 0x00000007ff800000| PB 0x00000007ff800000| Untracked 
|2047|0x00000007ffc00000, 0x0000000800000000, 0x0000000800000000|100%| O|  |TAMS 0x00000007ffc00000| PB 0x00000007ffc00000| Untracked 

Card table byte_map: [0x000001cf5cab0000,0x000001cf5dab0000] _byte_map_base: 0x000001cf59ab0000

Marking Bits: (CMBitMap*) 0x000001cf37c9d420
 Bits: [0x000001cf5dab0000, 0x000001cf65ab0000)

Polling page: 0x000001cf35a50000

Metaspace:

Usage:
  Non-class:     39.19 MB used.
      Class:      6.79 MB used.
       Both:     45.99 MB used.

Virtual space:
  Non-class space:       64.00 MB reserved,      40.06 MB ( 63%) committed,  1 nodes.
      Class space:        1.00 GB reserved,       7.62 MB ( <1%) committed,  1 nodes.
             Both:        1.06 GB reserved,      47.69 MB (  4%) committed. 

Chunk freelists:
   Non-Class:  7.89 MB
       Class:  8.31 MB
        Both:  16.20 MB

MaxMetaspaceSize: 4.00 GB
CompressedClassSpaceSize: 1.00 GB
Initial GC threshold: 21.00 MB
Current GC threshold: 59.00 MB
CDS: on
 - commit_granule_bytes: 65536.
 - commit_granule_words: 8192.
 - virtual_space_node_default_size: 8388608.
 - enlarge_chunks_in_place: 1.
 - use_allocation_guard: 0.


Internal statistics:

num_allocs_failed_limit: 6.
num_arena_births: 3098.
num_arena_deaths: 0.
num_vsnodes_births: 2.
num_vsnodes_deaths: 0.
num_space_committed: 763.
num_space_uncommitted: 0.
num_chunks_returned_to_freelist: 6.
num_chunks_taken_from_freelist: 5470.
num_chunk_merges: 3.
num_chunk_splits: 3526.
num_chunks_enlarged: 2116.
num_inconsistent_stats: 0.

CodeHeap 'non-profiled nmethods': size=258432Kb used=3422Kb max_used=3422Kb free=255010Kb
 bounds [0x000001cf4b190000, 0x000001cf4b4f0000, 0x000001cf5adf0000]
CodeHeap 'profiled nmethods': size=258368Kb used=11362Kb max_used=11362Kb free=247006Kb
 bounds [0x000001cf3adf0000, 0x000001cf3b910000, 0x000001cf4aa40000]
CodeHeap 'non-nmethods': size=7488Kb used=2432Kb max_used=3096Kb free=5055Kb
 bounds [0x000001cf4aa40000, 0x000001cf4ad50000, 0x000001cf4b190000]
CodeCache: size=524288Kb, used=17216Kb, max_used=17880Kb, free=507071Kb
 total_blobs=6553, nmethods=5815, adapters=640, full_count=0
Compilation: enabled, stopped_count=0, restarted_count=0

Compilation events (20 events):
Event: 304.524 Thread 0x000001cfae026cc0 nmethod 6271 0x000001cf4b4e3c10 code [0x000001cf4b4e3da0, 0x000001cf4b4e3e70]
Event: 304.524 Thread 0x000001cfae026cc0 6274       3       com.google.common.collect.ImmutableSet::builder (8 bytes)
Event: 304.525 Thread 0x000001cfae026cc0 nmethod 6274 0x000001cf3b8fbc90 code [0x000001cf3b8fbe60, 0x000001cf3b8fc208]
Event: 304.525 Thread 0x000001cfb0a2f1c0 nmethod 6270 0x000001cf3b8fc390 code [0x000001cf3b8fc6e0, 0x000001cf3b8fdd18]
Event: 304.525 Thread 0x000001cfae00c860 nmethod 6258 0x000001cf4b4e3f10 code [0x000001cf4b4e40c0, 0x000001cf4b4e4318]
Event: 304.525 Thread 0x000001cfae00c860 6265       4       org.gradle.internal.snapshot.impl.StringValueSnapshot::equals (6 bytes)
Event: 304.528 Thread 0x000001cfae00c860 nmethod 6265 0x000001cf4b4e4490 code [0x000001cf4b4e4640, 0x000001cf4b4e4980]
Event: 304.554 Thread 0x000001cfae00c860 6275       4       java.lang.Class::descriptorString (170 bytes)
Event: 304.555 Thread 0x000001cfae026cc0 6276       1       org.objectweb.asm.Handle::getTag (5 bytes)
Event: 304.555 Thread 0x000001cfb0a2f1c0 6277       1       org.objectweb.asm.Handle::getOwner (5 bytes)
Event: 304.555 Thread 0x000001cfae026cc0 nmethod 6276 0x000001cf4b4e4b10 code [0x000001cf4b4e4ca0, 0x000001cf4b4e4d68]
Event: 304.555 Thread 0x000001cfb0a2f1c0 nmethod 6277 0x000001cf4b4e4e10 code [0x000001cf4b4e4fa0, 0x000001cf4b4e5070]
Event: 304.555 Thread 0x000001cfae026cc0 6278       1       org.objectweb.asm.Handle::getName (5 bytes)
Event: 304.555 Thread 0x000001cfb0a2f1c0 6279       1       org.objectweb.asm.Handle::getDesc (5 bytes)
Event: 304.555 Thread 0x000001cfb0a2f1c0 nmethod 6279 0x000001cf4b4e5110 code [0x000001cf4b4e52a0, 0x000001cf4b4e5370]
Event: 304.555 Thread 0x000001cfae026cc0 nmethod 6278 0x000001cf4b4e5410 code [0x000001cf4b4e55a0, 0x000001cf4b4e5670]
Event: 304.555 Thread 0x000001cfb0a2f1c0 6280       1       org.objectweb.asm.Handle::isInterface (5 bytes)
Event: 304.555 Thread 0x000001cfb0a2f1c0 nmethod 6280 0x000001cf4b4e5710 code [0x000001cf4b4e58a0, 0x000001cf4b4e5970]
Event: 304.556 Thread 0x000001cfb0a2f1c0 6281       3       jdk.internal.org.objectweb.asm.ClassReader::<init> (371 bytes)
Event: 304.565 Thread 0x000001cfb0a2f1c0 nmethod 6281 0x000001cf3b8fe310 code [0x000001cf3b8fe620, 0x000001cf3b8ff928]

GC Heap History (20 events):
Event: 0.386 GC heap before
{Heap before GC invocations=0 (full 0):
 garbage-first heap   total 258048K, used 20480K [0x0000000600000000, 0x0000000800000000)
  region size 4096K, 5 young (20480K), 0 survivors (0K)
 Metaspace       used 878K, committed 1024K, reserved 1114112K
  class space    used 71K, committed 128K, reserved 1048576K
}
Event: 0.388 GC heap after
{Heap after GC invocations=1 (full 0):
 garbage-first heap   total 258048K, used 1688K [0x0000000600000000, 0x0000000800000000)
  region size 4096K, 1 young (4096K), 1 survivors (4096K)
 Metaspace       used 878K, committed 1024K, reserved 1114112K
  class space    used 71K, committed 128K, reserved 1048576K
}
Event: 1.249 GC heap before
{Heap before GC invocations=1 (full 0):
 garbage-first heap   total 258048K, used 46744K [0x0000000600000000, 0x0000000800000000)
  region size 4096K, 11 young (45056K), 1 survivors (4096K)
 Metaspace       used 4599K, committed 4800K, reserved 1114112K
  class space    used 582K, committed 704K, reserved 1048576K
}
Event: 1.254 GC heap after
{Heap after GC invocations=2 (full 0):
 garbage-first heap   total 258048K, used 11514K [0x0000000600000000, 0x0000000800000000)
  region size 4096K, 2 young (8192K), 2 survivors (8192K)
 Metaspace       used 4599K, committed 4800K, reserved 1114112K
  class space    used 582K, committed 704K, reserved 1048576K
}
Event: 25.867 GC heap before
{Heap before GC invocations=2 (full 0):
 garbage-first heap   total 258048K, used 122106K [0x0000000600000000, 0x0000000800000000)
  region size 4096K, 29 young (118784K), 2 survivors (8192K)
 Metaspace       used 16236K, committed 16704K, reserved 1114112K
  class space    used 2227K, committed 2432K, reserved 1048576K
}
Event: 25.881 GC heap after
{Heap after GC invocations=3 (full 0):
 garbage-first heap   total 258048K, used 21157K [0x0000000600000000, 0x0000000800000000)
  region size 4096K, 4 young (16384K), 4 survivors (16384K)
 Metaspace       used 16236K, committed 16704K, reserved 1114112K
  class space    used 2227K, committed 2432K, reserved 1048576K
}
Event: 26.729 GC heap before
{Heap before GC invocations=3 (full 0):
 garbage-first heap   total 258048K, used 49829K [0x0000000600000000, 0x0000000800000000)
  region size 4096K, 13 young (53248K), 4 survivors (16384K)
 Metaspace       used 20894K, committed 21504K, reserved 1114112K
  class space    used 2887K, committed 3136K, reserved 1048576K
}
Event: 26.736 GC heap after
{Heap after GC invocations=4 (full 0):
 garbage-first heap   total 258048K, used 23876K [0x0000000600000000, 0x0000000800000000)
  region size 4096K, 3 young (12288K), 3 survivors (12288K)
 Metaspace       used 20894K, committed 21504K, reserved 1114112K
  class space    used 2887K, committed 3136K, reserved 1048576K
}
Event: 28.330 GC heap before
{Heap before GC invocations=5 (full 0):
 garbage-first heap   total 81920K, used 81220K [0x0000000600000000, 0x0000000800000000)
  region size 4096K, 17 young (69632K), 3 survivors (12288K)
 Metaspace       used 27988K, committed 28992K, reserved 1114112K
  class space    used 4018K, committed 4480K, reserved 1048576K
}
Event: 28.339 GC heap after
{Heap after GC invocations=6 (full 0):
 garbage-first heap   total 102400K, used 27026K [0x0000000600000000, 0x0000000800000000)
  region size 4096K, 2 young (8192K), 2 survivors (8192K)
 Metaspace       used 27988K, committed 28992K, reserved 1114112K
  class space    used 4018K, committed 4480K, reserved 1048576K
}
Event: 29.577 GC heap before
{Heap before GC invocations=6 (full 0):
 garbage-first heap   total 102400K, used 72082K [0x0000000600000000, 0x0000000800000000)
  region size 4096K, 14 young (57344K), 2 survivors (8192K)
 Metaspace       used 34241K, committed 35584K, reserved 1114112K
  class space    used 4919K, committed 5568K, reserved 1048576K
}
Event: 29.582 GC heap after
{Heap after GC invocations=7 (full 0):
 garbage-first heap   total 102400K, used 30155K [0x0000000600000000, 0x0000000800000000)
  region size 4096K, 2 young (8192K), 2 survivors (8192K)
 Metaspace       used 34241K, committed 35584K, reserved 1114112K
  class space    used 4919K, committed 5568K, reserved 1048576K
}
Event: 29.676 GC heap before
{Heap before GC invocations=7 (full 0):
 garbage-first heap   total 102400K, used 30155K [0x0000000600000000, 0x0000000800000000)
  region size 4096K, 3 young (12288K), 2 survivors (8192K)
 Metaspace       used 34831K, committed 36160K, reserved 1114112K
  class space    used 4972K, committed 5632K, reserved 1048576K
}
Event: 29.679 GC heap after
{Heap after GC invocations=8 (full 0):
 garbage-first heap   total 102400K, used 31021K [0x0000000600000000, 0x0000000800000000)
  region size 4096K, 1 young (4096K), 1 survivors (4096K)
 Metaspace       used 34831K, committed 36160K, reserved 1114112K
  class space    used 4972K, committed 5632K, reserved 1048576K
}
Event: 71.286 GC heap before
{Heap before GC invocations=9 (full 0):
 garbage-first heap   total 102400K, used 76077K [0x0000000600000000, 0x0000000800000000)
  region size 4096K, 13 young (53248K), 1 survivors (4096K)
 Metaspace       used 36960K, committed 38400K, reserved 1114112K
  class space    used 5317K, committed 6016K, reserved 1048576K
}
Event: 71.331 GC heap after
{Heap after GC invocations=10 (full 0):
 garbage-first heap   total 102400K, used 32518K [0x0000000600000000, 0x0000000800000000)
  region size 4096K, 2 young (8192K), 2 survivors (8192K)
 Metaspace       used 36960K, committed 38400K, reserved 1114112K
  class space    used 5317K, committed 6016K, reserved 1048576K
}
Event: 297.501 GC heap before
{Heap before GC invocations=10 (full 0):
 garbage-first heap   total 102400K, used 81670K [0x0000000600000000, 0x0000000800000000)
  region size 4096K, 14 young (57344K), 2 survivors (8192K)
 Metaspace       used 40512K, committed 42112K, reserved 1114112K
  class space    used 5903K, committed 6656K, reserved 1048576K
}
Event: 297.523 GC heap after
{Heap after GC invocations=11 (full 0):
 garbage-first heap   total 102400K, used 33164K [0x0000000600000000, 0x0000000800000000)
  region size 4096K, 1 young (4096K), 1 survivors (4096K)
 Metaspace       used 40512K, committed 42112K, reserved 1114112K
  class space    used 5903K, committed 6656K, reserved 1048576K
}
Event: 299.758 GC heap before
{Heap before GC invocations=11 (full 0):
 garbage-first heap   total 102400K, used 82316K [0x0000000600000000, 0x0000000800000000)
  region size 4096K, 13 young (53248K), 1 survivors (4096K)
 Metaspace       used 43058K, committed 44736K, reserved 1114112K
  class space    used 6343K, committed 7168K, reserved 1048576K
}
Event: 299.761 GC heap after
{Heap after GC invocations=12 (full 0):
 garbage-first heap   total 102400K, used 34410K [0x0000000600000000, 0x0000000800000000)
  region size 4096K, 2 young (8192K), 2 survivors (8192K)
 Metaspace       used 43058K, committed 44736K, reserved 1114112K
  class space    used 6343K, committed 7168K, reserved 1048576K
}

Dll operation events (20 events):
Event: 0.106 Attempting to load shared library C:\Users\AJI\.vscode\extensions\redhat.java-1.56.0-win32-x64\jre\21.0.12.1-win32-x86_64\bin\nio.dll
Event: 0.106 Loaded shared library C:\Users\AJI\.vscode\extensions\redhat.java-1.56.0-win32-x64\jre\21.0.12.1-win32-x86_64\bin\nio.dll
Event: 0.111 Attempting to load shared library C:\Users\AJI\.vscode\extensions\redhat.java-1.56.0-win32-x64\jre\21.0.12.1-win32-x86_64\bin\zip.dll
Event: 0.111 Loaded shared library C:\Users\AJI\.vscode\extensions\redhat.java-1.56.0-win32-x64\jre\21.0.12.1-win32-x86_64\bin\zip.dll
Event: 0.406 Attempting to load shared library C:\Users\AJI\.vscode\extensions\redhat.java-1.56.0-win32-x64\jre\21.0.12.1-win32-x86_64\bin\jimage.dll
Event: 0.406 Loaded shared library C:\Users\AJI\.vscode\extensions\redhat.java-1.56.0-win32-x64\jre\21.0.12.1-win32-x86_64\bin\jimage.dll
Event: 0.612 Attempting to load shared library C:\Users\AJI\.vscode\extensions\redhat.java-1.56.0-win32-x64\jre\21.0.12.1-win32-x86_64\bin\verify.dll
Event: 0.613 Loaded shared library C:\Users\AJI\.vscode\extensions\redhat.java-1.56.0-win32-x64\jre\21.0.12.1-win32-x86_64\bin\verify.dll
Event: 0.654 Attempting to load shared library C:\Users\AJI\.gradle\native\1def1411415f61bf3af743bc5b6707747c0891f09f0c88961ee8f79bc544acac\windows-amd64\native-platform.dll
Event: 0.655 Loaded shared library C:\Users\AJI\.gradle\native\1def1411415f61bf3af743bc5b6707747c0891f09f0c88961ee8f79bc544acac\windows-amd64\native-platform.dll
Event: 0.667 Attempting to load shared library C:\Users\AJI\.gradle\native\0.2.8\x86_64-windows-gnu\gradle-fileevents.dll
Event: 0.668 Loaded shared library C:\Users\AJI\.gradle\native\0.2.8\x86_64-windows-gnu\gradle-fileevents.dll
Event: 2.749 Attempting to load shared library C:\Users\AJI\.vscode\extensions\redhat.java-1.56.0-win32-x64\jre\21.0.12.1-win32-x86_64\bin\management.dll
Event: 2.751 Loaded shared library C:\Users\AJI\.vscode\extensions\redhat.java-1.56.0-win32-x64\jre\21.0.12.1-win32-x86_64\bin\management.dll
Event: 2.755 Attempting to load shared library C:\Users\AJI\.vscode\extensions\redhat.java-1.56.0-win32-x64\jre\21.0.12.1-win32-x86_64\bin\management_ext.dll
Event: 2.756 Loaded shared library C:\Users\AJI\.vscode\extensions\redhat.java-1.56.0-win32-x64\jre\21.0.12.1-win32-x86_64\bin\management_ext.dll
Event: 3.354 Attempting to load shared library C:\Users\AJI\.vscode\extensions\redhat.java-1.56.0-win32-x64\jre\21.0.12.1-win32-x86_64\bin\extnet.dll
Event: 3.355 Loaded shared library C:\Users\AJI\.vscode\extensions\redhat.java-1.56.0-win32-x64\jre\21.0.12.1-win32-x86_64\bin\extnet.dll
Event: 3.841 Attempting to load shared library C:\Users\AJI\.vscode\extensions\redhat.java-1.56.0-win32-x64\jre\21.0.12.1-win32-x86_64\bin\sunmscapi.dll
Event: 3.845 Loaded shared library C:\Users\AJI\.vscode\extensions\redhat.java-1.56.0-win32-x64\jre\21.0.12.1-win32-x86_64\bin\sunmscapi.dll

Deoptimization events (20 events):
Event: 303.170 Thread 0x000001cfb055a350 DEOPT PACKING pc=0x000001cf4b2bdeb4 sp=0x0000007b5fffe230
Event: 303.170 Thread 0x000001cfb055b700 Uncommon trap: trap_request=0xffffff45 fr.pc=0x000001cf4b24e32c relative=0x000000000000016c
Event: 303.170 Thread 0x000001cfb055eb80 DEOPT UNPACKING pc=0x000001cf4aa94422 sp=0x0000007b600fe800 mode 2
Event: 303.170 Thread 0x000001cfb055b700 Uncommon trap: reason=unstable_if action=reinterpret pc=0x000001cf4b24e32c method=java.util.concurrent.ConcurrentHashMap.addCount(JI)V @ 34 c2
Event: 303.170 Thread 0x000001cfb055d7d0 DEOPT UNPACKING pc=0x000001cf4aa94422 sp=0x0000007b5fdfe620 mode 2
Event: 303.170 Thread 0x000001cfb055a350 DEOPT UNPACKING pc=0x000001cf4aa94422 sp=0x0000007b5fffe0f0 mode 2
Event: 303.170 Thread 0x000001cfafac1560 Uncommon trap: trap_request=0xffffff45 fr.pc=0x000001cf4b287df8 relative=0x00000000000004f8
Event: 303.170 Thread 0x000001cfafac1560 Uncommon trap: reason=unstable_if action=reinterpret pc=0x000001cf4b287df8 method=java.util.concurrent.locks.AbstractQueuedSynchronizer$ConditionObject.enableWait(Ljava/util/concurrent/locks/AbstractQueuedSynchronizer$ConditionNode;)I @ 28 c2
Event: 303.170 Thread 0x000001cfb055b700 DEOPT PACKING pc=0x000001cf4b24e32c sp=0x0000007b602fe900
Event: 303.170 Thread 0x000001cfb055b700 DEOPT UNPACKING pc=0x000001cf4aa94422 sp=0x0000007b602fe860 mode 2
Event: 303.171 Thread 0x000001cfafac1560 DEOPT PACKING pc=0x000001cf4b287df8 sp=0x0000007b5def40c0
Event: 303.171 Thread 0x000001cfafac1560 DEOPT UNPACKING pc=0x000001cf4aa94422 sp=0x0000007b5def4080 mode 2
Event: 304.424 Thread 0x000001cfb055e4f0 Uncommon trap: trap_request=0xffffff45 fr.pc=0x000001cf4b27a5dc relative=0x000000000000031c
Event: 304.424 Thread 0x000001cfb055e4f0 Uncommon trap: reason=unstable_if action=reinterpret pc=0x000001cf4b27a5dc method=java.util.concurrent.ConcurrentLinkedQueue.poll()Ljava/lang/Object; @ 24 c2
Event: 304.424 Thread 0x000001cfb055e4f0 DEOPT PACKING pc=0x000001cf4b27a5dc sp=0x0000007b604fdba0
Event: 304.424 Thread 0x000001cfb055e4f0 DEOPT UNPACKING pc=0x000001cf4aa94422 sp=0x0000007b604fdb78 mode 2
Event: 304.424 Thread 0x000001cfb055e4f0 Uncommon trap: trap_request=0xffffff45 fr.pc=0x000001cf4b3ed41c relative=0x000000000000027c
Event: 304.424 Thread 0x000001cfb055e4f0 Uncommon trap: reason=unstable_if action=reinterpret pc=0x000001cf4b3ed41c method=java.util.concurrent.ConcurrentLinkedQueue.updateHead(Ljava/util/concurrent/ConcurrentLinkedQueue$Node;Ljava/util/concurrent/ConcurrentLinkedQueue$Node;)V @ 14 c2
Event: 304.424 Thread 0x000001cfb055e4f0 DEOPT PACKING pc=0x000001cf4b3ed41c sp=0x0000007b604fdb50
Event: 304.424 Thread 0x000001cfb055e4f0 DEOPT UNPACKING pc=0x000001cf4aa94422 sp=0x0000007b604fdb00 mode 2

Classes loaded (20 events):
Event: 302.215 Loading class javax/naming/InvalidNameException
Event: 302.216 Loading class javax/naming/InvalidNameException done
Event: 302.216 Loading class java/security/cert/CertificateParsingException
Event: 302.216 Loading class java/security/cert/CertificateException
Event: 302.216 Loading class java/security/cert/CertificateException done
Event: 302.216 Loading class java/security/cert/CertificateParsingException done
Event: 302.537 Loading class java/util/function/IntBinaryOperator
Event: 302.537 Loading class java/util/function/IntBinaryOperator done
Event: 303.120 Loading class java/util/LinkedList$LLSpliterator
Event: 303.120 Loading class java/util/LinkedList$LLSpliterator done
Event: 304.462 Loading class java/util/stream/DistinctOps
Event: 304.462 Loading class java/util/stream/DistinctOps done
Event: 304.462 Loading class java/util/stream/DistinctOps$1
Event: 304.462 Loading class java/util/stream/DistinctOps$1 done
Event: 304.462 Loading class java/util/stream/DistinctOps$1$2
Event: 304.463 Loading class java/util/stream/DistinctOps$1$2 done
Event: 304.567 Loading class sun/reflect/ReflectionFactory
Event: 304.567 Loading class sun/reflect/ReflectionFactory done
Event: 304.567 Loading class sun/reflect/ReflectionFactory$1
Event: 304.567 Loading class sun/reflect/ReflectionFactory$1 done

Classes unloaded (0 events):
No events

Classes redefined (0 events):
No events

Internal exceptions (20 events):
Event: 297.565 Thread 0x000001cfafac1560 Exception <a 'sun/nio/fs/WindowsException'{0x00000007ff4ae908}> (0x00000007ff4ae908) 
thrown [s\src\hotspot\share\prims\jni.cpp, line 520]
Event: 297.566 Thread 0x000001cfafac1560 Exception <a 'sun/nio/fs/WindowsException'{0x00000007ff4b05d0}> (0x00000007ff4b05d0) 
thrown [s\src\hotspot\share\prims\jni.cpp, line 520]
Event: 297.566 Thread 0x000001cfafac1560 Exception <a 'sun/nio/fs/WindowsException'{0x00000007ff4b2288}> (0x00000007ff4b2288) 
thrown [s\src\hotspot\share\prims\jni.cpp, line 520]
Event: 297.568 Thread 0x000001cfafac1560 Exception <a 'sun/nio/fs/WindowsException'{0x00000007ff522938}> (0x00000007ff522938) 
thrown [s\src\hotspot\share\prims\jni.cpp, line 520]
Event: 299.624 Thread 0x000001cfafac1560 Exception <a 'java/lang/NoSuchMethodError'{0x000000060337ad28}: 'long java.lang.invoke.DirectMethodHandle$Holder.invokeStatic(java.lang.Object, long)'> (0x000000060337ad28) 
thrown [s\src\hotspot\share\interpreter\linkResolver.cpp, line 773]
Event: 302.052 Thread 0x000001cfafac1560 Exception <a 'java/lang/NoSuchMethodError'{0x000000060f976788}: 'java.lang.Object java.lang.invoke.DirectMethodHandle$Holder.newInvokeSpecial(java.lang.Object, java.lang.Object, java.lang.Object, int, java.lang.Object)'> (0x000000060f976788) 
thrown [s\src\hotspot\share\interpreter\linkResolver.cpp, line 773]
Event: 302.052 Thread 0x000001cfafac1560 Exception <a 'java/lang/NoSuchMethodError'{0x000000060f97b708}: 'java.lang.Object java.lang.invoke.Invokers$Holder.linkToTargetMethod(java.lang.Object, java.lang.Object, int, java.lang.Object, java.lang.Object)'> (0x000000060f97b708) 
thrown [s\src\hotspot\share\interpreter\linkResolver.cpp, line 773]
Event: 302.114 Thread 0x000001cfafac1560 Exception <a 'java/lang/NoSuchMethodError'{0x000000060d4742c0}: 'java.lang.Object java.lang.invoke.DirectMethodHandle$Holder.newInvokeSpecial(java.lang.Object, int, java.lang.Object)'> (0x000000060d4742c0) 
thrown [s\src\hotspot\share\interpreter\linkResolver.cpp, line 773]
Event: 302.334 Thread 0x000001cfafac1560 Exception <a 'java/lang/NoSuchMethodError'{0x000000060cd49998}: 'java.lang.Object java.lang.invoke.DirectMethodHandle$Holder.invokeSpecial(java.lang.Object, java.lang.Object, java.lang.Object, int, java.lang.Object)'> (0x000000060cd49998) 
thrown [s\src\hotspot\share\interpreter\linkResolver.cpp, line 773]
Event: 302.403 Thread 0x000001cfafac1560 Exception <a 'java/lang/NoSuchMethodError'{0x000000060cfe3bb0}: 'int java.lang.invoke.DirectMethodHandle$Holder.invokeSpecialIFC(java.lang.Object, java.lang.Object, java.lang.Object)'> (0x000000060cfe3bb0) 
thrown [s\src\hotspot\share\interpreter\linkResolver.cpp, line 773]
Event: 302.543 Thread 0x000001cfafac1560 Exception <a 'java/lang/NoSuchMethodError'{0x00000006040efac8}: 'java.lang.Object java.lang.invoke.DirectMethodHandle$Holder.newInvokeSpecial(java.lang.Object, java.lang.Object, long, java.lang.Object)'> (0x00000006040efac8) 
thrown [s\src\hotspot\share\interpreter\linkResolver.cpp, line 773]
Event: 302.544 Thread 0x000001cfafac1560 Exception <a 'java/lang/NoSuchMethodError'{0x00000006040f5078}: 'java.lang.Object java.lang.invoke.DirectMethodHandle$Holder.invokeSpecial(java.lang.Object, java.lang.Object, java.lang.Object, long, java.lang.Object)'> (0x00000006040f5078) 
thrown [s\src\hotspot\share\interpreter\linkResolver.cpp, line 773]
Event: 302.544 Thread 0x000001cfafac1560 Exception <a 'java/lang/NoSuchMethodError'{0x00000006040f9fa8}: 'java.lang.Object java.lang.invoke.Invokers$Holder.linkToTargetMethod(java.lang.Object, long, java.lang.Object, java.lang.Object)'> (0x00000006040f9fa8) 
thrown [s\src\hotspot\share\interpreter\linkResolver.cpp, line 773]
Event: 302.548 Thread 0x000001cfafac1560 Exception <a 'java/lang/NoSuchMethodError'{0x0000000604125fa0}: 'void java.lang.invoke.DirectMethodHandle$Holder.invokeStatic(java.lang.Object, java.lang.Object, java.lang.Object, int, java.lang.Object)'> (0x0000000604125fa0) 
thrown [s\src\hotspot\share\interpreter\linkResolver.cpp, line 773]
Event: 302.581 Thread 0x000001cfafac1560 Exception <a 'java/lang/NoSuchMethodError'{0x00000006042eb538}: 'int java.lang.invoke.DirectMethodHandle$Holder.invokeInterface(java.lang.Object, java.lang.Object, java.lang.Object, java.lang.Object, java.lang.Object)'> (0x00000006042eb538) 
thrown [s\src\hotspot\share\interpreter\linkResolver.cpp, line 773]
Event: 302.665 Thread 0x000001cfafac1560 Exception <a 'java/lang/NoSuchMethodError'{0x0000000603ddcfb8}: 'java.lang.Object java.lang.invoke.DirectMethodHandle$Holder.invokeSpecial(java.lang.Object, java.lang.Object, long, java.lang.Object, java.lang.Object)'> (0x0000000603ddcfb8) 
thrown [s\src\hotspot\share\interpreter\linkResolver.cpp, line 773]
Event: 303.121 Thread 0x000001cfafac1560 Exception <a 'java/lang/IncompatibleClassChangeError'{0x00000006035aa430}: Found class java.lang.Object, but interface was expected> (0x00000006035aa430) 
thrown [s\src\hotspot\share\interpreter\linkResolver.cpp, line 840]
Event: 303.177 Thread 0x000001cfb055cab0 Exception <a 'java/lang/NoSuchMethodError'{0x000000060379beb0}: 'void java.lang.invoke.DirectMethodHandle$Holder.invokeVirtual(java.lang.Object, java.lang.Object)'> (0x000000060379beb0) 
thrown [s\src\hotspot\share\interpreter\linkResolver.cpp, line 773]
Event: 303.177 Thread 0x000001cfb055bd90 Exception <a 'java/lang/NoSuchMethodError'{0x00000006037833b8}: 'void java.lang.invoke.DirectMethodHandle$Holder.invokeVirtual(java.lang.Object, java.lang.Object)'> (0x00000006037833b8) 
thrown [s\src\hotspot\share\interpreter\linkResolver.cpp, line 773]
Event: 304.446 Thread 0x000001cfafac6420 Exception <a 'java/io/IOException'{0x00000006031d23d0}> (0x00000006031d23d0) 
thrown [s\src\hotspot\share\prims\jni.cpp, line 520]

ZGC Phase Switch (0 events):
No events

VM Operations (20 events):
Event: 299.758 Executing safepoint VM operation: G1CollectForAllocation (G1 Evacuation Pause)
Event: 299.761 Executing safepoint VM operation: G1CollectForAllocation (G1 Evacuation Pause) done
Event: 300.170 Executing non-safepoint VM operation: HandshakeAllThreads (HandshakeForDeflation)
Event: 300.170 Executing non-safepoint VM operation: HandshakeAllThreads (HandshakeForDeflation) done
Event: 300.170 Executing non-safepoint VM operation: RendezvousGCThreads
Event: 300.170 Executing non-safepoint VM operation: RendezvousGCThreads done
Event: 301.179 Executing safepoint VM operation: Cleanup
Event: 301.179 Executing safepoint VM operation: Cleanup done
Event: 302.187 Executing safepoint VM operation: Cleanup
Event: 302.187 Executing safepoint VM operation: Cleanup done
Event: 302.409 Executing non-safepoint VM operation: HandshakeAllThreads (Deoptimize)
Event: 302.409 Executing non-safepoint VM operation: HandshakeAllThreads (Deoptimize) done
Event: 302.650 Executing non-safepoint VM operation: HandshakeAllThreads (Deoptimize)
Event: 302.650 Executing non-safepoint VM operation: HandshakeAllThreads (Deoptimize) done
Event: 302.652 Executing non-safepoint VM operation: HandshakeAllThreads (Deoptimize)
Event: 302.652 Executing non-safepoint VM operation: HandshakeAllThreads (Deoptimize) done
Event: 302.861 Executing safepoint VM operation: ICBufferFull
Event: 302.861 Executing safepoint VM operation: ICBufferFull done
Event: 303.874 Executing safepoint VM operation: Cleanup
Event: 303.874 Executing safepoint VM operation: Cleanup done

Memory protections (0 events):
No events

Nmethod flushes (20 events):
Event: 29.697 Thread 0x000001cf65d9fe10 flushing  nmethod 0x000001cf3ae57410
Event: 29.697 Thread 0x000001cf65d9fe10 flushing  nmethod 0x000001cf3ae57a90
Event: 29.697 Thread 0x000001cf65d9fe10 flushing  nmethod 0x000001cf3ae58b10
Event: 29.697 Thread 0x000001cf65d9fe10 flushing  nmethod 0x000001cf3aeb6b90
Event: 29.697 Thread 0x000001cf65d9fe10 flushing  nmethod 0x000001cf3aeb7090
Event: 29.697 Thread 0x000001cf65d9fe10 flushing  nmethod 0x000001cf3aeb7610
Event: 29.697 Thread 0x000001cf65d9fe10 flushing  nmethod 0x000001cf3af42110
Event: 29.697 Thread 0x000001cf65d9fe10 flushing  nmethod 0x000001cf3af78c90
Event: 29.697 Thread 0x000001cf65d9fe10 flushing  nmethod 0x000001cf3af7a890
Event: 29.697 Thread 0x000001cf65d9fe10 flushing  nmethod 0x000001cf3af7b790
Event: 29.697 Thread 0x000001cf65d9fe10 flushing  nmethod 0x000001cf3af84710
Event: 29.697 Thread 0x000001cf65d9fe10 flushing  nmethod 0x000001cf3b019d10
Event: 29.697 Thread 0x000001cf65d9fe10 flushing  nmethod 0x000001cf3b09a190
Event: 29.697 Thread 0x000001cf65d9fe10 flushing  nmethod 0x000001cf3b09ec10
Event: 29.697 Thread 0x000001cf65d9fe10 flushing  nmethod 0x000001cf3b09f890
Event: 29.697 Thread 0x000001cf65d9fe10 flushing  nmethod 0x000001cf3b0fc610
Event: 29.697 Thread 0x000001cf65d9fe10 flushing  nmethod 0x000001cf3b16db90
Event: 29.697 Thread 0x000001cf65d9fe10 flushing  nmethod 0x000001cf3b171a10
Event: 29.697 Thread 0x000001cf65d9fe10 flushing  nmethod 0x000001cf3b397c10
Event: 29.697 Thread 0x000001cf65d9fe10 flushing  nmethod 0x000001cf3b3b9090

Events (20 events):
Event: 303.162 Thread 0x000001cfafac1560 Thread added: 0x000001cfb055bd90
Event: 303.163 Thread 0x000001cfafac1560 Thread added: 0x000001cfb055a9e0
Event: 303.163 Thread 0x000001cfafac1560 Thread added: 0x000001cfb055d140
Event: 303.163 Thread 0x000001cfafac1560 Thread added: 0x000001cfb0559cc0
Event: 303.163 Thread 0x000001cfafac1560 Thread added: 0x000001cfb055b070
Event: 303.163 Thread 0x000001cfafac1560 Thread added: 0x000001cfb055d7d0
Event: 303.164 Thread 0x000001cfafac1560 Thread added: 0x000001cfb055c420
Event: 303.164 Thread 0x000001cfafac1560 Thread added: 0x000001cfb055a350
Event: 303.164 Thread 0x000001cfafac1560 Thread added: 0x000001cfb055eb80
Event: 303.164 Thread 0x000001cfafac1560 Thread added: 0x000001cfb055de60
Event: 303.165 Thread 0x000001cfafac1560 Thread added: 0x000001cfb055b700
Event: 303.165 Thread 0x000001cfafac1560 Thread added: 0x000001cfb055f8a0
Event: 303.165 Thread 0x000001cfafac1560 Thread added: 0x000001cfb055e4f0
Event: 303.165 Thread 0x000001cfafac1560 Thread added: 0x000001cfb055f210
Event: 303.165 Thread 0x000001cfafac1560 Thread added: 0x000001cfb055ff30
Event: 303.166 Thread 0x000001cfafac1560 Thread added: 0x000001cfb055cab0
Event: 303.166 Thread 0x000001cfafac1560 Thread added: 0x000001cfb05605c0
Event: 303.166 Thread 0x000001cfafac1560 Thread added: 0x000001cfb0560c50
Event: 303.166 Thread 0x000001cfafac1560 Thread added: 0x000001cfb1e09b20
Event: 303.837 Thread 0x000001cfb0a2c8e0 Thread exited: 0x000001cfb0a2c8e0


Dynamic libraries:
0x00007ff79bf90000 - 0x00007ff79bf9e000 	C:\Users\AJI\.vscode\extensions\redhat.java-1.56.0-win32-x64\jre\21.0.12.1-win32-x86_64\bin\java.exe
0x00007ffe02160000 - 0x00007ffe023c7000 	C:\WINDOWS\SYSTEM32\ntdll.dll
0x00007ffe003b0000 - 0x00007ffe0047b000 	C:\WINDOWS\System32\KERNEL32.DLL
0x00007ffdff6f0000 - 0x00007ffdffaf2000 	C:\WINDOWS\System32\KERNELBASE.dll
0x00007ffdff410000 - 0x00007ffdff55c000 	C:\WINDOWS\System32\ucrtbase.dll
0x00007ffdc0f00000 - 0x00007ffdc0f1e000 	C:\Users\AJI\.vscode\extensions\redhat.java-1.56.0-win32-x64\jre\21.0.12.1-win32-x86_64\bin\VCRUNTIME140.dll
0x00007ffd821c0000 - 0x00007ffd821d8000 	C:\Users\AJI\.vscode\extensions\redhat.java-1.56.0-win32-x64\jre\21.0.12.1-win32-x86_64\bin\jli.dll
0x00007ffe019a0000 - 0x00007ffe01b6f000 	C:\WINDOWS\System32\USER32.dll
0x00007ffddfe30000 - 0x00007ffde00c0000 	C:\WINDOWS\WinSxS\amd64_microsoft.windows.common-controls_6595b64144ccf1df_6.0.26100.9278_none_3e0d1ba8e3303201\COMCTL32.dll
0x00007ffdff570000 - 0x00007ffdff597000 	C:\WINDOWS\System32\win32u.dll
0x00007ffe018c0000 - 0x00007ffe01969000 	C:\WINDOWS\System32\msvcrt.dll
0x00007ffe01970000 - 0x00007ffe0199b000 	C:\WINDOWS\System32\GDI32.dll
0x00007ffdffc90000 - 0x00007ffdffdb9000 	C:\WINDOWS\System32\gdi32full.dll
0x00007ffdff360000 - 0x00007ffdff403000 	C:\WINDOWS\System32\msvcp_win.dll
0x00007ffe01b90000 - 0x00007ffe01bc1000 	C:\WINDOWS\System32\IMM32.DLL
0x00007ffdd7ca0000 - 0x00007ffdd7cac000 	C:\Users\AJI\.vscode\extensions\redhat.java-1.56.0-win32-x64\jre\21.0.12.1-win32-x86_64\bin\vcruntime140_1.dll
0x00007ffd7e7f0000 - 0x00007ffd7e87d000 	C:\Users\AJI\.vscode\extensions\redhat.java-1.56.0-win32-x64\jre\21.0.12.1-win32-x86_64\bin\msvcp140.dll
0x00007ffcef0f0000 - 0x00007ffcefe92000 	C:\Users\AJI\.vscode\extensions\redhat.java-1.56.0-win32-x64\jre\21.0.12.1-win32-x86_64\bin\server\jvm.dll
0x00007ffe002e0000 - 0x00007ffe0039c000 	C:\WINDOWS\System32\ADVAPI32.dll
0x00007ffe00230000 - 0x00007ffe002d9000 	C:\WINDOWS\System32\sechost.dll
0x00007ffdfff30000 - 0x00007ffe00048000 	C:\WINDOWS\System32\RPCRT4.dll
0x00007ffe01720000 - 0x00007ffe017a0000 	C:\WINDOWS\System32\WS2_32.dll
0x00007ffdff1c0000 - 0x00007ffdff21e000 	C:\WINDOWS\SYSTEM32\POWRPROF.dll
0x00007ffdf5020000 - 0x00007ffdf502b000 	C:\WINDOWS\SYSTEM32\VERSION.dll
0x00007ffdfb560000 - 0x00007ffdfb596000 	C:\WINDOWS\SYSTEM32\WINMM.dll
0x00007ffdff1a0000 - 0x00007ffdff1b5000 	C:\WINDOWS\SYSTEM32\UMPDC.dll
0x00007ffdfdf70000 - 0x00007ffdfdf8b000 	C:\WINDOWS\SYSTEM32\kernel.appcore.dll
0x00007ffdd7be0000 - 0x00007ffdd7bea000 	C:\Users\AJI\.vscode\extensions\redhat.java-1.56.0-win32-x64\jre\21.0.12.1-win32-x86_64\bin\jimage.dll
0x00007ffdfc940000 - 0x00007ffdfcb8c000 	C:\WINDOWS\SYSTEM32\DBGHELP.DLL
0x00007ffe00d20000 - 0x00007ffe010a5000 	C:\WINDOWS\System32\combase.dll
0x00007ffe011b0000 - 0x00007ffe01289000 	C:\WINDOWS\System32\OLEAUT32.dll
0x00007ffdde450000 - 0x00007ffdde48b000 	C:\WINDOWS\SYSTEM32\dbgcore.DLL
0x00007ffdffdc0000 - 0x00007ffdffe6c000 	C:\WINDOWS\System32\bcryptPrimitives.dll
0x00007ffdd70d0000 - 0x00007ffdd70df000 	C:\Users\AJI\.vscode\extensions\redhat.java-1.56.0-win32-x64\jre\21.0.12.1-win32-x86_64\bin\instrument.dll
0x00007ffd7fbb0000 - 0x00007ffd7fbd0000 	C:\Users\AJI\.vscode\extensions\redhat.java-1.56.0-win32-x64\jre\21.0.12.1-win32-x86_64\bin\java.dll
0x00007ffe00580000 - 0x00007ffe00d18000 	C:\WINDOWS\System32\SHELL32.dll
0x00007ffdfcd80000 - 0x00007ffdfd62e000 	C:\WINDOWS\SYSTEM32\windows.storage.dll
0x00007ffe01320000 - 0x00007ffe0141b000 	C:\WINDOWS\System32\SHCORE.dll
0x00007ffe010b0000 - 0x00007ffe01116000 	C:\WINDOWS\System32\shlwapi.dll
0x00007ffdff280000 - 0x00007ffdff2a9000 	C:\WINDOWS\SYSTEM32\profapi.dll
0x00007ffd7fb90000 - 0x00007ffd7fba8000 	C:\Users\AJI\.vscode\extensions\redhat.java-1.56.0-win32-x64\jre\21.0.12.1-win32-x86_64\bin\zip.dll
0x00007ffdd7b20000 - 0x00007ffdd7b30000 	C:\Users\AJI\.vscode\extensions\redhat.java-1.56.0-win32-x64\jre\21.0.12.1-win32-x86_64\bin\net.dll
0x00007ffdf8730000 - 0x00007ffdf885a000 	C:\WINDOWS\SYSTEM32\WINHTTP.dll
0x00007ffdfe5f0000 - 0x00007ffdfe65c000 	C:\WINDOWS\system32\mswsock.dll
0x00007ffd7e7d0000 - 0x00007ffd7e7e6000 	C:\Users\AJI\.vscode\extensions\redhat.java-1.56.0-win32-x64\jre\21.0.12.1-win32-x86_64\bin\nio.dll
0x00007ffdd1b60000 - 0x00007ffdd1b70000 	C:\Users\AJI\.vscode\extensions\redhat.java-1.56.0-win32-x64\jre\21.0.12.1-win32-x86_64\bin\verify.dll
0x00007ffd7fce0000 - 0x00007ffd7fd07000 	C:\Users\AJI\.gradle\native\1def1411415f61bf3af743bc5b6707747c0891f09f0c88961ee8f79bc544acac\windows-amd64\native-platform.dll
0x00007ffcf9e70000 - 0x00007ffcf9ee7000 	C:\Users\AJI\.gradle\native\0.2.8\x86_64-windows-gnu\gradle-fileevents.dll
0x00007ffdd17c0000 - 0x00007ffdd17ca000 	C:\Users\AJI\.vscode\extensions\redhat.java-1.56.0-win32-x64\jre\21.0.12.1-win32-x86_64\bin\management.dll
0x00007ffdd0ce0000 - 0x00007ffdd0cec000 	C:\Users\AJI\.vscode\extensions\redhat.java-1.56.0-win32-x64\jre\21.0.12.1-win32-x86_64\bin\management_ext.dll
0x00007ffe01b80000 - 0x00007ffe01b88000 	C:\WINDOWS\System32\PSAPI.DLL
0x00007ffdfd9b0000 - 0x00007ffdfd9e3000 	C:\WINDOWS\SYSTEM32\IPHLPAPI.DLL
0x00007ffdfff00000 - 0x00007ffdfff0a000 	C:\WINDOWS\System32\NSI.dll
0x00007ffdd0ba0000 - 0x00007ffdd0ba9000 	C:\Users\AJI\.vscode\extensions\redhat.java-1.56.0-win32-x64\jre\21.0.12.1-win32-x86_64\bin\extnet.dll
0x00007ffdfe8e0000 - 0x00007ffdfe8fb000 	C:\WINDOWS\SYSTEM32\CRYPTSP.dll
0x00007ffdfdf90000 - 0x00007ffdfdfc9000 	C:\WINDOWS\system32\rsaenh.dll
0x00007ffdfe6a0000 - 0x00007ffdfe6d4000 	C:\WINDOWS\SYSTEM32\USERENV.dll
0x00007ffdff250000 - 0x00007ffdff27a000 	C:\WINDOWS\SYSTEM32\bcrypt.dll
0x00007ffdfe900000 - 0x00007ffdfe90c000 	C:\WINDOWS\SYSTEM32\CRYPTBASE.dll
0x00007ffdd0640000 - 0x00007ffdd064e000 	C:\Users\AJI\.vscode\extensions\redhat.java-1.56.0-win32-x64\jre\21.0.12.1-win32-x86_64\bin\sunmscapi.dll
0x00007ffdffb00000 - 0x00007ffdffc7e000 	C:\WINDOWS\System32\CRYPT32.dll
0x00007ffdfeb20000 - 0x00007ffdfeb50000 	C:\WINDOWS\SYSTEM32\ncrypt.dll
0x00007ffdfead0000 - 0x00007ffdfeb0f000 	C:\WINDOWS\SYSTEM32\NTASN1.dll
0x00007ffdd4f00000 - 0x00007ffdd4f08000 	C:\WINDOWS\system32\wshunix.dll

JVMTI agents:
C:\Users\AJI\.gradle\wrapper\dists\gradle-9.1.0-all\7wzd0jkjit61aq2p43wpjgij9\gradle-9.1.0\lib\agents\gradle-instrumentation-agent-9.1.0.jar path:C:\Users\AJI\.vscode\extensions\redhat.java-1.56.0-win32-x64\jre\21.0.12.1-win32-x86_64\bin\instrument.dll, loaded, initialized, instrumentlib options:none

dbghelp: loaded successfully - version: 4.0.5 - missing functions: none
symbol engine: initialized successfully - sym options: 0x614 - pdb path: .;C:\Users\AJI\.vscode\extensions\redhat.java-1.56.0-win32-x64\jre\21.0.12.1-win32-x86_64\bin;C:\WINDOWS\SYSTEM32;C:\WINDOWS\WinSxS\amd64_microsoft.windows.common-controls_6595b64144ccf1df_6.0.26100.9278_none_3e0d1ba8e3303201;C:\Users\AJI\.vscode\extensions\redhat.java-1.56.0-win32-x64\jre\21.0.12.1-win32-x86_64\bin\server;C:\Users\AJI\.gradle\native\1def1411415f61bf3af743bc5b6707747c0891f09f0c88961ee8f79bc544acac\windows-amd64;C:\Users\AJI\.gradle\native\0.2.8\x86_64-windows-gnu

VM Arguments:
jvm_args: --add-opens=java.base/java.lang=ALL-UNNAMED --add-opens=java.base/java.lang.invoke=ALL-UNNAMED --add-opens=java.base/java.util=ALL-UNNAMED --add-opens=java.prefs/java.util.prefs=ALL-UNNAMED --add-exports=jdk.compiler/com.sun.tools.javac.api=ALL-UNNAMED --add-exports=jdk.compiler/com.sun.tools.javac.util=ALL-UNNAMED --add-opens=java.base/java.util=ALL-UNNAMED --add-opens=java.prefs/java.util.prefs=ALL-UNNAMED --add-opens=java.base/java.nio.charset=ALL-UNNAMED --add-opens=java.base/java.net=ALL-UNNAMED --add-opens=java.base/java.util.concurrent=ALL-UNNAMED --add-opens=java.base/java.util.concurrent.atomic=ALL-UNNAMED --add-opens=java.xml/javax.xml.namespace=ALL-UNNAMED --add-opens=java.base/java.time=ALL-UNNAMED -XX:MaxMetaspaceSize=4G -XX:ReservedCodeCacheSize=512m -XX:+HeapDumpOnOutOfMemoryError -Xmx8G -Dfile.encoding=UTF-8 -Duser.country=IN -Duser.language=en -Duser.variant -javaagent:C:\Users\AJI\.gradle\wrapper\dists\gradle-9.1.0-all\7wzd0jkjit61aq2p43wpjgij9\gradle-9.1.0\lib\agents\gradle-instrumentation-agent-9.1.0.jar 
java_command: org.gradle.launcher.daemon.bootstrap.GradleDaemon 9.1.0
java_class_path (initial): C:\Users\AJI\.gradle\wrapper\dists\gradle-9.1.0-all\7wzd0jkjit61aq2p43wpjgij9\gradle-9.1.0\lib\gradle-daemon-main-9.1.0.jar
Launcher Type: SUN_STANDARD

[Global flags]
     intx CICompilerCount                          = 12                                        {product} {ergonomic}
     uint ConcGCThreads                            = 4                                         {product} {ergonomic}
     uint G1ConcRefinementThreads                  = 15                                        {product} {ergonomic}
   size_t G1HeapRegionSize                         = 4194304                                   {product} {ergonomic}
    uintx GCDrainStackTargetSize                   = 64                                        {product} {ergonomic}
     bool HeapDumpOnOutOfMemoryError               = true                                   {manageable} {command line}
   size_t InitialHeapSize                          = 264241152                                 {product} {ergonomic}
   size_t MarkStackSize                            = 4194304                                   {product} {ergonomic}
   size_t MaxHeapSize                              = 8589934592                                {product} {command line}
   size_t MaxMetaspaceSize                         = 4294967296                                {product} {command line}
   size_t MaxNewSize                               = 5150605312                                {product} {ergonomic}
   size_t MinHeapDeltaBytes                        = 4194304                                   {product} {ergonomic}
   size_t MinHeapSize                              = 8388608                                   {product} {ergonomic}
    uintx NonNMethodCodeHeapSize                   = 7602480                                {pd product} {ergonomic}
    uintx NonProfiledCodeHeapSize                  = 264634216                              {pd product} {ergonomic}
    uintx ProfiledCodeHeapSize                     = 264634216                              {pd product} {ergonomic}
    uintx ReservedCodeCacheSize                    = 536870912                              {pd product} {command line}
     bool SegmentedCodeCache                       = true                                      {product} {ergonomic}
   size_t SoftMaxHeapSize                          = 8589934592                             {manageable} {ergonomic}
     bool UseCompressedOops                        = true                           {product lp64_product} {ergonomic}
     bool UseG1GC                                  = true                                      {product} {ergonomic}
     bool UseLargePagesIndividualAllocation        = false                                  {pd product} {ergonomic}

Logging:
Log output configuration:
 #0: stdout all=warning uptime,level,tags foldmultilines=false
 #1: stderr all=off uptime,level,tags foldmultilines=false

Release file:
JAVA_VERSION="21.0.12.1" 
MODULES="java.base java.compiler java.datatransfer java.xml java.prefs java.desktop java.instrument java.logging java.management java.security.sasl java.naming java.rmi java.management.rmi java.net.http java.scripting java.security.jgss java.transaction.xa java.sql java.sql.rowset java.xml.crypto java.se java.smartcardio jdk.accessibility jdk.internal.jvmstat jdk.attach jdk.charsets jdk.internal.opt jdk.zipfs jdk.compiler jdk.crypto.ec jdk.crypto.cryptoki jdk.crypto.mscapi jdk.dynalink jdk.internal.ed jdk.editpad jdk.hotspot.agent jdk.httpserver jdk.internal.le jdk.internal.vm.ci jdk.internal.vm.compiler jdk.internal.vm.compiler.management jdk.jartool jdk.javadoc jdk.jcmd jdk.management jdk.management.agent jdk.jconsole jdk.jdeps jdk.jdwp.agent jdk.jdi jdk.jfr jdk.jshell jdk.jsobject jdk.jstatd jdk.localedata jdk.management.jfr jdk.naming.dns jdk.naming.rmi jdk.net jdk.nio.mapmode jdk.random jdk.sctp jdk.security.auth jdk.security.jgss jdk.unsupported jdk.unsupported.desktop jdk.xml.dom" 

Environment Variables:
JAVA_HOME=C:\Program Files\Java\jdk-17
PATH=C:\Python314\Scripts\;C:\Python314\;C:\Program Files\Eclipse Adoptium\jdk-25.0.3.9-hotspot\bin;C:\Program Files\Microsoft\jdk-11.0.16.101-hotspot\bin;C:\WINDOWS\system32;C:\WINDOWS;C:\WINDOWS\System32\Wbem;C:\WINDOWS\System32\WindowsPowerShell\v1.0\;C:\WINDOWS\System32\OpenSSH\;C:\Program Files\dotnet\;C:\MinGW\bin;C:\ProgramData\chocolatey\bin;C:\Users\AJI\AppData\Local\Pub\Cache\bin;C:\Program Files\Java\jdk-17\bin;d:\cursor\resources\app\bin;C:\Users\AJI\develop\flutter\bin;C:\Users\AJI\.local\bin;D:\node\node_modules\npm\bin;D:\node\;C:\Program Files\nodejs\;C:\Program Files\nodejs\node_modules\npm\bin;C:\Users\AJI\Documents\MONGO\mongosh-2.9.2-win32-x64\bin;C:\xampp\php;C:\Program Files\Git\cmd;C:\Users\AJI\AppData\Local\Programs\Python\Python312\Scripts\;C:\Users\AJI\AppData\Local\Programs\Python\Python312\;C:\Users\AJI\.local\bin;C:\Users\AJI\AppData\Local\Microsoft\WindowsApps;D:\IntelliJ IDEA Community Edition 2023.1.5\bin;;C:\mingw64\bin;C:\Users\AJI\.dotnet\tools;C:\Users\AJI\Documents\flutter_windows_3.13.4-stable\flutter\bin;C:\Users\AJI\AppData\Local\Pub\Cache\bin;D:\flutter_pub_cache;C:\Users\AJI\AppData\Local\Android\Sdk;C:\Program Files\Java\jdk-17\bin;D:\rider\JetBrains Rider 2024.3.7\bin;;D:\Program Files\Microsoft VS Code\bin;D:\freelanceing\cursor\resources\app\bin;C:\Users\AJI\AppData\Local\Programs\Microsoft VS Code\bin;C:\Users\AJI\AppData\Local\Programs\cursor\resources\app\bin;C:\Users\AJI\AppData\Roaming\npm
USERNAME=AJI
OS=Windows_NT
PROCESSOR_IDENTIFIER=Intel64 Family 6 Model 154 Stepping 3, GenuineIntel
TMP=C:\Users\AJI\AppData\Local\Temp
TEMP=C:\Users\AJI\AppData\Local\Temp




Periodic native trim disabled

---------------  S Y S T E M  ---------------

OS:
 Windows 11 , 64 bit Build 26100 (10.0.26100.9444)
OS uptime: 0 days 0:14 hours
Hyper-V role detected

CPU: total 20 (initial active 20) (10 cores per cpu, 2 threads per core) family 6 model 154 stepping 3 microcode 0x43b, cx8, cmov, fxsr, ht, mmx, 3dnowpref, sse, sse2, sse3, ssse3, sse4.1, sse4.2, popcnt, lzcnt, tsc, tscinvbit, avx, avx2, aes, erms, clmul, bmi1, bmi2, adx, sha, fma, vzeroupper, clflush, clflushopt, clwb, hv, serialize, rdtscp, rdpid, fsrm, f16c, cet_ibt, cet_ss
Processor Information for processor 0
  Max Mhz: 2300, Current Mhz: 2300, Mhz Limit: 2300
Processor Information for processor 1
  Max Mhz: 2300, Current Mhz: 2300, Mhz Limit: 2300
Processor Information for processor 2
  Max Mhz: 2300, Current Mhz: 2300, Mhz Limit: 2300
Processor Information for processor 3
  Max Mhz: 2300, Current Mhz: 2300, Mhz Limit: 2300
Processor Information for processor 4
  Max Mhz: 2300, Current Mhz: 2300, Mhz Limit: 2300
Processor Information for processor 5
  Max Mhz: 2300, Current Mhz: 2300, Mhz Limit: 2300
Processor Information for processor 6
  Max Mhz: 2300, Current Mhz: 2300, Mhz Limit: 2300
Processor Information for processor 7
  Max Mhz: 2300, Current Mhz: 2300, Mhz Limit: 2300
Processor Information for processor 8
  Max Mhz: 2300, Current Mhz: 2300, Mhz Limit: 2300
Processor Information for processor 9
  Max Mhz: 2300, Current Mhz: 2300, Mhz Limit: 2300
Processor Information for processor 10
  Max Mhz: 2300, Current Mhz: 2300, Mhz Limit: 2300
Processor Information for processor 11
  Max Mhz: 2300, Current Mhz: 2300, Mhz Limit: 2300
Processor Information for processor 12
  Max Mhz: 2300, Current Mhz: 2300, Mhz Limit: 2300
Processor Information for processor 13
  Max Mhz: 2300, Current Mhz: 2300, Mhz Limit: 2300
Processor Information for processor 14
  Max Mhz: 2300, Current Mhz: 2300, Mhz Limit: 2300
Processor Information for processor 15
  Max Mhz: 2300, Current Mhz: 2300, Mhz Limit: 2300
Processor Information for processor 16
  Max Mhz: 2300, Current Mhz: 1488, Mhz Limit: 2300
Processor Information for processor 17
  Max Mhz: 2300, Current Mhz: 2300, Mhz Limit: 2300
Processor Information for processor 18
  Max Mhz: 2300, Current Mhz: 2300, Mhz Limit: 2300
Processor Information for processor 19
  Max Mhz: 2300, Current Mhz: 2300, Mhz Limit: 2300

Memory: 4k page, system-wide physical 16068M (1036M free)
TotalPageFile size 65220M (AvailPageFile size 427M)
current process WorkingSet (physical memory assigned to process): 196M, peak: 225M
current process commit charge ("private bytes"): 312M, peak: 432M

vm_info: OpenJDK 64-Bit Server VM (21.0.12.1+1-LTS) for windows-amd64 JRE (21.0.12.1+1-LTS), built on 2026-08-18T00:00:00Z by "admin" with MS VC++ 17.12 (VS2022)

END.
