#
# There is insufficient memory for the Java Runtime Environment to continue.
# Native memory allocation (malloc) failed to allocate 32744 bytes. Error detail: Chunk::new
# Possible reasons:
#   The system is out of physical RAM or swap space
#   This process is running with CompressedOops enabled, and the Java Heap may be blocking the growth of the native heap
# Possible solutions:
#   Reduce memory load on the system
#   Increase physical memory or swap space
#   Check if swap backing store is full
#   Decrease Java heap size (-Xmx/-Xms)
#   Decrease number of Java threads
#   Decrease Java thread stack sizes (-Xss)
#   Set larger code cache with -XX:ReservedCodeCacheSize=
#   JVM is running with Zero Based Compressed Oops mode in which the Java heap is
#     placed in the first 32GB address space. The Java Heap base address is the
#     maximum limit for the native heap growth. Please use -XX:HeapBaseMinAddress
#     to set the Java Heap base and to place the Java Heap above 32GB virtual address.
# This output file may be truncated or incomplete.
#
#  Out of Memory Error (arena.cpp:168), pid=76036, tid=76228
#
# JRE version: OpenJDK Runtime Environment Temurin-21.0.12.1+1 (21.0.12.1+1) (build 21.0.12.1+1-LTS)
# Java VM: OpenJDK 64-Bit Server VM Temurin-21.0.12.1+1 (21.0.12.1+1-LTS, mixed mode, sharing, tiered, compressed oops, compressed class ptrs, g1 gc, windows-amd64)
# No core dump will be written. Minidumps are not enabled by default on client versions of Windows
#

---------------  S U M M A R Y ------------

Command Line: --add-opens=java.base/java.lang=ALL-UNNAMED --add-opens=java.base/java.lang.invoke=ALL-UNNAMED --add-opens=java.base/java.util=ALL-UNNAMED --add-opens=java.prefs/java.util.prefs=ALL-UNNAMED --add-exports=jdk.compiler/com.sun.tools.javac.api=ALL-UNNAMED --add-exports=jdk.compiler/com.sun.tools.javac.util=ALL-UNNAMED --add-opens=java.base/java.util=ALL-UNNAMED --add-opens=java.prefs/java.util.prefs=ALL-UNNAMED --add-opens=java.base/java.nio.charset=ALL-UNNAMED --add-opens=java.base/java.net=ALL-UNNAMED --add-opens=java.base/java.util.concurrent=ALL-UNNAMED --add-opens=java.base/java.util.concurrent.atomic=ALL-UNNAMED --add-opens=java.xml/javax.xml.namespace=ALL-UNNAMED --add-opens=java.base/java.time=ALL-UNNAMED -XX:MaxMetaspaceSize=4G -XX:ReservedCodeCacheSize=512m -XX:+HeapDumpOnOutOfMemoryError -Xmx8G -Dfile.encoding=UTF-8 -Duser.country=IN -Duser.language=en -Duser.variant -javaagent:C:\Users\AJI\.gradle\wrapper\dists\gradle-9.1.0-all\7wzd0jkjit61aq2p43wpjgij9\gradle-9.1.0\lib\agents\gradle-instrumentation-agent-9.1.0.jar org.gradle.launcher.daemon.bootstrap.GradleDaemon 9.1.0

Host: 12th Gen Intel(R) Core(TM) i7-12700H, 20 cores, 15G,  Windows 11 , 64 bit Build 26100 (10.0.26100.9444)
Time: Thu Sep 17 09:15:09 2026 India Standard Time elapsed time: 26.666823 seconds (0d 0h 0m 26s)

---------------  T H R E A D  ---------------

Current thread (0x00000205fa4bd520):  JavaThread "C2 CompilerThread0" daemon [_thread_in_native, id=76228, stack(0x0000006878f00000,0x0000006879000000) (1024K)]


Current CompileTask:
C2:26667 3286       4       java.lang.invoke.InvokerBytecodeGenerator::emitImplicitConversion (161 bytes)

Stack: [0x0000006878f00000,0x0000006879000000]
Native frames: (J=compiled Java code, j=interpreted, Vv=VM code, C=native code)
V  [jvm.dll+0x6d83e9]
V  [jvm.dll+0x8b5736]
V  [jvm.dll+0x8b7cee]
V  [jvm.dll+0x8b83d3]
V  [jvm.dll+0x284596]
V  [jvm.dll+0xc685d]
V  [jvm.dll+0xc6da1]
V  [jvm.dll+0x703dc3]
V  [jvm.dll+0x1e421a]
V  [jvm.dll+0x24c853]
V  [jvm.dll+0x24bce0]
V  [jvm.dll+0x1cb4ae]
V  [jvm.dll+0x25baad]
V  [jvm.dll+0x25a03a]
V  [jvm.dll+0x3f8aae]
V  [jvm.dll+0x8600cd]
V  [jvm.dll+0x6d6c1d]
C  [ucrtbase.dll+0x2cd30]
C  [KERNEL32.DLL+0x2cd87]
C  [ntdll.dll+0xacaec]


---------------  P R O C E S S  ---------------

Threads class SMR info:
_java_thread_list=0x00000205c50e2820, length=25, elements={
0x00000205cc2e3c80, 0x00000205fa4b35a0, 0x00000205fa4b4d70, 0x00000205fa4ba870,
0x00000205fa4bb2d0, 0x00000205fa4bbd30, 0x00000205fa4bc790, 0x00000205fa4bd520,
0x00000205fd4e3770, 0x00000205fd668b00, 0x00000205fd7bd6d0, 0x00000205ff00bf40,
0x00000205fe299740, 0x00000205fef9bb00, 0x00000205c5076990, 0x00000205fef900e0,
0x00000205ff054060, 0x00000205ff051270, 0x00000205ff050be0, 0x00000205ff052620,
0x00000205ff052cb0, 0x00000205ff053340, 0x00000205ff051900, 0x00000205ff051f90,
0x00000205ff0539d0
}

Java Threads: ( => current thread )
  0x00000205cc2e3c80 JavaThread "main"                              [_thread_blocked, id=76128, stack(0x0000006878100000,0x0000006878200000) (1024K)]
  0x00000205fa4b35a0 JavaThread "Reference Handler"          daemon [_thread_blocked, id=76204, stack(0x0000006878900000,0x0000006878a00000) (1024K)]
  0x00000205fa4b4d70 JavaThread "Finalizer"                  daemon [_thread_blocked, id=76208, stack(0x0000006878a00000,0x0000006878b00000) (1024K)]
  0x00000205fa4ba870 JavaThread "Signal Dispatcher"          daemon [_thread_blocked, id=76212, stack(0x0000006878b00000,0x0000006878c00000) (1024K)]
  0x00000205fa4bb2d0 JavaThread "Attach Listener"            daemon [_thread_blocked, id=76216, stack(0x0000006878c00000,0x0000006878d00000) (1024K)]
  0x00000205fa4bbd30 JavaThread "Service Thread"             daemon [_thread_blocked, id=76220, stack(0x0000006878d00000,0x0000006878e00000) (1024K)]
  0x00000205fa4bc790 JavaThread "Monitor Deflation Thread"   daemon [_thread_blocked, id=76224, stack(0x0000006878e00000,0x0000006878f00000) (1024K)]
=>0x00000205fa4bd520 JavaThread "C2 CompilerThread0"         daemon [_thread_in_native, id=76228, stack(0x0000006878f00000,0x0000006879000000) (1024K)]
  0x00000205fd4e3770 JavaThread "C1 CompilerThread0"         daemon [_thread_blocked, id=76232, stack(0x0000006879000000,0x0000006879100000) (1024K)]
  0x00000205fd668b00 JavaThread "Common-Cleaner"             daemon [_thread_blocked, id=76260, stack(0x0000006879100000,0x0000006879200000) (1024K)]
  0x00000205fd7bd6d0 JavaThread "Notification Thread"        daemon [_thread_blocked, id=76264, stack(0x0000006879200000,0x0000006879300000) (1024K)]
  0x00000205ff00bf40 JavaThread "Daemon health stats"               [_thread_blocked, id=68948, stack(0x0000006879800000,0x0000006879900000) (1024K)]
  0x00000205fe299740 JavaThread "Incoming local TCP Connector on port 8265"        [_thread_in_native, id=14464, stack(0x0000006879a00000,0x0000006879b00000) (1024K)]
  0x00000205fef9bb00 JavaThread "Daemon periodic checks"            [_thread_blocked, id=63604, stack(0x0000006879b00000,0x0000006879c00000) (1024K)]
  0x00000205c5076990 JavaThread "Daemon"                            [_thread_blocked, id=30140, stack(0x0000006879c00000,0x0000006879d00000) (1024K)]
  0x00000205fef900e0 JavaThread "Handler for socket connection from /127.0.0.1:8265 to /127.0.0.1:8266"        [_thread_in_native, id=39080, stack(0x0000006879d00000,0x0000006879e00000) (1024K)]
  0x00000205ff054060 JavaThread "Cancel handler"                    [_thread_blocked, id=8684, stack(0x000000687a600000,0x000000687a700000) (1024K)]
  0x00000205ff051270 JavaThread "Daemon worker"                     [_thread_in_native, id=36760, stack(0x000000687a700000,0x000000687a800000) (1024K)]
  0x00000205ff050be0 JavaThread "Asynchronous log dispatcher for DefaultDaemonConnection: socket connection from /127.0.0.1:8265 to /127.0.0.1:8266"        [_thread_blocked, id=43996, stack(0x000000687a800000,0x000000687a900000) (1024K)]
  0x00000205ff052620 JavaThread "Stdin handler"                     [_thread_blocked, id=30732, stack(0x000000687a900000,0x000000687aa00000) (1024K)]
  0x00000205ff052cb0 JavaThread "Daemon client event forwarder"        [_thread_blocked, id=67736, stack(0x000000687aa00000,0x000000687ab00000) (1024K)]
  0x00000205ff053340 JavaThread "Cache worker for journal cache (C:\Users\AJI\.gradle\caches\journal-1)"        [_thread_blocked, id=67104, stack(0x000000687ab00000,0x000000687ac00000) (1024K)]
  0x00000205ff051900 JavaThread "File lock request listener"        [_thread_in_native, id=76048, stack(0x000000687ac00000,0x000000687ad00000) (1024K)]
  0x00000205ff051f90 JavaThread "File lock release action executor"        [_thread_blocked, id=68784, stack(0x000000687ad00000,0x000000687ae00000) (1024K)]
  0x00000205ff0539d0 JavaThread "Cache worker for file hash cache (C:\Users\AJI\.gradle\caches\9.1.0\fileHashes)"        [_thread_blocked, id=76592, stack(0x000000687ae00000,0x000000687af00000) (1024K)]
Total: 25

Other Threads:
  0x00000205fa498510 VMThread "VM Thread"                           [id=76176, stack(0x0000006878800000,0x0000006878900000) (1024K)]
  0x00000205fa4892f0 WatcherThread "VM Periodic Task Thread"        [id=76164, stack(0x0000006878700000,0x0000006878800000) (1024K)]
  0x00000205cc38c6a0 WorkerThread "GC Thread#0"                     [id=76136, stack(0x0000006878200000,0x0000006878300000) (1024K)]
  0x00000205fd87f390 WorkerThread "GC Thread#1"                     [id=76316, stack(0x0000006879300000,0x0000006879400000) (1024K)]
  0x00000205fd7bf560 WorkerThread "GC Thread#2"                     [id=76320, stack(0x0000006879400000,0x0000006879500000) (1024K)]
  0x00000205fd7bf910 WorkerThread "GC Thread#3"                     [id=76324, stack(0x0000006879500000,0x0000006879600000) (1024K)]
  0x00000205fd7bfcc0 WorkerThread "GC Thread#4"                     [id=76328, stack(0x0000006879600000,0x0000006879700000) (1024K)]
  0x00000205fd7c0480 WorkerThread "GC Thread#5"                     [id=76332, stack(0x0000006879700000,0x0000006879800000) (1024K)]
  0x00000205c50761c0 WorkerThread "GC Thread#6"                     [id=42800, stack(0x0000006879e00000,0x0000006879f00000) (1024K)]
  0x00000205fee92070 WorkerThread "GC Thread#7"                     [id=51744, stack(0x0000006879f00000,0x000000687a000000) (1024K)]
  0x00000205fee93690 WorkerThread "GC Thread#8"                     [id=74548, stack(0x000000687a000000,0x000000687a100000) (1024K)]
  0x00000205fee92b80 WorkerThread "GC Thread#9"                     [id=28472, stack(0x000000687a100000,0x000000687a200000) (1024K)]
  0x00000205fee92f30 WorkerThread "GC Thread#10"                    [id=68744, stack(0x000000687a200000,0x000000687a300000) (1024K)]
  0x00000205fee92420 WorkerThread "GC Thread#11"                    [id=2840, stack(0x000000687a300000,0x000000687a400000) (1024K)]
  0x00000205fee93a40 WorkerThread "GC Thread#12"                    [id=44292, stack(0x000000687a400000,0x000000687a500000) (1024K)]
  0x00000205fee927d0 WorkerThread "GC Thread#13"                    [id=60360, stack(0x000000687a500000,0x000000687a600000) (1024K)]
  0x00000205fa2c0080 ConcurrentGCThread "G1 Main Marker"            [id=76140, stack(0x0000006878300000,0x0000006878400000) (1024K)]
  0x00000205fa2c0840 WorkerThread "G1 Conc#0"                       [id=76144, stack(0x0000006878400000,0x0000006878500000) (1024K)]
  0x00000205fa357c60 ConcurrentGCThread "G1 Refine#0"               [id=76148, stack(0x0000006878500000,0x0000006878600000) (1024K)]
  0x00000205fa3595a0 ConcurrentGCThread "G1 Service"                [id=76152, stack(0x0000006878600000,0x0000006878700000) (1024K)]
Total: 20

Threads with active compile tasks:
C2 CompilerThread0  26708 3286       4       java.lang.invoke.InvokerBytecodeGenerator::emitImplicitConversion (161 bytes)
Total: 1

VM state: not at safepoint (normal execution)

VM Mutex/Monitor currently owned by a thread: None

Heap address: 0x0000000600000000, size: 8192 MB, Compressed Oops mode: Zero based, Oop shift amount: 3

CDS archive(s) mapped at: [0x0000020580000000-0x0000020580ba0000-0x0000020580ba0000), size 12189696, SharedBaseAddress: 0x0000020580000000, ArchiveRelocationMode: 1.
Compressed class space mapped at: 0x0000020581000000-0x00000205c1000000, reserved size: 1073741824
Narrow klass base: 0x0000020580000000, Narrow klass shift: 0, Narrow klass range: 0x100000000

GC Precious Log:
 CardTable entry size: 512
 Card Set container configuration: InlinePtr #cards 4 size 8 Array Of Cards #cards 32 size 80 Howl #buckets 8 coarsen threshold 7372 Howl Bitmap #cards 1024 size 144 coarsen threshold 921 Card regions per heap region 1 cards per card region 8192
 CPUs: 20 total, 20 available
 Memory: 16068M
 Large Page Support: Disabled
 NUMA Support: Disabled
 Compressed Oops: Enabled (Zero based)
 Heap Region Size: 4M
 Heap Min Capacity: 8M
 Heap Initial Capacity: 252M
 Heap Max Capacity: 8G
 Pre-touch: Disabled
 Parallel Workers: 15
 Concurrent Workers: 4
 Concurrent Refinement Workers: 15
 Periodic GC: Disabled

Heap:
 garbage-first heap   total 258048K, used 64777K [0x0000000600000000, 0x0000000800000000)
  region size 4096K, 15 young (61440K), 3 survivors (12288K)
 Metaspace       used 17046K, committed 17600K, reserved 1114112K
  class space    used 2366K, committed 2624K, reserved 1048576K

Heap Regions: E=young(eden), S=young(survivor), O=old, HS=humongous(starts), HC=humongous(continues), CS=collection set, F=free, TAMS=top-at-mark-start, PB=parsable bottom
|   0|0x0000000600000000, 0x0000000600400000, 0x0000000600400000|100%|HS|  |TAMS 0x0000000600000000| PB 0x0000000600000000| Complete 
|   1|0x0000000600400000, 0x0000000600800000, 0x0000000600800000|100%| O|  |TAMS 0x0000000600400000| PB 0x0000000600400000| Untracked 
|   2|0x0000000600800000, 0x0000000600b00108, 0x0000000600c00000| 75%| O|  |TAMS 0x0000000600800000| PB 0x0000000600800000| Untracked 
|   3|0x0000000600c00000, 0x0000000600c00000, 0x0000000601000000|  0%| F|  |TAMS 0x0000000600c00000| PB 0x0000000600c00000| Untracked 
|   4|0x0000000601000000, 0x0000000601000000, 0x0000000601400000|  0%| F|  |TAMS 0x0000000601000000| PB 0x0000000601000000| Untracked 
|   5|0x0000000601400000, 0x0000000601400000, 0x0000000601800000|  0%| F|  |TAMS 0x0000000601400000| PB 0x0000000601400000| Untracked 
|   6|0x0000000601800000, 0x0000000601800000, 0x0000000601c00000|  0%| F|  |TAMS 0x0000000601800000| PB 0x0000000601800000| Untracked 
|   7|0x0000000601c00000, 0x0000000601c00000, 0x0000000602000000|  0%| F|  |TAMS 0x0000000601c00000| PB 0x0000000601c00000| Untracked 
|   8|0x0000000602000000, 0x0000000602000000, 0x0000000602400000|  0%| F|  |TAMS 0x0000000602000000| PB 0x0000000602000000| Untracked 
|   9|0x0000000602400000, 0x0000000602400000, 0x0000000602800000|  0%| F|  |TAMS 0x0000000602400000| PB 0x0000000602400000| Untracked 
|  10|0x0000000602800000, 0x0000000602800000, 0x0000000602c00000|  0%| F|  |TAMS 0x0000000602800000| PB 0x0000000602800000| Untracked 
|  11|0x0000000602c00000, 0x0000000602c00000, 0x0000000603000000|  0%| F|  |TAMS 0x0000000602c00000| PB 0x0000000602c00000| Untracked 
|  12|0x0000000603000000, 0x0000000603000000, 0x0000000603400000|  0%| F|  |TAMS 0x0000000603000000| PB 0x0000000603000000| Untracked 
|  13|0x0000000603400000, 0x0000000603400000, 0x0000000603800000|  0%| F|  |TAMS 0x0000000603400000| PB 0x0000000603400000| Untracked 
|  14|0x0000000603800000, 0x0000000603800000, 0x0000000603c00000|  0%| F|  |TAMS 0x0000000603800000| PB 0x0000000603800000| Untracked 
|  15|0x0000000603c00000, 0x0000000603c00000, 0x0000000604000000|  0%| F|  |TAMS 0x0000000603c00000| PB 0x0000000603c00000| Untracked 
|  16|0x0000000604000000, 0x0000000604000000, 0x0000000604400000|  0%| F|  |TAMS 0x0000000604000000| PB 0x0000000604000000| Untracked 
|  17|0x0000000604400000, 0x0000000604400000, 0x0000000604800000|  0%| F|  |TAMS 0x0000000604400000| PB 0x0000000604400000| Untracked 
|  18|0x0000000604800000, 0x0000000604800000, 0x0000000604c00000|  0%| F|  |TAMS 0x0000000604800000| PB 0x0000000604800000| Untracked 
|  19|0x0000000604c00000, 0x0000000604c00000, 0x0000000605000000|  0%| F|  |TAMS 0x0000000604c00000| PB 0x0000000604c00000| Untracked 
|  20|0x0000000605000000, 0x0000000605000000, 0x0000000605400000|  0%| F|  |TAMS 0x0000000605000000| PB 0x0000000605000000| Untracked 
|  21|0x0000000605400000, 0x0000000605400000, 0x0000000605800000|  0%| F|  |TAMS 0x0000000605400000| PB 0x0000000605400000| Untracked 
|  22|0x0000000605800000, 0x0000000605800000, 0x0000000605c00000|  0%| F|  |TAMS 0x0000000605800000| PB 0x0000000605800000| Untracked 
|  23|0x0000000605c00000, 0x0000000605c00000, 0x0000000606000000|  0%| F|  |TAMS 0x0000000605c00000| PB 0x0000000605c00000| Untracked 
|  24|0x0000000606000000, 0x0000000606000000, 0x0000000606400000|  0%| F|  |TAMS 0x0000000606000000| PB 0x0000000606000000| Untracked 
|  25|0x0000000606400000, 0x0000000606400000, 0x0000000606800000|  0%| F|  |TAMS 0x0000000606400000| PB 0x0000000606400000| Untracked 
|  26|0x0000000606800000, 0x0000000606800000, 0x0000000606c00000|  0%| F|  |TAMS 0x0000000606800000| PB 0x0000000606800000| Untracked 
|  27|0x0000000606c00000, 0x0000000606c00000, 0x0000000607000000|  0%| F|  |TAMS 0x0000000606c00000| PB 0x0000000606c00000| Untracked 
|  28|0x0000000607000000, 0x0000000607000000, 0x0000000607400000|  0%| F|  |TAMS 0x0000000607000000| PB 0x0000000607000000| Untracked 
|  29|0x0000000607400000, 0x0000000607400000, 0x0000000607800000|  0%| F|  |TAMS 0x0000000607400000| PB 0x0000000607400000| Untracked 
|  30|0x0000000607800000, 0x0000000607800000, 0x0000000607c00000|  0%| F|  |TAMS 0x0000000607800000| PB 0x0000000607800000| Untracked 
|  31|0x0000000607c00000, 0x0000000607c00000, 0x0000000608000000|  0%| F|  |TAMS 0x0000000607c00000| PB 0x0000000607c00000| Untracked 
|  32|0x0000000608000000, 0x0000000608000000, 0x0000000608400000|  0%| F|  |TAMS 0x0000000608000000| PB 0x0000000608000000| Untracked 
|  33|0x0000000608400000, 0x0000000608400000, 0x0000000608800000|  0%| F|  |TAMS 0x0000000608400000| PB 0x0000000608400000| Untracked 
|  34|0x0000000608800000, 0x0000000608800000, 0x0000000608c00000|  0%| F|  |TAMS 0x0000000608800000| PB 0x0000000608800000| Untracked 
|  35|0x0000000608c00000, 0x0000000608c00000, 0x0000000609000000|  0%| F|  |TAMS 0x0000000608c00000| PB 0x0000000608c00000| Untracked 
|  36|0x0000000609000000, 0x0000000609000000, 0x0000000609400000|  0%| F|  |TAMS 0x0000000609000000| PB 0x0000000609000000| Untracked 
|  37|0x0000000609400000, 0x0000000609400000, 0x0000000609800000|  0%| F|  |TAMS 0x0000000609400000| PB 0x0000000609400000| Untracked 
|  38|0x0000000609800000, 0x0000000609800000, 0x0000000609c00000|  0%| F|  |TAMS 0x0000000609800000| PB 0x0000000609800000| Untracked 
|  39|0x0000000609c00000, 0x0000000609c00000, 0x000000060a000000|  0%| F|  |TAMS 0x0000000609c00000| PB 0x0000000609c00000| Untracked 
|  40|0x000000060a000000, 0x000000060a000000, 0x000000060a400000|  0%| F|  |TAMS 0x000000060a000000| PB 0x000000060a000000| Untracked 
|  41|0x000000060a400000, 0x000000060a442630, 0x000000060a800000|  6%| S|CS|TAMS 0x000000060a400000| PB 0x000000060a400000| Complete 
|  42|0x000000060a800000, 0x000000060ac00000, 0x000000060ac00000|100%| S|CS|TAMS 0x000000060a800000| PB 0x000000060a800000| Complete 
|  43|0x000000060ac00000, 0x000000060b000000, 0x000000060b000000|100%| S|CS|TAMS 0x000000060ac00000| PB 0x000000060ac00000| Complete 
|  44|0x000000060b000000, 0x000000060b000000, 0x000000060b400000|  0%| F|  |TAMS 0x000000060b000000| PB 0x000000060b000000| Untracked 
|  45|0x000000060b400000, 0x000000060b400000, 0x000000060b800000|  0%| F|  |TAMS 0x000000060b400000| PB 0x000000060b400000| Untracked 
|  46|0x000000060b800000, 0x000000060b800000, 0x000000060bc00000|  0%| F|  |TAMS 0x000000060b800000| PB 0x000000060b800000| Untracked 
|  47|0x000000060bc00000, 0x000000060bc00000, 0x000000060c000000|  0%| F|  |TAMS 0x000000060bc00000| PB 0x000000060bc00000| Untracked 
|  48|0x000000060c000000, 0x000000060c000000, 0x000000060c400000|  0%| F|  |TAMS 0x000000060c000000| PB 0x000000060c000000| Untracked 
|  49|0x000000060c400000, 0x000000060c400000, 0x000000060c800000|  0%| F|  |TAMS 0x000000060c400000| PB 0x000000060c400000| Untracked 
|  50|0x000000060c800000, 0x000000060c800000, 0x000000060cc00000|  0%| F|  |TAMS 0x000000060c800000| PB 0x000000060c800000| Untracked 
|  51|0x000000060cc00000, 0x000000060cfd2000, 0x000000060d000000| 95%| E|  |TAMS 0x000000060cc00000| PB 0x000000060cc00000| Complete 
|  52|0x000000060d000000, 0x000000060d400000, 0x000000060d400000|100%| E|CS|TAMS 0x000000060d000000| PB 0x000000060d000000| Complete 
|  53|0x000000060d400000, 0x000000060d800000, 0x000000060d800000|100%| E|CS|TAMS 0x000000060d400000| PB 0x000000060d400000| Complete 
|  54|0x000000060d800000, 0x000000060dc00000, 0x000000060dc00000|100%| E|CS|TAMS 0x000000060d800000| PB 0x000000060d800000| Complete 
|  55|0x000000060dc00000, 0x000000060e000000, 0x000000060e000000|100%| E|CS|TAMS 0x000000060dc00000| PB 0x000000060dc00000| Complete 
|  56|0x000000060e000000, 0x000000060e400000, 0x000000060e400000|100%| E|CS|TAMS 0x000000060e000000| PB 0x000000060e000000| Complete 
|  57|0x000000060e400000, 0x000000060e800000, 0x000000060e800000|100%| E|CS|TAMS 0x000000060e400000| PB 0x000000060e400000| Complete 
|  58|0x000000060e800000, 0x000000060ec00000, 0x000000060ec00000|100%| E|CS|TAMS 0x000000060e800000| PB 0x000000060e800000| Complete 
|  59|0x000000060ec00000, 0x000000060f000000, 0x000000060f000000|100%| E|CS|TAMS 0x000000060ec00000| PB 0x000000060ec00000| Complete 
|  60|0x000000060f000000, 0x000000060f400000, 0x000000060f400000|100%| E|CS|TAMS 0x000000060f000000| PB 0x000000060f000000| Complete 
|  61|0x000000060f400000, 0x000000060f800000, 0x000000060f800000|100%| E|CS|TAMS 0x000000060f400000| PB 0x000000060f400000| Complete 
|  62|0x000000060f800000, 0x000000060fc00000, 0x000000060fc00000|100%| E|CS|TAMS 0x000000060f800000| PB 0x000000060f800000| Complete 

Card table byte_map: [0x00000205f11b0000,0x00000205f21b0000] _byte_map_base: 0x00000205ee1b0000

Marking Bits: (CMBitMap*) 0x00000205cc38d4d0
 Bits: [0x00000205f21b0000, 0x00000205fa1b0000)

Polling page: 0x00000205ca050000

Metaspace:

Usage:
  Non-class:     14.34 MB used.
      Class:      2.31 MB used.
       Both:     16.65 MB used.

Virtual space:
  Non-class space:       64.00 MB reserved,      14.62 MB ( 23%) committed,  1 nodes.
      Class space:        1.00 GB reserved,       2.56 MB ( <1%) committed,  1 nodes.
             Both:        1.06 GB reserved,      17.19 MB (  2%) committed. 

Chunk freelists:
   Non-Class:  1.12 MB
       Class:  13.48 MB
        Both:  14.60 MB

MaxMetaspaceSize: 4.00 GB
CompressedClassSpaceSize: 1.00 GB
Initial GC threshold: 21.00 MB
Current GC threshold: 21.00 MB
CDS: on
 - commit_granule_bytes: 65536.
 - commit_granule_words: 8192.
 - virtual_space_node_default_size: 8388608.
 - enlarge_chunks_in_place: 1.
 - use_allocation_guard: 0.


Internal statistics:

num_allocs_failed_limit: 0.
num_arena_births: 674.
num_arena_deaths: 0.
num_vsnodes_births: 2.
num_vsnodes_deaths: 0.
num_space_committed: 275.
num_space_uncommitted: 0.
num_chunks_returned_to_freelist: 0.
num_chunks_taken_from_freelist: 1287.
num_chunk_merges: 0.
num_chunk_splits: 834.
num_chunks_enlarged: 570.
num_inconsistent_stats: 0.

CodeHeap 'non-profiled nmethods': size=258432Kb used=1506Kb max_used=1506Kb free=256925Kb
 bounds [0x00000205df880000, 0x00000205dfaf0000, 0x00000205ef4e0000]
CodeHeap 'profiled nmethods': size=258368Kb used=6582Kb max_used=6582Kb free=251785Kb
 bounds [0x00000205cf4e0000, 0x00000205cfb50000, 0x00000205df130000]
CodeHeap 'non-nmethods': size=7488Kb used=1409Kb max_used=2012Kb free=6078Kb
 bounds [0x00000205df130000, 0x00000205df3a0000, 0x00000205df880000]
CodeCache: size=524288Kb, used=9497Kb, max_used=10100Kb, free=514788Kb
 total_blobs=3902, nmethods=3337, adapters=469, full_count=0
Compilation: enabled, stopped_count=0, restarted_count=0

Compilation events (20 events):
Event: 26.598 Thread 0x00000205fd4e3770 3315       3       java.lang.invoke.LambdaForm$NamedFunction::<init> (10 bytes)
Event: 26.599 Thread 0x00000205fd4e3770 nmethod 3315 0x00000205cfb46b10 code [0x00000205cfb46ce0, 0x00000205cfb47048]
Event: 26.613 Thread 0x00000205fd4e3770 3318       3       java.lang.invoke.MemberName::<init> (26 bytes)
Event: 26.614 Thread 0x00000205fd4e3770 nmethod 3318 0x00000205cfb47190 code [0x00000205cfb47360, 0x00000205cfb475a8]
Event: 26.614 Thread 0x00000205fd4e3770 3320       3       java.lang.invoke.DirectMethodHandle::shouldBeInitialized (117 bytes)
Event: 26.614 Thread 0x00000205fd4e3770 nmethod 3320 0x00000205cfb47710 code [0x00000205cfb47960, 0x00000205cfb48110]
Event: 26.614 Thread 0x00000205fd4e3770 3319       3       java.lang.invoke.MethodHandles$Lookup::resolveOrFail (47 bytes)
Event: 26.615 Thread 0x00000205fd4e3770 nmethod 3319 0x00000205cfb48310 code [0x00000205cfb48560, 0x00000205cfb48d18]
Event: 26.616 Thread 0x00000205fd4e3770 3323       3       java.lang.invoke.MethodHandles$Lookup::checkField (58 bytes)
Event: 26.616 Thread 0x00000205fd4e3770 nmethod 3323 0x00000205cfb49090 code [0x00000205cfb49280, 0x00000205cfb496c0]
Event: 26.616 Thread 0x00000205fd4e3770 3324       3       java.lang.invoke.Invokers::cachedInvoker (7 bytes)
Event: 26.616 Thread 0x00000205fd4e3770 nmethod 3324 0x00000205cfb49890 code [0x00000205cfb49a20, 0x00000205cfb49b60]
Event: 26.627 Thread 0x00000205fd4e3770 3329       3       java.lang.invoke.DirectMethodHandle::preparedFieldLambdaForm (180 bytes)
Event: 26.636 Thread 0x00000205fd4e3770 nmethod 3329 0x00000205cfb49c10 code [0x00000205cfb49e60, 0x00000205cfb4a580]
Event: 26.636 Thread 0x00000205fd4e3770 3330       3       java.lang.invoke.DirectMethodHandle$Accessor::<init> (24 bytes)
Event: 26.637 Thread 0x00000205fd4e3770 nmethod 3330 0x00000205cfb4a890 code [0x00000205cfb4aa60, 0x00000205cfb4ac60]
Event: 26.637 Thread 0x00000205fd4e3770 3331       3       java.lang.invoke.DirectMethodHandle::make (21 bytes)
Event: 26.637 Thread 0x00000205fd4e3770 nmethod 3331 0x00000205cfb4ad90 code [0x00000205cfb4af40, 0x00000205cfb4b120]
Event: 26.639 Thread 0x00000205fd4e3770 3332       3       java.lang.invoke.LambdaForm$Name::<init> (99 bytes)
Event: 26.639 Thread 0x00000205fd4e3770 nmethod 3332 0x00000205cfb4b210 code [0x00000205cfb4b3c0, 0x00000205cfb4b700]

GC Heap History (6 events):
Event: 0.691 GC heap before
{Heap before GC invocations=0 (full 0):
 garbage-first heap   total 258048K, used 20480K [0x0000000600000000, 0x0000000800000000)
  region size 4096K, 5 young (20480K), 0 survivors (0K)
 Metaspace       used 884K, committed 1024K, reserved 1114112K
  class space    used 71K, committed 128K, reserved 1048576K
}
Event: 0.694 GC heap after
{Heap after GC invocations=1 (full 0):
 garbage-first heap   total 258048K, used 1600K [0x0000000600000000, 0x0000000800000000)
  region size 4096K, 1 young (4096K), 1 survivors (4096K)
 Metaspace       used 884K, committed 1024K, reserved 1114112K
  class space    used 71K, committed 128K, reserved 1048576K
}
Event: 2.168 GC heap before
{Heap before GC invocations=1 (full 0):
 garbage-first heap   total 258048K, used 42560K [0x0000000600000000, 0x0000000800000000)
  region size 4096K, 11 young (45056K), 1 survivors (4096K)
 Metaspace       used 4605K, committed 4800K, reserved 1114112K
  class space    used 584K, committed 704K, reserved 1048576K
}
Event: 2.174 GC heap after
{Heap after GC invocations=2 (full 0):
 garbage-first heap   total 258048K, used 11495K [0x0000000600000000, 0x0000000800000000)
  region size 4096K, 2 young (8192K), 2 survivors (8192K)
 Metaspace       used 4605K, committed 4800K, reserved 1114112K
  class space    used 584K, committed 704K, reserved 1048576K
}
Event: 4.294 GC heap before
{Heap before GC invocations=2 (full 0):
 garbage-first heap   total 258048K, used 81127K [0x0000000600000000, 0x0000000800000000)
  region size 4096K, 19 young (77824K), 2 survivors (8192K)
 Metaspace       used 10342K, committed 10624K, reserved 1114112K
  class space    used 1398K, committed 1536K, reserved 1048576K
}
Event: 4.324 GC heap after
{Heap after GC invocations=3 (full 0):
 garbage-first heap   total 258048K, used 19721K [0x0000000600000000, 0x0000000800000000)
  region size 4096K, 3 young (12288K), 3 survivors (12288K)
 Metaspace       used 10342K, committed 10624K, reserved 1114112K
  class space    used 1398K, committed 1536K, reserved 1048576K
}

Dll operation events (20 events):
Event: 0.311 Attempting to load shared library C:\Users\AJI\.vscode\extensions\redhat.java-1.56.0-win32-x64\jre\21.0.12.1-win32-x86_64\bin\nio.dll
Event: 0.312 Loaded shared library C:\Users\AJI\.vscode\extensions\redhat.java-1.56.0-win32-x64\jre\21.0.12.1-win32-x86_64\bin\nio.dll
Event: 0.317 Attempting to load shared library C:\Users\AJI\.vscode\extensions\redhat.java-1.56.0-win32-x64\jre\21.0.12.1-win32-x86_64\bin\zip.dll
Event: 0.317 Loaded shared library C:\Users\AJI\.vscode\extensions\redhat.java-1.56.0-win32-x64\jre\21.0.12.1-win32-x86_64\bin\zip.dll
Event: 0.704 Attempting to load shared library C:\Users\AJI\.vscode\extensions\redhat.java-1.56.0-win32-x64\jre\21.0.12.1-win32-x86_64\bin\jimage.dll
Event: 0.704 Loaded shared library C:\Users\AJI\.vscode\extensions\redhat.java-1.56.0-win32-x64\jre\21.0.12.1-win32-x86_64\bin\jimage.dll
Event: 1.178 Attempting to load shared library C:\Users\AJI\.vscode\extensions\redhat.java-1.56.0-win32-x64\jre\21.0.12.1-win32-x86_64\bin\verify.dll
Event: 1.179 Loaded shared library C:\Users\AJI\.vscode\extensions\redhat.java-1.56.0-win32-x64\jre\21.0.12.1-win32-x86_64\bin\verify.dll
Event: 1.219 Attempting to load shared library C:\Users\AJI\.gradle\native\1def1411415f61bf3af743bc5b6707747c0891f09f0c88961ee8f79bc544acac\windows-amd64\native-platform.dll
Event: 1.220 Loaded shared library C:\Users\AJI\.gradle\native\1def1411415f61bf3af743bc5b6707747c0891f09f0c88961ee8f79bc544acac\windows-amd64\native-platform.dll
Event: 1.237 Attempting to load shared library C:\Users\AJI\.gradle\native\0.2.8\x86_64-windows-gnu\gradle-fileevents.dll
Event: 1.238 Loaded shared library C:\Users\AJI\.gradle\native\0.2.8\x86_64-windows-gnu\gradle-fileevents.dll
Event: 3.749 Attempting to load shared library C:\Users\AJI\.vscode\extensions\redhat.java-1.56.0-win32-x64\jre\21.0.12.1-win32-x86_64\bin\management.dll
Event: 3.755 Loaded shared library C:\Users\AJI\.vscode\extensions\redhat.java-1.56.0-win32-x64\jre\21.0.12.1-win32-x86_64\bin\management.dll
Event: 3.758 Attempting to load shared library C:\Users\AJI\.vscode\extensions\redhat.java-1.56.0-win32-x64\jre\21.0.12.1-win32-x86_64\bin\management_ext.dll
Event: 3.764 Loaded shared library C:\Users\AJI\.vscode\extensions\redhat.java-1.56.0-win32-x64\jre\21.0.12.1-win32-x86_64\bin\management_ext.dll
Event: 3.923 Attempting to load shared library C:\Users\AJI\.vscode\extensions\redhat.java-1.56.0-win32-x64\jre\21.0.12.1-win32-x86_64\bin\extnet.dll
Event: 3.932 Loaded shared library C:\Users\AJI\.vscode\extensions\redhat.java-1.56.0-win32-x64\jre\21.0.12.1-win32-x86_64\bin\extnet.dll
Event: 4.242 Attempting to load shared library C:\Users\AJI\.vscode\extensions\redhat.java-1.56.0-win32-x64\jre\21.0.12.1-win32-x86_64\bin\sunmscapi.dll
Event: 4.244 Loaded shared library C:\Users\AJI\.vscode\extensions\redhat.java-1.56.0-win32-x64\jre\21.0.12.1-win32-x86_64\bin\sunmscapi.dll

Deoptimization events (20 events):
Event: 5.873 Thread 0x00000205ff051270 Uncommon trap: trap_request=0xffffff45 fr.pc=0x00000205df8a7518 relative=0x00000000000001d8
Event: 5.873 Thread 0x00000205ff051270 Uncommon trap: reason=unstable_if action=reinterpret pc=0x00000205df8a7518 method=java.util.regex.Matcher.reset()Ljava/util/regex/Matcher; @ 47 c2
Event: 5.873 Thread 0x00000205ff051270 DEOPT PACKING pc=0x00000205df8a7518 sp=0x000000687a7fac30
Event: 5.873 Thread 0x00000205ff051270 DEOPT UNPACKING pc=0x00000205df184422 sp=0x000000687a7fabc0 mode 2
Event: 10.382 Thread 0x00000205ff051270 Uncommon trap: trap_request=0xffffff45 fr.pc=0x00000205df8a62cc relative=0x0000000000000d4c
Event: 10.382 Thread 0x00000205ff051270 Uncommon trap: reason=unstable_if action=reinterpret pc=0x00000205df8a62cc method=java.io.WinNTFileSystem.resolve(Ljava/lang/String;Ljava/lang/String;)Ljava/lang/String; @ 19 c2
Event: 10.382 Thread 0x00000205ff051270 DEOPT PACKING pc=0x00000205df8a62cc sp=0x000000687a7fb620
Event: 10.382 Thread 0x00000205ff051270 DEOPT UNPACKING pc=0x00000205df184422 sp=0x000000687a7fb5b8 mode 2
Event: 10.384 Thread 0x00000205ff051270 Uncommon trap: trap_request=0xffffff45 fr.pc=0x00000205df910ca4 relative=0x0000000000000644
Event: 10.384 Thread 0x00000205ff051270 Uncommon trap: reason=unstable_if action=reinterpret pc=0x00000205df910ca4 method=java.io.File.getName()Ljava/lang/String; @ 16 c2
Event: 10.384 Thread 0x00000205ff051270 DEOPT PACKING pc=0x00000205df910ca4 sp=0x000000687a7fb5e0
Event: 10.384 Thread 0x00000205ff051270 DEOPT UNPACKING pc=0x00000205df184422 sp=0x000000687a7fb5b0 mode 2
Event: 26.364 Thread 0x00000205ff051270 Uncommon trap: trap_request=0xffffff45 fr.pc=0x00000205df8af994 relative=0x00000000000000f4
Event: 26.364 Thread 0x00000205ff051270 Uncommon trap: reason=unstable_if action=reinterpret pc=0x00000205df8af994 method=java.util.HashMap.hash(Ljava/lang/Object;)I @ 1 c2
Event: 26.364 Thread 0x00000205ff051270 DEOPT PACKING pc=0x00000205df8af994 sp=0x000000687a7fc460
Event: 26.364 Thread 0x00000205ff051270 DEOPT UNPACKING pc=0x00000205df184422 sp=0x000000687a7fc3a0 mode 2
Event: 26.591 Thread 0x00000205ff051270 Uncommon trap: trap_request=0xffffffcc fr.pc=0x00000205df9e7f10 relative=0x0000000000000350
Event: 26.591 Thread 0x00000205ff051270 Uncommon trap: reason=intrinsic_or_type_checked_inlining action=make_not_entrant pc=0x00000205df9e7f10 method=java.util.Arrays.copyOf([Ljava/lang/Object;ILjava/lang/Class;)[Ljava/lang/Object; @ 35 c2
Event: 26.591 Thread 0x00000205ff051270 DEOPT PACKING pc=0x00000205df9e7f10 sp=0x000000687a7fcd20
Event: 26.591 Thread 0x00000205ff051270 DEOPT UNPACKING pc=0x00000205df184422 sp=0x000000687a7fccc8 mode 2

Classes loaded (20 events):
Event: 14.237 Loading class java/util/LinkedList$ListItr
Event: 14.238 Loading class java/util/LinkedList$ListItr done
Event: 26.501 Loading class java/util/function/UnaryOperator
Event: 26.501 Loading class java/util/function/UnaryOperator done
Event: 26.591 Loading class java/lang/invoke/BoundMethodHandle$Species_LLLLLLLLLLLLLL
Event: 26.591 Loading class java/lang/invoke/BoundMethodHandle$Species_LLLLLLLLLLLLLL done
Event: 26.592 Loading class java/lang/invoke/BoundMethodHandle$Species_LLLLLLLLLLLLLLL
Event: 26.592 Loading class java/lang/invoke/BoundMethodHandle$Species_LLLLLLLLLLLLLLL done
Event: 26.593 Loading class java/lang/invoke/BoundMethodHandle$Species_LLLLLLLLLLLLLLLL
Event: 26.593 Loading class java/lang/invoke/BoundMethodHandle$Species_LLLLLLLLLLLLLLLL done
Event: 26.595 Loading class java/lang/invoke/BoundMethodHandle$Species_LLLLLLLLLLLLLLLLL
Event: 26.595 Loading class java/lang/invoke/BoundMethodHandle$Species_LLLLLLLLLLLLLLLLL done
Event: 26.598 Loading class java/lang/invoke/BoundMethodHandle$Species_LLLLLLLLLLLLLLLLLL
Event: 26.598 Loading class java/lang/invoke/BoundMethodHandle$Species_LLLLLLLLLLLLLLLLLL done
Event: 26.614 Loading class java/lang/invoke/BoundMethodHandle$Species_LLLLLLLLLLLLLLLLLLL
Event: 26.614 Loading class java/lang/invoke/BoundMethodHandle$Species_LLLLLLLLLLLLLLLLLLL done
Event: 26.616 Loading class java/lang/invoke/BoundMethodHandle$Species_LLLLLLLLLLLLLLLLLLLL
Event: 26.616 Loading class java/lang/invoke/BoundMethodHandle$Species_LLLLLLLLLLLLLLLLLLLL done
Event: 26.640 Loading class java/lang/invoke/BoundMethodHandle$Species_LLLLLLLLLLLLLLLLLLLLL
Event: 26.640 Loading class java/lang/invoke/BoundMethodHandle$Species_LLLLLLLLLLLLLLLLLLLLL done

Classes unloaded (0 events):
No events

Classes redefined (0 events):
No events

Internal exceptions (20 events):
Event: 5.316 Thread 0x00000205ff051270 Exception <a 'java/lang/NoSuchMethodError'{0x000000060e52fa50}: 'java.lang.Object java.lang.invoke.Invokers$Holder.invoker(java.lang.Object, java.lang.Object, java.lang.Object, java.lang.Object, java.lang.Object, java.lang.Object, java.lang.Object, java.lang.Object, java.lang.Object, java.lang.Object)'> (0x000000060e52fa50) 
thrown [s\src\hotspot\share\interpreter\linkResolver.cpp, line 773]
Event: 5.492 Thread 0x00000205ff051270 Exception <a 'java/lang/NoSuchMethodError'{0x000000060e3cb898}: 'void java.lang.invoke.DirectMethodHandle$Holder.invokeInterface(java.lang.Object, java.lang.Object)'> (0x000000060e3cb898) 
thrown [s\src\hotspot\share\interpreter\linkResolver.cpp, line 773]
Event: 5.492 Thread 0x00000205ff051270 Exception <a 'java/lang/IncompatibleClassChangeError'{0x000000060e3cee18}: Found class java.lang.Object, but interface was expected> (0x000000060e3cee18) 
thrown [s\src\hotspot\share\interpreter\linkResolver.cpp, line 840]
Event: 5.579 Thread 0x00000205ff051270 Exception <a 'java/lang/NoSuchMethodError'{0x000000060dd00178}: 'java.lang.Object java.lang.invoke.DirectMethodHandle$Holder.newInvokeSpecial(java.lang.Object, java.lang.Object, int)'> (0x000000060dd00178) 
thrown [s\src\hotspot\share\interpreter\linkResolver.cpp, line 773]
Event: 5.944 Thread 0x00000205ff051270 Exception <a 'java/lang/NoSuchMethodError'{0x000000060d9c0a80}: 'java.lang.Object java.lang.invoke.DirectMethodHandle$Holder.invokeVirtual(java.lang.Object, java.lang.Object, java.lang.Object, java.lang.Object, java.lang.Object, java.lang.Object, java.lang.Object, java.lang.Object)'> (0x000000060d9c0a80) 
thrown [s\src\hotspot\share\interpreter\linkResolver.cpp, line 773]
Event: 10.370 Thread 0x00000205ff051270 Exception <a 'java/lang/NoSuchMethodError'{0x000000060db97740}: 'java.lang.Object java.lang.invoke.DirectMethodHandle$Holder.invokeVirtual(java.lang.Object, java.lang.Object, java.lang.Object, java.lang.Object, java.lang.Object, java.lang.Object, java.lang.Object, java.lang.Object, java.lang.Object, java.lang.Object)'> (0x000000060db97740) 
thrown [s\src\hotspot\share\interpreter\linkResolver.cpp, line 773]
Event: 10.450 Thread 0x00000205ff051270 Exception <a 'java/lang/NoSuchMethodError'{0x000000060d42aaa8}: 'void java.lang.invoke.DirectMethodHandle$Holder.invokeStatic(java.lang.Object, java.lang.Object, java.lang.Object, java.lang.Object)'> (0x000000060d42aaa8) 
thrown [s\src\hotspot\share\interpreter\linkResolver.cpp, line 773]
Event: 10.451 Thread 0x00000205ff051270 Exception <a 'java/lang/NoSuchMethodError'{0x000000060d42e860}: 'void java.lang.invoke.DirectMethodHandle$Holder.invokeStaticInit(java.lang.Object, java.lang.Object, java.lang.Object, java.lang.Object)'> (0x000000060d42e860) 
thrown [s\src\hotspot\share\interpreter\linkResolver.cpp, line 773]
Event: 10.461 Thread 0x00000205ff051270 Exception <a 'java/lang/NoSuchMethodError'{0x000000060d48a880}: 'java.lang.Object java.lang.invoke.DirectMethodHandle$Holder.invokeInterface(java.lang.Object, java.lang.Object, java.lang.Object)'> (0x000000060d48a880) 
thrown [s\src\hotspot\share\interpreter\linkResolver.cpp, line 773]
Event: 10.516 Thread 0x00000205ff051270 Exception <a 'java/lang/NoSuchMethodError'{0x000000060d596600}: 'int java.lang.invoke.DirectMethodHandle$Holder.invokeSpecialIFC(java.lang.Object, java.lang.Object, java.lang.Object, java.lang.Object)'> (0x000000060d596600) 
thrown [s\src\hotspot\share\interpreter\linkResolver.cpp, line 773]
Event: 10.519 Thread 0x00000205ff051270 Exception <a 'java/lang/IncompatibleClassChangeError'{0x000000060d5a3a58}: Found class java.lang.Object, but interface was expected> (0x000000060d5a3a58) 
thrown [s\src\hotspot\share\interpreter\linkResolver.cpp, line 840]
Event: 26.364 Thread 0x00000205ff051270 Implicit null exception at 0x00000205df8af8e6 to 0x00000205df8af98a
Event: 26.588 Thread 0x00000205ff051270 Exception <a 'java/lang/NoSuchMethodError'{0x000000060cd410e8}: 'java.lang.Object java.lang.invoke.DelegatingMethodHandle$Holder.reinvoke_L(java.lang.Object, java.lang.Object, java.lang.Object, java.lang.Object, java.lang.Object, java.lang.Object, java.lang.Object, java.lang.Object, java.lang.Object, java.lang.Object, java.lang.Object, java.lang.Object, java.lang.Object, java.lang.Object, java.lang.Object, java.lang.Object, java.lang.Object, java.lang.Object, java.lang.Object, java.lang.Object, java.lang.O
Event: 26.592 Thread 0x00000205ff051270 Exception <a 'java/lang/NoSuchMethodError'{0x000000060cdaf900}: 'java.lang.Object java.lang.invoke.DirectMethodHandle$Holder.invokeStatic(java.lang.Object, java.lang.Object, java.lang.Object, java.lang.Object, java.lang.Object, java.lang.Object, java.lang.Object, java.lang.Object, java.lang.Object, java.lang.Object, java.lang.Object, java.lang.Object, java.lang.Object, java.lang.Object, java.lang.Object, java.lang.Object, java.lang.Object)'> (0x000000060cdaf900) 
thrown [s\src\hotspot\share\interpreter\lin
Event: 26.593 Thread 0x00000205ff051270 Exception <a 'java/lang/NoSuchMethodError'{0x000000060cdd8690}: 'java.lang.Object java.lang.invoke.DirectMethodHandle$Holder.invokeStatic(java.lang.Object, java.lang.Object, java.lang.Object, java.lang.Object, java.lang.Object, java.lang.Object, java.lang.Object, java.lang.Object, java.lang.Object, java.lang.Object, java.lang.Object, java.lang.Object, java.lang.Object, java.lang.Object, java.lang.Object, java.lang.Object, java.lang.Object, java.lang.Object)'> (0x000000060cdd8690) 
thrown [s\src\hotspot\sha
Event: 26.594 Thread 0x00000205ff051270 Exception <a 'java/lang/NoSuchMethodError'{0x000000060ce02720}: 'java.lang.Object java.lang.invoke.DirectMethodHandle$Holder.invokeStatic(java.lang.Object, java.lang.Object, java.lang.Object, java.lang.Object, java.lang.Object, java.lang.Object, java.lang.Object, java.lang.Object, java.lang.Object, java.lang.Object, java.lang.Object, java.lang.Object, java.lang.Object, java.lang.Object, java.lang.Object, java.lang.Object, java.lang.Object, java.lang.Object, java.lang.Object)'> (0x000000060ce02720) 
thrown 
Event: 26.596 Thread 0x00000205ff051270 Exception <a 'java/lang/NoSuchMethodError'{0x000000060ce2dc48}: 'java.lang.Object java.lang.invoke.DirectMethodHandle$Holder.invokeStatic(java.lang.Object, java.lang.Object, java.lang.Object, java.lang.Object, java.lang.Object, java.lang.Object, java.lang.Object, java.lang.Object, java.lang.Object, java.lang.Object, java.lang.Object, java.lang.Object, java.lang.Object, java.lang.Object, java.lang.Object, java.lang.Object, java.lang.Object, java.lang.Object, java.lang.Object, java.lang.Object)'> (0x00000006
Event: 26.613 Thread 0x00000205ff051270 Exception <a 'java/lang/NoSuchMethodError'{0x000000060ce5a5a0}: 'java.lang.Object java.lang.invoke.DirectMethodHandle$Holder.invokeStatic(java.lang.Object, java.lang.Object, java.lang.Object, java.lang.Object, java.lang.Object, java.lang.Object, java.lang.Object, java.lang.Object, java.lang.Object, java.lang.Object, java.lang.Object, java.lang.Object, java.lang.Object, java.lang.Object, java.lang.Object, java.lang.Object, java.lang.Object, java.lang.Object, java.lang.Object, java.lang.Object, java.lang.Obj
Event: 26.615 Thread 0x00000205ff051270 Exception <a 'java/lang/NoSuchMethodError'{0x000000060ce87d80}: 'java.lang.Object java.lang.invoke.DirectMethodHandle$Holder.invokeStatic(java.lang.Object, java.lang.Object, java.lang.Object, java.lang.Object, java.lang.Object, java.lang.Object, java.lang.Object, java.lang.Object, java.lang.Object, java.lang.Object, java.lang.Object, java.lang.Object, java.lang.Object, java.lang.Object, java.lang.Object, java.lang.Object, java.lang.Object, java.lang.Object, java.lang.Object, java.lang.Object, java.lang.Obj
Event: 26.626 Thread 0x00000205ff051270 Exception <a 'java/lang/NoSuchMethodError'{0x000000060ceb6078}: 'java.lang.Object java.lang.invoke.DirectMethodHandle$Holder.invokeStatic(java.lang.Object, java.lang.Object, java.lang.Object, java.lang.Object, java.lang.Object, java.lang.Object, java.lang.Object, java.lang.Object, java.lang.Object, java.lang.Object, java.lang.Object, java.lang.Object, java.lang.Object, java.lang.Object, java.lang.Object, java.lang.Object, java.lang.Object, java.lang.Object, java.lang.Object, java.lang.Object, java.lang.Obj

ZGC Phase Switch (0 events):
No events

VM Operations (20 events):
Event: 8.599 Executing safepoint VM operation: Cleanup
Event: 8.599 Executing safepoint VM operation: Cleanup done
Event: 9.609 Executing safepoint VM operation: Cleanup
Event: 9.609 Executing safepoint VM operation: Cleanup done
Event: 10.614 Executing safepoint VM operation: Cleanup
Event: 10.614 Executing safepoint VM operation: Cleanup done
Event: 16.675 Executing safepoint VM operation: Cleanup
Event: 16.675 Executing safepoint VM operation: Cleanup done
Event: 17.686 Executing safepoint VM operation: Cleanup
Event: 17.686 Executing safepoint VM operation: Cleanup done
Event: 20.709 Executing safepoint VM operation: Cleanup
Event: 20.709 Executing safepoint VM operation: Cleanup done
Event: 21.724 Executing safepoint VM operation: Cleanup
Event: 21.724 Executing safepoint VM operation: Cleanup done
Event: 23.739 Executing safepoint VM operation: Cleanup
Event: 23.739 Executing safepoint VM operation: Cleanup done
Event: 24.744 Executing safepoint VM operation: Cleanup
Event: 24.744 Executing safepoint VM operation: Cleanup done
Event: 25.746 Executing safepoint VM operation: Cleanup
Event: 25.746 Executing safepoint VM operation: Cleanup done

Memory protections (0 events):
No events

Nmethod flushes (0 events):
No events

Events (20 events):
Event: 0.163 Thread 0x00000205cc2e3c80 Thread added: 0x00000205fa4bd520
Event: 0.164 Thread 0x00000205cc2e3c80 Thread added: 0x00000205fd4e3770
Event: 0.297 Thread 0x00000205cc2e3c80 Thread added: 0x00000205fd668b00
Event: 0.339 Thread 0x00000205cc2e3c80 Thread added: 0x00000205fd7bd6d0
Event: 3.800 Thread 0x00000205cc2e3c80 Thread added: 0x00000205ff00bf40
Event: 4.070 Thread 0x00000205fd4e3770 Thread added: 0x00000205ff0457b0
Event: 4.097 Thread 0x00000205cc2e3c80 Thread added: 0x00000205fe299740
Event: 4.211 Thread 0x00000205cc2e3c80 Thread added: 0x00000205fef9bb00
Event: 4.266 Thread 0x00000205fe299740 Thread added: 0x00000205c5076990
Event: 4.272 Thread 0x00000205c5076990 Thread added: 0x00000205fef900e0
Event: 4.347 Thread 0x00000205c5076990 Thread added: 0x00000205ff054060
Event: 4.364 Thread 0x00000205c5076990 Thread added: 0x00000205ff051270
Event: 4.401 Thread 0x00000205ff051270 Thread added: 0x00000205ff050be0
Event: 4.408 Thread 0x00000205ff051270 Thread added: 0x00000205ff052620
Event: 4.423 Thread 0x00000205ff051270 Thread added: 0x00000205ff052cb0
Event: 5.570 Thread 0x00000205ff051270 Thread added: 0x00000205ff053340
Event: 5.623 Thread 0x00000205ff051270 Thread added: 0x00000205ff051900
Event: 5.629 Thread 0x00000205ff051900 Thread added: 0x00000205ff051f90
Event: 5.953 Thread 0x00000205ff051270 Thread added: 0x00000205ff0539d0
Event: 11.532 Thread 0x00000205ff0457b0 Thread exited: 0x00000205ff0457b0


Dynamic libraries:
0x00007ff79bf90000 - 0x00007ff79bf9e000 	C:\Users\AJI\.vscode\extensions\redhat.java-1.56.0-win32-x64\jre\21.0.12.1-win32-x86_64\bin\java.exe
0x00007ffe02160000 - 0x00007ffe023c7000 	C:\WINDOWS\SYSTEM32\ntdll.dll
0x00007ffe003b0000 - 0x00007ffe0047b000 	C:\WINDOWS\System32\KERNEL32.DLL
0x00007ffdff6f0000 - 0x00007ffdffaf2000 	C:\WINDOWS\System32\KERNELBASE.dll
0x00007ffdff410000 - 0x00007ffdff55c000 	C:\WINDOWS\System32\ucrtbase.dll
0x00007ffd821c0000 - 0x00007ffd821d8000 	C:\Users\AJI\.vscode\extensions\redhat.java-1.56.0-win32-x64\jre\21.0.12.1-win32-x86_64\bin\jli.dll
0x00007ffe019a0000 - 0x00007ffe01b6f000 	C:\WINDOWS\System32\USER32.dll
0x00007ffdff570000 - 0x00007ffdff597000 	C:\WINDOWS\System32\win32u.dll
0x00007ffe01970000 - 0x00007ffe0199b000 	C:\WINDOWS\System32\GDI32.dll
0x00007ffdffc90000 - 0x00007ffdffdb9000 	C:\WINDOWS\System32\gdi32full.dll
0x00007ffdff360000 - 0x00007ffdff403000 	C:\WINDOWS\System32\msvcp_win.dll
0x00007ffdc0f00000 - 0x00007ffdc0f1e000 	C:\Users\AJI\.vscode\extensions\redhat.java-1.56.0-win32-x64\jre\21.0.12.1-win32-x86_64\bin\VCRUNTIME140.dll
0x00007ffddfe30000 - 0x00007ffde00c0000 	C:\WINDOWS\WinSxS\amd64_microsoft.windows.common-controls_6595b64144ccf1df_6.0.26100.9278_none_3e0d1ba8e3303201\COMCTL32.dll
0x00007ffe018c0000 - 0x00007ffe01969000 	C:\WINDOWS\System32\msvcrt.dll
0x00007ffe01b90000 - 0x00007ffe01bc1000 	C:\WINDOWS\System32\IMM32.DLL
0x00007ffdd7ca0000 - 0x00007ffdd7cac000 	C:\Users\AJI\.vscode\extensions\redhat.java-1.56.0-win32-x64\jre\21.0.12.1-win32-x86_64\bin\vcruntime140_1.dll
0x00007ffd7e7f0000 - 0x00007ffd7e87d000 	C:\Users\AJI\.vscode\extensions\redhat.java-1.56.0-win32-x64\jre\21.0.12.1-win32-x86_64\bin\msvcp140.dll
0x00007ffcef0f0000 - 0x00007ffcefe92000 	C:\Users\AJI\.vscode\extensions\redhat.java-1.56.0-win32-x64\jre\21.0.12.1-win32-x86_64\bin\server\jvm.dll
0x00007ffe002e0000 - 0x00007ffe0039c000 	C:\WINDOWS\System32\ADVAPI32.dll
0x00007ffe00230000 - 0x00007ffe002d9000 	C:\WINDOWS\System32\sechost.dll
0x00007ffdfff30000 - 0x00007ffe00048000 	C:\WINDOWS\System32\RPCRT4.dll
0x00007ffe01720000 - 0x00007ffe017a0000 	C:\WINDOWS\System32\WS2_32.dll
0x00007ffdff1c0000 - 0x00007ffdff21e000 	C:\WINDOWS\SYSTEM32\POWRPROF.dll
0x00007ffdf5020000 - 0x00007ffdf502b000 	C:\WINDOWS\SYSTEM32\VERSION.dll
0x00007ffdfb560000 - 0x00007ffdfb596000 	C:\WINDOWS\SYSTEM32\WINMM.dll
0x00007ffdff1a0000 - 0x00007ffdff1b5000 	C:\WINDOWS\SYSTEM32\UMPDC.dll
0x00007ffdfdf70000 - 0x00007ffdfdf8b000 	C:\WINDOWS\SYSTEM32\kernel.appcore.dll
0x00007ffdd7be0000 - 0x00007ffdd7bea000 	C:\Users\AJI\.vscode\extensions\redhat.java-1.56.0-win32-x64\jre\21.0.12.1-win32-x86_64\bin\jimage.dll
0x00007ffdfc940000 - 0x00007ffdfcb8c000 	C:\WINDOWS\SYSTEM32\DBGHELP.DLL
0x00007ffe00d20000 - 0x00007ffe010a5000 	C:\WINDOWS\System32\combase.dll
0x00007ffe011b0000 - 0x00007ffe01289000 	C:\WINDOWS\System32\OLEAUT32.dll
0x00007ffdde450000 - 0x00007ffdde48b000 	C:\WINDOWS\SYSTEM32\dbgcore.DLL
0x00007ffdffdc0000 - 0x00007ffdffe6c000 	C:\WINDOWS\System32\bcryptPrimitives.dll
0x00007ffdd70d0000 - 0x00007ffdd70df000 	C:\Users\AJI\.vscode\extensions\redhat.java-1.56.0-win32-x64\jre\21.0.12.1-win32-x86_64\bin\instrument.dll
0x00007ffd7fbb0000 - 0x00007ffd7fbd0000 	C:\Users\AJI\.vscode\extensions\redhat.java-1.56.0-win32-x64\jre\21.0.12.1-win32-x86_64\bin\java.dll
0x00007ffe00580000 - 0x00007ffe00d18000 	C:\WINDOWS\System32\SHELL32.dll
0x00007ffdfcd80000 - 0x00007ffdfd62e000 	C:\WINDOWS\SYSTEM32\windows.storage.dll
0x00007ffe01320000 - 0x00007ffe0141b000 	C:\WINDOWS\System32\SHCORE.dll
0x00007ffe010b0000 - 0x00007ffe01116000 	C:\WINDOWS\System32\shlwapi.dll
0x00007ffdff280000 - 0x00007ffdff2a9000 	C:\WINDOWS\SYSTEM32\profapi.dll
0x00007ffd7fb90000 - 0x00007ffd7fba8000 	C:\Users\AJI\.vscode\extensions\redhat.java-1.56.0-win32-x64\jre\21.0.12.1-win32-x86_64\bin\zip.dll
0x00007ffdd7b20000 - 0x00007ffdd7b30000 	C:\Users\AJI\.vscode\extensions\redhat.java-1.56.0-win32-x64\jre\21.0.12.1-win32-x86_64\bin\net.dll
0x00007ffdf8730000 - 0x00007ffdf885a000 	C:\WINDOWS\SYSTEM32\WINHTTP.dll
0x00007ffdfe5f0000 - 0x00007ffdfe65c000 	C:\WINDOWS\system32\mswsock.dll
0x00007ffd7e7d0000 - 0x00007ffd7e7e6000 	C:\Users\AJI\.vscode\extensions\redhat.java-1.56.0-win32-x64\jre\21.0.12.1-win32-x86_64\bin\nio.dll
0x00007ffdd1b60000 - 0x00007ffdd1b70000 	C:\Users\AJI\.vscode\extensions\redhat.java-1.56.0-win32-x64\jre\21.0.12.1-win32-x86_64\bin\verify.dll
0x00007ffd7fce0000 - 0x00007ffd7fd07000 	C:\Users\AJI\.gradle\native\1def1411415f61bf3af743bc5b6707747c0891f09f0c88961ee8f79bc544acac\windows-amd64\native-platform.dll
0x00007ffcf9e70000 - 0x00007ffcf9ee7000 	C:\Users\AJI\.gradle\native\0.2.8\x86_64-windows-gnu\gradle-fileevents.dll
0x00007ffdd17c0000 - 0x00007ffdd17ca000 	C:\Users\AJI\.vscode\extensions\redhat.java-1.56.0-win32-x64\jre\21.0.12.1-win32-x86_64\bin\management.dll
0x00007ffdd0ce0000 - 0x00007ffdd0cec000 	C:\Users\AJI\.vscode\extensions\redhat.java-1.56.0-win32-x64\jre\21.0.12.1-win32-x86_64\bin\management_ext.dll
0x00007ffe01b80000 - 0x00007ffe01b88000 	C:\WINDOWS\System32\PSAPI.DLL
0x00007ffdfd9b0000 - 0x00007ffdfd9e3000 	C:\WINDOWS\SYSTEM32\IPHLPAPI.DLL
0x00007ffdfff00000 - 0x00007ffdfff0a000 	C:\WINDOWS\System32\NSI.dll
0x00007ffdd0ba0000 - 0x00007ffdd0ba9000 	C:\Users\AJI\.vscode\extensions\redhat.java-1.56.0-win32-x64\jre\21.0.12.1-win32-x86_64\bin\extnet.dll
0x00007ffdfe8e0000 - 0x00007ffdfe8fb000 	C:\WINDOWS\SYSTEM32\CRYPTSP.dll
0x00007ffdfdf90000 - 0x00007ffdfdfc9000 	C:\WINDOWS\system32\rsaenh.dll
0x00007ffdfe6a0000 - 0x00007ffdfe6d4000 	C:\WINDOWS\SYSTEM32\USERENV.dll
0x00007ffdff250000 - 0x00007ffdff27a000 	C:\WINDOWS\SYSTEM32\bcrypt.dll
0x00007ffdfe900000 - 0x00007ffdfe90c000 	C:\WINDOWS\SYSTEM32\CRYPTBASE.dll
0x00007ffdd0640000 - 0x00007ffdd064e000 	C:\Users\AJI\.vscode\extensions\redhat.java-1.56.0-win32-x64\jre\21.0.12.1-win32-x86_64\bin\sunmscapi.dll
0x00007ffdffb00000 - 0x00007ffdffc7e000 	C:\WINDOWS\System32\CRYPT32.dll
0x00007ffdfeb20000 - 0x00007ffdfeb50000 	C:\WINDOWS\SYSTEM32\ncrypt.dll
0x00007ffdfead0000 - 0x00007ffdfeb0f000 	C:\WINDOWS\SYSTEM32\NTASN1.dll
0x00007ffdd4f00000 - 0x00007ffdd4f08000 	C:\WINDOWS\system32\wshunix.dll

JVMTI agents:
C:\Users\AJI\.gradle\wrapper\dists\gradle-9.1.0-all\7wzd0jkjit61aq2p43wpjgij9\gradle-9.1.0\lib\agents\gradle-instrumentation-agent-9.1.0.jar path:C:\Users\AJI\.vscode\extensions\redhat.java-1.56.0-win32-x64\jre\21.0.12.1-win32-x86_64\bin\instrument.dll, loaded, initialized, instrumentlib options:none

dbghelp: loaded successfully - version: 4.0.5 - missing functions: none
symbol engine: initialized successfully - sym options: 0x614 - pdb path: .;C:\Users\AJI\.vscode\extensions\redhat.java-1.56.0-win32-x64\jre\21.0.12.1-win32-x86_64\bin;C:\WINDOWS\SYSTEM32;C:\WINDOWS\WinSxS\amd64_microsoft.windows.common-controls_6595b64144ccf1df_6.0.26100.9278_none_3e0d1ba8e3303201;C:\Users\AJI\.vscode\extensions\redhat.java-1.56.0-win32-x64\jre\21.0.12.1-win32-x86_64\bin\server;C:\Users\AJI\.gradle\native\1def1411415f61bf3af743bc5b6707747c0891f09f0c88961ee8f79bc544acac\windows-amd64;C:\Users\AJI\.gradle\native\0.2.8\x86_64-windows-gnu

VM Arguments:
jvm_args: --add-opens=java.base/java.lang=ALL-UNNAMED --add-opens=java.base/java.lang.invoke=ALL-UNNAMED --add-opens=java.base/java.util=ALL-UNNAMED --add-opens=java.prefs/java.util.prefs=ALL-UNNAMED --add-exports=jdk.compiler/com.sun.tools.javac.api=ALL-UNNAMED --add-exports=jdk.compiler/com.sun.tools.javac.util=ALL-UNNAMED --add-opens=java.base/java.util=ALL-UNNAMED --add-opens=java.prefs/java.util.prefs=ALL-UNNAMED --add-opens=java.base/java.nio.charset=ALL-UNNAMED --add-opens=java.base/java.net=ALL-UNNAMED --add-opens=java.base/java.util.concurrent=ALL-UNNAMED --add-opens=java.base/java.util.concurrent.atomic=ALL-UNNAMED --add-opens=java.xml/javax.xml.namespace=ALL-UNNAMED --add-opens=java.base/java.time=ALL-UNNAMED -XX:MaxMetaspaceSize=4G -XX:ReservedCodeCacheSize=512m -XX:+HeapDumpOnOutOfMemoryError -Xmx8G -Dfile.encoding=UTF-8 -Duser.country=IN -Duser.language=en -Duser.variant -javaagent:C:\Users\AJI\.gradle\wrapper\dists\gradle-9.1.0-all\7wzd0jkjit61aq2p43wpjgij9\gradle-9.1.0\lib\agents\gradle-instrumentation-agent-9.1.0.jar 
java_command: org.gradle.launcher.daemon.bootstrap.GradleDaemon 9.1.0
java_class_path (initial): C:\Users\AJI\.gradle\wrapper\dists\gradle-9.1.0-all\7wzd0jkjit61aq2p43wpjgij9\gradle-9.1.0\lib\gradle-daemon-main-9.1.0.jar
Launcher Type: SUN_STANDARD

[Global flags]
     intx CICompilerCount                          = 12                                        {product} {ergonomic}
     uint ConcGCThreads                            = 4                                         {product} {ergonomic}
     uint G1ConcRefinementThreads                  = 15                                        {product} {ergonomic}
   size_t G1HeapRegionSize                         = 4194304                                   {product} {ergonomic}
    uintx GCDrainStackTargetSize                   = 64                                        {product} {ergonomic}
     bool HeapDumpOnOutOfMemoryError               = true                                   {manageable} {command line}
   size_t InitialHeapSize                          = 264241152                                 {product} {ergonomic}
   size_t MarkStackSize                            = 4194304                                   {product} {ergonomic}
   size_t MaxHeapSize                              = 8589934592                                {product} {command line}
   size_t MaxMetaspaceSize                         = 4294967296                                {product} {command line}
   size_t MaxNewSize                               = 5150605312                                {product} {ergonomic}
   size_t MinHeapDeltaBytes                        = 4194304                                   {product} {ergonomic}
   size_t MinHeapSize                              = 8388608                                   {product} {ergonomic}
    uintx NonNMethodCodeHeapSize                   = 7602480                                {pd product} {ergonomic}
    uintx NonProfiledCodeHeapSize                  = 264634216                              {pd product} {ergonomic}
    uintx ProfiledCodeHeapSize                     = 264634216                              {pd product} {ergonomic}
    uintx ReservedCodeCacheSize                    = 536870912                              {pd product} {command line}
     bool SegmentedCodeCache                       = true                                      {product} {ergonomic}
   size_t SoftMaxHeapSize                          = 8589934592                             {manageable} {ergonomic}
     bool UseCompressedOops                        = true                           {product lp64_product} {ergonomic}
     bool UseG1GC                                  = true                                      {product} {ergonomic}
     bool UseLargePagesIndividualAllocation        = false                                  {pd product} {ergonomic}

Logging:
Log output configuration:
 #0: stdout all=warning uptime,level,tags foldmultilines=false
 #1: stderr all=off uptime,level,tags foldmultilines=false

Release file:
JAVA_VERSION="21.0.12.1" 
MODULES="java.base java.compiler java.datatransfer java.xml java.prefs java.desktop java.instrument java.logging java.management java.security.sasl java.naming java.rmi java.management.rmi java.net.http java.scripting java.security.jgss java.transaction.xa java.sql java.sql.rowset java.xml.crypto java.se java.smartcardio jdk.accessibility jdk.internal.jvmstat jdk.attach jdk.charsets jdk.internal.opt jdk.zipfs jdk.compiler jdk.crypto.ec jdk.crypto.cryptoki jdk.crypto.mscapi jdk.dynalink jdk.internal.ed jdk.editpad jdk.hotspot.agent jdk.httpserver jdk.internal.le jdk.internal.vm.ci jdk.internal.vm.compiler jdk.internal.vm.compiler.management jdk.jartool jdk.javadoc jdk.jcmd jdk.management jdk.management.agent jdk.jconsole jdk.jdeps jdk.jdwp.agent jdk.jdi jdk.jfr jdk.jshell jdk.jsobject jdk.jstatd jdk.localedata jdk.management.jfr jdk.naming.dns jdk.naming.rmi jdk.net jdk.nio.mapmode jdk.random jdk.sctp jdk.security.auth jdk.security.jgss jdk.unsupported jdk.unsupported.desktop jdk.xml.dom" 

Environment Variables:
JAVA_HOME=C:\Program Files\Java\jdk-17
PATH=C:\Python314\Scripts\;C:\Python314\;C:\Program Files\Eclipse Adoptium\jdk-25.0.3.9-hotspot\bin;C:\Program Files\Microsoft\jdk-11.0.16.101-hotspot\bin;C:\WINDOWS\system32;C:\WINDOWS;C:\WINDOWS\System32\Wbem;C:\WINDOWS\System32\WindowsPowerShell\v1.0\;C:\WINDOWS\System32\OpenSSH\;C:\Program Files\dotnet\;C:\MinGW\bin;C:\ProgramData\chocolatey\bin;C:\Users\AJI\AppData\Local\Pub\Cache\bin;C:\Program Files\Java\jdk-17\bin;d:\cursor\resources\app\bin;C:\Users\AJI\develop\flutter\bin;C:\Users\AJI\.local\bin;D:\node\node_modules\npm\bin;D:\node\;C:\Program Files\nodejs\;C:\Program Files\nodejs\node_modules\npm\bin;C:\Users\AJI\Documents\MONGO\mongosh-2.9.2-win32-x64\bin;C:\xampp\php;C:\Program Files\Git\cmd;C:\Users\AJI\AppData\Local\Programs\Python\Python312\Scripts\;C:\Users\AJI\AppData\Local\Programs\Python\Python312\;C:\Users\AJI\.local\bin;C:\Users\AJI\AppData\Local\Microsoft\WindowsApps;D:\IntelliJ IDEA Community Edition 2023.1.5\bin;;C:\mingw64\bin;C:\Users\AJI\.dotnet\tools;C:\Users\AJI\Documents\flutter_windows_3.13.4-stable\flutter\bin;C:\Users\AJI\AppData\Local\Pub\Cache\bin;D:\flutter_pub_cache;C:\Users\AJI\AppData\Local\Android\Sdk;C:\Program Files\Java\jdk-17\bin;D:\rider\JetBrains Rider 2024.3.7\bin;;D:\Program Files\Microsoft VS Code\bin;D:\freelanceing\cursor\resources\app\bin;C:\Users\AJI\AppData\Local\Programs\Microsoft VS Code\bin;C:\Users\AJI\AppData\Local\Programs\cursor\resources\app\bin;C:\Users\AJI\AppData\Roaming\npm
USERNAME=AJI
OS=Windows_NT
PROCESSOR_IDENTIFIER=Intel64 Family 6 Model 154 Stepping 3, GenuineIntel
TMP=C:\Users\AJI\AppData\Local\Temp
TEMP=C:\Users\AJI\AppData\Local\Temp




Periodic native trim disabled

---------------  S Y S T E M  ---------------

OS:
 Windows 11 , 64 bit Build 26100 (10.0.26100.9444)
OS uptime: 0 days 0:13 hours
Hyper-V role detected

CPU: total 20 (initial active 20) (10 cores per cpu, 2 threads per core) family 6 model 154 stepping 3 microcode 0x43b, cx8, cmov, fxsr, ht, mmx, 3dnowpref, sse, sse2, sse3, ssse3, sse4.1, sse4.2, popcnt, lzcnt, tsc, tscinvbit, avx, avx2, aes, erms, clmul, bmi1, bmi2, adx, sha, fma, vzeroupper, clflush, clflushopt, clwb, hv, serialize, rdtscp, rdpid, fsrm, f16c, cet_ibt, cet_ss
Processor Information for processor 0
  Max Mhz: 2300, Current Mhz: 2300, Mhz Limit: 2300
Processor Information for processor 1
  Max Mhz: 2300, Current Mhz: 2300, Mhz Limit: 2300
Processor Information for processor 2
  Max Mhz: 2300, Current Mhz: 2300, Mhz Limit: 2300
Processor Information for processor 3
  Max Mhz: 2300, Current Mhz: 2300, Mhz Limit: 2300
Processor Information for processor 4
  Max Mhz: 2300, Current Mhz: 2300, Mhz Limit: 2300
Processor Information for processor 5
  Max Mhz: 2300, Current Mhz: 2300, Mhz Limit: 2300
Processor Information for processor 6
  Max Mhz: 2300, Current Mhz: 2300, Mhz Limit: 2300
Processor Information for processor 7
  Max Mhz: 2300, Current Mhz: 2300, Mhz Limit: 2300
Processor Information for processor 8
  Max Mhz: 2300, Current Mhz: 2300, Mhz Limit: 2300
Processor Information for processor 9
  Max Mhz: 2300, Current Mhz: 2300, Mhz Limit: 2300
Processor Information for processor 10
  Max Mhz: 2300, Current Mhz: 2300, Mhz Limit: 2300
Processor Information for processor 11
  Max Mhz: 2300, Current Mhz: 2300, Mhz Limit: 2300
Processor Information for processor 12
  Max Mhz: 2300, Current Mhz: 2300, Mhz Limit: 2300
Processor Information for processor 13
  Max Mhz: 2300, Current Mhz: 2300, Mhz Limit: 2300
Processor Information for processor 14
  Max Mhz: 2300, Current Mhz: 2300, Mhz Limit: 2300
Processor Information for processor 15
  Max Mhz: 2300, Current Mhz: 2300, Mhz Limit: 2300
Processor Information for processor 16
  Max Mhz: 2300, Current Mhz: 2300, Mhz Limit: 2300
Processor Information for processor 17
  Max Mhz: 2300, Current Mhz: 1488, Mhz Limit: 2300
Processor Information for processor 18
  Max Mhz: 2300, Current Mhz: 2300, Mhz Limit: 2300
Processor Information for processor 19
  Max Mhz: 2300, Current Mhz: 2300, Mhz Limit: 2300

Memory: 4k page, system-wide physical 16068M (28M free)
TotalPageFile size 65220M (AvailPageFile size 10M)
current process WorkingSet (physical memory assigned to process): 58M, peak: 205M
current process commit charge ("private bytes"): 402M, peak: 426M

vm_info: OpenJDK 64-Bit Server VM (21.0.12.1+1-LTS) for windows-amd64 JRE (21.0.12.1+1-LTS), built on 2026-08-18T00:00:00Z by "admin" with MS VC++ 17.12 (VS2022)

END.
