#
# There is insufficient memory for the Java Runtime Environment to continue.
# Native memory allocation (malloc) failed to allocate 1476016 bytes. Error detail: Chunk::new
# Possible reasons:
#   The system is out of physical RAM or swap space
#   This process is running with CompressedOops enabled, and the Java Heap may be blocking the growth of the native heap
# Possible solutions:
#   Reduce memory load on the system
#   Increase physical memory or swap space
#   Check if swap backing store is full
#   Decrease Java heap size (-Xmx/-Xms)
#   Decrease number of Java threads
#   Decrease Java thread stack sizes (-Xss)
#   Set larger code cache with -XX:ReservedCodeCacheSize=
#   JVM is running with Zero Based Compressed Oops mode in which the Java heap is
#     placed in the first 32GB address space. The Java Heap base address is the
#     maximum limit for the native heap growth. Please use -XX:HeapBaseMinAddress
#     to set the Java Heap base and to place the Java Heap above 32GB virtual address.
# This output file may be truncated or incomplete.
#
#  Out of Memory Error (arena.cpp:168), pid=8344, tid=74468
#
# JRE version: OpenJDK Runtime Environment Temurin-21.0.12.1+1 (21.0.12.1+1) (build 21.0.12.1+1-LTS)
# Java VM: OpenJDK 64-Bit Server VM Temurin-21.0.12.1+1 (21.0.12.1+1-LTS, mixed mode, sharing, tiered, compressed oops, compressed class ptrs, g1 gc, windows-amd64)
# No core dump will be written. Minidumps are not enabled by default on client versions of Windows
#

---------------  S U M M A R Y ------------

Command Line: --add-opens=java.base/java.lang=ALL-UNNAMED --add-opens=java.base/java.lang.invoke=ALL-UNNAMED --add-opens=java.base/java.util=ALL-UNNAMED --add-opens=java.prefs/java.util.prefs=ALL-UNNAMED --add-exports=jdk.compiler/com.sun.tools.javac.api=ALL-UNNAMED --add-exports=jdk.compiler/com.sun.tools.javac.util=ALL-UNNAMED --add-opens=java.base/java.util=ALL-UNNAMED --add-opens=java.prefs/java.util.prefs=ALL-UNNAMED --add-opens=java.base/java.nio.charset=ALL-UNNAMED --add-opens=java.base/java.net=ALL-UNNAMED --add-opens=java.base/java.util.concurrent=ALL-UNNAMED --add-opens=java.base/java.util.concurrent.atomic=ALL-UNNAMED --add-opens=java.xml/javax.xml.namespace=ALL-UNNAMED --add-opens=java.base/java.time=ALL-UNNAMED -XX:MaxMetaspaceSize=4G -XX:ReservedCodeCacheSize=512m -XX:+HeapDumpOnOutOfMemoryError -Xmx8G -Dfile.encoding=UTF-8 -Duser.country=IN -Duser.language=en -Duser.variant -javaagent:C:\Users\AJI\.gradle\wrapper\dists\gradle-9.1.0-all\7wzd0jkjit61aq2p43wpjgij9\gradle-9.1.0\lib\agents\gradle-instrumentation-agent-9.1.0.jar org.gradle.launcher.daemon.bootstrap.GradleDaemon 9.1.0

Host: 12th Gen Intel(R) Core(TM) i7-12700H, 20 cores, 15G,  Windows 11 , 64 bit Build 26100 (10.0.26100.9444)
Time: Thu Sep 17 09:16:58 2026 India Standard Time elapsed time: 17.407516 seconds (0d 0h 0m 17s)

---------------  T H R E A D  ---------------

Current thread (0x00000112fb47e3d0):  JavaThread "C2 CompilerThread0" daemon [_thread_in_native, id=74468, stack(0x000000052f700000,0x000000052f800000) (1024K)]


Current CompileTask:
C2:17408 3347   !   4       java.net.URLClassLoader::findClass (47 bytes)

Stack: [0x000000052f700000,0x000000052f800000]
Native frames: (J=compiled Java code, j=interpreted, Vv=VM code, C=native code)
V  [jvm.dll+0x6d83e9]
V  [jvm.dll+0x8b5736]
V  [jvm.dll+0x8b7cee]
V  [jvm.dll+0x8b83d3]
V  [jvm.dll+0x284596]
V  [jvm.dll+0xc685d]
V  [jvm.dll+0xc6da1]
V  [jvm.dll+0x3bf151]
V  [jvm.dll+0x1e3f42]
V  [jvm.dll+0x24c853]
V  [jvm.dll+0x24bce0]
V  [jvm.dll+0x1cb4ae]
V  [jvm.dll+0x25baad]
V  [jvm.dll+0x25a03a]
V  [jvm.dll+0x3f8aae]
V  [jvm.dll+0x8600cd]
V  [jvm.dll+0x6d6c1d]
C  [ucrtbase.dll+0x2cd30]
C  [KERNEL32.DLL+0x2cd87]
C  [ntdll.dll+0xacaec]


---------------  P R O C E S S  ---------------

Threads class SMR info:
_java_thread_list=0x00000112c60dca80, length=25, elements={
0x00000112cd2b0ca0, 0x00000112fb4720e0, 0x00000112fb472c40, 0x00000112fb479dc0,
0x00000112fb47abd0, 0x00000112fb47d640, 0x00000112fe473490, 0x00000112fb47e3d0,
0x00000112fe4784a0, 0x00000112fe474840, 0x00000112fe474ed0, 0x00000112fe472770,
0x00000112fe472e00, 0x00000112fe473b20, 0x00000112fedeab20, 0x00000112fedec560,
0x00000112fedecbf0, 0x00000112fede9e00, 0x00000112fedea490, 0x00000112feded280,
0x00000112fedeb1b0, 0x00000112feded910, 0x00000112fedee630, 0x00000112fedeecc0,
0x00000112fededfa0
}

Java Threads: ( => current thread )
  0x00000112cd2b0ca0 JavaThread "main"                              [_thread_blocked, id=22476, stack(0x000000052e900000,0x000000052ea00000) (1024K)]
  0x00000112fb4720e0 JavaThread "Reference Handler"          daemon [_thread_blocked, id=48784, stack(0x000000052f100000,0x000000052f200000) (1024K)]
  0x00000112fb472c40 JavaThread "Finalizer"                  daemon [_thread_blocked, id=12688, stack(0x000000052f200000,0x000000052f300000) (1024K)]
  0x00000112fb479dc0 JavaThread "Signal Dispatcher"          daemon [_thread_blocked, id=74304, stack(0x000000052f300000,0x000000052f400000) (1024K)]
  0x00000112fb47abd0 JavaThread "Attach Listener"            daemon [_thread_blocked, id=74164, stack(0x000000052f400000,0x000000052f500000) (1024K)]
  0x00000112fb47d640 JavaThread "Service Thread"             daemon [_thread_blocked, id=49256, stack(0x000000052f500000,0x000000052f600000) (1024K)]
  0x00000112fe473490 JavaThread "Monitor Deflation Thread"   daemon [_thread_blocked, id=22424, stack(0x000000052f600000,0x000000052f700000) (1024K)]
=>0x00000112fb47e3d0 JavaThread "C2 CompilerThread0"         daemon [_thread_in_native, id=74468, stack(0x000000052f700000,0x000000052f800000) (1024K)]
  0x00000112fe4784a0 JavaThread "C1 CompilerThread0"         daemon [_thread_blocked, id=74344, stack(0x000000052f800000,0x000000052f900000) (1024K)]
  0x00000112fe474840 JavaThread "Common-Cleaner"             daemon [_thread_blocked, id=64100, stack(0x000000052fb00000,0x000000052fc00000) (1024K)]
  0x00000112fe474ed0 JavaThread "Notification Thread"        daemon [_thread_blocked, id=35252, stack(0x000000052fc00000,0x000000052fd00000) (1024K)]
  0x00000112fe472770 JavaThread "Daemon health stats"               [_thread_blocked, id=78320, stack(0x000000052fd00000,0x000000052fe00000) (1024K)]
  0x00000112fe472e00 JavaThread "Incoming local TCP Connector on port 33301"        [_thread_in_native, id=59864, stack(0x0000000530300000,0x0000000530400000) (1024K)]
  0x00000112fe473b20 JavaThread "Daemon periodic checks"            [_thread_blocked, id=73492, stack(0x0000000530500000,0x0000000530600000) (1024K)]
  0x00000112fedeab20 JavaThread "Daemon"                            [_thread_blocked, id=16660, stack(0x0000000530600000,0x0000000530700000) (1024K)]
  0x00000112fedec560 JavaThread "Handler for socket connection from /127.0.0.1:33301 to /127.0.0.1:33306"        [_thread_in_native, id=4624, stack(0x0000000530700000,0x0000000530800000) (1024K)]
  0x00000112fedecbf0 JavaThread "Cancel handler"                    [_thread_blocked, id=15004, stack(0x0000000530800000,0x0000000530900000) (1024K)]
  0x00000112fede9e00 JavaThread "Daemon worker"                     [_thread_in_Java, id=65624, stack(0x0000000530a00000,0x0000000530b00000) (1024K)]
  0x00000112fedea490 JavaThread "Asynchronous log dispatcher for DefaultDaemonConnection: socket connection from /127.0.0.1:33301 to /127.0.0.1:33306"        [_thread_blocked, id=59756, stack(0x0000000530b00000,0x0000000530c00000) (1024K)]
  0x00000112feded280 JavaThread "Stdin handler"                     [_thread_blocked, id=48372, stack(0x0000000530c00000,0x0000000530d00000) (1024K)]
  0x00000112fedeb1b0 JavaThread "Daemon client event forwarder"        [_thread_blocked, id=65860, stack(0x0000000530d00000,0x0000000530e00000) (1024K)]
  0x00000112feded910 JavaThread "Cache worker for journal cache (C:\Users\AJI\.gradle\caches\journal-1)"        [_thread_blocked, id=77868, stack(0x0000000530900000,0x0000000530a00000) (1024K)]
  0x00000112fedee630 JavaThread "File lock request listener"        [_thread_in_native, id=74488, stack(0x0000000530e00000,0x0000000530f00000) (1024K)]
  0x00000112fedeecc0 JavaThread "File lock release action executor"        [_thread_blocked, id=79000, stack(0x0000000530f00000,0x0000000531000000) (1024K)]
  0x00000112fededfa0 JavaThread "Cache worker for file hash cache (C:\Users\AJI\.gradle\caches\9.1.0\fileHashes)"        [_thread_blocked, id=79176, stack(0x0000000531100000,0x0000000531200000) (1024K)]
Total: 25

Other Threads:
  0x00000112fb456be0 VMThread "VM Thread"                           [id=35316, stack(0x000000052f000000,0x000000052f100000) (1024K)]
  0x00000112fb448630 WatcherThread "VM Periodic Task Thread"        [id=74772, stack(0x000000052ef00000,0x000000052f000000) (1024K)]
  0x00000112cd35d7d0 WorkerThread "GC Thread#0"                     [id=16664, stack(0x000000052ea00000,0x000000052eb00000) (1024K)]
  0x00000112fe88f830 WorkerThread "GC Thread#1"                     [id=19120, stack(0x000000052fe00000,0x000000052ff00000) (1024K)]
  0x00000112fe88fbe0 WorkerThread "GC Thread#2"                     [id=1092, stack(0x000000052ff00000,0x0000000530000000) (1024K)]
  0x00000112fe8687f0 WorkerThread "GC Thread#3"                     [id=77380, stack(0x0000000530000000,0x0000000530100000) (1024K)]
  0x00000112fe868ba0 WorkerThread "GC Thread#4"                     [id=31516, stack(0x0000000530100000,0x0000000530200000) (1024K)]
  0x00000112fe868f50 WorkerThread "GC Thread#5"                     [id=11020, stack(0x0000000530200000,0x0000000530300000) (1024K)]
  0x00000112fb2c2010 ConcurrentGCThread "G1 Main Marker"            [id=59872, stack(0x000000052eb00000,0x000000052ec00000) (1024K)]
  0x00000112fb2c31d0 WorkerThread "G1 Conc#0"                       [id=45352, stack(0x000000052ec00000,0x000000052ed00000) (1024K)]
  0x00000112fb314c80 ConcurrentGCThread "G1 Refine#0"               [id=64108, stack(0x000000052ed00000,0x000000052ee00000) (1024K)]
  0x00000112fb3165c0 ConcurrentGCThread "G1 Service"                [id=58240, stack(0x000000052ee00000,0x000000052ef00000) (1024K)]
Total: 12

Threads with active compile tasks:
C2 CompilerThread0  17435 3347   !   4       java.net.URLClassLoader::findClass (47 bytes)
Total: 1

VM state: not at safepoint (normal execution)

VM Mutex/Monitor currently owned by a thread: None

Heap address: 0x0000000600000000, size: 8192 MB, Compressed Oops mode: Zero based, Oop shift amount: 3

CDS archive(s) mapped at: [0x0000011280000000-0x0000011280ba0000-0x0000011280ba0000), size 12189696, SharedBaseAddress: 0x0000011280000000, ArchiveRelocationMode: 1.
Compressed class space mapped at: 0x0000011281000000-0x00000112c1000000, reserved size: 1073741824
Narrow klass base: 0x0000011280000000, Narrow klass shift: 0, Narrow klass range: 0x100000000

GC Precious Log:
 CardTable entry size: 512
 Card Set container configuration: InlinePtr #cards 4 size 8 Array Of Cards #cards 32 size 80 Howl #buckets 8 coarsen threshold 7372 Howl Bitmap #cards 1024 size 144 coarsen threshold 921 Card regions per heap region 1 cards per card region 8192
 CPUs: 20 total, 20 available
 Memory: 16068M
 Large Page Support: Disabled
 NUMA Support: Disabled
 Compressed Oops: Enabled (Zero based)
 Heap Region Size: 4M
 Heap Min Capacity: 8M
 Heap Initial Capacity: 252M
 Heap Max Capacity: 8G
 Pre-touch: Disabled
 Parallel Workers: 15
 Concurrent Workers: 4
 Concurrent Refinement Workers: 15
 Periodic GC: Disabled

Heap:
 garbage-first heap   total 258048K, used 146690K [0x0000000600000000, 0x0000000800000000)
  region size 4096K, 37 young (151552K), 2 survivors (8192K)
 Metaspace       used 20512K, committed 21184K, reserved 1114112K
  class space    used 2830K, committed 3136K, reserved 1048576K

Heap Regions: E=young(eden), S=young(survivor), O=old, HS=humongous(starts), HC=humongous(continues), CS=collection set, F=free, TAMS=top-at-mark-start, PB=parsable bottom
|   0|0x0000000600000000, 0x0000000600400000, 0x0000000600400000|100%|HS|  |TAMS 0x0000000600000000| PB 0x0000000600000000| Complete 
|   1|0x0000000600400000, 0x0000000600400000, 0x0000000600800000|  0%| F|  |TAMS 0x0000000600400000| PB 0x0000000600400000| Untracked 
|   2|0x0000000600800000, 0x0000000600800000, 0x0000000600c00000|  0%| F|  |TAMS 0x0000000600800000| PB 0x0000000600800000| Untracked 
|   3|0x0000000600c00000, 0x0000000600c00000, 0x0000000601000000|  0%| F|  |TAMS 0x0000000600c00000| PB 0x0000000600c00000| Untracked 
|   4|0x0000000601000000, 0x0000000601000000, 0x0000000601400000|  0%| F|  |TAMS 0x0000000601000000| PB 0x0000000601000000| Untracked 
|   5|0x0000000601400000, 0x0000000601400000, 0x0000000601800000|  0%| F|  |TAMS 0x0000000601400000| PB 0x0000000601400000| Untracked 
|   6|0x0000000601800000, 0x0000000601800000, 0x0000000601c00000|  0%| F|  |TAMS 0x0000000601800000| PB 0x0000000601800000| Untracked 
|   7|0x0000000601c00000, 0x0000000601c00000, 0x0000000602000000|  0%| F|  |TAMS 0x0000000601c00000| PB 0x0000000601c00000| Untracked 
|   8|0x0000000602000000, 0x0000000602000000, 0x0000000602400000|  0%| F|  |TAMS 0x0000000602000000| PB 0x0000000602000000| Untracked 
|   9|0x0000000602400000, 0x0000000602400000, 0x0000000602800000|  0%| F|  |TAMS 0x0000000602400000| PB 0x0000000602400000| Untracked 
|  10|0x0000000602800000, 0x0000000602800000, 0x0000000602c00000|  0%| F|  |TAMS 0x0000000602800000| PB 0x0000000602800000| Untracked 
|  11|0x0000000602c00000, 0x0000000602c00000, 0x0000000603000000|  0%| F|  |TAMS 0x0000000602c00000| PB 0x0000000602c00000| Untracked 
|  12|0x0000000603000000, 0x0000000603000000, 0x0000000603400000|  0%| F|  |TAMS 0x0000000603000000| PB 0x0000000603000000| Untracked 
|  13|0x0000000603400000, 0x0000000603400000, 0x0000000603800000|  0%| F|  |TAMS 0x0000000603400000| PB 0x0000000603400000| Untracked 
|  14|0x0000000603800000, 0x0000000603800000, 0x0000000603c00000|  0%| F|  |TAMS 0x0000000603800000| PB 0x0000000603800000| Untracked 
|  15|0x0000000603c00000, 0x0000000603c00000, 0x0000000604000000|  0%| F|  |TAMS 0x0000000603c00000| PB 0x0000000603c00000| Untracked 
|  16|0x0000000604000000, 0x0000000604000000, 0x0000000604400000|  0%| F|  |TAMS 0x0000000604000000| PB 0x0000000604000000| Untracked 
|  17|0x0000000604400000, 0x0000000604400000, 0x0000000604800000|  0%| F|  |TAMS 0x0000000604400000| PB 0x0000000604400000| Untracked 
|  18|0x0000000604800000, 0x0000000604800000, 0x0000000604c00000|  0%| F|  |TAMS 0x0000000604800000| PB 0x0000000604800000| Untracked 
|  19|0x0000000604c00000, 0x0000000604c00000, 0x0000000605000000|  0%| F|  |TAMS 0x0000000604c00000| PB 0x0000000604c00000| Untracked 
|  20|0x0000000605000000, 0x0000000605000000, 0x0000000605400000|  0%| F|  |TAMS 0x0000000605000000| PB 0x0000000605000000| Untracked 
|  21|0x0000000605400000, 0x0000000605400000, 0x0000000605800000|  0%| F|  |TAMS 0x0000000605400000| PB 0x0000000605400000| Untracked 
|  22|0x0000000605800000, 0x0000000605800000, 0x0000000605c00000|  0%| F|  |TAMS 0x0000000605800000| PB 0x0000000605800000| Untracked 
|  23|0x0000000605c00000, 0x0000000605c00000, 0x0000000606000000|  0%| F|  |TAMS 0x0000000605c00000| PB 0x0000000605c00000| Untracked 
|  24|0x0000000606000000, 0x0000000606000000, 0x0000000606400000|  0%| F|  |TAMS 0x0000000606000000| PB 0x0000000606000000| Untracked 
|  25|0x0000000606400000, 0x0000000606400000, 0x0000000606800000|  0%| F|  |TAMS 0x0000000606400000| PB 0x0000000606400000| Untracked 
|  26|0x0000000606800000, 0x00000006068b34f0, 0x0000000606c00000| 17%| E|  |TAMS 0x0000000606800000| PB 0x0000000606800000| Complete 
|  27|0x0000000606c00000, 0x0000000607000000, 0x0000000607000000|100%| E|CS|TAMS 0x0000000606c00000| PB 0x0000000606c00000| Complete 
|  28|0x0000000607000000, 0x0000000607400000, 0x0000000607400000|100%| E|CS|TAMS 0x0000000607000000| PB 0x0000000607000000| Complete 
|  29|0x0000000607400000, 0x0000000607800000, 0x0000000607800000|100%| E|  |TAMS 0x0000000607400000| PB 0x0000000607400000| Complete 
|  30|0x0000000607800000, 0x0000000607c00000, 0x0000000607c00000|100%| E|CS|TAMS 0x0000000607800000| PB 0x0000000607800000| Complete 
|  31|0x0000000607c00000, 0x0000000608000000, 0x0000000608000000|100%| E|CS|TAMS 0x0000000607c00000| PB 0x0000000607c00000| Complete 
|  32|0x0000000608000000, 0x0000000608400000, 0x0000000608400000|100%| E|CS|TAMS 0x0000000608000000| PB 0x0000000608000000| Complete 
|  33|0x0000000608400000, 0x0000000608800000, 0x0000000608800000|100%| E|CS|TAMS 0x0000000608400000| PB 0x0000000608400000| Complete 
|  34|0x0000000608800000, 0x0000000608c00000, 0x0000000608c00000|100%| E|CS|TAMS 0x0000000608800000| PB 0x0000000608800000| Complete 
|  35|0x0000000608c00000, 0x0000000609000000, 0x0000000609000000|100%| E|CS|TAMS 0x0000000608c00000| PB 0x0000000608c00000| Complete 
|  36|0x0000000609000000, 0x0000000609400000, 0x0000000609400000|100%| E|CS|TAMS 0x0000000609000000| PB 0x0000000609000000| Complete 
|  37|0x0000000609400000, 0x0000000609800000, 0x0000000609800000|100%| E|CS|TAMS 0x0000000609400000| PB 0x0000000609400000| Complete 
|  38|0x0000000609800000, 0x0000000609c00000, 0x0000000609c00000|100%| E|CS|TAMS 0x0000000609800000| PB 0x0000000609800000| Complete 
|  39|0x0000000609c00000, 0x000000060a000000, 0x000000060a000000|100%| E|CS|TAMS 0x0000000609c00000| PB 0x0000000609c00000| Complete 
|  40|0x000000060a000000, 0x000000060a400000, 0x000000060a400000|100%| E|CS|TAMS 0x000000060a000000| PB 0x000000060a000000| Complete 
|  41|0x000000060a400000, 0x000000060a800000, 0x000000060a800000|100%| E|CS|TAMS 0x000000060a400000| PB 0x000000060a400000| Complete 
|  42|0x000000060a800000, 0x000000060ac00000, 0x000000060ac00000|100%| E|CS|TAMS 0x000000060a800000| PB 0x000000060a800000| Complete 
|  43|0x000000060ac00000, 0x000000060b000000, 0x000000060b000000|100%| E|CS|TAMS 0x000000060ac00000| PB 0x000000060ac00000| Complete 
|  44|0x000000060b000000, 0x000000060b400000, 0x000000060b400000|100%| E|CS|TAMS 0x000000060b000000| PB 0x000000060b000000| Complete 
|  45|0x000000060b400000, 0x000000060b800000, 0x000000060b800000|100%| E|CS|TAMS 0x000000060b400000| PB 0x000000060b400000| Complete 
|  46|0x000000060b800000, 0x000000060bc00000, 0x000000060bc00000|100%| E|CS|TAMS 0x000000060b800000| PB 0x000000060b800000| Complete 
|  47|0x000000060bc00000, 0x000000060c000000, 0x000000060c000000|100%| E|CS|TAMS 0x000000060bc00000| PB 0x000000060bc00000| Complete 
|  48|0x000000060c000000, 0x000000060c400000, 0x000000060c400000|100%| E|CS|TAMS 0x000000060c000000| PB 0x000000060c000000| Complete 
|  49|0x000000060c400000, 0x000000060c800000, 0x000000060c800000|100%| E|CS|TAMS 0x000000060c400000| PB 0x000000060c400000| Complete 
|  50|0x000000060c800000, 0x000000060cb40900, 0x000000060cc00000| 81%| S|CS|TAMS 0x000000060c800000| PB 0x000000060c800000| Complete 
|  51|0x000000060cc00000, 0x000000060d000000, 0x000000060d000000|100%| S|CS|TAMS 0x000000060cc00000| PB 0x000000060cc00000| Complete 
|  52|0x000000060d000000, 0x000000060d400000, 0x000000060d400000|100%| E|CS|TAMS 0x000000060d000000| PB 0x000000060d000000| Complete 
|  53|0x000000060d400000, 0x000000060d800000, 0x000000060d800000|100%| E|CS|TAMS 0x000000060d400000| PB 0x000000060d400000| Complete 
|  54|0x000000060d800000, 0x000000060dc00000, 0x000000060dc00000|100%| E|CS|TAMS 0x000000060d800000| PB 0x000000060d800000| Complete 
|  55|0x000000060dc00000, 0x000000060e000000, 0x000000060e000000|100%| E|CS|TAMS 0x000000060dc00000| PB 0x000000060dc00000| Complete 
|  56|0x000000060e000000, 0x000000060e400000, 0x000000060e400000|100%| E|CS|TAMS 0x000000060e000000| PB 0x000000060e000000| Complete 
|  57|0x000000060e400000, 0x000000060e800000, 0x000000060e800000|100%| E|CS|TAMS 0x000000060e400000| PB 0x000000060e400000| Complete 
|  58|0x000000060e800000, 0x000000060ec00000, 0x000000060ec00000|100%| E|CS|TAMS 0x000000060e800000| PB 0x000000060e800000| Complete 
|  59|0x000000060ec00000, 0x000000060f000000, 0x000000060f000000|100%| E|CS|TAMS 0x000000060ec00000| PB 0x000000060ec00000| Complete 
|  60|0x000000060f000000, 0x000000060f400000, 0x000000060f400000|100%| E|CS|TAMS 0x000000060f000000| PB 0x000000060f000000| Complete 
|  61|0x000000060f400000, 0x000000060f800000, 0x000000060f800000|100%| E|CS|TAMS 0x000000060f400000| PB 0x000000060f400000| Complete 
|  62|0x000000060f800000, 0x000000060fc00000, 0x000000060fc00000|100%| E|CS|TAMS 0x000000060f800000| PB 0x000000060f800000| Complete 

Card table byte_map: [0x00000112f2170000,0x00000112f3170000] _byte_map_base: 0x00000112ef170000

Marking Bits: (CMBitMap*) 0x00000112cd35ddf0
 Bits: [0x00000112f3170000, 0x00000112fb170000)

Polling page: 0x00000112cb0f0000

Metaspace:

Usage:
  Non-class:     17.28 MB used.
      Class:      2.77 MB used.
       Both:     20.05 MB used.

Virtual space:
  Non-class space:       64.00 MB reserved,      17.62 MB ( 28%) committed,  1 nodes.
      Class space:        1.00 GB reserved,       3.06 MB ( <1%) committed,  1 nodes.
             Both:        1.06 GB reserved,      20.69 MB (  2%) committed. 

Chunk freelists:
   Non-Class:  14.21 MB
       Class:  12.76 MB
        Both:  26.97 MB

MaxMetaspaceSize: 4.00 GB
CompressedClassSpaceSize: 1.00 GB
Initial GC threshold: 21.00 MB
Current GC threshold: 21.00 MB
CDS: on
 - commit_granule_bytes: 65536.
 - commit_granule_words: 8192.
 - virtual_space_node_default_size: 8388608.
 - enlarge_chunks_in_place: 1.
 - use_allocation_guard: 0.


Internal statistics:

num_allocs_failed_limit: 0.
num_arena_births: 890.
num_arena_deaths: 0.
num_vsnodes_births: 2.
num_vsnodes_deaths: 0.
num_space_committed: 331.
num_space_uncommitted: 0.
num_chunks_returned_to_freelist: 0.
num_chunks_taken_from_freelist: 1702.
num_chunk_merges: 0.
num_chunk_splits: 1112.
num_chunks_enlarged: 720.
num_inconsistent_stats: 0.

CodeHeap 'non-profiled nmethods': size=258432Kb used=1674Kb max_used=1674Kb free=256757Kb
 bounds [0x00000112e0850000, 0x00000112e0ac0000, 0x00000112f04b0000]
CodeHeap 'profiled nmethods': size=258368Kb used=6747Kb max_used=6747Kb free=251620Kb
 bounds [0x00000112d04b0000, 0x00000112d0b50000, 0x00000112e0100000]
CodeHeap 'non-nmethods': size=7488Kb used=1426Kb max_used=3138Kb free=6061Kb
 bounds [0x00000112e0100000, 0x00000112e0420000, 0x00000112e0850000]
CodeCache: size=524288Kb, used=9847Kb, max_used=11559Kb, free=514438Kb
 total_blobs=3976, nmethods=3395, adapters=485, full_count=0
Compilation: enabled, stopped_count=0, restarted_count=0

Compilation events (20 events):
Event: 17.345 Thread 0x00000112fe4784a0 3379       3       java.util.concurrent.ConcurrentLinkedQueue::add (6 bytes)
Event: 17.345 Thread 0x00000112fe4784a0 nmethod 3379 0x00000112d0b30a90 code [0x00000112d0b30c40, 0x00000112d0b30d98]
Event: 17.345 Thread 0x00000112fe4784a0 3380       3       java.util.concurrent.ConcurrentLinkedQueue::offer (120 bytes)
Event: 17.347 Thread 0x00000112fe4784a0 nmethod 3380 0x00000112d0b30e90 code [0x00000112d0b312a0, 0x00000112d0b32f68]
Event: 17.347 Thread 0x00000112fe4784a0 3381       3       java.util.concurrent.ConcurrentLinkedQueue$Node::<init> (13 bytes)
Event: 17.348 Thread 0x00000112fe4784a0 nmethod 3381 0x00000112d0b33910 code [0x00000112d0b33b60, 0x00000112d0b344a0]
Event: 17.348 Thread 0x00000112fe4784a0 3382       3       java.lang.invoke.InvokerBytecodeGenerator::emitReturnInsn (122 bytes)
Event: 17.348 Thread 0x00000112fe4784a0 nmethod 3382 0x00000112d0b34790 code [0x00000112d0b34a00, 0x00000112d0b353c8]
Event: 17.350 Thread 0x00000112fe4784a0 3383       3       java.util.LinkedHashMap::values (5 bytes)
Event: 17.350 Thread 0x00000112fe4784a0 nmethod 3383 0x00000112d0b35710 code [0x00000112d0b358c0, 0x00000112d0b35a18]
Event: 17.350 Thread 0x00000112fe4784a0 3385       3       java.lang.Module::isExported (18 bytes)
Event: 17.351 Thread 0x00000112fe4784a0 nmethod 3385 0x00000112d0b35b10 code [0x00000112d0b35d00, 0x00000112d0b360f8]
Event: 17.351 Thread 0x00000112fe4784a0 3384       3       java.util.LinkedHashMap::sequencedValues (31 bytes)
Event: 17.351 Thread 0x00000112fe4784a0 nmethod 3384 0x00000112d0b36290 code [0x00000112d0b36460, 0x00000112d0b36918]
Event: 17.356 Thread 0x00000112fe4784a0 3386       3       java.lang.invoke.MethodType::invokers (27 bytes)
Event: 17.356 Thread 0x00000112fe4784a0 nmethod 3386 0x00000112d0b36a90 code [0x00000112d0b36c60, 0x00000112d0b370b0]
Event: 17.356 Thread 0x00000112fe4784a0 3387       3       java.lang.invoke.LambdaFormBuffer::lambdaForm (37 bytes)
Event: 17.357 Thread 0x00000112fe4784a0 nmethod 3387 0x00000112d0b37210 code [0x00000112d0b37400, 0x00000112d0b377e8]
Event: 17.357 Thread 0x00000112fe4784a0 3388       3       org.gradle.internal.service.ServiceScopeValidator::getAnnotations (4 bytes)
Event: 17.357 Thread 0x00000112fe4784a0 nmethod 3388 0x00000112d0b37990 code [0x00000112d0b37b20, 0x00000112d0b37c38]

GC Heap History (4 events):
Event: 0.554 GC heap before
{Heap before GC invocations=0 (full 0):
 garbage-first heap   total 258048K, used 20480K [0x0000000600000000, 0x0000000800000000)
  region size 4096K, 5 young (20480K), 0 survivors (0K)
 Metaspace       used 888K, committed 1024K, reserved 1114112K
  class space    used 71K, committed 128K, reserved 1048576K
}
Event: 0.557 GC heap after
{Heap after GC invocations=1 (full 0):
 garbage-first heap   total 258048K, used 1520K [0x0000000600000000, 0x0000000800000000)
  region size 4096K, 1 young (4096K), 1 survivors (4096K)
 Metaspace       used 888K, committed 1024K, reserved 1114112K
  class space    used 71K, committed 128K, reserved 1048576K
}
Event: 1.923 GC heap before
{Heap before GC invocations=1 (full 0):
 garbage-first heap   total 258048K, used 42480K [0x0000000600000000, 0x0000000800000000)
  region size 4096K, 11 young (45056K), 1 survivors (4096K)
 Metaspace       used 4607K, committed 4800K, reserved 1114112K
  class space    used 583K, committed 704K, reserved 1048576K
}
Event: 1.929 GC heap after
{Heap after GC invocations=2 (full 0):
 garbage-first heap   total 258048K, used 11522K [0x0000000600000000, 0x0000000800000000)
  region size 4096K, 2 young (8192K), 2 survivors (8192K)
 Metaspace       used 4607K, committed 4800K, reserved 1114112K
  class space    used 583K, committed 704K, reserved 1048576K
}

Dll operation events (20 events):
Event: 0.151 Attempting to load shared library C:\Users\AJI\.vscode\extensions\redhat.java-1.56.0-win32-x64\jre\21.0.12.1-win32-x86_64\bin\nio.dll
Event: 0.152 Loaded shared library C:\Users\AJI\.vscode\extensions\redhat.java-1.56.0-win32-x64\jre\21.0.12.1-win32-x86_64\bin\nio.dll
Event: 0.160 Attempting to load shared library C:\Users\AJI\.vscode\extensions\redhat.java-1.56.0-win32-x64\jre\21.0.12.1-win32-x86_64\bin\zip.dll
Event: 0.160 Loaded shared library C:\Users\AJI\.vscode\extensions\redhat.java-1.56.0-win32-x64\jre\21.0.12.1-win32-x86_64\bin\zip.dll
Event: 0.582 Attempting to load shared library C:\Users\AJI\.vscode\extensions\redhat.java-1.56.0-win32-x64\jre\21.0.12.1-win32-x86_64\bin\jimage.dll
Event: 0.582 Loaded shared library C:\Users\AJI\.vscode\extensions\redhat.java-1.56.0-win32-x64\jre\21.0.12.1-win32-x86_64\bin\jimage.dll
Event: 1.035 Attempting to load shared library C:\Users\AJI\.vscode\extensions\redhat.java-1.56.0-win32-x64\jre\21.0.12.1-win32-x86_64\bin\verify.dll
Event: 1.036 Loaded shared library C:\Users\AJI\.vscode\extensions\redhat.java-1.56.0-win32-x64\jre\21.0.12.1-win32-x86_64\bin\verify.dll
Event: 1.077 Attempting to load shared library C:\Users\AJI\.gradle\native\1def1411415f61bf3af743bc5b6707747c0891f09f0c88961ee8f79bc544acac\windows-amd64\native-platform.dll
Event: 1.079 Loaded shared library C:\Users\AJI\.gradle\native\1def1411415f61bf3af743bc5b6707747c0891f09f0c88961ee8f79bc544acac\windows-amd64\native-platform.dll
Event: 1.101 Attempting to load shared library C:\Users\AJI\.gradle\native\0.2.8\x86_64-windows-gnu\gradle-fileevents.dll
Event: 1.103 Loaded shared library C:\Users\AJI\.gradle\native\0.2.8\x86_64-windows-gnu\gradle-fileevents.dll
Event: 3.754 Attempting to load shared library C:\Users\AJI\.vscode\extensions\redhat.java-1.56.0-win32-x64\jre\21.0.12.1-win32-x86_64\bin\management.dll
Event: 3.758 Loaded shared library C:\Users\AJI\.vscode\extensions\redhat.java-1.56.0-win32-x64\jre\21.0.12.1-win32-x86_64\bin\management.dll
Event: 3.766 Attempting to load shared library C:\Users\AJI\.vscode\extensions\redhat.java-1.56.0-win32-x64\jre\21.0.12.1-win32-x86_64\bin\management_ext.dll
Event: 3.769 Loaded shared library C:\Users\AJI\.vscode\extensions\redhat.java-1.56.0-win32-x64\jre\21.0.12.1-win32-x86_64\bin\management_ext.dll
Event: 4.622 Attempting to load shared library C:\Users\AJI\.vscode\extensions\redhat.java-1.56.0-win32-x64\jre\21.0.12.1-win32-x86_64\bin\extnet.dll
Event: 4.629 Loaded shared library C:\Users\AJI\.vscode\extensions\redhat.java-1.56.0-win32-x64\jre\21.0.12.1-win32-x86_64\bin\extnet.dll
Event: 6.095 Attempting to load shared library C:\Users\AJI\.vscode\extensions\redhat.java-1.56.0-win32-x64\jre\21.0.12.1-win32-x86_64\bin\sunmscapi.dll
Event: 6.096 Loaded shared library C:\Users\AJI\.vscode\extensions\redhat.java-1.56.0-win32-x64\jre\21.0.12.1-win32-x86_64\bin\sunmscapi.dll

Deoptimization events (20 events):
Event: 13.673 Thread 0x00000112fede9e00 Uncommon trap: trap_request=0xffffff45 fr.pc=0x00000112e09856e0 relative=0x0000000000000280
Event: 13.673 Thread 0x00000112fede9e00 Uncommon trap: reason=unstable_if action=reinterpret pc=0x00000112e09856e0 method=java.io.WinNTFileSystem.prefixLength(Ljava/lang/String;)I @ 68 c2
Event: 13.673 Thread 0x00000112fede9e00 DEOPT PACKING pc=0x00000112e09856e0 sp=0x0000000530afb490
Event: 13.673 Thread 0x00000112fede9e00 DEOPT UNPACKING pc=0x00000112e0154422 sp=0x0000000530afb418 mode 2
Event: 13.673 Thread 0x00000112fede9e00 Uncommon trap: trap_request=0xffffff45 fr.pc=0x00000112e08e8824 relative=0x0000000000000644
Event: 13.674 Thread 0x00000112fede9e00 Uncommon trap: reason=unstable_if action=reinterpret pc=0x00000112e08e8824 method=java.io.File.getName()Ljava/lang/String; @ 16 c2
Event: 13.674 Thread 0x00000112fede9e00 DEOPT PACKING pc=0x00000112e08e8824 sp=0x0000000530afb4e0
Event: 13.674 Thread 0x00000112fede9e00 DEOPT UNPACKING pc=0x00000112e0154422 sp=0x0000000530afb4b0 mode 2
Event: 16.105 Thread 0x00000112fe473b20 DEOPT PACKING pc=0x00000112d09644a7 sp=0x00000005305fe6e0
Event: 16.105 Thread 0x00000112fe473b20 DEOPT UNPACKING pc=0x00000112e0154bc2 sp=0x00000005305fdbb8 mode 0
Event: 16.106 Thread 0x00000112fe473b20 DEOPT PACKING pc=0x00000112d09644a7 sp=0x00000005305fe6e0
Event: 16.106 Thread 0x00000112fe473b20 DEOPT UNPACKING pc=0x00000112e0154bc2 sp=0x00000005305fdbb8 mode 0
Event: 16.702 Thread 0x00000112fede9e00 Uncommon trap: trap_request=0xffffff45 fr.pc=0x00000112e087cc14 relative=0x00000000000000f4
Event: 16.702 Thread 0x00000112fede9e00 Uncommon trap: reason=unstable_if action=reinterpret pc=0x00000112e087cc14 method=java.util.HashMap.hash(Ljava/lang/Object;)I @ 1 c2
Event: 16.702 Thread 0x00000112fede9e00 DEOPT PACKING pc=0x00000112e087cc14 sp=0x0000000530afc360
Event: 16.702 Thread 0x00000112fede9e00 DEOPT UNPACKING pc=0x00000112e0154422 sp=0x0000000530afc2a0 mode 2
Event: 17.050 Thread 0x00000112fede9e00 Uncommon trap: trap_request=0xffffff45 fr.pc=0x00000112e092f1f8 relative=0x00000000000016b8
Event: 17.050 Thread 0x00000112fede9e00 Uncommon trap: reason=unstable_if action=reinterpret pc=0x00000112e092f1f8 method=java.util.concurrent.ConcurrentHashMap.transfer([Ljava/util/concurrent/ConcurrentHashMap$Node;[Ljava/util/concurrent/ConcurrentHashMap$Node;)V @ 26 c2
Event: 17.050 Thread 0x00000112fede9e00 DEOPT PACKING pc=0x00000112e092f1f8 sp=0x0000000530afa3a0
Event: 17.050 Thread 0x00000112fede9e00 DEOPT UNPACKING pc=0x00000112e0154422 sp=0x0000000530afa310 mode 2

Classes loaded (20 events):
Event: 17.264 Loading class java/util/concurrent/atomic/AtomicReferenceFieldUpdater
Event: 17.264 Loading class java/util/concurrent/atomic/AtomicReferenceFieldUpdater done
Event: 17.264 Loading class java/util/concurrent/atomic/AtomicReferenceFieldUpdater$AtomicReferenceFieldUpdaterImpl
Event: 17.264 Loading class java/util/concurrent/atomic/AtomicReferenceFieldUpdater$AtomicReferenceFieldUpdaterImpl done
Event: 17.264 Loading class java/util/concurrent/atomic/AtomicReferenceFieldUpdater$AtomicReferenceFieldUpdaterImpl$1
Event: 17.264 Loading class java/util/concurrent/atomic/AtomicReferenceFieldUpdater$AtomicReferenceFieldUpdaterImpl$1 done
Event: 17.264 Loading class sun/reflect/misc/ReflectUtil
Event: 17.265 Loading class sun/reflect/misc/ReflectUtil done
Event: 17.273 Loading class java/lang/ThreadLocal$SuppliedThreadLocal
Event: 17.273 Loading class java/lang/ThreadLocal$SuppliedThreadLocal done
Event: 17.298 Loading class java/io/ObjectOutputStream
Event: 17.299 Loading class java/io/ObjectOutput
Event: 17.300 Loading class java/io/ObjectOutput done
Event: 17.300 Loading class java/io/ObjectStreamConstants
Event: 17.300 Loading class java/io/ObjectStreamConstants done
Event: 17.300 Loading class java/io/ObjectOutputStream done
Event: 17.301 Loading class java/io/ObjectInputStream
Event: 17.301 Loading class java/io/ObjectInput
Event: 17.301 Loading class java/io/ObjectInput done
Event: 17.301 Loading class java/io/ObjectInputStream done

Classes unloaded (0 events):
No events

Classes redefined (0 events):
No events

Internal exceptions (20 events):
Event: 13.687 Thread 0x00000112fede9e00 Exception <a 'java/lang/NoSuchMethodError'{0x00000006089cd650}: 'void java.lang.invoke.DirectMethodHandle$Holder.invokeStatic(java.lang.Object, java.lang.Object, java.lang.Object, java.lang.Object)'> (0x00000006089cd650) 
thrown [s\src\hotspot\share\interpreter\linkResolver.cpp, line 773]
Event: 13.688 Thread 0x00000112fede9e00 Exception <a 'java/lang/NoSuchMethodError'{0x00000006089d13d8}: 'void java.lang.invoke.DirectMethodHandle$Holder.invokeStaticInit(java.lang.Object, java.lang.Object, java.lang.Object, java.lang.Object)'> (0x00000006089d13d8) 
thrown [s\src\hotspot\share\interpreter\linkResolver.cpp, line 773]
Event: 13.698 Thread 0x00000112fede9e00 Exception <a 'java/lang/NoSuchMethodError'{0x0000000608a2d538}: 'java.lang.Object java.lang.invoke.DirectMethodHandle$Holder.invokeInterface(java.lang.Object, java.lang.Object, java.lang.Object)'> (0x0000000608a2d538) 
thrown [s\src\hotspot\share\interpreter\linkResolver.cpp, line 773]
Event: 13.721 Thread 0x00000112fede9e00 Exception <a 'java/lang/NoSuchMethodError'{0x0000000608b3e640}: 'int java.lang.invoke.DirectMethodHandle$Holder.invokeSpecialIFC(java.lang.Object, java.lang.Object, java.lang.Object, java.lang.Object)'> (0x0000000608b3e640) 
thrown [s\src\hotspot\share\interpreter\linkResolver.cpp, line 773]
Event: 13.723 Thread 0x00000112fede9e00 Exception <a 'java/lang/IncompatibleClassChangeError'{0x0000000608b4b8e8}: Found class java.lang.Object, but interface was expected> (0x0000000608b4b8e8) 
thrown [s\src\hotspot\share\interpreter\linkResolver.cpp, line 840]
Event: 16.702 Thread 0x00000112fede9e00 Implicit null exception at 0x00000112e087cb66 to 0x00000112e087cc0a
Event: 16.782 Thread 0x00000112fede9e00 Exception <a 'java/lang/NoSuchMethodError'{0x000000060800ca80}: 'java.lang.Object java.lang.invoke.DelegatingMethodHandle$Holder.reinvoke_L(java.lang.Object, java.lang.Object, java.lang.Object, java.lang.Object, java.lang.Object, java.lang.Object, java.lang.Object, java.lang.Object, java.lang.Object, java.lang.Object, java.lang.Object, java.lang.Object, java.lang.Object, java.lang.Object, java.lang.Object, java.lang.Object, java.lang.Object, java.lang.Object, java.lang.Object, java.lang.Object, java.lang.O
Event: 16.786 Thread 0x00000112fede9e00 Exception <a 'java/lang/NoSuchMethodError'{0x00000006080796f0}: 'java.lang.Object java.lang.invoke.DirectMethodHandle$Holder.invokeStatic(java.lang.Object, java.lang.Object, java.lang.Object, java.lang.Object, java.lang.Object, java.lang.Object, java.lang.Object, java.lang.Object, java.lang.Object, java.lang.Object, java.lang.Object, java.lang.Object, java.lang.Object, java.lang.Object, java.lang.Object, java.lang.Object, java.lang.Object)'> (0x00000006080796f0) 
thrown [s\src\hotspot\share\interpreter\lin
Event: 16.788 Thread 0x00000112fede9e00 Exception <a 'java/lang/NoSuchMethodError'{0x00000006080a2088}: 'java.lang.Object java.lang.invoke.DirectMethodHandle$Holder.invokeStatic(java.lang.Object, java.lang.Object, java.lang.Object, java.lang.Object, java.lang.Object, java.lang.Object, java.lang.Object, java.lang.Object, java.lang.Object, java.lang.Object, java.lang.Object, java.lang.Object, java.lang.Object, java.lang.Object, java.lang.Object, java.lang.Object, java.lang.Object, java.lang.Object)'> (0x00000006080a2088) 
thrown [s\src\hotspot\sha
Event: 16.792 Thread 0x00000112fede9e00 Exception <a 'java/lang/NoSuchMethodError'{0x00000006080cbf00}: 'java.lang.Object java.lang.invoke.DirectMethodHandle$Holder.invokeStatic(java.lang.Object, java.lang.Object, java.lang.Object, java.lang.Object, java.lang.Object, java.lang.Object, java.lang.Object, java.lang.Object, java.lang.Object, java.lang.Object, java.lang.Object, java.lang.Object, java.lang.Object, java.lang.Object, java.lang.Object, java.lang.Object, java.lang.Object, java.lang.Object, java.lang.Object)'> (0x00000006080cbf00) 
thrown 
Event: 16.797 Thread 0x00000112fede9e00 Exception <a 'java/lang/NoSuchMethodError'{0x00000006080f6f60}: 'java.lang.Object java.lang.invoke.DirectMethodHandle$Holder.invokeStatic(java.lang.Object, java.lang.Object, java.lang.Object, java.lang.Object, java.lang.Object, java.lang.Object, java.lang.Object, java.lang.Object, java.lang.Object, java.lang.Object, java.lang.Object, java.lang.Object, java.lang.Object, java.lang.Object, java.lang.Object, java.lang.Object, java.lang.Object, java.lang.Object, java.lang.Object, java.lang.Object)'> (0x00000006
Event: 16.799 Thread 0x00000112fede9e00 Exception <a 'java/lang/NoSuchMethodError'{0x00000006081231a0}: 'java.lang.Object java.lang.invoke.DirectMethodHandle$Holder.invokeStatic(java.lang.Object, java.lang.Object, java.lang.Object, java.lang.Object, java.lang.Object, java.lang.Object, java.lang.Object, java.lang.Object, java.lang.Object, java.lang.Object, java.lang.Object, java.lang.Object, java.lang.Object, java.lang.Object, java.lang.Object, java.lang.Object, java.lang.Object, java.lang.Object, java.lang.Object, java.lang.Object, java.lang.Obj
Event: 16.801 Thread 0x00000112fede9e00 Exception <a 'java/lang/NoSuchMethodError'{0x0000000608150490}: 'java.lang.Object java.lang.invoke.DirectMethodHandle$Holder.invokeStatic(java.lang.Object, java.lang.Object, java.lang.Object, java.lang.Object, java.lang.Object, java.lang.Object, java.lang.Object, java.lang.Object, java.lang.Object, java.lang.Object, java.lang.Object, java.lang.Object, java.lang.Object, java.lang.Object, java.lang.Object, java.lang.Object, java.lang.Object, java.lang.Object, java.lang.Object, java.lang.Object, java.lang.Obj
Event: 16.803 Thread 0x00000112fede9e00 Exception <a 'java/lang/NoSuchMethodError'{0x000000060817e7f8}: 'java.lang.Object java.lang.invoke.DirectMethodHandle$Holder.invokeStatic(java.lang.Object, java.lang.Object, java.lang.Object, java.lang.Object, java.lang.Object, java.lang.Object, java.lang.Object, java.lang.Object, java.lang.Object, java.lang.Object, java.lang.Object, java.lang.Object, java.lang.Object, java.lang.Object, java.lang.Object, java.lang.Object, java.lang.Object, java.lang.Object, java.lang.Object, java.lang.Object, java.lang.Obj
Event: 16.806 Thread 0x00000112fede9e00 Exception <a 'java/lang/NoSuchMethodError'{0x00000006081ad4f8}: 'java.lang.Object java.lang.invoke.DirectMethodHandle$Holder.invokeStatic(java.lang.Object, java.lang.Object, java.lang.Object, java.lang.Object, java.lang.Object, java.lang.Object, java.lang.Object, java.lang.Object, java.lang.Object, java.lang.Object, java.lang.Object, java.lang.Object, java.lang.Object, java.lang.Object, java.lang.Object, java.lang.Object, java.lang.Object, java.lang.Object, java.lang.Object, java.lang.Object, java.lang.Obj
Event: 16.809 Thread 0x00000112fede9e00 Exception <a 'java/lang/NoSuchMethodError'{0x00000006081dcdb0}: 'java.lang.Object java.lang.invoke.DirectMethodHandle$Holder.invokeStatic(java.lang.Object, java.lang.Object, java.lang.Object, java.lang.Object, java.lang.Object, java.lang.Object, java.lang.Object, java.lang.Object, java.lang.Object, java.lang.Object, java.lang.Object, java.lang.Object, java.lang.Object, java.lang.Object, java.lang.Object, java.lang.Object, java.lang.Object, java.lang.Object, java.lang.Object, java.lang.Object, java.lang.Obj
Event: 16.813 Thread 0x00000112fede9e00 Exception <a 'java/lang/NoSuchMethodError'{0x000000060820df50}: 'java.lang.Object java.lang.invoke.DirectMethodHandle$Holder.invokeStatic(java.lang.Object, java.lang.Object, java.lang.Object, java.lang.Object, java.lang.Object, java.lang.Object, java.lang.Object, java.lang.Object, java.lang.Object, java.lang.Object, java.lang.Object, java.lang.Object, java.lang.Object, java.lang.Object, java.lang.Object, java.lang.Object, java.lang.Object, java.lang.Object, java.lang.Object, java.lang.Object, java.lang.Obj
Event: 17.155 Thread 0x00000112fede9e00 Exception <a 'java/lang/NoSuchMethodError'{0x00000006074219d0}: 'int java.lang.invoke.DirectMethodHandle$Holder.invokeStaticInit(java.lang.Object, java.lang.Object, java.lang.Object)'> (0x00000006074219d0) 
thrown [s\src\hotspot\share\interpreter\linkResolver.cpp, line 773]
Event: 17.276 Thread 0x00000112fede9e00 Exception <a 'java/lang/IncompatibleClassChangeError'{0x0000000607274c50}: Found class java.lang.Object, but interface was expected> (0x0000000607274c50) 
thrown [s\src\hotspot\share\interpreter\linkResolver.cpp, line 840]
Event: 17.282 Thread 0x00000112fede9e00 Exception <a 'java/lang/NoSuchMethodError'{0x00000006072a43e8}: 'java.lang.Object java.lang.invoke.DirectMethodHandle$Holder.newInvokeSpecial(java.lang.Object, java.lang.Object, java.lang.Object, java.lang.Object, java.lang.Object, java.lang.Object, java.lang.Object, java.lang.Object, java.lang.Object, java.lang.Object)'> (0x00000006072a43e8) 
thrown [s\src\hotspot\share\interpreter\linkResolver.cpp, line 773]

ZGC Phase Switch (0 events):
No events

VM Operations (20 events):
Event: 6.107 Executing non-safepoint VM operation: HandshakeAllThreads (Deoptimize)
Event: 6.107 Executing non-safepoint VM operation: HandshakeAllThreads (Deoptimize) done
Event: 6.796 Executing safepoint VM operation: ICBufferFull
Event: 6.796 Executing safepoint VM operation: ICBufferFull done
Event: 7.299 Executing non-safepoint VM operation: HandshakeAllThreads (Deoptimize)
Event: 7.299 Executing non-safepoint VM operation: HandshakeAllThreads (Deoptimize) done
Event: 8.306 Executing safepoint VM operation: Cleanup
Event: 8.306 Executing safepoint VM operation: Cleanup done
Event: 9.314 Executing safepoint VM operation: Cleanup
Event: 9.314 Executing safepoint VM operation: Cleanup done
Event: 10.320 Executing safepoint VM operation: Cleanup
Event: 10.320 Executing safepoint VM operation: Cleanup done
Event: 14.366 Executing safepoint VM operation: Cleanup
Event: 14.366 Executing safepoint VM operation: Cleanup done
Event: 16.383 Executing safepoint VM operation: Cleanup
Event: 16.383 Executing safepoint VM operation: Cleanup done
Event: 16.824 Executing non-safepoint VM operation: HandshakeAllThreads (Deoptimize)
Event: 16.824 Executing non-safepoint VM operation: HandshakeAllThreads (Deoptimize) done
Event: 16.825 Executing non-safepoint VM operation: HandshakeAllThreads (Deoptimize)
Event: 16.825 Executing non-safepoint VM operation: HandshakeAllThreads (Deoptimize) done

Memory protections (0 events):
No events

Nmethod flushes (0 events):
No events

Events (20 events):
Event: 5.729 Thread 0x00000112cd2b0ca0 Thread added: 0x00000112fe472e00
Event: 6.074 Thread 0x00000112cd2b0ca0 Thread added: 0x00000112fe473b20
Event: 6.110 Thread 0x00000112fe472e00 Thread added: 0x00000112fedeab20
Event: 6.114 Thread 0x00000112fedeab20 Thread added: 0x00000112fedec560
Event: 6.135 Thread 0x00000112fedeab20 Thread added: 0x00000112fedecbf0
Event: 6.392 Thread 0x00000112fe56adf0 Thread added: 0x00000112feb78b20
Event: 6.399 Thread 0x00000112fedeab20 Thread added: 0x00000112fede9e00
Event: 6.416 Thread 0x00000112fede9e00 Thread added: 0x00000112fedea490
Event: 6.421 Thread 0x00000112fede9e00 Thread added: 0x00000112feded280
Event: 6.429 Thread 0x00000112fede9e00 Thread added: 0x00000112fedeb1b0
Event: 7.079 Thread 0x00000112feb78b20 Thread exited: 0x00000112feb78b20
Event: 7.299 Thread 0x00000112fede9e00 Thread added: 0x00000112feded910
Event: 7.307 Thread 0x00000112fede9e00 Thread added: 0x00000112fedee630
Event: 7.456 Thread 0x00000112fedee630 Thread added: 0x00000112fedeecc0
Event: 7.812 Thread 0x00000112fe56adf0 Thread added: 0x00000112c7550480
Event: 7.922 Thread 0x00000112fede9e00 Thread added: 0x00000112fededfa0
Event: 8.481 Thread 0x00000112c7550480 Thread exited: 0x00000112c7550480
Event: 8.838 Thread 0x00000112c52a7820 Thread exited: 0x00000112c52a7820
Event: 9.935 Thread 0x00000112fe56adf0 Thread exited: 0x00000112fe56adf0
Event: 11.869 Thread 0x00000112fe577030 Thread exited: 0x00000112fe577030


Dynamic libraries:
0x00007ff79bf90000 - 0x00007ff79bf9e000 	C:\Users\AJI\.vscode\extensions\redhat.java-1.56.0-win32-x64\jre\21.0.12.1-win32-x86_64\bin\java.exe
0x00007ffe02160000 - 0x00007ffe023c7000 	C:\WINDOWS\SYSTEM32\ntdll.dll
0x00007ffe003b0000 - 0x00007ffe0047b000 	C:\WINDOWS\System32\KERNEL32.DLL
0x00007ffdff6f0000 - 0x00007ffdffaf2000 	C:\WINDOWS\System32\KERNELBASE.dll
0x00007ffdff410000 - 0x00007ffdff55c000 	C:\WINDOWS\System32\ucrtbase.dll
0x00007ffd821c0000 - 0x00007ffd821d8000 	C:\Users\AJI\.vscode\extensions\redhat.java-1.56.0-win32-x64\jre\21.0.12.1-win32-x86_64\bin\jli.dll
0x00007ffe019a0000 - 0x00007ffe01b6f000 	C:\WINDOWS\System32\USER32.dll
0x00007ffdc0f00000 - 0x00007ffdc0f1e000 	C:\Users\AJI\.vscode\extensions\redhat.java-1.56.0-win32-x64\jre\21.0.12.1-win32-x86_64\bin\VCRUNTIME140.dll
0x00007ffddfe30000 - 0x00007ffde00c0000 	C:\WINDOWS\WinSxS\amd64_microsoft.windows.common-controls_6595b64144ccf1df_6.0.26100.9278_none_3e0d1ba8e3303201\COMCTL32.dll
0x00007ffdff570000 - 0x00007ffdff597000 	C:\WINDOWS\System32\win32u.dll
0x00007ffe018c0000 - 0x00007ffe01969000 	C:\WINDOWS\System32\msvcrt.dll
0x00007ffe01970000 - 0x00007ffe0199b000 	C:\WINDOWS\System32\GDI32.dll
0x00007ffdffc90000 - 0x00007ffdffdb9000 	C:\WINDOWS\System32\gdi32full.dll
0x00007ffdff360000 - 0x00007ffdff403000 	C:\WINDOWS\System32\msvcp_win.dll
0x00007ffe01b90000 - 0x00007ffe01bc1000 	C:\WINDOWS\System32\IMM32.DLL
0x00007ffdd7ca0000 - 0x00007ffdd7cac000 	C:\Users\AJI\.vscode\extensions\redhat.java-1.56.0-win32-x64\jre\21.0.12.1-win32-x86_64\bin\vcruntime140_1.dll
0x00007ffd7e7f0000 - 0x00007ffd7e87d000 	C:\Users\AJI\.vscode\extensions\redhat.java-1.56.0-win32-x64\jre\21.0.12.1-win32-x86_64\bin\msvcp140.dll
0x00007ffcef0f0000 - 0x00007ffcefe92000 	C:\Users\AJI\.vscode\extensions\redhat.java-1.56.0-win32-x64\jre\21.0.12.1-win32-x86_64\bin\server\jvm.dll
0x00007ffe002e0000 - 0x00007ffe0039c000 	C:\WINDOWS\System32\ADVAPI32.dll
0x00007ffe00230000 - 0x00007ffe002d9000 	C:\WINDOWS\System32\sechost.dll
0x00007ffdfff30000 - 0x00007ffe00048000 	C:\WINDOWS\System32\RPCRT4.dll
0x00007ffe01720000 - 0x00007ffe017a0000 	C:\WINDOWS\System32\WS2_32.dll
0x00007ffdff1c0000 - 0x00007ffdff21e000 	C:\WINDOWS\SYSTEM32\POWRPROF.dll
0x00007ffdf5020000 - 0x00007ffdf502b000 	C:\WINDOWS\SYSTEM32\VERSION.dll
0x00007ffdfb560000 - 0x00007ffdfb596000 	C:\WINDOWS\SYSTEM32\WINMM.dll
0x00007ffdff1a0000 - 0x00007ffdff1b5000 	C:\WINDOWS\SYSTEM32\UMPDC.dll
0x00007ffdfdf70000 - 0x00007ffdfdf8b000 	C:\WINDOWS\SYSTEM32\kernel.appcore.dll
0x00007ffdd7be0000 - 0x00007ffdd7bea000 	C:\Users\AJI\.vscode\extensions\redhat.java-1.56.0-win32-x64\jre\21.0.12.1-win32-x86_64\bin\jimage.dll
0x00007ffdfc940000 - 0x00007ffdfcb8c000 	C:\WINDOWS\SYSTEM32\DBGHELP.DLL
0x00007ffe00d20000 - 0x00007ffe010a5000 	C:\WINDOWS\System32\combase.dll
0x00007ffe011b0000 - 0x00007ffe01289000 	C:\WINDOWS\System32\OLEAUT32.dll
0x00007ffdde450000 - 0x00007ffdde48b000 	C:\WINDOWS\SYSTEM32\dbgcore.DLL
0x00007ffdffdc0000 - 0x00007ffdffe6c000 	C:\WINDOWS\System32\bcryptPrimitives.dll
0x00007ffdd70d0000 - 0x00007ffdd70df000 	C:\Users\AJI\.vscode\extensions\redhat.java-1.56.0-win32-x64\jre\21.0.12.1-win32-x86_64\bin\instrument.dll
0x00007ffd7fbb0000 - 0x00007ffd7fbd0000 	C:\Users\AJI\.vscode\extensions\redhat.java-1.56.0-win32-x64\jre\21.0.12.1-win32-x86_64\bin\java.dll
0x00007ffe00580000 - 0x00007ffe00d18000 	C:\WINDOWS\System32\SHELL32.dll
0x00007ffdfcd80000 - 0x00007ffdfd62e000 	C:\WINDOWS\SYSTEM32\windows.storage.dll
0x00007ffe01320000 - 0x00007ffe0141b000 	C:\WINDOWS\System32\SHCORE.dll
0x00007ffe010b0000 - 0x00007ffe01116000 	C:\WINDOWS\System32\shlwapi.dll
0x00007ffdff280000 - 0x00007ffdff2a9000 	C:\WINDOWS\SYSTEM32\profapi.dll
0x00007ffd7fb90000 - 0x00007ffd7fba8000 	C:\Users\AJI\.vscode\extensions\redhat.java-1.56.0-win32-x64\jre\21.0.12.1-win32-x86_64\bin\zip.dll
0x00007ffdd7b20000 - 0x00007ffdd7b30000 	C:\Users\AJI\.vscode\extensions\redhat.java-1.56.0-win32-x64\jre\21.0.12.1-win32-x86_64\bin\net.dll
0x00007ffdf8730000 - 0x00007ffdf885a000 	C:\WINDOWS\SYSTEM32\WINHTTP.dll
0x00007ffdfe5f0000 - 0x00007ffdfe65c000 	C:\WINDOWS\system32\mswsock.dll
0x00007ffd7e7d0000 - 0x00007ffd7e7e6000 	C:\Users\AJI\.vscode\extensions\redhat.java-1.56.0-win32-x64\jre\21.0.12.1-win32-x86_64\bin\nio.dll
0x00007ffdd1b60000 - 0x00007ffdd1b70000 	C:\Users\AJI\.vscode\extensions\redhat.java-1.56.0-win32-x64\jre\21.0.12.1-win32-x86_64\bin\verify.dll
0x00007ffd7fce0000 - 0x00007ffd7fd07000 	C:\Users\AJI\.gradle\native\1def1411415f61bf3af743bc5b6707747c0891f09f0c88961ee8f79bc544acac\windows-amd64\native-platform.dll
0x00007ffcf9e70000 - 0x00007ffcf9ee7000 	C:\Users\AJI\.gradle\native\0.2.8\x86_64-windows-gnu\gradle-fileevents.dll
0x00007ffdd17c0000 - 0x00007ffdd17ca000 	C:\Users\AJI\.vscode\extensions\redhat.java-1.56.0-win32-x64\jre\21.0.12.1-win32-x86_64\bin\management.dll
0x00007ffdd0ce0000 - 0x00007ffdd0cec000 	C:\Users\AJI\.vscode\extensions\redhat.java-1.56.0-win32-x64\jre\21.0.12.1-win32-x86_64\bin\management_ext.dll
0x00007ffe01b80000 - 0x00007ffe01b88000 	C:\WINDOWS\System32\PSAPI.DLL
0x00007ffdfd9b0000 - 0x00007ffdfd9e3000 	C:\WINDOWS\SYSTEM32\IPHLPAPI.DLL
0x00007ffdfff00000 - 0x00007ffdfff0a000 	C:\WINDOWS\System32\NSI.dll
0x00007ffdd0ba0000 - 0x00007ffdd0ba9000 	C:\Users\AJI\.vscode\extensions\redhat.java-1.56.0-win32-x64\jre\21.0.12.1-win32-x86_64\bin\extnet.dll
0x00007ffdfe8e0000 - 0x00007ffdfe8fb000 	C:\WINDOWS\SYSTEM32\CRYPTSP.dll
0x00007ffdfdf90000 - 0x00007ffdfdfc9000 	C:\WINDOWS\system32\rsaenh.dll
0x00007ffdfe6a0000 - 0x00007ffdfe6d4000 	C:\WINDOWS\SYSTEM32\USERENV.dll
0x00007ffdff250000 - 0x00007ffdff27a000 	C:\WINDOWS\SYSTEM32\bcrypt.dll
0x00007ffdfe900000 - 0x00007ffdfe90c000 	C:\WINDOWS\SYSTEM32\CRYPTBASE.dll
0x00007ffdd0640000 - 0x00007ffdd064e000 	C:\Users\AJI\.vscode\extensions\redhat.java-1.56.0-win32-x64\jre\21.0.12.1-win32-x86_64\bin\sunmscapi.dll
0x00007ffdffb00000 - 0x00007ffdffc7e000 	C:\WINDOWS\System32\CRYPT32.dll
0x00007ffdfeb20000 - 0x00007ffdfeb50000 	C:\WINDOWS\SYSTEM32\ncrypt.dll
0x00007ffdfead0000 - 0x00007ffdfeb0f000 	C:\WINDOWS\SYSTEM32\NTASN1.dll
0x00007ffdd4f00000 - 0x00007ffdd4f08000 	C:\WINDOWS\system32\wshunix.dll

JVMTI agents:
C:\Users\AJI\.gradle\wrapper\dists\gradle-9.1.0-all\7wzd0jkjit61aq2p43wpjgij9\gradle-9.1.0\lib\agents\gradle-instrumentation-agent-9.1.0.jar path:C:\Users\AJI\.vscode\extensions\redhat.java-1.56.0-win32-x64\jre\21.0.12.1-win32-x86_64\bin\instrument.dll, loaded, initialized, instrumentlib options:none

dbghelp: loaded successfully - version: 4.0.5 - missing functions: none
symbol engine: initialized successfully - sym options: 0x614 - pdb path: .;C:\Users\AJI\.vscode\extensions\redhat.java-1.56.0-win32-x64\jre\21.0.12.1-win32-x86_64\bin;C:\WINDOWS\SYSTEM32;C:\WINDOWS\WinSxS\amd64_microsoft.windows.common-controls_6595b64144ccf1df_6.0.26100.9278_none_3e0d1ba8e3303201;C:\Users\AJI\.vscode\extensions\redhat.java-1.56.0-win32-x64\jre\21.0.12.1-win32-x86_64\bin\server;C:\Users\AJI\.gradle\native\1def1411415f61bf3af743bc5b6707747c0891f09f0c88961ee8f79bc544acac\windows-amd64;C:\Users\AJI\.gradle\native\0.2.8\x86_64-windows-gnu

VM Arguments:
jvm_args: --add-opens=java.base/java.lang=ALL-UNNAMED --add-opens=java.base/java.lang.invoke=ALL-UNNAMED --add-opens=java.base/java.util=ALL-UNNAMED --add-opens=java.prefs/java.util.prefs=ALL-UNNAMED --add-exports=jdk.compiler/com.sun.tools.javac.api=ALL-UNNAMED --add-exports=jdk.compiler/com.sun.tools.javac.util=ALL-UNNAMED --add-opens=java.base/java.util=ALL-UNNAMED --add-opens=java.prefs/java.util.prefs=ALL-UNNAMED --add-opens=java.base/java.nio.charset=ALL-UNNAMED --add-opens=java.base/java.net=ALL-UNNAMED --add-opens=java.base/java.util.concurrent=ALL-UNNAMED --add-opens=java.base/java.util.concurrent.atomic=ALL-UNNAMED --add-opens=java.xml/javax.xml.namespace=ALL-UNNAMED --add-opens=java.base/java.time=ALL-UNNAMED -XX:MaxMetaspaceSize=4G -XX:ReservedCodeCacheSize=512m -XX:+HeapDumpOnOutOfMemoryError -Xmx8G -Dfile.encoding=UTF-8 -Duser.country=IN -Duser.language=en -Duser.variant -javaagent:C:\Users\AJI\.gradle\wrapper\dists\gradle-9.1.0-all\7wzd0jkjit61aq2p43wpjgij9\gradle-9.1.0\lib\agents\gradle-instrumentation-agent-9.1.0.jar 
java_command: org.gradle.launcher.daemon.bootstrap.GradleDaemon 9.1.0
java_class_path (initial): C:\Users\AJI\.gradle\wrapper\dists\gradle-9.1.0-all\7wzd0jkjit61aq2p43wpjgij9\gradle-9.1.0\lib\gradle-daemon-main-9.1.0.jar
Launcher Type: SUN_STANDARD

[Global flags]
     intx CICompilerCount                          = 12                                        {product} {ergonomic}
     uint ConcGCThreads                            = 4                                         {product} {ergonomic}
     uint G1ConcRefinementThreads                  = 15                                        {product} {ergonomic}
   size_t G1HeapRegionSize                         = 4194304                                   {product} {ergonomic}
    uintx GCDrainStackTargetSize                   = 64                                        {product} {ergonomic}
     bool HeapDumpOnOutOfMemoryError               = true                                   {manageable} {command line}
   size_t InitialHeapSize                          = 264241152                                 {product} {ergonomic}
   size_t MarkStackSize                            = 4194304                                   {product} {ergonomic}
   size_t MaxHeapSize                              = 8589934592                                {product} {command line}
   size_t MaxMetaspaceSize                         = 4294967296                                {product} {command line}
   size_t MaxNewSize                               = 5150605312                                {product} {ergonomic}
   size_t MinHeapDeltaBytes                        = 4194304                                   {product} {ergonomic}
   size_t MinHeapSize                              = 8388608                                   {product} {ergonomic}
    uintx NonNMethodCodeHeapSize                   = 7602480                                {pd product} {ergonomic}
    uintx NonProfiledCodeHeapSize                  = 264634216                              {pd product} {ergonomic}
    uintx ProfiledCodeHeapSize                     = 264634216                              {pd product} {ergonomic}
    uintx ReservedCodeCacheSize                    = 536870912                              {pd product} {command line}
     bool SegmentedCodeCache                       = true                                      {product} {ergonomic}
   size_t SoftMaxHeapSize                          = 8589934592                             {manageable} {ergonomic}
     bool UseCompressedOops                        = true                           {product lp64_product} {ergonomic}
     bool UseG1GC                                  = true                                      {product} {ergonomic}
     bool UseLargePagesIndividualAllocation        = false                                  {pd product} {ergonomic}

Logging:
Log output configuration:
 #0: stdout all=warning uptime,level,tags foldmultilines=false
 #1: stderr all=off uptime,level,tags foldmultilines=false

Release file:
JAVA_VERSION="21.0.12.1" 
MODULES="java.base java.compiler java.datatransfer java.xml java.prefs java.desktop java.instrument java.logging java.management java.security.sasl java.naming java.rmi java.management.rmi java.net.http java.scripting java.security.jgss java.transaction.xa java.sql java.sql.rowset java.xml.crypto java.se java.smartcardio jdk.accessibility jdk.internal.jvmstat jdk.attach jdk.charsets jdk.internal.opt jdk.zipfs jdk.compiler jdk.crypto.ec jdk.crypto.cryptoki jdk.crypto.mscapi jdk.dynalink jdk.internal.ed jdk.editpad jdk.hotspot.agent jdk.httpserver jdk.internal.le jdk.internal.vm.ci jdk.internal.vm.compiler jdk.internal.vm.compiler.management jdk.jartool jdk.javadoc jdk.jcmd jdk.management jdk.management.agent jdk.jconsole jdk.jdeps jdk.jdwp.agent jdk.jdi jdk.jfr jdk.jshell jdk.jsobject jdk.jstatd jdk.localedata jdk.management.jfr jdk.naming.dns jdk.naming.rmi jdk.net jdk.nio.mapmode jdk.random jdk.sctp jdk.security.auth jdk.security.jgss jdk.unsupported jdk.unsupported.desktop jdk.xml.dom" 

Environment Variables:
JAVA_HOME=C:\Program Files\Java\jdk-17
PATH=C:\Python314\Scripts\;C:\Python314\;C:\Program Files\Eclipse Adoptium\jdk-25.0.3.9-hotspot\bin;C:\Program Files\Microsoft\jdk-11.0.16.101-hotspot\bin;C:\WINDOWS\system32;C:\WINDOWS;C:\WINDOWS\System32\Wbem;C:\WINDOWS\System32\WindowsPowerShell\v1.0\;C:\WINDOWS\System32\OpenSSH\;C:\Program Files\dotnet\;C:\MinGW\bin;C:\ProgramData\chocolatey\bin;C:\Users\AJI\AppData\Local\Pub\Cache\bin;C:\Program Files\Java\jdk-17\bin;d:\cursor\resources\app\bin;C:\Users\AJI\develop\flutter\bin;C:\Users\AJI\.local\bin;D:\node\node_modules\npm\bin;D:\node\;C:\Program Files\nodejs\;C:\Program Files\nodejs\node_modules\npm\bin;C:\Users\AJI\Documents\MONGO\mongosh-2.9.2-win32-x64\bin;C:\xampp\php;C:\Program Files\Git\cmd;C:\Users\AJI\AppData\Local\Programs\Python\Python312\Scripts\;C:\Users\AJI\AppData\Local\Programs\Python\Python312\;C:\Users\AJI\.local\bin;C:\Users\AJI\AppData\Local\Microsoft\WindowsApps;D:\IntelliJ IDEA Community Edition 2023.1.5\bin;;C:\mingw64\bin;C:\Users\AJI\.dotnet\tools;C:\Users\AJI\Documents\flutter_windows_3.13.4-stable\flutter\bin;C:\Users\AJI\AppData\Local\Pub\Cache\bin;D:\flutter_pub_cache;C:\Users\AJI\AppData\Local\Android\Sdk;C:\Program Files\Java\jdk-17\bin;D:\rider\JetBrains Rider 2024.3.7\bin;;D:\Program Files\Microsoft VS Code\bin;D:\freelanceing\cursor\resources\app\bin;C:\Users\AJI\AppData\Local\Programs\Microsoft VS Code\bin;C:\Users\AJI\AppData\Local\Programs\cursor\resources\app\bin;C:\Users\AJI\AppData\Roaming\npm
USERNAME=AJI
OS=Windows_NT
PROCESSOR_IDENTIFIER=Intel64 Family 6 Model 154 Stepping 3, GenuineIntel
TMP=C:\Users\AJI\AppData\Local\Temp
TEMP=C:\Users\AJI\AppData\Local\Temp




Periodic native trim disabled

---------------  S Y S T E M  ---------------

OS:
 Windows 11 , 64 bit Build 26100 (10.0.26100.9444)
OS uptime: 0 days 0:15 hours
Hyper-V role detected

CPU: total 20 (initial active 20) (10 cores per cpu, 2 threads per core) family 6 model 154 stepping 3 microcode 0x43b, cx8, cmov, fxsr, ht, mmx, 3dnowpref, sse, sse2, sse3, ssse3, sse4.1, sse4.2, popcnt, lzcnt, tsc, tscinvbit, avx, avx2, aes, erms, clmul, bmi1, bmi2, adx, sha, fma, vzeroupper, clflush, clflushopt, clwb, hv, serialize, rdtscp, rdpid, fsrm, f16c, cet_ibt, cet_ss
Processor Information for processor 0
  Max Mhz: 2300, Current Mhz: 2300, Mhz Limit: 2300
Processor Information for processor 1
  Max Mhz: 2300, Current Mhz: 2300, Mhz Limit: 2300
Processor Information for processor 2
  Max Mhz: 2300, Current Mhz: 2300, Mhz Limit: 2300
Processor Information for processor 3
  Max Mhz: 2300, Current Mhz: 2300, Mhz Limit: 2300
Processor Information for processor 4
  Max Mhz: 2300, Current Mhz: 2300, Mhz Limit: 2300
Processor Information for processor 5
  Max Mhz: 2300, Current Mhz: 2300, Mhz Limit: 2300
Processor Information for processor 6
  Max Mhz: 2300, Current Mhz: 2300, Mhz Limit: 2300
Processor Information for processor 7
  Max Mhz: 2300, Current Mhz: 2300, Mhz Limit: 2300
Processor Information for processor 8
  Max Mhz: 2300, Current Mhz: 2300, Mhz Limit: 2300
Processor Information for processor 9
  Max Mhz: 2300, Current Mhz: 2300, Mhz Limit: 2300
Processor Information for processor 10
  Max Mhz: 2300, Current Mhz: 2300, Mhz Limit: 2300
Processor Information for processor 11
  Max Mhz: 2300, Current Mhz: 2300, Mhz Limit: 2300
Processor Information for processor 12
  Max Mhz: 2300, Current Mhz: 2300, Mhz Limit: 2300
Processor Information for processor 13
  Max Mhz: 2300, Current Mhz: 2300, Mhz Limit: 2300
Processor Information for processor 14
  Max Mhz: 2300, Current Mhz: 2300, Mhz Limit: 2300
Processor Information for processor 15
  Max Mhz: 2300, Current Mhz: 1488, Mhz Limit: 2300
Processor Information for processor 16
  Max Mhz: 2300, Current Mhz: 2300, Mhz Limit: 2300
Processor Information for processor 17
  Max Mhz: 2300, Current Mhz: 2300, Mhz Limit: 2300
Processor Information for processor 18
  Max Mhz: 2300, Current Mhz: 2300, Mhz Limit: 2300
Processor Information for processor 19
  Max Mhz: 2300, Current Mhz: 1488, Mhz Limit: 2300

Memory: 4k page, system-wide physical 16068M (83M free)
TotalPageFile size 65220M (AvailPageFile size 0M)
current process WorkingSet (physical memory assigned to process): 199M, peak: 228M
current process commit charge ("private bytes"): 429M, peak: 433M

vm_info: OpenJDK 64-Bit Server VM (21.0.12.1+1-LTS) for windows-amd64 JRE (21.0.12.1+1-LTS), built on 2026-08-18T00:00:00Z by "admin" with MS VC++ 17.12 (VS2022)

END.
