#
# There is insufficient memory for the Java Runtime Environment to continue.
# Native memory allocation (malloc) failed to allocate 32744 bytes. Error detail: Chunk::new
# Possible reasons:
#   The system is out of physical RAM or swap space
#   This process is running with CompressedOops enabled, and the Java Heap may be blocking the growth of the native heap
# Possible solutions:
#   Reduce memory load on the system
#   Increase physical memory or swap space
#   Check if swap backing store is full
#   Decrease Java heap size (-Xmx/-Xms)
#   Decrease number of Java threads
#   Decrease Java thread stack sizes (-Xss)
#   Set larger code cache with -XX:ReservedCodeCacheSize=
#   JVM is running with Zero Based Compressed Oops mode in which the Java heap is
#     placed in the first 32GB address space. The Java Heap base address is the
#     maximum limit for the native heap growth. Please use -XX:HeapBaseMinAddress
#     to set the Java Heap base and to place the Java Heap above 32GB virtual address.
# This output file may be truncated or incomplete.
#
#  Out of Memory Error (arena.cpp:168), pid=8684, tid=57936
#
# JRE version: OpenJDK Runtime Environment Temurin-21.0.12.1+1 (21.0.12.1+1) (build 21.0.12.1+1-LTS)
# Java VM: OpenJDK 64-Bit Server VM Temurin-21.0.12.1+1 (21.0.12.1+1-LTS, mixed mode, sharing, tiered, compressed oops, compressed class ptrs, g1 gc, windows-amd64)
# No core dump will be written. Minidumps are not enabled by default on client versions of Windows
#

---------------  S U M M A R Y ------------

Command Line: --add-opens=java.base/java.lang=ALL-UNNAMED --add-opens=java.base/java.lang.invoke=ALL-UNNAMED --add-opens=java.base/java.util=ALL-UNNAMED --add-opens=java.prefs/java.util.prefs=ALL-UNNAMED --add-exports=jdk.compiler/com.sun.tools.javac.api=ALL-UNNAMED --add-exports=jdk.compiler/com.sun.tools.javac.util=ALL-UNNAMED --add-opens=java.base/java.util=ALL-UNNAMED --add-opens=java.prefs/java.util.prefs=ALL-UNNAMED --add-opens=java.base/java.nio.charset=ALL-UNNAMED --add-opens=java.base/java.net=ALL-UNNAMED --add-opens=java.base/java.util.concurrent=ALL-UNNAMED --add-opens=java.base/java.util.concurrent.atomic=ALL-UNNAMED --add-opens=java.xml/javax.xml.namespace=ALL-UNNAMED --add-opens=java.base/java.time=ALL-UNNAMED -XX:MaxMetaspaceSize=4G -XX:ReservedCodeCacheSize=512m -XX:+HeapDumpOnOutOfMemoryError -Xmx8G -Dfile.encoding=UTF-8 -Duser.country=IN -Duser.language=en -Duser.variant -javaagent:C:\Users\AJI\.gradle\wrapper\dists\gradle-9.1.0-all\7wzd0jkjit61aq2p43wpjgij9\gradle-9.1.0\lib\agents\gradle-instrumentation-agent-9.1.0.jar org.gradle.launcher.daemon.bootstrap.GradleDaemon 9.1.0

Host: 12th Gen Intel(R) Core(TM) i7-12700H, 20 cores, 15G,  Windows 11 , 64 bit Build 26100 (10.0.26100.9444)
Time: Thu Sep 17 09:16:27 2026 India Standard Time elapsed time: 76.297178 seconds (0d 0h 1m 16s)

---------------  T H R E A D  ---------------

Current thread (0x0000019daa02e290):  JavaThread "C2 CompilerThread0" daemon [_thread_in_native, id=57936, stack(0x000000290c500000,0x000000290c600000) (1024K)]


Current CompileTask:
C2:76297 4700       4       org.gradle.launcher.daemon.context.DefaultDaemonContext$Serializer::read (229 bytes)

Stack: [0x000000290c500000,0x000000290c600000]
Native frames: (J=compiled Java code, j=interpreted, Vv=VM code, C=native code)
V  [jvm.dll+0x6d83e9]
V  [jvm.dll+0x8b5736]
V  [jvm.dll+0x8b7cee]
V  [jvm.dll+0x8b83d3]
V  [jvm.dll+0x284596]
V  [jvm.dll+0xc685d]
V  [jvm.dll+0xc6da1]
V  [jvm.dll+0x703e7d]
V  [jvm.dll+0x1e421a]
V  [jvm.dll+0x24c853]
V  [jvm.dll+0x24bce0]
V  [jvm.dll+0x1cb4ae]
V  [jvm.dll+0x25baad]
V  [jvm.dll+0x25a03a]
V  [jvm.dll+0x3f8aae]
V  [jvm.dll+0x8600cd]
V  [jvm.dll+0x6d6c1d]
C  [ucrtbase.dll+0x2cd30]
C  [KERNEL32.DLL+0x2cd87]
C  [ntdll.dll+0xacaec]


---------------  P R O C E S S  ---------------

Threads class SMR info:
_java_thread_list=0x0000019daf225db0, length=33, elements={
0x0000019d37d018e0, 0x0000019daa024820, 0x0000019daa027f00, 0x0000019daa02b5e0,
0x0000019daa02c040, 0x0000019daa02caa0, 0x0000019daa02d500, 0x0000019daa02e290,
0x0000019daa0318b0, 0x0000019daa23bc20, 0x0000019daa2d78f0, 0x0000019daffa7520,
0x0000019daa5a8b80, 0x0000019daff05290, 0x0000019daf67c5b0, 0x0000019daa387bf0,
0x0000019daf6a41c0, 0x0000019daf3fad80, 0x0000019daf3fb410, 0x0000019daf3f7f90,
0x0000019daf3f8cb0, 0x0000019daf3f9340, 0x0000019daf3f8620, 0x0000019daf3fa060,
0x0000019daf3f99d0, 0x0000019db1b66620, 0x0000019db1b66cb0, 0x0000019db1b67340,
0x0000019db1b64550, 0x0000019db1b686f0, 0x0000019db1b679d0, 0x0000019db1b65900,
0x0000019db1b65270
}

Java Threads: ( => current thread )
  0x0000019d37d018e0 JavaThread "main"                              [_thread_blocked, id=40008, stack(0x000000290b700000,0x000000290b800000) (1024K)]
  0x0000019daa024820 JavaThread "Reference Handler"          daemon [_thread_blocked, id=56876, stack(0x000000290bf00000,0x000000290c000000) (1024K)]
  0x0000019daa027f00 JavaThread "Finalizer"                  daemon [_thread_blocked, id=57868, stack(0x000000290c000000,0x000000290c100000) (1024K)]
  0x0000019daa02b5e0 JavaThread "Signal Dispatcher"          daemon [_thread_blocked, id=57948, stack(0x000000290c100000,0x000000290c200000) (1024K)]
  0x0000019daa02c040 JavaThread "Attach Listener"            daemon [_thread_blocked, id=57864, stack(0x000000290c200000,0x000000290c300000) (1024K)]
  0x0000019daa02caa0 JavaThread "Service Thread"             daemon [_thread_blocked, id=57932, stack(0x000000290c300000,0x000000290c400000) (1024K)]
  0x0000019daa02d500 JavaThread "Monitor Deflation Thread"   daemon [_thread_blocked, id=57980, stack(0x000000290c400000,0x000000290c500000) (1024K)]
=>0x0000019daa02e290 JavaThread "C2 CompilerThread0"         daemon [_thread_in_native, id=57936, stack(0x000000290c500000,0x000000290c600000) (1024K)]
  0x0000019daa0318b0 JavaThread "C1 CompilerThread0"         daemon [_thread_blocked, id=57892, stack(0x000000290c600000,0x000000290c700000) (1024K)]
  0x0000019daa23bc20 JavaThread "Common-Cleaner"             daemon [_thread_blocked, id=42628, stack(0x000000290c700000,0x000000290c800000) (1024K)]
  0x0000019daa2d78f0 JavaThread "Notification Thread"        daemon [_thread_blocked, id=72024, stack(0x000000290c800000,0x000000290c900000) (1024K)]
  0x0000019daffa7520 JavaThread "Daemon health stats"               [_thread_blocked, id=47956, stack(0x000000290ce00000,0x000000290cf00000) (1024K)]
  0x0000019daa5a8b80 JavaThread "Incoming local TCP Connector on port 44489"        [_thread_in_native, id=72244, stack(0x000000290d500000,0x000000290d600000) (1024K)]
  0x0000019daff05290 JavaThread "Daemon periodic checks"            [_thread_blocked, id=74268, stack(0x000000290d800000,0x000000290d900000) (1024K)]
  0x0000019daf67c5b0 JavaThread "Daemon"                            [_thread_blocked, id=76060, stack(0x000000290d900000,0x000000290da00000) (1024K)]
  0x0000019daa387bf0 JavaThread "Handler for socket connection from /127.0.0.1:44489 to /127.0.0.1:44490"        [_thread_in_native, id=54336, stack(0x000000290da00000,0x000000290db00000) (1024K)]
  0x0000019daf6a41c0 JavaThread "Cancel handler"                    [_thread_blocked, id=16592, stack(0x000000290db00000,0x000000290dc00000) (1024K)]
  0x0000019daf3fad80 JavaThread "Daemon worker"                     [_thread_blocked, id=74404, stack(0x000000290dc00000,0x000000290dd00000) (1024K)]
  0x0000019daf3fb410 JavaThread "Asynchronous log dispatcher for DefaultDaemonConnection: socket connection from /127.0.0.1:44489 to /127.0.0.1:44490"        [_thread_blocked, id=75488, stack(0x000000290dd00000,0x000000290de00000) (1024K)]
  0x0000019daf3f7f90 JavaThread "Stdin handler"                     [_thread_blocked, id=62260, stack(0x000000290de00000,0x000000290df00000) (1024K)]
  0x0000019daf3f8cb0 JavaThread "Daemon client event forwarder"        [_thread_blocked, id=73984, stack(0x000000290df00000,0x000000290e000000) (1024K)]
  0x0000019daf3f9340 JavaThread "Cache worker for journal cache (C:\Users\AJI\.gradle\caches\journal-1)"        [_thread_blocked, id=56332, stack(0x000000290e000000,0x000000290e100000) (1024K)]
  0x0000019daf3f8620 JavaThread "File lock request listener"        [_thread_in_native, id=56128, stack(0x000000290e100000,0x000000290e200000) (1024K)]
  0x0000019daf3fa060 JavaThread "File lock release action executor"        [_thread_blocked, id=67592, stack(0x000000290e200000,0x000000290e300000) (1024K)]
  0x0000019daf3f99d0 JavaThread "Cache worker for file hash cache (C:\Users\AJI\.gradle\caches\9.1.0\fileHashes)"        [_thread_blocked, id=76808, stack(0x000000290e300000,0x000000290e400000) (1024K)]
  0x0000019db1b66620 JavaThread "Cache worker for file hash cache (C:\Users\AJI\Documents\Gostriders\gostriders\android\.gradle\9.1.0\fileHashes)"        [_thread_blocked, id=72212, stack(0x000000290e900000,0x000000290ea00000) (1024K)]
  0x0000019db1b66cb0 JavaThread "Cache worker for Build Output Cleanup Cache (C:\Users\AJI\Documents\Gostriders\gostriders\android\.gradle\buildOutputCleanup)"        [_thread_blocked, id=35028, stack(0x000000290ea00000,0x000000290eb00000) (1024K)]
  0x0000019db1b67340 JavaThread "File watcher server"        daemon [_thread_in_native, id=76920, stack(0x000000290eb00000,0x000000290ec00000) (1024K)]
  0x0000019db1b64550 JavaThread "File watcher consumer"      daemon [_thread_blocked, id=77284, stack(0x000000290ec00000,0x000000290ed00000) (1024K)]
  0x0000019db1b686f0 JavaThread "Cache worker for checksums cache (C:\Users\AJI\Documents\Gostriders\gostriders\android\.gradle\9.1.0\checksums)"        [_thread_blocked, id=43300, stack(0x000000290ee00000,0x000000290ef00000) (1024K)]
  0x0000019db1b679d0 JavaThread "Cache worker for file content cache (C:\Users\AJI\.gradle\caches\9.1.0\fileContent)"        [_thread_blocked, id=73948, stack(0x000000290ef00000,0x000000290f000000) (1024K)]
  0x0000019db1b65900 JavaThread "Cache worker for cache directory md-supplier (C:\Users\AJI\.gradle\caches\9.1.0\md-supplier)"        [_thread_blocked, id=74672, stack(0x000000290f000000,0x000000290f100000) (1024K)]
  0x0000019db1b65270 JavaThread "Cache worker for cache directory md-rule (C:\Users\AJI\.gradle\caches\9.1.0\md-rule)"        [_thread_blocked, id=73176, stack(0x000000290f100000,0x000000290f200000) (1024K)]
Total: 33

Other Threads:
  0x0000019d65edebf0 VMThread "VM Thread"                           [id=56328, stack(0x000000290be00000,0x000000290bf00000) (1024K)]
  0x0000019d65ed4560 WatcherThread "VM Periodic Task Thread"        [id=64060, stack(0x000000290bd00000,0x000000290be00000) (1024K)]
  0x0000019d37dac4a0 WorkerThread "GC Thread#0"                     [id=40572, stack(0x000000290b800000,0x000000290b900000) (1024K)]
  0x0000019daa3b4240 WorkerThread "GC Thread#1"                     [id=76176, stack(0x000000290c900000,0x000000290ca00000) (1024K)]
  0x0000019daa30e570 WorkerThread "GC Thread#2"                     [id=76204, stack(0x000000290ca00000,0x000000290cb00000) (1024K)]
  0x0000019daa30e920 WorkerThread "GC Thread#3"                     [id=76208, stack(0x000000290cb00000,0x000000290cc00000) (1024K)]
  0x0000019daa30ecd0 WorkerThread "GC Thread#4"                     [id=76212, stack(0x000000290cc00000,0x000000290cd00000) (1024K)]
  0x0000019daa30f080 WorkerThread "GC Thread#5"                     [id=76216, stack(0x000000290cd00000,0x000000290ce00000) (1024K)]
  0x0000019db0112da0 WorkerThread "GC Thread#6"                     [id=12436, stack(0x000000290d000000,0x000000290d100000) (1024K)]
  0x0000019db0113150 WorkerThread "GC Thread#7"                     [id=60616, stack(0x000000290d100000,0x000000290d200000) (1024K)]
  0x0000019db0113500 WorkerThread "GC Thread#8"                     [id=35252, stack(0x000000290d200000,0x000000290d300000) (1024K)]
  0x0000019db01152d0 WorkerThread "GC Thread#9"                     [id=29852, stack(0x000000290d300000,0x000000290d400000) (1024K)]
  0x0000019db0114060 WorkerThread "GC Thread#10"                    [id=14112, stack(0x000000290d400000,0x000000290d500000) (1024K)]
  0x0000019db0715d90 WorkerThread "GC Thread#11"                    [id=73188, stack(0x000000290d600000,0x000000290d700000) (1024K)]
  0x0000019db0716140 WorkerThread "GC Thread#12"                    [id=62392, stack(0x000000290d700000,0x000000290d800000) (1024K)]
  0x0000019db0715280 WorkerThread "GC Thread#13"                    [id=54708, stack(0x000000290e400000,0x000000290e500000) (1024K)]
  0x0000019db07164f0 WorkerThread "GC Thread#14"                    [id=77496, stack(0x000000290e500000,0x000000290e600000) (1024K)]
  0x0000019d37dbdbb0 ConcurrentGCThread "G1 Main Marker"            [id=6452, stack(0x000000290b900000,0x000000290ba00000) (1024K)]
  0x0000019d37dbe5d0 WorkerThread "G1 Conc#0"                       [id=35388, stack(0x000000290ba00000,0x000000290bb00000) (1024K)]
  0x0000019db0718620 WorkerThread "G1 Conc#1"                       [id=52832, stack(0x000000290e600000,0x000000290e700000) (1024K)]
  0x0000019db07168a0 WorkerThread "G1 Conc#2"                       [id=36768, stack(0x000000290e700000,0x000000290e800000) (1024K)]
  0x0000019db0717760 WorkerThread "G1 Conc#3"                       [id=50140, stack(0x000000290e800000,0x000000290e900000) (1024K)]
  0x0000019d65da2ed0 ConcurrentGCThread "G1 Refine#0"               [id=1912, stack(0x000000290bb00000,0x000000290bc00000) (1024K)]
  0x0000019d65da4810 ConcurrentGCThread "G1 Service"                [id=34824, stack(0x000000290bc00000,0x000000290bd00000) (1024K)]
Total: 24

Threads with active compile tasks:
C2 CompilerThread0  76349 4700       4       org.gradle.launcher.daemon.context.DefaultDaemonContext$Serializer::read (229 bytes)
Total: 1

VM state: not at safepoint (normal execution)

VM Mutex/Monitor currently owned by a thread: None

Heap address: 0x0000000600000000, size: 8192 MB, Compressed Oops mode: Zero based, Oop shift amount: 3

CDS archive(s) mapped at: [0x0000019d69000000-0x0000019d69ba0000-0x0000019d69ba0000), size 12189696, SharedBaseAddress: 0x0000019d69000000, ArchiveRelocationMode: 1.
Compressed class space mapped at: 0x0000019d6a000000-0x0000019daa000000, reserved size: 1073741824
Narrow klass base: 0x0000019d69000000, Narrow klass shift: 0, Narrow klass range: 0x100000000

GC Precious Log:
 CardTable entry size: 512
 Card Set container configuration: InlinePtr #cards 4 size 8 Array Of Cards #cards 32 size 80 Howl #buckets 8 coarsen threshold 7372 Howl Bitmap #cards 1024 size 144 coarsen threshold 921 Card regions per heap region 1 cards per card region 8192
 CPUs: 20 total, 20 available
 Memory: 16068M
 Large Page Support: Disabled
 NUMA Support: Disabled
 Compressed Oops: Enabled (Zero based)
 Heap Region Size: 4M
 Heap Min Capacity: 8M
 Heap Initial Capacity: 252M
 Heap Max Capacity: 8G
 Pre-touch: Disabled
 Parallel Workers: 15
 Concurrent Workers: 4
 Concurrent Refinement Workers: 15
 Periodic GC: Disabled

Heap:
 garbage-first heap   total 110592K, used 75834K [0x0000000600000000, 0x0000000800000000)
  region size 4096K, 14 young (57344K), 2 survivors (8192K)
 Metaspace       used 36895K, committed 38336K, reserved 1114112K
  class space    used 5303K, committed 6016K, reserved 1048576K

Heap Regions: E=young(eden), S=young(survivor), O=old, HS=humongous(starts), HC=humongous(continues), CS=collection set, F=free, TAMS=top-at-mark-start, PB=parsable bottom
|   0|0x0000000600000000, 0x0000000600400000, 0x0000000600400000|100%|HS|  |TAMS 0x0000000600000000| PB 0x0000000600000000| Complete 
|   1|0x0000000600400000, 0x0000000600800000, 0x0000000600800000|100%| O|  |TAMS 0x0000000600400000| PB 0x0000000600400000| Untracked 
|   2|0x0000000600800000, 0x0000000600800000, 0x0000000600c00000|  0%| F|  |TAMS 0x0000000600800000| PB 0x0000000600800000| Untracked 
|   3|0x0000000600c00000, 0x0000000601000000, 0x0000000601000000|100%| O|  |TAMS 0x0000000600c00000| PB 0x0000000600c00000| Untracked 
|   4|0x0000000601000000, 0x0000000601308a68, 0x0000000601400000| 75%| O|Cm|TAMS 0x0000000601000000| PB 0x0000000601000000| Complete 
|   5|0x0000000601400000, 0x0000000601400000, 0x0000000601800000|  0%| F|  |TAMS 0x0000000601400000| PB 0x0000000601400000| Untracked 
|   6|0x0000000601800000, 0x0000000601800000, 0x0000000601c00000|  0%| F|  |TAMS 0x0000000601800000| PB 0x0000000601800000| Untracked 
|   7|0x0000000601c00000, 0x0000000601c00000, 0x0000000602000000|  0%| F|  |TAMS 0x0000000601c00000| PB 0x0000000601c00000| Untracked 
|   8|0x0000000602000000, 0x0000000602000000, 0x0000000602400000|  0%| F|  |TAMS 0x0000000602000000| PB 0x0000000602000000| Untracked 
|   9|0x0000000602400000, 0x0000000602400000, 0x0000000602800000|  0%| F|  |TAMS 0x0000000602400000| PB 0x0000000602400000| Untracked 
|  10|0x0000000602800000, 0x0000000602800000, 0x0000000602c00000|  0%| F|  |TAMS 0x0000000602800000| PB 0x0000000602800000| Untracked 
|  11|0x0000000602c00000, 0x0000000603000000, 0x0000000603000000|100%| E|  |TAMS 0x0000000602c00000| PB 0x0000000602c00000| Complete 
|  12|0x0000000603000000, 0x0000000603400000, 0x0000000603400000|100%| E|CS|TAMS 0x0000000603000000| PB 0x0000000603000000| Complete 
|  13|0x0000000603400000, 0x0000000603800000, 0x0000000603800000|100%| E|CS|TAMS 0x0000000603400000| PB 0x0000000603400000| Complete 
|  14|0x0000000603800000, 0x0000000603c00000, 0x0000000603c00000|100%| E|CS|TAMS 0x0000000603800000| PB 0x0000000603800000| Complete 
|  15|0x0000000603c00000, 0x0000000604000000, 0x0000000604000000|100%| E|CS|TAMS 0x0000000603c00000| PB 0x0000000603c00000| Complete 
|  16|0x0000000604000000, 0x0000000604400000, 0x0000000604400000|100%| E|CS|TAMS 0x0000000604000000| PB 0x0000000604000000| Complete 
|  17|0x0000000604400000, 0x0000000604800000, 0x0000000604800000|100%| E|CS|TAMS 0x0000000604400000| PB 0x0000000604400000| Complete 
|  18|0x0000000604800000, 0x0000000604c00000, 0x0000000604c00000|100%| E|CS|TAMS 0x0000000604800000| PB 0x0000000604800000| Complete 
|  19|0x0000000604c00000, 0x0000000605000000, 0x0000000605000000|100%| E|CS|TAMS 0x0000000604c00000| PB 0x0000000604c00000| Complete 
|  20|0x0000000605000000, 0x0000000605400000, 0x0000000605400000|100%| E|CS|TAMS 0x0000000605000000| PB 0x0000000605000000| Complete 
|  21|0x0000000605400000, 0x0000000605800000, 0x0000000605800000|100%| E|CS|TAMS 0x0000000605400000| PB 0x0000000605400000| Complete 
|  38|0x0000000609800000, 0x0000000609b05f48, 0x0000000609c00000| 75%| S|CS|TAMS 0x0000000609800000| PB 0x0000000609800000| Complete 
|  39|0x0000000609c00000, 0x000000060a000000, 0x000000060a000000|100%| S|CS|TAMS 0x0000000609c00000| PB 0x0000000609c00000| Complete 
|  62|0x000000060f800000, 0x000000060fc00000, 0x000000060fc00000|100%| E|CS|TAMS 0x000000060f800000| PB 0x000000060f800000| Complete 
|2046|0x00000007ff800000, 0x00000007ffc00000, 0x00000007ffc00000|100%| O|  |TAMS 0x00000007ff800000| PB 0x00000007ff800000| Untracked 
|2047|0x00000007ffc00000, 0x0000000800000000, 0x0000000800000000|100%| O|  |TAMS 0x00000007ffc00000| PB 0x00000007ffc00000| Untracked 

Card table byte_map: [0x0000019d5cbd0000,0x0000019d5dbd0000] _byte_map_base: 0x0000019d59bd0000

Marking Bits: (CMBitMap*) 0x0000019d37dad2d0
 Bits: [0x0000019d5dbd0000, 0x0000019d65bd0000)

Polling page: 0x0000019d35b10000

Metaspace:

Usage:
  Non-class:     30.85 MB used.
      Class:      5.18 MB used.
       Both:     36.03 MB used.

Virtual space:
  Non-class space:       64.00 MB reserved,      31.56 MB ( 49%) committed,  1 nodes.
      Class space:        1.00 GB reserved,       5.88 MB ( <1%) committed,  1 nodes.
             Both:        1.06 GB reserved,      37.44 MB (  3%) committed. 

Chunk freelists:
   Non-Class:  15.56 MB
       Class:  10.08 MB
        Both:  25.64 MB

MaxMetaspaceSize: 4.00 GB
CompressedClassSpaceSize: 1.00 GB
Initial GC threshold: 21.00 MB
Current GC threshold: 59.19 MB
CDS: on
 - commit_granule_bytes: 65536.
 - commit_granule_words: 8192.
 - virtual_space_node_default_size: 8388608.
 - enlarge_chunks_in_place: 1.
 - use_allocation_guard: 0.


Internal statistics:

num_allocs_failed_limit: 9.
num_arena_births: 2450.
num_arena_deaths: 0.
num_vsnodes_births: 2.
num_vsnodes_deaths: 0.
num_space_committed: 599.
num_space_uncommitted: 0.
num_chunks_returned_to_freelist: 9.
num_chunks_taken_from_freelist: 4184.
num_chunk_merges: 6.
num_chunk_splits: 2738.
num_chunks_enlarged: 1692.
num_inconsistent_stats: 0.

CodeHeap 'non-profiled nmethods': size=258432Kb used=2324Kb max_used=2483Kb free=256108Kb
 bounds [0x0000019d4b2a0000, 0x0000019d4b510000, 0x0000019d5af00000]
CodeHeap 'profiled nmethods': size=258368Kb used=8069Kb max_used=8605Kb free=250298Kb
 bounds [0x0000019d3af00000, 0x0000019d3b780000, 0x0000019d4ab50000]
CodeHeap 'non-nmethods': size=7488Kb used=1818Kb max_used=3109Kb free=5669Kb
 bounds [0x0000019d4ab50000, 0x0000019d4ae60000, 0x0000019d4b2a0000]
CodeCache: size=524288Kb, used=12211Kb, max_used=14197Kb, free=512075Kb
 total_blobs=4882, nmethods=4189, adapters=597, full_count=0
Compilation: enabled, stopped_count=0, restarted_count=0

Compilation events (20 events):
Event: 68.026 Thread 0x0000019daa0318b0 nmethod 4693 0x0000019d3afaa390 code [0x0000019d3afaa560, 0x0000019d3afaa810]
Event: 73.016 Thread 0x0000019daa0318b0 4694       3       java.util.HashMap$HashMapSpliterator::<init> (32 bytes)
Event: 73.016 Thread 0x0000019daa0318b0 nmethod 4694 0x0000019d3b076f10 code [0x0000019d3b0770c0, 0x0000019d3b077298]
Event: 73.016 Thread 0x0000019daa0318b0 4695       3       java.util.concurrent.TimeUnit::convert (73 bytes)
Event: 73.017 Thread 0x0000019daa0318b0 nmethod 4695 0x0000019d3afa9c10 code [0x0000019d3afa9e20, 0x0000019d3afaa1b8]
Event: 74.023 Thread 0x0000019daa0318b0 4696       3       java.util.concurrent.locks.AbstractQueuedSynchronizer$ConditionObject::signal (34 bytes)
Event: 74.040 Thread 0x0000019daa0318b0 nmethod 4696 0x0000019d3afa9590 code [0x0000019d3afa9760, 0x0000019d3afa9ab8]
Event: 74.179 Thread 0x0000019daa0318b0 4697       3       sun.nio.ch.NativeThread::current (15 bytes)
Event: 74.179 Thread 0x0000019daa0318b0 nmethod 4697 0x0000019d3afa9010 code [0x0000019d3afa91c0, 0x0000019d3afa9488]
Event: 75.896 Thread 0x0000019daa0318b0 4698       1       java.lang.management.MemoryUsage::getUsed (5 bytes)
Event: 75.896 Thread 0x0000019daa0318b0 nmethod 4698 0x0000019d4b373390 code [0x0000019d4b373520, 0x0000019d4b3735e8]
Event: 75.911 Thread 0x0000019daa02e290 4700       4       org.gradle.launcher.daemon.context.DefaultDaemonContext$Serializer::read (229 bytes)
Event: 76.019 Thread 0x0000019daa0318b0 4701       3       java.util.stream.ReferencePipeline$3::<init> (15 bytes)
Event: 76.021 Thread 0x0000019daa0318b0 nmethod 4701 0x0000019d3b054890 code [0x0000019d3b054a60, 0x0000019d3b054ce8]
Event: 76.021 Thread 0x0000019daa0318b0 4702       3       java.util.stream.ReferencePipeline$3::opWrapSink (10 bytes)
Event: 76.024 Thread 0x0000019daa0318b0 nmethod 4702 0x0000019d3b053f10 code [0x0000019d3b054100, 0x0000019d3b0546b8]
Event: 76.024 Thread 0x0000019daa0318b0 4703       3       java.util.stream.ReferencePipeline$3$1::<init> (11 bytes)
Event: 76.024 Thread 0x0000019daa0318b0 nmethod 4703 0x0000019d3b053690 code [0x0000019d3b053880, 0x0000019d3b053d78]
Event: 76.024 Thread 0x0000019daa0318b0 4704       3       java.util.stream.Sink$ChainedReference::begin (11 bytes)
Event: 76.024 Thread 0x0000019daa0318b0 nmethod 4704 0x0000019d3b053210 code [0x0000019d3b0533c0, 0x0000019d3b0535a0]

GC Heap History (14 events):
Event: 0.912 GC heap before
{Heap before GC invocations=0 (full 0):
 garbage-first heap   total 258048K, used 20480K [0x0000000600000000, 0x0000000800000000)
  region size 4096K, 5 young (20480K), 0 survivors (0K)
 Metaspace       used 879K, committed 1024K, reserved 1114112K
  class space    used 71K, committed 128K, reserved 1048576K
}
Event: 0.923 GC heap after
{Heap after GC invocations=1 (full 0):
 garbage-first heap   total 258048K, used 1440K [0x0000000600000000, 0x0000000800000000)
  region size 4096K, 1 young (4096K), 1 survivors (4096K)
 Metaspace       used 879K, committed 1024K, reserved 1114112K
  class space    used 71K, committed 128K, reserved 1048576K
}
Event: 2.704 GC heap before
{Heap before GC invocations=1 (full 0):
 garbage-first heap   total 258048K, used 42400K [0x0000000600000000, 0x0000000800000000)
  region size 4096K, 11 young (45056K), 1 survivors (4096K)
 Metaspace       used 4585K, committed 4800K, reserved 1114112K
  class space    used 582K, committed 704K, reserved 1048576K
}
Event: 2.711 GC heap after
{Heap after GC invocations=2 (full 0):
 garbage-first heap   total 258048K, used 11417K [0x0000000600000000, 0x0000000800000000)
  region size 4096K, 2 young (8192K), 2 survivors (8192K)
 Metaspace       used 4585K, committed 4800K, reserved 1114112K
  class space    used 582K, committed 704K, reserved 1048576K
}
Event: 5.364 GC heap before
{Heap before GC invocations=2 (full 0):
 garbage-first heap   total 258048K, used 68761K [0x0000000600000000, 0x0000000800000000)
  region size 4096K, 17 young (69632K), 2 survivors (8192K)
 Metaspace       used 8766K, committed 9088K, reserved 1114112K
  class space    used 1197K, committed 1344K, reserved 1048576K
}
Event: 5.372 GC heap after
{Heap after GC invocations=3 (full 0):
 garbage-first heap   total 258048K, used 19186K [0x0000000600000000, 0x0000000800000000)
  region size 4096K, 2 young (8192K), 2 survivors (8192K)
 Metaspace       used 8766K, committed 9088K, reserved 1114112K
  class space    used 1197K, committed 1344K, reserved 1048576K
}
Event: 13.369 GC heap before
{Heap before GC invocations=3 (full 0):
 garbage-first heap   total 258048K, used 97010K [0x0000000600000000, 0x0000000800000000)
  region size 4096K, 23 young (94208K), 2 survivors (8192K)
 Metaspace       used 20893K, committed 21504K, reserved 1114112K
  class space    used 2890K, committed 3200K, reserved 1048576K
}
Event: 13.379 GC heap after
{Heap after GC invocations=4 (full 0):
 garbage-first heap   total 258048K, used 23717K [0x0000000600000000, 0x0000000800000000)
  region size 4096K, 4 young (16384K), 4 survivors (16384K)
 Metaspace       used 20893K, committed 21504K, reserved 1114112K
  class space    used 2890K, committed 3200K, reserved 1048576K
}
Event: 15.394 GC heap before
{Heap before GC invocations=5 (full 0):
 garbage-first heap   total 98304K, used 93349K [0x0000000600000000, 0x0000000800000000)
  region size 4096K, 21 young (86016K), 4 survivors (16384K)
 Metaspace       used 29458K, committed 30592K, reserved 1114112K
  class space    used 4269K, committed 4800K, reserved 1048576K
}
Event: 15.404 GC heap after
{Heap after GC invocations=6 (full 0):
 garbage-first heap   total 118784K, used 27719K [0x0000000600000000, 0x0000000800000000)
  region size 4096K, 3 young (12288K), 3 survivors (12288K)
 Metaspace       used 29458K, committed 30592K, reserved 1114112K
  class space    used 4269K, committed 4800K, reserved 1048576K
}
Event: 16.287 GC heap before
{Heap before GC invocations=6 (full 0):
 garbage-first heap   total 118784K, used 60487K [0x0000000600000000, 0x0000000800000000)
  region size 4096K, 13 young (53248K), 3 survivors (12288K)
 Metaspace       used 34663K, committed 35968K, reserved 1114112K
  class space    used 4954K, committed 5632K, reserved 1048576K
}
Event: 16.293 GC heap after
{Heap after GC invocations=7 (full 0):
 garbage-first heap   total 118784K, used 30501K [0x0000000600000000, 0x0000000800000000)
  region size 4096K, 2 young (8192K), 2 survivors (8192K)
 Metaspace       used 34663K, committed 35968K, reserved 1114112K
  class space    used 4954K, committed 5632K, reserved 1048576K
}
Event: 16.337 GC heap before
{Heap before GC invocations=7 (full 0):
 garbage-first heap   total 118784K, used 30501K [0x0000000600000000, 0x0000000800000000)
  region size 4096K, 3 young (12288K), 2 survivors (8192K)
 Metaspace       used 35019K, committed 36288K, reserved 1114112K
  class space    used 4993K, committed 5632K, reserved 1048576K
}
Event: 16.341 GC heap after
{Heap after GC invocations=8 (full 0):
 garbage-first heap   total 118784K, used 30778K [0x0000000600000000, 0x0000000800000000)
  region size 4096K, 2 young (8192K), 2 survivors (8192K)
 Metaspace       used 35019K, committed 36288K, reserved 1114112K
  class space    used 4993K, committed 5632K, reserved 1048576K
}

Dll operation events (20 events):
Event: 0.370 Attempting to load shared library C:\Users\AJI\.vscode\extensions\redhat.java-1.56.0-win32-x64\jre\21.0.12.1-win32-x86_64\bin\nio.dll
Event: 0.371 Loaded shared library C:\Users\AJI\.vscode\extensions\redhat.java-1.56.0-win32-x64\jre\21.0.12.1-win32-x86_64\bin\nio.dll
Event: 0.377 Attempting to load shared library C:\Users\AJI\.vscode\extensions\redhat.java-1.56.0-win32-x64\jre\21.0.12.1-win32-x86_64\bin\zip.dll
Event: 0.377 Loaded shared library C:\Users\AJI\.vscode\extensions\redhat.java-1.56.0-win32-x64\jre\21.0.12.1-win32-x86_64\bin\zip.dll
Event: 0.936 Attempting to load shared library C:\Users\AJI\.vscode\extensions\redhat.java-1.56.0-win32-x64\jre\21.0.12.1-win32-x86_64\bin\jimage.dll
Event: 0.936 Loaded shared library C:\Users\AJI\.vscode\extensions\redhat.java-1.56.0-win32-x64\jre\21.0.12.1-win32-x86_64\bin\jimage.dll
Event: 1.418 Attempting to load shared library C:\Users\AJI\.vscode\extensions\redhat.java-1.56.0-win32-x64\jre\21.0.12.1-win32-x86_64\bin\verify.dll
Event: 1.421 Loaded shared library C:\Users\AJI\.vscode\extensions\redhat.java-1.56.0-win32-x64\jre\21.0.12.1-win32-x86_64\bin\verify.dll
Event: 1.495 Attempting to load shared library C:\Users\AJI\.gradle\native\1def1411415f61bf3af743bc5b6707747c0891f09f0c88961ee8f79bc544acac\windows-amd64\native-platform.dll
Event: 1.498 Loaded shared library C:\Users\AJI\.gradle\native\1def1411415f61bf3af743bc5b6707747c0891f09f0c88961ee8f79bc544acac\windows-amd64\native-platform.dll
Event: 1.515 Attempting to load shared library C:\Users\AJI\.gradle\native\0.2.8\x86_64-windows-gnu\gradle-fileevents.dll
Event: 1.517 Loaded shared library C:\Users\AJI\.gradle\native\0.2.8\x86_64-windows-gnu\gradle-fileevents.dll
Event: 4.906 Attempting to load shared library C:\Users\AJI\.vscode\extensions\redhat.java-1.56.0-win32-x64\jre\21.0.12.1-win32-x86_64\bin\management.dll
Event: 4.909 Loaded shared library C:\Users\AJI\.vscode\extensions\redhat.java-1.56.0-win32-x64\jre\21.0.12.1-win32-x86_64\bin\management.dll
Event: 4.918 Attempting to load shared library C:\Users\AJI\.vscode\extensions\redhat.java-1.56.0-win32-x64\jre\21.0.12.1-win32-x86_64\bin\management_ext.dll
Event: 4.921 Loaded shared library C:\Users\AJI\.vscode\extensions\redhat.java-1.56.0-win32-x64\jre\21.0.12.1-win32-x86_64\bin\management_ext.dll
Event: 5.199 Attempting to load shared library C:\Users\AJI\.vscode\extensions\redhat.java-1.56.0-win32-x64\jre\21.0.12.1-win32-x86_64\bin\extnet.dll
Event: 5.200 Loaded shared library C:\Users\AJI\.vscode\extensions\redhat.java-1.56.0-win32-x64\jre\21.0.12.1-win32-x86_64\bin\extnet.dll
Event: 5.875 Attempting to load shared library C:\Users\AJI\.vscode\extensions\redhat.java-1.56.0-win32-x64\jre\21.0.12.1-win32-x86_64\bin\sunmscapi.dll
Event: 5.885 Loaded shared library C:\Users\AJI\.vscode\extensions\redhat.java-1.56.0-win32-x64\jre\21.0.12.1-win32-x86_64\bin\sunmscapi.dll

Deoptimization events (20 events):
Event: 22.647 Thread 0x0000019daf3f99d0 Uncommon trap: trap_request=0xffffffc6 fr.pc=0x0000019d4b4ebfc4 relative=0x0000000000000bc4
Event: 22.647 Thread 0x0000019daf3f99d0 Uncommon trap: reason=bimorphic_or_optimized_type_check action=maybe_recompile pc=0x0000019d4b4ebfc4 method=java.io.BufferedInputStream.implRead([BII)I @ 100 c2
Event: 22.647 Thread 0x0000019daf3f99d0 DEOPT PACKING pc=0x0000019d4b4ebfc4 sp=0x000000290e3fe130
Event: 22.647 Thread 0x0000019daf3f99d0 DEOPT UNPACKING pc=0x0000019d4aba4422 sp=0x000000290e3fe0f8 mode 2
Event: 22.654 Thread 0x0000019daf3f99d0 Uncommon trap: trap_request=0xffffffc6 fr.pc=0x0000019d4b4ebfc4 relative=0x0000000000000bc4
Event: 22.654 Thread 0x0000019daf3f99d0 Uncommon trap: reason=bimorphic_or_optimized_type_check action=maybe_recompile pc=0x0000019d4b4ebfc4 method=java.io.BufferedInputStream.implRead([BII)I @ 100 c2
Event: 22.654 Thread 0x0000019daf3f99d0 DEOPT PACKING pc=0x0000019d4b4ebfc4 sp=0x000000290e3fe130
Event: 22.654 Thread 0x0000019daf3f99d0 DEOPT UNPACKING pc=0x0000019d4aba4422 sp=0x000000290e3fe0f8 mode 2
Event: 22.658 Thread 0x0000019daf3f99d0 Uncommon trap: trap_request=0xffffffc6 fr.pc=0x0000019d4b4ebfc4 relative=0x0000000000000bc4
Event: 22.658 Thread 0x0000019daf3f99d0 Uncommon trap: reason=bimorphic_or_optimized_type_check action=maybe_recompile pc=0x0000019d4b4ebfc4 method=java.io.BufferedInputStream.implRead([BII)I @ 100 c2
Event: 22.658 Thread 0x0000019daf3f99d0 DEOPT PACKING pc=0x0000019d4b4ebfc4 sp=0x000000290e3fe230
Event: 22.658 Thread 0x0000019daf3f99d0 DEOPT UNPACKING pc=0x0000019d4aba4422 sp=0x000000290e3fe1f8 mode 2
Event: 22.716 Thread 0x0000019daf3f9340 Uncommon trap: trap_request=0xffffff45 fr.pc=0x0000019d4b45d4dc relative=0x00000000000007fc
Event: 22.716 Thread 0x0000019daf3f9340 Uncommon trap: reason=unstable_if action=reinterpret pc=0x0000019d4b45d4dc method=java.io.BufferedOutputStream.write([BII)V @ 4 c2
Event: 22.716 Thread 0x0000019daf3f9340 DEOPT PACKING pc=0x0000019d4b45d4dc sp=0x000000290e0fe8c0
Event: 22.716 Thread 0x0000019daf3f9340 DEOPT UNPACKING pc=0x0000019d4aba4422 sp=0x000000290e0fe890 mode 2
Event: 67.823 Thread 0x0000019daf3f8620 Uncommon trap: trap_request=0xffffff45 fr.pc=0x0000019d4b3036dc relative=0x00000000000001bc
Event: 67.823 Thread 0x0000019daf3f8620 Uncommon trap: reason=unstable_if action=reinterpret pc=0x0000019d4b3036dc method=java.util.concurrent.locks.ReentrantLock$NonfairSync.initialTryLock()Z @ 25 c2
Event: 67.823 Thread 0x0000019daf3f8620 DEOPT PACKING pc=0x0000019d4b3036dc sp=0x000000290e1fefc0
Event: 67.824 Thread 0x0000019daf3f8620 DEOPT UNPACKING pc=0x0000019d4aba4422 sp=0x000000290e1feea8 mode 2

Classes loaded (20 events):
Event: 16.418 Loading class sun/nio/fs/WindowsChannelFactory
Event: 16.418 Loading class sun/nio/fs/WindowsChannelFactory done
Event: 16.418 Loading class sun/nio/fs/WindowsChannelFactory$1
Event: 16.418 Loading class sun/nio/fs/WindowsChannelFactory$1 done
Event: 16.418 Loading class sun/nio/fs/WindowsChannelFactory$Flags
Event: 16.418 Loading class sun/nio/fs/WindowsChannelFactory$Flags done
Event: 16.418 Loading class sun/nio/fs/WindowsChannelFactory$2
Event: 16.418 Loading class sun/nio/fs/WindowsChannelFactory$2 done
Event: 16.419 Loading class sun/nio/fs/WindowsException
Event: 16.419 Loading class sun/nio/fs/WindowsException done
Event: 16.419 Loading class java/nio/file/FileAlreadyExistsException
Event: 16.419 Loading class java/nio/file/FileAlreadyExistsException done
Event: 16.419 Loading class java/nio/file/AccessMode
Event: 16.419 Loading class java/nio/file/AccessMode done
Event: 16.448 Loading class java/util/Collections$SynchronizedRandomAccessList
Event: 16.449 Loading class java/util/Collections$SynchronizedList
Event: 16.449 Loading class java/util/Collections$SynchronizedList done
Event: 16.449 Loading class java/util/Collections$SynchronizedRandomAccessList done
Event: 22.620 Loading class java/nio/charset/CharacterCodingException
Event: 22.620 Loading class java/nio/charset/CharacterCodingException done

Classes unloaded (0 events):
No events

Classes redefined (0 events):
No events

Internal exceptions (20 events):
Event: 16.395 Thread 0x0000019daf3fad80 Exception <a 'java/lang/ClassNotFoundException'{0x000000060f8e3d98}: groovy/lang/GroovyObjectSupportBeanInfo> (0x000000060f8e3d98) 
thrown [s\src\hotspot\share\classfile\systemDictionary.cpp, line 313]
Event: 16.395 Thread 0x0000019daf3fad80 Exception <a 'java/lang/ClassNotFoundException'{0x000000060f9028e8}: groovy/lang/GroovyObjectSupportCustomizer> (0x000000060f9028e8) 
thrown [s\src\hotspot\share\classfile\systemDictionary.cpp, line 313]
Event: 16.397 Thread 0x0000019daf3fad80 Exception <a 'java/lang/ClassNotFoundException'{0x000000060f91d668}: org/gradle/internal/extensibility/DefaultExtraPropertiesExtensionCustomizer> (0x000000060f91d668) 
thrown [s\src\hotspot\share\classfile\systemDictionary.cpp, line 313]
Event: 16.402 Thread 0x0000019daf3fad80 Exception <a 'java/lang/IncompatibleClassChangeError'{0x000000060f93b080}: Found class java.lang.Object, but interface was expected> (0x000000060f93b080) 
thrown [s\src\hotspot\share\interpreter\linkResolver.cpp, line 840]
Event: 16.419 Thread 0x0000019daf3fad80 Exception <a 'sun/nio/fs/WindowsException'{0x000000060fa00390}> (0x000000060fa00390) 
thrown [s\src\hotspot\share\prims\jni.cpp, line 520]
Event: 16.419 Thread 0x0000019daf3fad80 Exception <a 'sun/nio/fs/WindowsException'{0x000000060fa020c0}> (0x000000060fa020c0) 
thrown [s\src\hotspot\share\prims\jni.cpp, line 520]
Event: 16.420 Thread 0x0000019daf3fad80 Exception <a 'sun/nio/fs/WindowsException'{0x000000060fa03568}> (0x000000060fa03568) 
thrown [s\src\hotspot\share\prims\jni.cpp, line 520]
Event: 16.420 Thread 0x0000019daf3fad80 Exception <a 'sun/nio/fs/WindowsException'{0x000000060fa04a40}> (0x000000060fa04a40) 
thrown [s\src\hotspot\share\prims\jni.cpp, line 520]
Event: 16.441 Thread 0x0000019daf3fad80 Exception <a 'java/lang/NoSuchMethodError'{0x000000060fb09808}: 'java.lang.Object java.lang.invoke.Invokers$Holder.invoker(java.lang.Object, java.lang.Object, java.lang.Object, java.lang.Object, java.lang.Object, java.lang.Object)'> (0x000000060fb09808) 
thrown [s\src\hotspot\share\interpreter\linkResolver.cpp, line 773]
Event: 19.644 Thread 0x0000019daf3fad80 Exception <a 'java/lang/NoSuchMethodError'{0x00000006054909f8}: 'java.lang.Object java.lang.invoke.Invokers$Holder.invoker(java.lang.Object, java.lang.Object, java.lang.Object, java.lang.Object, java.lang.Object, java.lang.Object, java.lang.Object, java.lang.Object, java.lang.Object, java.lang.Object, java.lang.Object, java.lang.Object, java.lang.Object, java.lang.Object, java.lang.Object, java.lang.Object, java.lang.Object, java.lang.Object, java.lang.Object, java.lang.Object, java.lang.Object, java.lang.
Event: 19.644 Thread 0x0000019daf3fad80 Exception <a 'java/lang/NoSuchMethodError'{0x0000000605497310}: 'java.lang.Object java.lang.invoke.DelegatingMethodHandle$Holder.delegate(java.lang.Object, java.lang.Object, java.lang.Object, java.lang.Object, java.lang.Object, java.lang.Object, java.lang.Object, java.lang.Object, java.lang.Object, java.lang.Object, java.lang.Object, java.lang.Object, java.lang.Object, java.lang.Object, java.lang.Object, java.lang.Object, java.lang.Object, java.lang.Object, java.lang.Object, java.lang.Object, java.lang.Obj
Event: 19.698 Thread 0x0000019daf3fad80 Exception <a 'java/lang/NoSuchMethodError'{0x000000060574a358}: 'java.lang.Object java.lang.invoke.DirectMethodHandle$Holder.newInvokeSpecial(java.lang.Object, java.lang.Object, java.lang.Object, java.lang.Object, java.lang.Object, java.lang.Object, int)'> (0x000000060574a358) 
thrown [s\src\hotspot\share\interpreter\linkResolver.cpp, line 773]
Event: 19.698 Thread 0x0000019daf3fad80 Exception <a 'java/lang/NoSuchMethodError'{0x000000060574f2e0}: 'java.lang.Object java.lang.invoke.DirectMethodHandle$Holder.invokeSpecial(java.lang.Object, java.lang.Object, java.lang.Object, java.lang.Object, java.lang.Object, java.lang.Object, java.lang.Object, int)'> (0x000000060574f2e0) 
thrown [s\src\hotspot\share\interpreter\linkResolver.cpp, line 773]
Event: 19.827 Thread 0x0000019daf3fad80 Exception <a 'java/lang/IncompatibleClassChangeError'{0x0000000603a7a9e0}: Found class java.lang.Object, but interface was expected> (0x0000000603a7a9e0) 
thrown [s\src\hotspot\share\interpreter\linkResolver.cpp, line 840]
Event: 19.844 Thread 0x0000019daf3fad80 Exception <a 'java/lang/NoSuchMethodError'{0x0000000603b50ca8}: 'java.lang.Object java.lang.invoke.DirectMethodHandle$Holder.newInvokeSpecial(java.lang.Object, java.lang.Object, long)'> (0x0000000603b50ca8) 
thrown [s\src\hotspot\share\interpreter\linkResolver.cpp, line 773]
Event: 19.844 Thread 0x0000019daf3fad80 Exception <a 'java/lang/NoSuchMethodError'{0x0000000603b55540}: 'java.lang.Object java.lang.invoke.Invokers$Holder.linkToTargetMethod(java.lang.Object, long, java.lang.Object)'> (0x0000000603b55540) 
thrown [s\src\hotspot\share\interpreter\linkResolver.cpp, line 773]
Event: 22.641 Thread 0x0000019daf3fad80 Exception <a 'java/lang/NoSuchMethodError'{0x00000006034c6990}: 'int java.lang.invoke.DirectMethodHandle$Holder.invokeInterface(java.lang.Object, java.lang.Object)'> (0x00000006034c6990) 
thrown [s\src\hotspot\share\interpreter\linkResolver.cpp, line 773]
Event: 22.692 Thread 0x0000019daf3fad80 Exception <a 'java/lang/NoSuchMethodError'{0x0000000603675c00}: 'java.lang.Object java.lang.invoke.DirectMethodHandle$Holder.newInvokeSpecial(java.lang.Object, java.lang.Object, int, java.lang.Object, java.lang.Object, java.lang.Object, java.lang.Object)'> (0x0000000603675c00) 
thrown [s\src\hotspot\share\interpreter\linkResolver.cpp, line 773]
Event: 22.692 Thread 0x0000019daf3fad80 Exception <a 'java/lang/NoSuchMethodError'{0x000000060367e430}: 'java.lang.Object java.lang.invoke.Invokers$Holder.linkToTargetMethod(java.lang.Object, int, java.lang.Object, java.lang.Object, java.lang.Object, java.lang.Object, java.lang.Object)'> (0x000000060367e430) 
thrown [s\src\hotspot\share\interpreter\linkResolver.cpp, line 773]
Event: 22.716 Thread 0x0000019daf3f9340 Implicit null exception at 0x0000019d4b45cd2e to 0x0000019d4b45d4b8

ZGC Phase Switch (0 events):
No events

VM Operations (20 events):
Event: 46.791 Executing safepoint VM operation: Cleanup
Event: 46.792 Executing safepoint VM operation: Cleanup done
Event: 52.836 Executing safepoint VM operation: Cleanup
Event: 52.836 Executing safepoint VM operation: Cleanup done
Event: 56.871 Executing safepoint VM operation: Cleanup
Event: 56.871 Executing safepoint VM operation: Cleanup done
Event: 60.095 Executing non-safepoint VM operation: HandshakeAllThreads (HandshakeForDeflation)
Event: 60.095 Executing non-safepoint VM operation: HandshakeAllThreads (HandshakeForDeflation) done
Event: 60.095 Executing non-safepoint VM operation: RendezvousGCThreads
Event: 60.095 Executing non-safepoint VM operation: RendezvousGCThreads done
Event: 64.121 Executing safepoint VM operation: Cleanup
Event: 64.121 Executing safepoint VM operation: Cleanup done
Event: 65.129 Executing safepoint VM operation: Cleanup
Event: 65.129 Executing safepoint VM operation: Cleanup done
Event: 66.144 Executing safepoint VM operation: Cleanup
Event: 66.144 Executing safepoint VM operation: Cleanup done
Event: 68.157 Executing safepoint VM operation: Cleanup
Event: 68.157 Executing safepoint VM operation: Cleanup done
Event: 74.206 Executing safepoint VM operation: Cleanup
Event: 74.206 Executing safepoint VM operation: Cleanup done

Memory protections (0 events):
No events

Nmethod flushes (20 events):
Event: 16.358 Thread 0x0000019d65edebf0 flushing  nmethod 0x0000019d3afc3d90
Event: 16.358 Thread 0x0000019d65edebf0 flushing  nmethod 0x0000019d3afc7b10
Event: 16.358 Thread 0x0000019d65edebf0 flushing  nmethod 0x0000019d3afc8c10
Event: 16.358 Thread 0x0000019d65edebf0 flushing  nmethod 0x0000019d3afca510
Event: 16.358 Thread 0x0000019d65edebf0 flushing  nmethod 0x0000019d3afcaa10
Event: 16.358 Thread 0x0000019d65edebf0 flushing  nmethod 0x0000019d3afe0590
Event: 16.358 Thread 0x0000019d65edebf0 flushing  nmethod 0x0000019d3afe9790
Event: 16.358 Thread 0x0000019d65edebf0 flushing  nmethod 0x0000019d3afecd90
Event: 16.358 Thread 0x0000019d65edebf0 flushing  nmethod 0x0000019d3aff0090
Event: 16.358 Thread 0x0000019d65edebf0 flushing  nmethod 0x0000019d3aff0e90
Event: 16.358 Thread 0x0000019d65edebf0 flushing  nmethod 0x0000019d3aff1290
Event: 16.358 Thread 0x0000019d65edebf0 flushing  nmethod 0x0000019d3b26d210
Event: 16.358 Thread 0x0000019d65edebf0 flushing  nmethod 0x0000019d3b2b8990
Event: 16.358 Thread 0x0000019d65edebf0 flushing  nmethod 0x0000019d3b2b8d10
Event: 16.358 Thread 0x0000019d65edebf0 flushing  nmethod 0x0000019d3b2bba90
Event: 16.358 Thread 0x0000019d65edebf0 flushing  nmethod 0x0000019d3b2bc710
Event: 16.358 Thread 0x0000019d65edebf0 flushing  nmethod 0x0000019d3b34e410
Event: 16.358 Thread 0x0000019d65edebf0 flushing  nmethod 0x0000019d3b355c10
Event: 16.358 Thread 0x0000019d65edebf0 flushing  nmethod 0x0000019d3b355f10
Event: 16.358 Thread 0x0000019d65edebf0 flushing  nmethod 0x0000019d3b357790

Events (20 events):
Event: 6.135 Thread 0x0000019daf3fad80 Thread added: 0x0000019daf3f8cb0
Event: 6.902 Thread 0x0000019daf3fad80 Thread added: 0x0000019daf3f9340
Event: 6.915 Thread 0x0000019daf3fad80 Thread added: 0x0000019daf3f8620
Event: 7.256 Thread 0x0000019daf3f8620 Thread added: 0x0000019daf3fa060
Event: 7.355 Thread 0x0000019daf3fad80 Thread added: 0x0000019daf3f99d0
Event: 7.903 Thread 0x0000019db00fd9b0 Thread exited: 0x0000019db00fd9b0
Event: 7.905 Thread 0x0000019db00fd300 Thread exited: 0x0000019db00fd300
Event: 14.066 Thread 0x0000019daf3fad80 Thread added: 0x0000019db1b66620
Event: 14.142 Thread 0x0000019daf3fad80 Thread added: 0x0000019db1b66cb0
Event: 14.526 Thread 0x0000019daf3fad80 Thread added: 0x0000019db1b67340
Event: 14.538 Thread 0x0000019daf3fad80 Thread added: 0x0000019db1b64550
Event: 14.733 Thread 0x0000019daa02e290 Thread added: 0x0000019db136c010
Event: 15.058 Thread 0x0000019daf3fad80 Thread added: 0x0000019db1b686f0
Event: 15.185 Thread 0x0000019daf3fad80 Thread added: 0x0000019db1b679d0
Event: 15.650 Thread 0x0000019daf3fad80 Thread added: 0x0000019db1b65900
Event: 15.746 Thread 0x0000019daf3fad80 Thread added: 0x0000019db1b65270
Event: 16.598 Thread 0x0000019db136c010 Thread exited: 0x0000019db136c010
Event: 18.094 Thread 0x0000019daff5af70 Thread exited: 0x0000019daff5af70
Event: 22.669 Thread 0x0000019daa0318b0 Thread added: 0x0000019db07de3c0
Event: 22.915 Thread 0x0000019db07de3c0 Thread exited: 0x0000019db07de3c0


Dynamic libraries:
0x00007ff79bf90000 - 0x00007ff79bf9e000 	C:\Users\AJI\.vscode\extensions\redhat.java-1.56.0-win32-x64\jre\21.0.12.1-win32-x86_64\bin\java.exe
0x00007ffe02160000 - 0x00007ffe023c7000 	C:\WINDOWS\SYSTEM32\ntdll.dll
0x00007ffe003b0000 - 0x00007ffe0047b000 	C:\WINDOWS\System32\KERNEL32.DLL
0x00007ffdff6f0000 - 0x00007ffdffaf2000 	C:\WINDOWS\System32\KERNELBASE.dll
0x00007ffdff410000 - 0x00007ffdff55c000 	C:\WINDOWS\System32\ucrtbase.dll
0x00007ffd821c0000 - 0x00007ffd821d8000 	C:\Users\AJI\.vscode\extensions\redhat.java-1.56.0-win32-x64\jre\21.0.12.1-win32-x86_64\bin\jli.dll
0x00007ffe019a0000 - 0x00007ffe01b6f000 	C:\WINDOWS\System32\USER32.dll
0x00007ffdff570000 - 0x00007ffdff597000 	C:\WINDOWS\System32\win32u.dll
0x00007ffe01970000 - 0x00007ffe0199b000 	C:\WINDOWS\System32\GDI32.dll
0x00007ffdffc90000 - 0x00007ffdffdb9000 	C:\WINDOWS\System32\gdi32full.dll
0x00007ffdff360000 - 0x00007ffdff403000 	C:\WINDOWS\System32\msvcp_win.dll
0x00007ffdc0f00000 - 0x00007ffdc0f1e000 	C:\Users\AJI\.vscode\extensions\redhat.java-1.56.0-win32-x64\jre\21.0.12.1-win32-x86_64\bin\VCRUNTIME140.dll
0x00007ffddfe30000 - 0x00007ffde00c0000 	C:\WINDOWS\WinSxS\amd64_microsoft.windows.common-controls_6595b64144ccf1df_6.0.26100.9278_none_3e0d1ba8e3303201\COMCTL32.dll
0x00007ffe018c0000 - 0x00007ffe01969000 	C:\WINDOWS\System32\msvcrt.dll
0x00007ffe01b90000 - 0x00007ffe01bc1000 	C:\WINDOWS\System32\IMM32.DLL
0x00007ffdd7ca0000 - 0x00007ffdd7cac000 	C:\Users\AJI\.vscode\extensions\redhat.java-1.56.0-win32-x64\jre\21.0.12.1-win32-x86_64\bin\vcruntime140_1.dll
0x00007ffd7e7f0000 - 0x00007ffd7e87d000 	C:\Users\AJI\.vscode\extensions\redhat.java-1.56.0-win32-x64\jre\21.0.12.1-win32-x86_64\bin\msvcp140.dll
0x00007ffcef0f0000 - 0x00007ffcefe92000 	C:\Users\AJI\.vscode\extensions\redhat.java-1.56.0-win32-x64\jre\21.0.12.1-win32-x86_64\bin\server\jvm.dll
0x00007ffe002e0000 - 0x00007ffe0039c000 	C:\WINDOWS\System32\ADVAPI32.dll
0x00007ffe00230000 - 0x00007ffe002d9000 	C:\WINDOWS\System32\sechost.dll
0x00007ffdfff30000 - 0x00007ffe00048000 	C:\WINDOWS\System32\RPCRT4.dll
0x00007ffe01720000 - 0x00007ffe017a0000 	C:\WINDOWS\System32\WS2_32.dll
0x00007ffdff1c0000 - 0x00007ffdff21e000 	C:\WINDOWS\SYSTEM32\POWRPROF.dll
0x00007ffdfb560000 - 0x00007ffdfb596000 	C:\WINDOWS\SYSTEM32\WINMM.dll
0x00007ffdf5020000 - 0x00007ffdf502b000 	C:\WINDOWS\SYSTEM32\VERSION.dll
0x00007ffdff1a0000 - 0x00007ffdff1b5000 	C:\WINDOWS\SYSTEM32\UMPDC.dll
0x00007ffdfdf70000 - 0x00007ffdfdf8b000 	C:\WINDOWS\SYSTEM32\kernel.appcore.dll
0x00007ffdd7be0000 - 0x00007ffdd7bea000 	C:\Users\AJI\.vscode\extensions\redhat.java-1.56.0-win32-x64\jre\21.0.12.1-win32-x86_64\bin\jimage.dll
0x00007ffdfc940000 - 0x00007ffdfcb8c000 	C:\WINDOWS\SYSTEM32\DBGHELP.DLL
0x00007ffe00d20000 - 0x00007ffe010a5000 	C:\WINDOWS\System32\combase.dll
0x00007ffe011b0000 - 0x00007ffe01289000 	C:\WINDOWS\System32\OLEAUT32.dll
0x00007ffdde450000 - 0x00007ffdde48b000 	C:\WINDOWS\SYSTEM32\dbgcore.DLL
0x00007ffdffdc0000 - 0x00007ffdffe6c000 	C:\WINDOWS\System32\bcryptPrimitives.dll
0x00007ffdd70d0000 - 0x00007ffdd70df000 	C:\Users\AJI\.vscode\extensions\redhat.java-1.56.0-win32-x64\jre\21.0.12.1-win32-x86_64\bin\instrument.dll
0x00007ffd7fbb0000 - 0x00007ffd7fbd0000 	C:\Users\AJI\.vscode\extensions\redhat.java-1.56.0-win32-x64\jre\21.0.12.1-win32-x86_64\bin\java.dll
0x00007ffe00580000 - 0x00007ffe00d18000 	C:\WINDOWS\System32\SHELL32.dll
0x00007ffdfcd80000 - 0x00007ffdfd62e000 	C:\WINDOWS\SYSTEM32\windows.storage.dll
0x00007ffe01320000 - 0x00007ffe0141b000 	C:\WINDOWS\System32\SHCORE.dll
0x00007ffe010b0000 - 0x00007ffe01116000 	C:\WINDOWS\System32\shlwapi.dll
0x00007ffdff280000 - 0x00007ffdff2a9000 	C:\WINDOWS\SYSTEM32\profapi.dll
0x00007ffd7fb90000 - 0x00007ffd7fba8000 	C:\Users\AJI\.vscode\extensions\redhat.java-1.56.0-win32-x64\jre\21.0.12.1-win32-x86_64\bin\zip.dll
0x00007ffdd7b20000 - 0x00007ffdd7b30000 	C:\Users\AJI\.vscode\extensions\redhat.java-1.56.0-win32-x64\jre\21.0.12.1-win32-x86_64\bin\net.dll
0x00007ffdf8730000 - 0x00007ffdf885a000 	C:\WINDOWS\SYSTEM32\WINHTTP.dll
0x00007ffdfe5f0000 - 0x00007ffdfe65c000 	C:\WINDOWS\system32\mswsock.dll
0x00007ffd7e7d0000 - 0x00007ffd7e7e6000 	C:\Users\AJI\.vscode\extensions\redhat.java-1.56.0-win32-x64\jre\21.0.12.1-win32-x86_64\bin\nio.dll
0x00007ffdd1b60000 - 0x00007ffdd1b70000 	C:\Users\AJI\.vscode\extensions\redhat.java-1.56.0-win32-x64\jre\21.0.12.1-win32-x86_64\bin\verify.dll
0x00007ffd7fce0000 - 0x00007ffd7fd07000 	C:\Users\AJI\.gradle\native\1def1411415f61bf3af743bc5b6707747c0891f09f0c88961ee8f79bc544acac\windows-amd64\native-platform.dll
0x00007ffcf9e70000 - 0x00007ffcf9ee7000 	C:\Users\AJI\.gradle\native\0.2.8\x86_64-windows-gnu\gradle-fileevents.dll
0x00007ffdd17c0000 - 0x00007ffdd17ca000 	C:\Users\AJI\.vscode\extensions\redhat.java-1.56.0-win32-x64\jre\21.0.12.1-win32-x86_64\bin\management.dll
0x00007ffdd0ce0000 - 0x00007ffdd0cec000 	C:\Users\AJI\.vscode\extensions\redhat.java-1.56.0-win32-x64\jre\21.0.12.1-win32-x86_64\bin\management_ext.dll
0x00007ffe01b80000 - 0x00007ffe01b88000 	C:\WINDOWS\System32\PSAPI.DLL
0x00007ffdfd9b0000 - 0x00007ffdfd9e3000 	C:\WINDOWS\SYSTEM32\IPHLPAPI.DLL
0x00007ffdfff00000 - 0x00007ffdfff0a000 	C:\WINDOWS\System32\NSI.dll
0x00007ffdd0ba0000 - 0x00007ffdd0ba9000 	C:\Users\AJI\.vscode\extensions\redhat.java-1.56.0-win32-x64\jre\21.0.12.1-win32-x86_64\bin\extnet.dll
0x00007ffdfe8e0000 - 0x00007ffdfe8fb000 	C:\WINDOWS\SYSTEM32\CRYPTSP.dll
0x00007ffdfdf90000 - 0x00007ffdfdfc9000 	C:\WINDOWS\system32\rsaenh.dll
0x00007ffdfe6a0000 - 0x00007ffdfe6d4000 	C:\WINDOWS\SYSTEM32\USERENV.dll
0x00007ffdff250000 - 0x00007ffdff27a000 	C:\WINDOWS\SYSTEM32\bcrypt.dll
0x00007ffdfe900000 - 0x00007ffdfe90c000 	C:\WINDOWS\SYSTEM32\CRYPTBASE.dll
0x00007ffdd0640000 - 0x00007ffdd064e000 	C:\Users\AJI\.vscode\extensions\redhat.java-1.56.0-win32-x64\jre\21.0.12.1-win32-x86_64\bin\sunmscapi.dll
0x00007ffdffb00000 - 0x00007ffdffc7e000 	C:\WINDOWS\System32\CRYPT32.dll
0x00007ffdfeb20000 - 0x00007ffdfeb50000 	C:\WINDOWS\SYSTEM32\ncrypt.dll
0x00007ffdfead0000 - 0x00007ffdfeb0f000 	C:\WINDOWS\SYSTEM32\NTASN1.dll
0x00007ffdd4f00000 - 0x00007ffdd4f08000 	C:\WINDOWS\system32\wshunix.dll

JVMTI agents:
C:\Users\AJI\.gradle\wrapper\dists\gradle-9.1.0-all\7wzd0jkjit61aq2p43wpjgij9\gradle-9.1.0\lib\agents\gradle-instrumentation-agent-9.1.0.jar path:C:\Users\AJI\.vscode\extensions\redhat.java-1.56.0-win32-x64\jre\21.0.12.1-win32-x86_64\bin\instrument.dll, loaded, initialized, instrumentlib options:none

dbghelp: loaded successfully - version: 4.0.5 - missing functions: none
symbol engine: initialized successfully - sym options: 0x614 - pdb path: .;C:\Users\AJI\.vscode\extensions\redhat.java-1.56.0-win32-x64\jre\21.0.12.1-win32-x86_64\bin;C:\WINDOWS\SYSTEM32;C:\WINDOWS\WinSxS\amd64_microsoft.windows.common-controls_6595b64144ccf1df_6.0.26100.9278_none_3e0d1ba8e3303201;C:\Users\AJI\.vscode\extensions\redhat.java-1.56.0-win32-x64\jre\21.0.12.1-win32-x86_64\bin\server;C:\Users\AJI\.gradle\native\1def1411415f61bf3af743bc5b6707747c0891f09f0c88961ee8f79bc544acac\windows-amd64;C:\Users\AJI\.gradle\native\0.2.8\x86_64-windows-gnu

VM Arguments:
jvm_args: --add-opens=java.base/java.lang=ALL-UNNAMED --add-opens=java.base/java.lang.invoke=ALL-UNNAMED --add-opens=java.base/java.util=ALL-UNNAMED --add-opens=java.prefs/java.util.prefs=ALL-UNNAMED --add-exports=jdk.compiler/com.sun.tools.javac.api=ALL-UNNAMED --add-exports=jdk.compiler/com.sun.tools.javac.util=ALL-UNNAMED --add-opens=java.base/java.util=ALL-UNNAMED --add-opens=java.prefs/java.util.prefs=ALL-UNNAMED --add-opens=java.base/java.nio.charset=ALL-UNNAMED --add-opens=java.base/java.net=ALL-UNNAMED --add-opens=java.base/java.util.concurrent=ALL-UNNAMED --add-opens=java.base/java.util.concurrent.atomic=ALL-UNNAMED --add-opens=java.xml/javax.xml.namespace=ALL-UNNAMED --add-opens=java.base/java.time=ALL-UNNAMED -XX:MaxMetaspaceSize=4G -XX:ReservedCodeCacheSize=512m -XX:+HeapDumpOnOutOfMemoryError -Xmx8G -Dfile.encoding=UTF-8 -Duser.country=IN -Duser.language=en -Duser.variant -javaagent:C:\Users\AJI\.gradle\wrapper\dists\gradle-9.1.0-all\7wzd0jkjit61aq2p43wpjgij9\gradle-9.1.0\lib\agents\gradle-instrumentation-agent-9.1.0.jar 
java_command: org.gradle.launcher.daemon.bootstrap.GradleDaemon 9.1.0
java_class_path (initial): C:\Users\AJI\.gradle\wrapper\dists\gradle-9.1.0-all\7wzd0jkjit61aq2p43wpjgij9\gradle-9.1.0\lib\gradle-daemon-main-9.1.0.jar
Launcher Type: SUN_STANDARD

[Global flags]
     intx CICompilerCount                          = 12                                        {product} {ergonomic}
     uint ConcGCThreads                            = 4                                         {product} {ergonomic}
     uint G1ConcRefinementThreads                  = 15                                        {product} {ergonomic}
   size_t G1HeapRegionSize                         = 4194304                                   {product} {ergonomic}
    uintx GCDrainStackTargetSize                   = 64                                        {product} {ergonomic}
     bool HeapDumpOnOutOfMemoryError               = true                                   {manageable} {command line}
   size_t InitialHeapSize                          = 264241152                                 {product} {ergonomic}
   size_t MarkStackSize                            = 4194304                                   {product} {ergonomic}
   size_t MaxHeapSize                              = 8589934592                                {product} {command line}
   size_t MaxMetaspaceSize                         = 4294967296                                {product} {command line}
   size_t MaxNewSize                               = 5150605312                                {product} {ergonomic}
   size_t MinHeapDeltaBytes                        = 4194304                                   {product} {ergonomic}
   size_t MinHeapSize                              = 8388608                                   {product} {ergonomic}
    uintx NonNMethodCodeHeapSize                   = 7602480                                {pd product} {ergonomic}
    uintx NonProfiledCodeHeapSize                  = 264634216                              {pd product} {ergonomic}
    uintx ProfiledCodeHeapSize                     = 264634216                              {pd product} {ergonomic}
    uintx ReservedCodeCacheSize                    = 536870912                              {pd product} {command line}
     bool SegmentedCodeCache                       = true                                      {product} {ergonomic}
   size_t SoftMaxHeapSize                          = 8589934592                             {manageable} {ergonomic}
     bool UseCompressedOops                        = true                           {product lp64_product} {ergonomic}
     bool UseG1GC                                  = true                                      {product} {ergonomic}
     bool UseLargePagesIndividualAllocation        = false                                  {pd product} {ergonomic}

Logging:
Log output configuration:
 #0: stdout all=warning uptime,level,tags foldmultilines=false
 #1: stderr all=off uptime,level,tags foldmultilines=false

Release file:
JAVA_VERSION="21.0.12.1" 
MODULES="java.base java.compiler java.datatransfer java.xml java.prefs java.desktop java.instrument java.logging java.management java.security.sasl java.naming java.rmi java.management.rmi java.net.http java.scripting java.security.jgss java.transaction.xa java.sql java.sql.rowset java.xml.crypto java.se java.smartcardio jdk.accessibility jdk.internal.jvmstat jdk.attach jdk.charsets jdk.internal.opt jdk.zipfs jdk.compiler jdk.crypto.ec jdk.crypto.cryptoki jdk.crypto.mscapi jdk.dynalink jdk.internal.ed jdk.editpad jdk.hotspot.agent jdk.httpserver jdk.internal.le jdk.internal.vm.ci jdk.internal.vm.compiler jdk.internal.vm.compiler.management jdk.jartool jdk.javadoc jdk.jcmd jdk.management jdk.management.agent jdk.jconsole jdk.jdeps jdk.jdwp.agent jdk.jdi jdk.jfr jdk.jshell jdk.jsobject jdk.jstatd jdk.localedata jdk.management.jfr jdk.naming.dns jdk.naming.rmi jdk.net jdk.nio.mapmode jdk.random jdk.sctp jdk.security.auth jdk.security.jgss jdk.unsupported jdk.unsupported.desktop jdk.xml.dom" 

Environment Variables:
JAVA_HOME=C:\Program Files\Java\jdk-17
PATH=C:\Python314\Scripts\;C:\Python314\;C:\Program Files\Eclipse Adoptium\jdk-25.0.3.9-hotspot\bin;C:\Program Files\Microsoft\jdk-11.0.16.101-hotspot\bin;C:\WINDOWS\system32;C:\WINDOWS;C:\WINDOWS\System32\Wbem;C:\WINDOWS\System32\WindowsPowerShell\v1.0\;C:\WINDOWS\System32\OpenSSH\;C:\Program Files\dotnet\;C:\MinGW\bin;C:\ProgramData\chocolatey\bin;C:\Users\AJI\AppData\Local\Pub\Cache\bin;C:\Program Files\Java\jdk-17\bin;d:\cursor\resources\app\bin;C:\Users\AJI\develop\flutter\bin;C:\Users\AJI\.local\bin;D:\node\node_modules\npm\bin;D:\node\;C:\Program Files\nodejs\;C:\Program Files\nodejs\node_modules\npm\bin;C:\Users\AJI\Documents\MONGO\mongosh-2.9.2-win32-x64\bin;C:\xampp\php;C:\Program Files\Git\cmd;C:\Users\AJI\AppData\Local\Programs\Python\Python312\Scripts\;C:\Users\AJI\AppData\Local\Programs\Python\Python312\;C:\Users\AJI\.local\bin;C:\Users\AJI\AppData\Local\Microsoft\WindowsApps;D:\IntelliJ IDEA Community Edition 2023.1.5\bin;;C:\mingw64\bin;C:\Users\AJI\.dotnet\tools;C:\Users\AJI\Documents\flutter_windows_3.13.4-stable\flutter\bin;C:\Users\AJI\AppData\Local\Pub\Cache\bin;D:\flutter_pub_cache;C:\Users\AJI\AppData\Local\Android\Sdk;C:\Program Files\Java\jdk-17\bin;D:\rider\JetBrains Rider 2024.3.7\bin;;D:\Program Files\Microsoft VS Code\bin;D:\freelanceing\cursor\resources\app\bin;C:\Users\AJI\AppData\Local\Programs\Microsoft VS Code\bin;C:\Users\AJI\AppData\Local\Programs\cursor\resources\app\bin;C:\Users\AJI\AppData\Roaming\npm
USERNAME=AJI
OS=Windows_NT
PROCESSOR_IDENTIFIER=Intel64 Family 6 Model 154 Stepping 3, GenuineIntel
TMP=C:\Users\AJI\AppData\Local\Temp
TEMP=C:\Users\AJI\AppData\Local\Temp




Periodic native trim disabled

---------------  S Y S T E M  ---------------

OS:
 Windows 11 , 64 bit Build 26100 (10.0.26100.9444)
OS uptime: 0 days 0:15 hours
Hyper-V role detected

CPU: total 20 (initial active 20) (10 cores per cpu, 2 threads per core) family 6 model 154 stepping 3 microcode 0x43b, cx8, cmov, fxsr, ht, mmx, 3dnowpref, sse, sse2, sse3, ssse3, sse4.1, sse4.2, popcnt, lzcnt, tsc, tscinvbit, avx, avx2, aes, erms, clmul, bmi1, bmi2, adx, sha, fma, vzeroupper, clflush, clflushopt, clwb, hv, serialize, rdtscp, rdpid, fsrm, f16c, cet_ibt, cet_ss
Processor Information for processor 0
  Max Mhz: 2300, Current Mhz: 2300, Mhz Limit: 2300
Processor Information for processor 1
  Max Mhz: 2300, Current Mhz: 2300, Mhz Limit: 2300
Processor Information for processor 2
  Max Mhz: 2300, Current Mhz: 2300, Mhz Limit: 2300
Processor Information for processor 3
  Max Mhz: 2300, Current Mhz: 2300, Mhz Limit: 2300
Processor Information for processor 4
  Max Mhz: 2300, Current Mhz: 2300, Mhz Limit: 2300
Processor Information for processor 5
  Max Mhz: 2300, Current Mhz: 2300, Mhz Limit: 2300
Processor Information for processor 6
  Max Mhz: 2300, Current Mhz: 2300, Mhz Limit: 2300
Processor Information for processor 7
  Max Mhz: 2300, Current Mhz: 2300, Mhz Limit: 2300
Processor Information for processor 8
  Max Mhz: 2300, Current Mhz: 2300, Mhz Limit: 2300
Processor Information for processor 9
  Max Mhz: 2300, Current Mhz: 2300, Mhz Limit: 2300
Processor Information for processor 10
  Max Mhz: 2300, Current Mhz: 2300, Mhz Limit: 2300
Processor Information for processor 11
  Max Mhz: 2300, Current Mhz: 2300, Mhz Limit: 2300
Processor Information for processor 12
  Max Mhz: 2300, Current Mhz: 2300, Mhz Limit: 2300
Processor Information for processor 13
  Max Mhz: 2300, Current Mhz: 2300, Mhz Limit: 2300
Processor Information for processor 14
  Max Mhz: 2300, Current Mhz: 2300, Mhz Limit: 2300
Processor Information for processor 15
  Max Mhz: 2300, Current Mhz: 2300, Mhz Limit: 2300
Processor Information for processor 16
  Max Mhz: 2300, Current Mhz: 1488, Mhz Limit: 2300
Processor Information for processor 17
  Max Mhz: 2300, Current Mhz: 2300, Mhz Limit: 2300
Processor Information for processor 18
  Max Mhz: 2300, Current Mhz: 2300, Mhz Limit: 2300
Processor Information for processor 19
  Max Mhz: 2300, Current Mhz: 1488, Mhz Limit: 2300

Memory: 4k page, system-wide physical 16068M (43M free)
TotalPageFile size 65220M (AvailPageFile size 12M)
current process WorkingSet (physical memory assigned to process): 42M, peak: 224M
current process commit charge ("private bytes"): 308M, peak: 428M

vm_info: OpenJDK 64-Bit Server VM (21.0.12.1+1-LTS) for windows-amd64 JRE (21.0.12.1+1-LTS), built on 2026-08-18T00:00:00Z by "admin" with MS VC++ 17.12 (VS2022)

END.
