#
# There is insufficient memory for the Java Runtime Environment to continue.
# Native memory allocation (malloc) failed to allocate 32744 bytes. Error detail: Chunk::new
# Possible reasons:
#   The system is out of physical RAM or swap space
#   This process is running with CompressedOops enabled, and the Java Heap may be blocking the growth of the native heap
# Possible solutions:
#   Reduce memory load on the system
#   Increase physical memory or swap space
#   Check if swap backing store is full
#   Decrease Java heap size (-Xmx/-Xms)
#   Decrease number of Java threads
#   Decrease Java thread stack sizes (-Xss)
#   Set larger code cache with -XX:ReservedCodeCacheSize=
#   JVM is running with Zero Based Compressed Oops mode in which the Java heap is
#     placed in the first 32GB address space. The Java Heap base address is the
#     maximum limit for the native heap growth. Please use -XX:HeapBaseMinAddress
#     to set the Java Heap base and to place the Java Heap above 32GB virtual address.
# This output file may be truncated or incomplete.
#
#  Out of Memory Error (arena.cpp:168), pid=77820, tid=76584
#
# JRE version: OpenJDK Runtime Environment Temurin-21.0.12.1+1 (21.0.12.1+1) (build 21.0.12.1+1-LTS)
# Java VM: OpenJDK 64-Bit Server VM Temurin-21.0.12.1+1 (21.0.12.1+1-LTS, mixed mode, sharing, tiered, compressed oops, compressed class ptrs, g1 gc, windows-amd64)
# No core dump will be written. Minidumps are not enabled by default on client versions of Windows
#

---------------  S U M M A R Y ------------

Command Line: --add-opens=java.base/java.lang=ALL-UNNAMED --add-opens=java.base/java.lang.invoke=ALL-UNNAMED --add-opens=java.base/java.util=ALL-UNNAMED --add-opens=java.prefs/java.util.prefs=ALL-UNNAMED --add-exports=jdk.compiler/com.sun.tools.javac.api=ALL-UNNAMED --add-exports=jdk.compiler/com.sun.tools.javac.util=ALL-UNNAMED --add-opens=java.base/java.util=ALL-UNNAMED --add-opens=java.prefs/java.util.prefs=ALL-UNNAMED --add-opens=java.base/java.nio.charset=ALL-UNNAMED --add-opens=java.base/java.net=ALL-UNNAMED --add-opens=java.base/java.util.concurrent=ALL-UNNAMED --add-opens=java.base/java.util.concurrent.atomic=ALL-UNNAMED --add-opens=java.xml/javax.xml.namespace=ALL-UNNAMED --add-opens=java.base/java.time=ALL-UNNAMED -XX:MaxMetaspaceSize=4G -XX:ReservedCodeCacheSize=512m -XX:+HeapDumpOnOutOfMemoryError -Xmx8G -Dfile.encoding=UTF-8 -Duser.country=IN -Duser.language=en -Duser.variant -javaagent:C:\Users\AJI\.gradle\wrapper\dists\gradle-9.1.0-all\7wzd0jkjit61aq2p43wpjgij9\gradle-9.1.0\lib\agents\gradle-instrumentation-agent-9.1.0.jar org.gradle.launcher.daemon.bootstrap.GradleDaemon 9.1.0

Host: 12th Gen Intel(R) Core(TM) i7-12700H, 20 cores, 15G,  Windows 11 , 64 bit Build 26100 (10.0.26100.9444)
Time: Thu Sep 17 09:15:33 2026 India Standard Time elapsed time: 10.848888 seconds (0d 0h 0m 10s)

---------------  T H R E A D  ---------------

Current thread (0x0000029b088ad750):  JavaThread "C2 CompilerThread0" daemon [_thread_in_native, id=76584, stack(0x000000fcb8800000,0x000000fcb8900000) (1024K)]


Current CompileTask:
C2:10849 3071       4       java.lang.invoke.MethodType::makeImpl (109 bytes)

Stack: [0x000000fcb8800000,0x000000fcb8900000]
Native frames: (J=compiled Java code, j=interpreted, Vv=VM code, C=native code)
V  [jvm.dll+0x6d83e9]
V  [jvm.dll+0x8b5736]
V  [jvm.dll+0x8b7cee]
V  [jvm.dll+0x8b83d3]
V  [jvm.dll+0x284596]
V  [jvm.dll+0xc685d]
V  [jvm.dll+0xc6da1]
V  [jvm.dll+0x89f201]
V  [jvm.dll+0x89f0ce]
V  [jvm.dll+0x302b91]
V  [jvm.dll+0x306e21]
V  [jvm.dll+0x24deaf]
V  [jvm.dll+0x24bbe6]
V  [jvm.dll+0x1cb4ae]
V  [jvm.dll+0x25baad]
V  [jvm.dll+0x25a03a]
V  [jvm.dll+0x3f8aae]
V  [jvm.dll+0x8600cd]
V  [jvm.dll+0x6d6c1d]
C  [ucrtbase.dll+0x2cd30]
C  [KERNEL32.DLL+0x2cd87]
C  [ntdll.dll+0xacaec]


---------------  P R O C E S S  ---------------

Threads class SMR info:
_java_thread_list=0x0000029b4f745470, length=25, elements={
0x0000029b57662990, 0x0000029b088a4850, 0x0000029b088a53b0, 0x0000029b088a8a90,
0x0000029b088ab500, 0x0000029b088abf60, 0x0000029b088ac9c0, 0x0000029b088ad750,
0x0000029b088b2450, 0x0000029b08a65200, 0x0000029b08b91140, 0x0000029b4f607a10,
0x0000029b4f7969c0, 0x0000029b4f6aa0d0, 0x0000029b4f6d3b10, 0x0000029b4f69a6d0,
0x0000029b4f652c60, 0x0000029b4f67b110, 0x0000029b4f67be30, 0x0000029b4f67b7a0,
0x0000029b4f67c4c0, 0x0000029b4f679040, 0x0000029b4f6796d0, 0x0000029b4f67aa80,
0x0000029b4f679d60
}

Java Threads: ( => current thread )
  0x0000029b57662990 JavaThread "main"                              [_thread_blocked, id=8308, stack(0x000000fcb7a00000,0x000000fcb7b00000) (1024K)]
  0x0000029b088a4850 JavaThread "Reference Handler"          daemon [_thread_blocked, id=74948, stack(0x000000fcb8200000,0x000000fcb8300000) (1024K)]
  0x0000029b088a53b0 JavaThread "Finalizer"                  daemon [_thread_blocked, id=48372, stack(0x000000fcb8300000,0x000000fcb8400000) (1024K)]
  0x0000029b088a8a90 JavaThread "Signal Dispatcher"          daemon [_thread_blocked, id=64024, stack(0x000000fcb8400000,0x000000fcb8500000) (1024K)]
  0x0000029b088ab500 JavaThread "Attach Listener"            daemon [_thread_blocked, id=71508, stack(0x000000fcb8500000,0x000000fcb8600000) (1024K)]
  0x0000029b088abf60 JavaThread "Service Thread"             daemon [_thread_blocked, id=76600, stack(0x000000fcb8600000,0x000000fcb8700000) (1024K)]
  0x0000029b088ac9c0 JavaThread "Monitor Deflation Thread"   daemon [_thread_blocked, id=75912, stack(0x000000fcb8700000,0x000000fcb8800000) (1024K)]
=>0x0000029b088ad750 JavaThread "C2 CompilerThread0"         daemon [_thread_in_native, id=76584, stack(0x000000fcb8800000,0x000000fcb8900000) (1024K)]
  0x0000029b088b2450 JavaThread "C1 CompilerThread0"         daemon [_thread_blocked, id=76156, stack(0x000000fcb8900000,0x000000fcb8a00000) (1024K)]
  0x0000029b08a65200 JavaThread "Common-Cleaner"             daemon [_thread_blocked, id=41268, stack(0x000000fcb8a00000,0x000000fcb8b00000) (1024K)]
  0x0000029b08b91140 JavaThread "Notification Thread"        daemon [_thread_blocked, id=41248, stack(0x000000fcb8b00000,0x000000fcb8c00000) (1024K)]
  0x0000029b4f607a10 JavaThread "Daemon health stats"               [_thread_blocked, id=76988, stack(0x000000fcb9300000,0x000000fcb9400000) (1024K)]
  0x0000029b4f7969c0 JavaThread "Incoming local TCP Connector on port 44499"        [_thread_in_native, id=77692, stack(0x000000fcb9400000,0x000000fcb9500000) (1024K)]
  0x0000029b4f6aa0d0 JavaThread "Daemon periodic checks"            [_thread_blocked, id=9912, stack(0x000000fcb9500000,0x000000fcb9600000) (1024K)]
  0x0000029b4f6d3b10 JavaThread "Daemon"                            [_thread_blocked, id=69536, stack(0x000000fcb9600000,0x000000fcb9700000) (1024K)]
  0x0000029b4f69a6d0 JavaThread "Handler for socket connection from /127.0.0.1:44499 to /127.0.0.1:44500"        [_thread_in_native, id=77568, stack(0x000000fcb9700000,0x000000fcb9800000) (1024K)]
  0x0000029b4f652c60 JavaThread "Cancel handler"                    [_thread_blocked, id=67236, stack(0x000000fcb9800000,0x000000fcb9900000) (1024K)]
  0x0000029b4f67b110 JavaThread "Daemon worker"                     [_thread_blocked, id=77780, stack(0x000000fcb9900000,0x000000fcb9a00000) (1024K)]
  0x0000029b4f67be30 JavaThread "Asynchronous log dispatcher for DefaultDaemonConnection: socket connection from /127.0.0.1:44499 to /127.0.0.1:44500"        [_thread_blocked, id=72676, stack(0x000000fcb9a00000,0x000000fcb9b00000) (1024K)]
  0x0000029b4f67b7a0 JavaThread "Stdin handler"                     [_thread_blocked, id=72680, stack(0x000000fcb9b00000,0x000000fcb9c00000) (1024K)]
  0x0000029b4f67c4c0 JavaThread "Daemon client event forwarder"        [_thread_blocked, id=67368, stack(0x000000fcb9c00000,0x000000fcb9d00000) (1024K)]
  0x0000029b4f679040 JavaThread "Cache worker for journal cache (C:\Users\AJI\.gradle\caches\journal-1)"        [_thread_blocked, id=41300, stack(0x000000fcba600000,0x000000fcba700000) (1024K)]
  0x0000029b4f6796d0 JavaThread "File lock request listener"        [_thread_in_native, id=41620, stack(0x000000fcba700000,0x000000fcba800000) (1024K)]
  0x0000029b4f67aa80 JavaThread "File lock release action executor"        [_thread_blocked, id=38948, stack(0x000000fcba800000,0x000000fcba900000) (1024K)]
  0x0000029b4f679d60 JavaThread "Cache worker for file hash cache (C:\Users\AJI\.gradle\caches\9.1.0\fileHashes)"        [_thread_blocked, id=57760, stack(0x000000fcba900000,0x000000fcbaa00000) (1024K)]
Total: 25

Other Threads:
  0x0000029b0888b030 VMThread "VM Thread"                           [id=56380, stack(0x000000fcb8100000,0x000000fcb8200000) (1024K)]
  0x0000029b7f8375b0 WatcherThread "VM Periodic Task Thread"        [id=52652, stack(0x000000fcb8000000,0x000000fcb8100000) (1024K)]
  0x0000029b5770b820 WorkerThread "GC Thread#0"                     [id=32396, stack(0x000000fcb7b00000,0x000000fcb7c00000) (1024K)]
  0x0000029b4e032e80 WorkerThread "GC Thread#1"                     [id=60696, stack(0x000000fcb8c00000,0x000000fcb8d00000) (1024K)]
  0x0000029b08c76f10 WorkerThread "GC Thread#2"                     [id=59612, stack(0x000000fcb8d00000,0x000000fcb8e00000) (1024K)]
  0x0000029b08c772c0 WorkerThread "GC Thread#3"                     [id=60292, stack(0x000000fcb8e00000,0x000000fcb8f00000) (1024K)]
  0x0000029b08c77670 WorkerThread "GC Thread#4"                     [id=57560, stack(0x000000fcb8f00000,0x000000fcb9000000) (1024K)]
  0x0000029b08c77a20 WorkerThread "GC Thread#5"                     [id=59336, stack(0x000000fcb9000000,0x000000fcb9100000) (1024K)]
  0x0000029b089a5330 WorkerThread "GC Thread#6"                     [id=76952, stack(0x000000fcb9d00000,0x000000fcb9e00000) (1024K)]
  0x0000029b089a2f20 WorkerThread "GC Thread#7"                     [id=77792, stack(0x000000fcb9e00000,0x000000fcb9f00000) (1024K)]
  0x0000029b089a32d0 WorkerThread "GC Thread#8"                     [id=77096, stack(0x000000fcb9f00000,0x000000fcba000000) (1024K)]
  0x0000029b4f68b6e0 WorkerThread "GC Thread#9"                     [id=72652, stack(0x000000fcba000000,0x000000fcba100000) (1024K)]
  0x0000029b4f68ba90 WorkerThread "GC Thread#10"                    [id=77468, stack(0x000000fcba100000,0x000000fcba200000) (1024K)]
  0x0000029b08b18070 WorkerThread "GC Thread#11"                    [id=36040, stack(0x000000fcba200000,0x000000fcba300000) (1024K)]
  0x0000029b08b18420 WorkerThread "GC Thread#12"                    [id=72420, stack(0x000000fcba300000,0x000000fcba400000) (1024K)]
  0x0000029b08b187d0 WorkerThread "GC Thread#13"                    [id=77668, stack(0x000000fcba400000,0x000000fcba500000) (1024K)]
  0x0000029b08b213a0 WorkerThread "GC Thread#14"                    [id=24968, stack(0x000000fcba500000,0x000000fcba600000) (1024K)]
  0x0000029b5771cf30 ConcurrentGCThread "G1 Main Marker"            [id=77532, stack(0x000000fcb7c00000,0x000000fcb7d00000) (1024K)]
  0x0000029b5771d950 WorkerThread "G1 Conc#0"                       [id=72924, stack(0x000000fcb7d00000,0x000000fcb7e00000) (1024K)]
  0x0000029b7f704090 ConcurrentGCThread "G1 Refine#0"               [id=72928, stack(0x000000fcb7e00000,0x000000fcb7f00000) (1024K)]
  0x0000029b7f704b20 ConcurrentGCThread "G1 Service"                [id=36404, stack(0x000000fcb7f00000,0x000000fcb8000000) (1024K)]
Total: 21

Threads with active compile tasks:
C2 CompilerThread0  10882 3071       4       java.lang.invoke.MethodType::makeImpl (109 bytes)
Total: 1

VM state: not at safepoint (normal execution)

VM Mutex/Monitor currently owned by a thread: None

Heap address: 0x0000000600000000, size: 8192 MB, Compressed Oops mode: Zero based, Oop shift amount: 3

CDS archive(s) mapped at: [0x0000029b09000000-0x0000029b09ba0000-0x0000029b09ba0000), size 12189696, SharedBaseAddress: 0x0000029b09000000, ArchiveRelocationMode: 1.
Compressed class space mapped at: 0x0000029b0a000000-0x0000029b4a000000, reserved size: 1073741824
Narrow klass base: 0x0000029b09000000, Narrow klass shift: 0, Narrow klass range: 0x100000000

GC Precious Log:
 CardTable entry size: 512
 Card Set container configuration: InlinePtr #cards 4 size 8 Array Of Cards #cards 32 size 80 Howl #buckets 8 coarsen threshold 7372 Howl Bitmap #cards 1024 size 144 coarsen threshold 921 Card regions per heap region 1 cards per card region 8192
 CPUs: 20 total, 20 available
 Memory: 16068M
 Large Page Support: Disabled
 NUMA Support: Disabled
 Compressed Oops: Enabled (Zero based)
 Heap Region Size: 4M
 Heap Min Capacity: 8M
 Heap Initial Capacity: 252M
 Heap Max Capacity: 8G
 Pre-touch: Disabled
 Parallel Workers: 15
 Concurrent Workers: 4
 Concurrent Refinement Workers: 15
 Periodic GC: Disabled

Heap:
 garbage-first heap   total 258048K, used 44606K [0x0000000600000000, 0x0000000800000000)
  region size 4096K, 11 young (45056K), 3 survivors (12288K)
 Metaspace       used 16112K, committed 16576K, reserved 1114112K
  class space    used 2209K, committed 2432K, reserved 1048576K

Heap Regions: E=young(eden), S=young(survivor), O=old, HS=humongous(starts), HC=humongous(continues), CS=collection set, F=free, TAMS=top-at-mark-start, PB=parsable bottom
|   0|0x0000000600000000, 0x0000000600400000, 0x0000000600400000|100%|HS|  |TAMS 0x0000000600000000| PB 0x0000000600000000| Complete 
|   1|0x0000000600400000, 0x0000000600800000, 0x0000000600800000|100%| O|  |TAMS 0x0000000600400000| PB 0x0000000600400000| Untracked 
|   2|0x0000000600800000, 0x0000000600af9678, 0x0000000600c00000| 74%| O|  |TAMS 0x0000000600800000| PB 0x0000000600800000| Untracked 
|   3|0x0000000600c00000, 0x0000000600c00000, 0x0000000601000000|  0%| F|  |TAMS 0x0000000600c00000| PB 0x0000000600c00000| Untracked 
|   4|0x0000000601000000, 0x0000000601000000, 0x0000000601400000|  0%| F|  |TAMS 0x0000000601000000| PB 0x0000000601000000| Untracked 
|   5|0x0000000601400000, 0x0000000601400000, 0x0000000601800000|  0%| F|  |TAMS 0x0000000601400000| PB 0x0000000601400000| Untracked 
|   6|0x0000000601800000, 0x0000000601800000, 0x0000000601c00000|  0%| F|  |TAMS 0x0000000601800000| PB 0x0000000601800000| Untracked 
|   7|0x0000000601c00000, 0x0000000601c00000, 0x0000000602000000|  0%| F|  |TAMS 0x0000000601c00000| PB 0x0000000601c00000| Untracked 
|   8|0x0000000602000000, 0x0000000602000000, 0x0000000602400000|  0%| F|  |TAMS 0x0000000602000000| PB 0x0000000602000000| Untracked 
|   9|0x0000000602400000, 0x0000000602400000, 0x0000000602800000|  0%| F|  |TAMS 0x0000000602400000| PB 0x0000000602400000| Untracked 
|  10|0x0000000602800000, 0x0000000602800000, 0x0000000602c00000|  0%| F|  |TAMS 0x0000000602800000| PB 0x0000000602800000| Untracked 
|  11|0x0000000602c00000, 0x0000000602c00000, 0x0000000603000000|  0%| F|  |TAMS 0x0000000602c00000| PB 0x0000000602c00000| Untracked 
|  12|0x0000000603000000, 0x0000000603000000, 0x0000000603400000|  0%| F|  |TAMS 0x0000000603000000| PB 0x0000000603000000| Untracked 
|  13|0x0000000603400000, 0x0000000603400000, 0x0000000603800000|  0%| F|  |TAMS 0x0000000603400000| PB 0x0000000603400000| Untracked 
|  14|0x0000000603800000, 0x0000000603800000, 0x0000000603c00000|  0%| F|  |TAMS 0x0000000603800000| PB 0x0000000603800000| Untracked 
|  15|0x0000000603c00000, 0x0000000603c00000, 0x0000000604000000|  0%| F|  |TAMS 0x0000000603c00000| PB 0x0000000603c00000| Untracked 
|  16|0x0000000604000000, 0x0000000604000000, 0x0000000604400000|  0%| F|  |TAMS 0x0000000604000000| PB 0x0000000604000000| Untracked 
|  17|0x0000000604400000, 0x0000000604400000, 0x0000000604800000|  0%| F|  |TAMS 0x0000000604400000| PB 0x0000000604400000| Untracked 
|  18|0x0000000604800000, 0x0000000604800000, 0x0000000604c00000|  0%| F|  |TAMS 0x0000000604800000| PB 0x0000000604800000| Untracked 
|  19|0x0000000604c00000, 0x0000000604c00000, 0x0000000605000000|  0%| F|  |TAMS 0x0000000604c00000| PB 0x0000000604c00000| Untracked 
|  20|0x0000000605000000, 0x0000000605000000, 0x0000000605400000|  0%| F|  |TAMS 0x0000000605000000| PB 0x0000000605000000| Untracked 
|  21|0x0000000605400000, 0x0000000605400000, 0x0000000605800000|  0%| F|  |TAMS 0x0000000605400000| PB 0x0000000605400000| Untracked 
|  22|0x0000000605800000, 0x0000000605800000, 0x0000000605c00000|  0%| F|  |TAMS 0x0000000605800000| PB 0x0000000605800000| Untracked 
|  23|0x0000000605c00000, 0x0000000605c00000, 0x0000000606000000|  0%| F|  |TAMS 0x0000000605c00000| PB 0x0000000605c00000| Untracked 
|  24|0x0000000606000000, 0x0000000606000000, 0x0000000606400000|  0%| F|  |TAMS 0x0000000606000000| PB 0x0000000606000000| Untracked 
|  25|0x0000000606400000, 0x0000000606400000, 0x0000000606800000|  0%| F|  |TAMS 0x0000000606400000| PB 0x0000000606400000| Untracked 
|  26|0x0000000606800000, 0x0000000606800000, 0x0000000606c00000|  0%| F|  |TAMS 0x0000000606800000| PB 0x0000000606800000| Untracked 
|  27|0x0000000606c00000, 0x0000000606c00000, 0x0000000607000000|  0%| F|  |TAMS 0x0000000606c00000| PB 0x0000000606c00000| Untracked 
|  28|0x0000000607000000, 0x0000000607000000, 0x0000000607400000|  0%| F|  |TAMS 0x0000000607000000| PB 0x0000000607000000| Untracked 
|  29|0x0000000607400000, 0x0000000607400000, 0x0000000607800000|  0%| F|  |TAMS 0x0000000607400000| PB 0x0000000607400000| Untracked 
|  30|0x0000000607800000, 0x0000000607800000, 0x0000000607c00000|  0%| F|  |TAMS 0x0000000607800000| PB 0x0000000607800000| Untracked 
|  31|0x0000000607c00000, 0x0000000607c00000, 0x0000000608000000|  0%| F|  |TAMS 0x0000000607c00000| PB 0x0000000607c00000| Untracked 
|  32|0x0000000608000000, 0x0000000608000000, 0x0000000608400000|  0%| F|  |TAMS 0x0000000608000000| PB 0x0000000608000000| Untracked 
|  33|0x0000000608400000, 0x0000000608400000, 0x0000000608800000|  0%| F|  |TAMS 0x0000000608400000| PB 0x0000000608400000| Untracked 
|  34|0x0000000608800000, 0x0000000608800000, 0x0000000608c00000|  0%| F|  |TAMS 0x0000000608800000| PB 0x0000000608800000| Untracked 
|  35|0x0000000608c00000, 0x0000000608c00000, 0x0000000609000000|  0%| F|  |TAMS 0x0000000608c00000| PB 0x0000000608c00000| Untracked 
|  36|0x0000000609000000, 0x0000000609000000, 0x0000000609400000|  0%| F|  |TAMS 0x0000000609000000| PB 0x0000000609000000| Untracked 
|  37|0x0000000609400000, 0x0000000609400000, 0x0000000609800000|  0%| F|  |TAMS 0x0000000609400000| PB 0x0000000609400000| Untracked 
|  38|0x0000000609800000, 0x0000000609800000, 0x0000000609c00000|  0%| F|  |TAMS 0x0000000609800000| PB 0x0000000609800000| Untracked 
|  39|0x0000000609c00000, 0x0000000609c00000, 0x000000060a000000|  0%| F|  |TAMS 0x0000000609c00000| PB 0x0000000609c00000| Untracked 
|  40|0x000000060a000000, 0x000000060a0961e0, 0x000000060a400000| 14%| S|CS|TAMS 0x000000060a000000| PB 0x000000060a000000| Complete 
|  41|0x000000060a400000, 0x000000060a800000, 0x000000060a800000|100%| S|CS|TAMS 0x000000060a400000| PB 0x000000060a400000| Complete 
|  42|0x000000060a800000, 0x000000060ac00000, 0x000000060ac00000|100%| S|CS|TAMS 0x000000060a800000| PB 0x000000060a800000| Complete 
|  43|0x000000060ac00000, 0x000000060ac00000, 0x000000060b000000|  0%| F|  |TAMS 0x000000060ac00000| PB 0x000000060ac00000| Untracked 
|  44|0x000000060b000000, 0x000000060b000000, 0x000000060b400000|  0%| F|  |TAMS 0x000000060b000000| PB 0x000000060b000000| Untracked 
|  45|0x000000060b400000, 0x000000060b400000, 0x000000060b800000|  0%| F|  |TAMS 0x000000060b400000| PB 0x000000060b400000| Untracked 
|  46|0x000000060b800000, 0x000000060b800000, 0x000000060bc00000|  0%| F|  |TAMS 0x000000060b800000| PB 0x000000060b800000| Untracked 
|  47|0x000000060bc00000, 0x000000060bc00000, 0x000000060c000000|  0%| F|  |TAMS 0x000000060bc00000| PB 0x000000060bc00000| Untracked 
|  48|0x000000060c000000, 0x000000060c000000, 0x000000060c400000|  0%| F|  |TAMS 0x000000060c000000| PB 0x000000060c000000| Untracked 
|  49|0x000000060c400000, 0x000000060c400000, 0x000000060c800000|  0%| F|  |TAMS 0x000000060c400000| PB 0x000000060c400000| Untracked 
|  50|0x000000060c800000, 0x000000060c800000, 0x000000060cc00000|  0%| F|  |TAMS 0x000000060c800000| PB 0x000000060c800000| Untracked 
|  51|0x000000060cc00000, 0x000000060cc00000, 0x000000060d000000|  0%| F|  |TAMS 0x000000060cc00000| PB 0x000000060cc00000| Untracked 
|  52|0x000000060d000000, 0x000000060d000000, 0x000000060d400000|  0%| F|  |TAMS 0x000000060d000000| PB 0x000000060d000000| Untracked 
|  53|0x000000060d400000, 0x000000060d400000, 0x000000060d800000|  0%| F|  |TAMS 0x000000060d400000| PB 0x000000060d400000| Untracked 
|  54|0x000000060d800000, 0x000000060d800000, 0x000000060dc00000|  0%| F|  |TAMS 0x000000060d800000| PB 0x000000060d800000| Untracked 
|  55|0x000000060dc00000, 0x000000060dfdf0b0, 0x000000060e000000| 96%| E|  |TAMS 0x000000060dc00000| PB 0x000000060dc00000| Complete 
|  56|0x000000060e000000, 0x000000060e400000, 0x000000060e400000|100%| E|CS|TAMS 0x000000060e000000| PB 0x000000060e000000| Complete 
|  57|0x000000060e400000, 0x000000060e800000, 0x000000060e800000|100%| E|CS|TAMS 0x000000060e400000| PB 0x000000060e400000| Complete 
|  58|0x000000060e800000, 0x000000060ec00000, 0x000000060ec00000|100%| E|CS|TAMS 0x000000060e800000| PB 0x000000060e800000| Complete 
|  59|0x000000060ec00000, 0x000000060f000000, 0x000000060f000000|100%| E|CS|TAMS 0x000000060ec00000| PB 0x000000060ec00000| Complete 
|  60|0x000000060f000000, 0x000000060f400000, 0x000000060f400000|100%| E|  |TAMS 0x000000060f000000| PB 0x000000060f000000| Complete 
|  61|0x000000060f400000, 0x000000060f800000, 0x000000060f800000|100%| E|CS|TAMS 0x000000060f400000| PB 0x000000060f400000| Complete 
|  62|0x000000060f800000, 0x000000060fc00000, 0x000000060fc00000|100%| E|CS|TAMS 0x000000060f800000| PB 0x000000060f800000| Complete 

Card table byte_map: [0x0000029b7c530000,0x0000029b7d530000] _byte_map_base: 0x0000029b79530000

Marking Bits: (CMBitMap*) 0x0000029b5770be40
 Bits: [0x0000029b00000000, 0x0000029b08000000)

Polling page: 0x0000029b553f0000

Metaspace:

Usage:
  Non-class:     13.58 MB used.
      Class:      2.16 MB used.
       Both:     15.73 MB used.

Virtual space:
  Non-class space:       64.00 MB reserved,      13.81 MB ( 22%) committed,  1 nodes.
      Class space:        1.00 GB reserved,       2.38 MB ( <1%) committed,  1 nodes.
             Both:        1.06 GB reserved,      16.19 MB (  1%) committed. 

Chunk freelists:
   Non-Class:  1.76 MB
       Class:  13.67 MB
        Both:  15.43 MB

MaxMetaspaceSize: 4.00 GB
CompressedClassSpaceSize: 1.00 GB
Initial GC threshold: 21.00 MB
Current GC threshold: 21.00 MB
CDS: on
 - commit_granule_bytes: 65536.
 - commit_granule_words: 8192.
 - virtual_space_node_default_size: 8388608.
 - enlarge_chunks_in_place: 1.
 - use_allocation_guard: 0.


Internal statistics:

num_allocs_failed_limit: 0.
num_arena_births: 560.
num_arena_deaths: 0.
num_vsnodes_births: 2.
num_vsnodes_deaths: 0.
num_space_committed: 259.
num_space_uncommitted: 0.
num_chunks_returned_to_freelist: 0.
num_chunks_taken_from_freelist: 1117.
num_chunk_merges: 0.
num_chunk_splits: 730.
num_chunks_enlarged: 506.
num_inconsistent_stats: 0.

CodeHeap 'non-profiled nmethods': size=258432Kb used=1460Kb max_used=1460Kb free=256971Kb
 bounds [0x0000029b6ac00000, 0x0000029b6ae70000, 0x0000029b7a860000]
CodeHeap 'profiled nmethods': size=258368Kb used=6199Kb max_used=6199Kb free=252168Kb
 bounds [0x0000029b5a860000, 0x0000029b5ae70000, 0x0000029b6a4b0000]
CodeHeap 'non-nmethods': size=7488Kb used=1396Kb max_used=2574Kb free=6091Kb
 bounds [0x0000029b6a4b0000, 0x0000029b6a740000, 0x0000029b6ac00000]
CodeCache: size=524288Kb, used=9055Kb, max_used=10233Kb, free=515230Kb
 total_blobs=3670, nmethods=3113, adapters=461, full_count=0
Compilation: enabled, stopped_count=0, restarted_count=0

Compilation events (20 events):
Event: 10.779 Thread 0x0000029b088b2450 3090       3       java.lang.invoke.MethodType::genericMethodType (6 bytes)
Event: 10.779 Thread 0x0000029b088b2450 nmethod 3090 0x0000029b5ae5d210 code [0x0000029b5ae5d3c0, 0x0000029b5ae5d4e0]
Event: 10.779 Thread 0x0000029b088b2450 3086       1       java.lang.reflect.Method::getMethodAccessor (5 bytes)
Event: 10.779 Thread 0x0000029b088b2450 nmethod 3086 0x0000029b6ad6ba90 code [0x0000029b6ad6bc20, 0x0000029b6ad6bcf0]
Event: 10.785 Thread 0x0000029b088b2450 3092   !   3       java.lang.invoke.LambdaForm::lambdaName (49 bytes)
Event: 10.785 Thread 0x0000029b088b2450 nmethod 3092 0x0000029b5ae5d590 code [0x0000029b5ae5d720, 0x0000029b5ae5d850]
Event: 10.785 Thread 0x0000029b088b2450 3094       3       java.lang.invoke.InvokerBytecodeGenerator::addMethod (725 bytes)
Event: 10.788 Thread 0x0000029b088b2450 nmethod 3094 0x0000029b5ae5d910 code [0x0000029b5ae5de80, 0x0000029b5ae60308]
Event: 10.788 Thread 0x0000029b088b2450 3098       3       java.lang.invoke.InvokerBytecodeGenerator::clinit (351 bytes)
Event: 10.790 Thread 0x0000029b088b2450 nmethod 3098 0x0000029b5ae60f10 code [0x0000029b5ae61400, 0x0000029b5ae637a8]
Event: 10.790 Thread 0x0000029b088b2450 3100       3       java.lang.invoke.BoundMethodHandle::speciesDataFor (32 bytes)
Event: 10.790 Thread 0x0000029b088b2450 nmethod 3100 0x0000029b5ae64190 code [0x0000029b5ae64360, 0x0000029b5ae646f0]
Event: 10.790 Thread 0x0000029b088b2450 3093       3       java.lang.invoke.InvokerBytecodeGenerator::classFilePrologue (64 bytes)
Event: 10.791 Thread 0x0000029b088b2450 nmethod 3093 0x0000029b5ae64810 code [0x0000029b5ae64a60, 0x0000029b5ae651d8]
Event: 10.791 Thread 0x0000029b088b2450 3095       3       java.lang.invoke.InvokerBytecodeGenerator::methodPrologue (29 bytes)
Event: 10.791 Thread 0x0000029b088b2450 nmethod 3095 0x0000029b5ae65490 code [0x0000029b5ae65660, 0x0000029b5ae659a8]
Event: 10.791 Thread 0x0000029b088b2450 3096       3       java.lang.invoke.InvokerBytecodeGenerator::emitReturn (107 bytes)
Event: 10.791 Thread 0x0000029b088b2450 nmethod 3096 0x0000029b5ae65b10 code [0x0000029b5ae65d20, 0x0000029b5ae661f8]
Event: 10.791 Thread 0x0000029b088b2450 3097       3       java.lang.invoke.InvokerBytecodeGenerator::methodEpilogue (17 bytes)
Event: 10.792 Thread 0x0000029b088b2450 nmethod 3097 0x0000029b5ae66410 code [0x0000029b5ae665e0, 0x0000029b5ae668a8]

GC Heap History (6 events):
Event: 1.374 GC heap before
{Heap before GC invocations=0 (full 0):
 garbage-first heap   total 258048K, used 20480K [0x0000000600000000, 0x0000000800000000)
  region size 4096K, 5 young (20480K), 0 survivors (0K)
 Metaspace       used 877K, committed 1024K, reserved 1114112K
  class space    used 71K, committed 128K, reserved 1048576K
}
Event: 1.376 GC heap after
{Heap after GC invocations=1 (full 0):
 garbage-first heap   total 258048K, used 1600K [0x0000000600000000, 0x0000000800000000)
  region size 4096K, 1 young (4096K), 1 survivors (4096K)
 Metaspace       used 877K, committed 1024K, reserved 1114112K
  class space    used 71K, committed 128K, reserved 1048576K
}
Event: 2.882 GC heap before
{Heap before GC invocations=1 (full 0):
 garbage-first heap   total 258048K, used 42560K [0x0000000600000000, 0x0000000800000000)
  region size 4096K, 11 young (45056K), 1 survivors (4096K)
 Metaspace       used 4597K, committed 4800K, reserved 1114112K
  class space    used 583K, committed 704K, reserved 1048576K
}
Event: 2.887 GC heap after
{Heap after GC invocations=2 (full 0):
 garbage-first heap   total 258048K, used 11583K [0x0000000600000000, 0x0000000800000000)
  region size 4096K, 2 young (8192K), 2 survivors (8192K)
 Metaspace       used 4597K, committed 4800K, reserved 1114112K
  class space    used 583K, committed 704K, reserved 1048576K
}
Event: 5.457 GC heap before
{Heap before GC invocations=2 (full 0):
 garbage-first heap   total 258048K, used 81215K [0x0000000600000000, 0x0000000800000000)
  region size 4096K, 20 young (81920K), 2 survivors (8192K)
 Metaspace       used 10861K, committed 11200K, reserved 1114112K
  class space    used 1458K, committed 1600K, reserved 1048576K
}
Event: 5.467 GC heap after
{Heap after GC invocations=3 (full 0):
 garbage-first heap   total 258048K, used 20030K [0x0000000600000000, 0x0000000800000000)
  region size 4096K, 3 young (12288K), 3 survivors (12288K)
 Metaspace       used 10861K, committed 11200K, reserved 1114112K
  class space    used 1458K, committed 1600K, reserved 1048576K
}

Dll operation events (20 events):
Event: 0.265 Attempting to load shared library C:\Users\AJI\.vscode\extensions\redhat.java-1.56.0-win32-x64\jre\21.0.12.1-win32-x86_64\bin\nio.dll
Event: 0.267 Loaded shared library C:\Users\AJI\.vscode\extensions\redhat.java-1.56.0-win32-x64\jre\21.0.12.1-win32-x86_64\bin\nio.dll
Event: 0.272 Attempting to load shared library C:\Users\AJI\.vscode\extensions\redhat.java-1.56.0-win32-x64\jre\21.0.12.1-win32-x86_64\bin\zip.dll
Event: 0.272 Loaded shared library C:\Users\AJI\.vscode\extensions\redhat.java-1.56.0-win32-x64\jre\21.0.12.1-win32-x86_64\bin\zip.dll
Event: 1.386 Attempting to load shared library C:\Users\AJI\.vscode\extensions\redhat.java-1.56.0-win32-x64\jre\21.0.12.1-win32-x86_64\bin\jimage.dll
Event: 1.386 Loaded shared library C:\Users\AJI\.vscode\extensions\redhat.java-1.56.0-win32-x64\jre\21.0.12.1-win32-x86_64\bin\jimage.dll
Event: 1.923 Attempting to load shared library C:\Users\AJI\.vscode\extensions\redhat.java-1.56.0-win32-x64\jre\21.0.12.1-win32-x86_64\bin\verify.dll
Event: 1.931 Loaded shared library C:\Users\AJI\.vscode\extensions\redhat.java-1.56.0-win32-x64\jre\21.0.12.1-win32-x86_64\bin\verify.dll
Event: 1.973 Attempting to load shared library C:\Users\AJI\.gradle\native\1def1411415f61bf3af743bc5b6707747c0891f09f0c88961ee8f79bc544acac\windows-amd64\native-platform.dll
Event: 1.979 Loaded shared library C:\Users\AJI\.gradle\native\1def1411415f61bf3af743bc5b6707747c0891f09f0c88961ee8f79bc544acac\windows-amd64\native-platform.dll
Event: 1.988 Attempting to load shared library C:\Users\AJI\.gradle\native\0.2.8\x86_64-windows-gnu\gradle-fileevents.dll
Event: 1.996 Loaded shared library C:\Users\AJI\.gradle\native\0.2.8\x86_64-windows-gnu\gradle-fileevents.dll
Event: 4.449 Attempting to load shared library C:\Users\AJI\.vscode\extensions\redhat.java-1.56.0-win32-x64\jre\21.0.12.1-win32-x86_64\bin\management.dll
Event: 4.449 Loaded shared library C:\Users\AJI\.vscode\extensions\redhat.java-1.56.0-win32-x64\jre\21.0.12.1-win32-x86_64\bin\management.dll
Event: 4.453 Attempting to load shared library C:\Users\AJI\.vscode\extensions\redhat.java-1.56.0-win32-x64\jre\21.0.12.1-win32-x86_64\bin\management_ext.dll
Event: 4.453 Loaded shared library C:\Users\AJI\.vscode\extensions\redhat.java-1.56.0-win32-x64\jre\21.0.12.1-win32-x86_64\bin\management_ext.dll
Event: 4.705 Attempting to load shared library C:\Users\AJI\.vscode\extensions\redhat.java-1.56.0-win32-x64\jre\21.0.12.1-win32-x86_64\bin\extnet.dll
Event: 4.705 Loaded shared library C:\Users\AJI\.vscode\extensions\redhat.java-1.56.0-win32-x64\jre\21.0.12.1-win32-x86_64\bin\extnet.dll
Event: 5.090 Attempting to load shared library C:\Users\AJI\.vscode\extensions\redhat.java-1.56.0-win32-x64\jre\21.0.12.1-win32-x86_64\bin\sunmscapi.dll
Event: 5.093 Loaded shared library C:\Users\AJI\.vscode\extensions\redhat.java-1.56.0-win32-x64\jre\21.0.12.1-win32-x86_64\bin\sunmscapi.dll

Deoptimization events (20 events):
Event: 6.430 Thread 0x0000029b4f67b110 Uncommon trap: trap_request=0xffffff45 fr.pc=0x0000029b6ac28de4 relative=0x00000000000004c4
Event: 6.430 Thread 0x0000029b4f67b110 Uncommon trap: reason=unstable_if action=reinterpret pc=0x0000029b6ac28de4 method=java.util.regex.Matcher.match(II)Z @ 76 c2
Event: 6.430 Thread 0x0000029b4f67b110 DEOPT PACKING pc=0x0000029b6ac28de4 sp=0x000000fcb99fadd0
Event: 6.430 Thread 0x0000029b4f67b110 DEOPT UNPACKING pc=0x0000029b6a504422 sp=0x000000fcb99fad88 mode 2
Event: 6.431 Thread 0x0000029b4f67b110 Uncommon trap: trap_request=0xffffff45 fr.pc=0x0000029b6ac28498 relative=0x00000000000001d8
Event: 6.431 Thread 0x0000029b4f67b110 Uncommon trap: reason=unstable_if action=reinterpret pc=0x0000029b6ac28498 method=java.util.regex.Matcher.reset()Ljava/util/regex/Matcher; @ 47 c2
Event: 6.431 Thread 0x0000029b4f67b110 DEOPT PACKING pc=0x0000029b6ac28498 sp=0x000000fcb99fac60
Event: 6.431 Thread 0x0000029b4f67b110 DEOPT UNPACKING pc=0x0000029b6a504422 sp=0x000000fcb99fabf0 mode 2
Event: 10.787 Thread 0x0000029b4f67b110 Uncommon trap: trap_request=0xffffffcc fr.pc=0x0000029b6ad53990 relative=0x0000000000000350
Event: 10.787 Thread 0x0000029b4f67b110 Uncommon trap: reason=intrinsic_or_type_checked_inlining action=make_not_entrant pc=0x0000029b6ad53990 method=java.util.Arrays.copyOf([Ljava/lang/Object;ILjava/lang/Class;)[Ljava/lang/Object; @ 35 c2
Event: 10.787 Thread 0x0000029b4f67b110 DEOPT PACKING pc=0x0000029b6ad53990 sp=0x000000fcb99fb790
Event: 10.787 Thread 0x0000029b4f67b110 DEOPT UNPACKING pc=0x0000029b6a504422 sp=0x000000fcb99fb720 mode 2
Event: 10.789 Thread 0x0000029b4f67b110 Uncommon trap: trap_request=0xffffff45 fr.pc=0x0000029b6ac26d4c relative=0x0000000000000d4c
Event: 10.789 Thread 0x0000029b4f67b110 Uncommon trap: reason=unstable_if action=reinterpret pc=0x0000029b6ac26d4c method=java.io.WinNTFileSystem.resolve(Ljava/lang/String;Ljava/lang/String;)Ljava/lang/String; @ 19 c2
Event: 10.789 Thread 0x0000029b4f67b110 DEOPT PACKING pc=0x0000029b6ac26d4c sp=0x000000fcb99fb550
Event: 10.789 Thread 0x0000029b4f67b110 DEOPT UNPACKING pc=0x0000029b6a504422 sp=0x000000fcb99fb4e8 mode 2
Event: 10.793 Thread 0x0000029b4f67b110 Uncommon trap: trap_request=0xffffff45 fr.pc=0x0000029b6ac8da24 relative=0x0000000000000644
Event: 10.793 Thread 0x0000029b4f67b110 Uncommon trap: reason=unstable_if action=reinterpret pc=0x0000029b6ac8da24 method=java.io.File.getName()Ljava/lang/String; @ 16 c2
Event: 10.793 Thread 0x0000029b4f67b110 DEOPT PACKING pc=0x0000029b6ac8da24 sp=0x000000fcb99fb510
Event: 10.793 Thread 0x0000029b4f67b110 DEOPT UNPACKING pc=0x0000029b6a504422 sp=0x000000fcb99fb4e0 mode 2

Classes loaded (20 events):
Event: 5.866 Loading class java/util/concurrent/ArrayBlockingQueue
Event: 5.866 Loading class java/util/concurrent/ArrayBlockingQueue done
Event: 5.866 Loading class java/util/concurrent/locks/ReentrantLock$FairSync
Event: 5.866 Loading class java/util/concurrent/locks/ReentrantLock$FairSync done
Event: 5.875 Loading class sun/nio/ch/DatagramChannelImpl$DatagramPackets
Event: 5.875 Loading class sun/nio/ch/DatagramChannelImpl$DatagramPackets done
Event: 6.451 Loading class java/lang/Character$UnicodeBlock
Event: 6.455 Loading class java/lang/Character$Subset
Event: 6.456 Loading class java/lang/Character$Subset done
Event: 6.456 Loading class java/lang/Character$UnicodeBlock done
Event: 6.471 Loading class sun/security/provider/MD5
Event: 6.471 Loading class sun/security/provider/MD5 done
Event: 6.472 Loading class sun/security/provider/SHA5$SHA512
Event: 6.472 Loading class sun/security/provider/SHA5
Event: 6.472 Loading class sun/security/provider/SHA5 done
Event: 6.472 Loading class sun/security/provider/SHA5$SHA512 done
Event: 6.474 Loading class sun/security/provider/ByteArrayAccess$LE
Event: 6.474 Loading class sun/security/provider/ByteArrayAccess$LE done
Event: 10.790 Loading class java/io/File$TempDirectory
Event: 10.792 Loading class java/io/File$TempDirectory done

Classes unloaded (0 events):
No events

Classes redefined (0 events):
No events

Internal exceptions (20 events):
Event: 5.072 Thread 0x0000029b57662990 Exception <a 'java/io/IOException'{0x000000060b028550}> (0x000000060b028550) 
thrown [s\src\hotspot\share\prims\jni.cpp, line 520]
Event: 5.082 Thread 0x0000029b57662990 Implicit null exception at 0x0000029b6acb91a4 to 0x0000029b6acb9814
Event: 5.091 Thread 0x0000029b57662990 Exception <a 'java/lang/NoSuchMethodError'{0x000000060b09b120}: 'java.lang.Object java.lang.invoke.DirectMethodHandle$Holder.newInvokeSpecial(java.lang.Object, java.lang.Object, java.lang.Object, java.lang.Object, java.lang.Object)'> (0x000000060b09b120) 
thrown [s\src\hotspot\share\interpreter\linkResolver.cpp, line 773]
Event: 5.422 Thread 0x0000029b4f6d3b10 Exception <a 'java/lang/NoSuchMethodError'{0x000000060ae2f7e8}: 'void java.lang.invoke.DirectMethodHandle$Holder.invokeSpecial(java.lang.Object, java.lang.Object, java.lang.Object)'> (0x000000060ae2f7e8) 
thrown [s\src\hotspot\share\interpreter\linkResolver.cpp, line 773]
Event: 5.535 Thread 0x0000029b4f67b110 Exception <a 'java/lang/NoSuchMethodError'{0x000000060fb74198}: 'long java.lang.invoke.DirectMethodHandle$Holder.invokeInterface(java.lang.Object, java.lang.Object)'> (0x000000060fb74198) 
thrown [s\src\hotspot\share\interpreter\linkResolver.cpp, line 773]
Event: 5.606 Thread 0x0000029b4f67b110 Exception <a 'java/lang/NoSuchMethodError'{0x000000060f78e308}: 'void java.lang.invoke.DirectMethodHandle$Holder.invokeStatic(java.lang.Object, java.lang.Object)'> (0x000000060f78e308) 
thrown [s\src\hotspot\share\interpreter\linkResolver.cpp, line 773]
Event: 5.613 Thread 0x0000029b4f67b110 Exception <a 'java/lang/NoSuchMethodError'{0x000000060f7e5c10}: 'java.lang.Object java.lang.invoke.DirectMethodHandle$Holder.invokeVirtual(java.lang.Object, java.lang.Object, java.lang.Object, java.lang.Object, java.lang.Object, java.lang.Object, java.lang.Object, java.lang.Object, java.lang.Object, java.lang.Object, java.lang.Object, java.lang.Object)'> (0x000000060f7e5c10) 
thrown [s\src\hotspot\share\interpreter\linkResolver.cpp, line 773]
Event: 5.614 Thread 0x0000029b4f67b110 Exception <a 'java/lang/NoSuchMethodError'{0x000000060f001d30}: 'java.lang.Object java.lang.invoke.DirectMethodHandle$Holder.invokeSpecial(java.lang.Object, java.lang.Object, java.lang.Object, java.lang.Object, java.lang.Object, java.lang.Object, java.lang.Object, java.lang.Object, java.lang.Object, java.lang.Object, java.lang.Object, java.lang.Object, java.lang.Object)'> (0x000000060f001d30) 
thrown [s\src\hotspot\share\interpreter\linkResolver.cpp, line 773]
Event: 5.649 Thread 0x0000029b4f67b110 Exception <a 'java/lang/NoSuchMethodError'{0x000000060f2605f0}: 'int java.lang.invoke.DirectMethodHandle$Holder.invokeVirtual(java.lang.Object, java.lang.Object, java.lang.Object)'> (0x000000060f2605f0) 
thrown [s\src\hotspot\share\interpreter\linkResolver.cpp, line 773]
Event: 5.683 Thread 0x0000029b4f67b110 Exception <a 'java/lang/NoSuchMethodError'{0x000000060ecf7718}: 'java.lang.Object java.lang.invoke.DirectMethodHandle$Holder.newInvokeSpecial(java.lang.Object, java.lang.Object, java.lang.Object, java.lang.Object, java.lang.Object, java.lang.Object)'> (0x000000060ecf7718) 
thrown [s\src\hotspot\share\interpreter\linkResolver.cpp, line 773]
Event: 5.742 Thread 0x0000029b4f67b110 Exception <a 'java/lang/NoSuchMethodError'{0x000000060efa52f8}: 'void java.lang.invoke.DelegatingMethodHandle$Holder.reinvoke_L(java.lang.Object, java.lang.Object, java.lang.Object, java.lang.Object, java.lang.Object, java.lang.Object, java.lang.Object, java.lang.Object, java.lang.Object, java.lang.Object)'> (0x000000060efa52f8) 
thrown [s\src\hotspot\share\interpreter\linkResolver.cpp, line 773]
Event: 5.742 Thread 0x0000029b4f67b110 Exception <a 'java/lang/NoSuchMethodError'{0x000000060efacdd8}: 'java.lang.Object java.lang.invoke.Invokers$Holder.invoker(java.lang.Object, java.lang.Object, java.lang.Object, java.lang.Object, java.lang.Object, java.lang.Object, java.lang.Object, java.lang.Object, java.lang.Object, java.lang.Object)'> (0x000000060efacdd8) 
thrown [s\src\hotspot\share\interpreter\linkResolver.cpp, line 773]
Event: 5.847 Thread 0x0000029b4f67b110 Exception <a 'java/lang/NoSuchMethodError'{0x000000060e64d190}: 'void java.lang.invoke.DirectMethodHandle$Holder.invokeInterface(java.lang.Object, java.lang.Object)'> (0x000000060e64d190) 
thrown [s\src\hotspot\share\interpreter\linkResolver.cpp, line 773]
Event: 5.847 Thread 0x0000029b4f67b110 Exception <a 'java/lang/IncompatibleClassChangeError'{0x000000060e650710}: Found class java.lang.Object, but interface was expected> (0x000000060e650710) 
thrown [s\src\hotspot\share\interpreter\linkResolver.cpp, line 840]
Event: 5.868 Thread 0x0000029b4f67b110 Exception <a 'java/lang/NoSuchMethodError'{0x000000060e7826d0}: 'java.lang.Object java.lang.invoke.DirectMethodHandle$Holder.newInvokeSpecial(java.lang.Object, java.lang.Object, int)'> (0x000000060e7826d0) 
thrown [s\src\hotspot\share\interpreter\linkResolver.cpp, line 773]
Event: 6.489 Thread 0x0000029b4f67b110 Exception <a 'java/lang/NoSuchMethodError'{0x000000060e3da0f0}: 'java.lang.Object java.lang.invoke.DirectMethodHandle$Holder.invokeVirtual(java.lang.Object, java.lang.Object, java.lang.Object, java.lang.Object, java.lang.Object, java.lang.Object, java.lang.Object, java.lang.Object)'> (0x000000060e3da0f0) 
thrown [s\src\hotspot\share\interpreter\linkResolver.cpp, line 773]
Event: 10.783 Thread 0x0000029b4f67b110 Exception <a 'java/lang/NoSuchMethodError'{0x000000060dda2640}: 'java.lang.Object java.lang.invoke.DirectMethodHandle$Holder.invokeVirtual(java.lang.Object, java.lang.Object, java.lang.Object, java.lang.Object, java.lang.Object, java.lang.Object, java.lang.Object, java.lang.Object, java.lang.Object, java.lang.Object)'> (0x000000060dda2640) 
thrown [s\src\hotspot\share\interpreter\linkResolver.cpp, line 773]
Event: 10.814 Thread 0x0000029b4f67b110 Exception <a 'java/lang/NoSuchMethodError'{0x000000060de34b68}: 'void java.lang.invoke.DirectMethodHandle$Holder.invokeStatic(java.lang.Object, java.lang.Object, java.lang.Object, java.lang.Object)'> (0x000000060de34b68) 
thrown [s\src\hotspot\share\interpreter\linkResolver.cpp, line 773]
Event: 10.814 Thread 0x0000029b4f67b110 Exception <a 'java/lang/NoSuchMethodError'{0x000000060de38920}: 'void java.lang.invoke.DirectMethodHandle$Holder.invokeStaticInit(java.lang.Object, java.lang.Object, java.lang.Object, java.lang.Object)'> (0x000000060de38920) 
thrown [s\src\hotspot\share\interpreter\linkResolver.cpp, line 773]
Event: 10.830 Thread 0x0000029b4f67b110 Exception <a 'java/lang/NoSuchMethodError'{0x000000060de94dc8}: 'java.lang.Object java.lang.invoke.DirectMethodHandle$Holder.invokeInterface(java.lang.Object, java.lang.Object, java.lang.Object)'> (0x000000060de94dc8) 
thrown [s\src\hotspot\share\interpreter\linkResolver.cpp, line 773]

ZGC Phase Switch (0 events):
No events

VM Operations (20 events):
Event: 4.783 Executing non-safepoint VM operation: HandshakeAllThreads (Deoptimize)
Event: 4.784 Executing non-safepoint VM operation: HandshakeAllThreads (Deoptimize) done
Event: 4.901 Executing non-safepoint VM operation: HandshakeAllThreads (Deoptimize)
Event: 4.901 Executing non-safepoint VM operation: HandshakeAllThreads (Deoptimize) done
Event: 4.955 Executing non-safepoint VM operation: HandshakeAllThreads (Deoptimize)
Event: 4.955 Executing non-safepoint VM operation: HandshakeAllThreads (Deoptimize) done
Event: 5.110 Executing non-safepoint VM operation: HandshakeAllThreads (Deoptimize)
Event: 5.110 Executing non-safepoint VM operation: HandshakeAllThreads (Deoptimize) done
Event: 5.149 Executing non-safepoint VM operation: HandshakeAllThreads (Deoptimize)
Event: 5.149 Executing non-safepoint VM operation: HandshakeAllThreads (Deoptimize) done
Event: 5.457 Executing safepoint VM operation: G1CollectForAllocation (G1 Evacuation Pause)
Event: 5.467 Executing safepoint VM operation: G1CollectForAllocation (G1 Evacuation Pause) done
Event: 5.867 Executing non-safepoint VM operation: HandshakeAllThreads (Deoptimize)
Event: 5.867 Executing non-safepoint VM operation: HandshakeAllThreads (Deoptimize) done
Event: 6.872 Executing safepoint VM operation: Cleanup
Event: 6.872 Executing safepoint VM operation: Cleanup done
Event: 7.885 Executing safepoint VM operation: Cleanup
Event: 7.885 Executing safepoint VM operation: Cleanup done
Event: 9.907 Executing safepoint VM operation: Cleanup
Event: 9.907 Executing safepoint VM operation: Cleanup done

Memory protections (0 events):
No events

Nmethod flushes (0 events):
No events

Events (20 events):
Event: 1.933 Thread 0x0000029b088b2450 Thread added: 0x0000029b4e598640
Event: 2.087 Thread 0x0000029b4e598640 Thread added: 0x0000029b4eaf1370
Event: 4.519 Thread 0x0000029b57662990 Thread added: 0x0000029b4f607a10
Event: 4.981 Thread 0x0000029b57662990 Thread added: 0x0000029b4f7969c0
Event: 5.098 Thread 0x0000029b57662990 Thread added: 0x0000029b4f6aa0d0
Event: 5.153 Thread 0x0000029b4f7969c0 Thread added: 0x0000029b4f6d3b10
Event: 5.156 Thread 0x0000029b4f6d3b10 Thread added: 0x0000029b4f69a6d0
Event: 5.188 Thread 0x0000029b4f6d3b10 Thread added: 0x0000029b4f652c60
Event: 5.423 Thread 0x0000029b4f6d3b10 Thread added: 0x0000029b4f67b110
Event: 5.441 Thread 0x0000029b4f67b110 Thread added: 0x0000029b4f67be30
Event: 5.448 Thread 0x0000029b4f67b110 Thread added: 0x0000029b4f67b7a0
Event: 5.456 Thread 0x0000029b4f67b110 Thread added: 0x0000029b4f67c4c0
Event: 5.867 Thread 0x0000029b4f67b110 Thread added: 0x0000029b4f679040
Event: 5.874 Thread 0x0000029b4f67b110 Thread added: 0x0000029b4f6796d0
Event: 6.413 Thread 0x0000029b4f6796d0 Thread added: 0x0000029b4f67aa80
Event: 6.495 Thread 0x0000029b4f67b110 Thread added: 0x0000029b4f679d60
Event: 6.497 Thread 0x0000029b4eaf1370 Thread added: 0x0000029b4e9cacd0
Event: 6.719 Thread 0x0000029b4e9cacd0 Thread exited: 0x0000029b4e9cacd0
Event: 9.221 Thread 0x0000029b4eaf1370 Thread exited: 0x0000029b4eaf1370
Event: 10.641 Thread 0x0000029b4e598640 Thread exited: 0x0000029b4e598640


Dynamic libraries:
0x00007ff79bf90000 - 0x00007ff79bf9e000 	C:\Users\AJI\.vscode\extensions\redhat.java-1.56.0-win32-x64\jre\21.0.12.1-win32-x86_64\bin\java.exe
0x00007ffe02160000 - 0x00007ffe023c7000 	C:\WINDOWS\SYSTEM32\ntdll.dll
0x00007ffe003b0000 - 0x00007ffe0047b000 	C:\WINDOWS\System32\KERNEL32.DLL
0x00007ffdff6f0000 - 0x00007ffdffaf2000 	C:\WINDOWS\System32\KERNELBASE.dll
0x00007ffdff410000 - 0x00007ffdff55c000 	C:\WINDOWS\System32\ucrtbase.dll
0x00007ffdc0f00000 - 0x00007ffdc0f1e000 	C:\Users\AJI\.vscode\extensions\redhat.java-1.56.0-win32-x64\jre\21.0.12.1-win32-x86_64\bin\VCRUNTIME140.dll
0x00007ffd821c0000 - 0x00007ffd821d8000 	C:\Users\AJI\.vscode\extensions\redhat.java-1.56.0-win32-x64\jre\21.0.12.1-win32-x86_64\bin\jli.dll
0x00007ffe019a0000 - 0x00007ffe01b6f000 	C:\WINDOWS\System32\USER32.dll
0x00007ffddfe30000 - 0x00007ffde00c0000 	C:\WINDOWS\WinSxS\amd64_microsoft.windows.common-controls_6595b64144ccf1df_6.0.26100.9278_none_3e0d1ba8e3303201\COMCTL32.dll
0x00007ffdff570000 - 0x00007ffdff597000 	C:\WINDOWS\System32\win32u.dll
0x00007ffe01970000 - 0x00007ffe0199b000 	C:\WINDOWS\System32\GDI32.dll
0x00007ffdffc90000 - 0x00007ffdffdb9000 	C:\WINDOWS\System32\gdi32full.dll
0x00007ffdff360000 - 0x00007ffdff403000 	C:\WINDOWS\System32\msvcp_win.dll
0x00007ffe018c0000 - 0x00007ffe01969000 	C:\WINDOWS\System32\msvcrt.dll
0x00007ffe01b90000 - 0x00007ffe01bc1000 	C:\WINDOWS\System32\IMM32.DLL
0x00007ffdd7ca0000 - 0x00007ffdd7cac000 	C:\Users\AJI\.vscode\extensions\redhat.java-1.56.0-win32-x64\jre\21.0.12.1-win32-x86_64\bin\vcruntime140_1.dll
0x00007ffd7e7f0000 - 0x00007ffd7e87d000 	C:\Users\AJI\.vscode\extensions\redhat.java-1.56.0-win32-x64\jre\21.0.12.1-win32-x86_64\bin\msvcp140.dll
0x00007ffcef0f0000 - 0x00007ffcefe92000 	C:\Users\AJI\.vscode\extensions\redhat.java-1.56.0-win32-x64\jre\21.0.12.1-win32-x86_64\bin\server\jvm.dll
0x00007ffe002e0000 - 0x00007ffe0039c000 	C:\WINDOWS\System32\ADVAPI32.dll
0x00007ffe00230000 - 0x00007ffe002d9000 	C:\WINDOWS\System32\sechost.dll
0x00007ffdfff30000 - 0x00007ffe00048000 	C:\WINDOWS\System32\RPCRT4.dll
0x00007ffe01720000 - 0x00007ffe017a0000 	C:\WINDOWS\System32\WS2_32.dll
0x00007ffdff1c0000 - 0x00007ffdff21e000 	C:\WINDOWS\SYSTEM32\POWRPROF.dll
0x00007ffdf5020000 - 0x00007ffdf502b000 	C:\WINDOWS\SYSTEM32\VERSION.dll
0x00007ffdfb560000 - 0x00007ffdfb596000 	C:\WINDOWS\SYSTEM32\WINMM.dll
0x00007ffdff1a0000 - 0x00007ffdff1b5000 	C:\WINDOWS\SYSTEM32\UMPDC.dll
0x00007ffdfdf70000 - 0x00007ffdfdf8b000 	C:\WINDOWS\SYSTEM32\kernel.appcore.dll
0x00007ffdd7be0000 - 0x00007ffdd7bea000 	C:\Users\AJI\.vscode\extensions\redhat.java-1.56.0-win32-x64\jre\21.0.12.1-win32-x86_64\bin\jimage.dll
0x00007ffdfc940000 - 0x00007ffdfcb8c000 	C:\WINDOWS\SYSTEM32\DBGHELP.DLL
0x00007ffe00d20000 - 0x00007ffe010a5000 	C:\WINDOWS\System32\combase.dll
0x00007ffe011b0000 - 0x00007ffe01289000 	C:\WINDOWS\System32\OLEAUT32.dll
0x00007ffdde450000 - 0x00007ffdde48b000 	C:\WINDOWS\SYSTEM32\dbgcore.DLL
0x00007ffdffdc0000 - 0x00007ffdffe6c000 	C:\WINDOWS\System32\bcryptPrimitives.dll
0x00007ffdd70d0000 - 0x00007ffdd70df000 	C:\Users\AJI\.vscode\extensions\redhat.java-1.56.0-win32-x64\jre\21.0.12.1-win32-x86_64\bin\instrument.dll
0x00007ffd7fbb0000 - 0x00007ffd7fbd0000 	C:\Users\AJI\.vscode\extensions\redhat.java-1.56.0-win32-x64\jre\21.0.12.1-win32-x86_64\bin\java.dll
0x00007ffe00580000 - 0x00007ffe00d18000 	C:\WINDOWS\System32\SHELL32.dll
0x00007ffdfcd80000 - 0x00007ffdfd62e000 	C:\WINDOWS\SYSTEM32\windows.storage.dll
0x00007ffe01320000 - 0x00007ffe0141b000 	C:\WINDOWS\System32\SHCORE.dll
0x00007ffe010b0000 - 0x00007ffe01116000 	C:\WINDOWS\System32\shlwapi.dll
0x00007ffdff280000 - 0x00007ffdff2a9000 	C:\WINDOWS\SYSTEM32\profapi.dll
0x00007ffd7fb90000 - 0x00007ffd7fba8000 	C:\Users\AJI\.vscode\extensions\redhat.java-1.56.0-win32-x64\jre\21.0.12.1-win32-x86_64\bin\zip.dll
0x00007ffdd7b20000 - 0x00007ffdd7b30000 	C:\Users\AJI\.vscode\extensions\redhat.java-1.56.0-win32-x64\jre\21.0.12.1-win32-x86_64\bin\net.dll
0x00007ffdf8730000 - 0x00007ffdf885a000 	C:\WINDOWS\SYSTEM32\WINHTTP.dll
0x00007ffdfe5f0000 - 0x00007ffdfe65c000 	C:\WINDOWS\system32\mswsock.dll
0x00007ffd7e7d0000 - 0x00007ffd7e7e6000 	C:\Users\AJI\.vscode\extensions\redhat.java-1.56.0-win32-x64\jre\21.0.12.1-win32-x86_64\bin\nio.dll
0x00007ffdd1b60000 - 0x00007ffdd1b70000 	C:\Users\AJI\.vscode\extensions\redhat.java-1.56.0-win32-x64\jre\21.0.12.1-win32-x86_64\bin\verify.dll
0x00007ffd7fce0000 - 0x00007ffd7fd07000 	C:\Users\AJI\.gradle\native\1def1411415f61bf3af743bc5b6707747c0891f09f0c88961ee8f79bc544acac\windows-amd64\native-platform.dll
0x00007ffcf9e70000 - 0x00007ffcf9ee7000 	C:\Users\AJI\.gradle\native\0.2.8\x86_64-windows-gnu\gradle-fileevents.dll
0x00007ffdd17c0000 - 0x00007ffdd17ca000 	C:\Users\AJI\.vscode\extensions\redhat.java-1.56.0-win32-x64\jre\21.0.12.1-win32-x86_64\bin\management.dll
0x00007ffdd0ce0000 - 0x00007ffdd0cec000 	C:\Users\AJI\.vscode\extensions\redhat.java-1.56.0-win32-x64\jre\21.0.12.1-win32-x86_64\bin\management_ext.dll
0x00007ffe01b80000 - 0x00007ffe01b88000 	C:\WINDOWS\System32\PSAPI.DLL
0x00007ffdfd9b0000 - 0x00007ffdfd9e3000 	C:\WINDOWS\SYSTEM32\IPHLPAPI.DLL
0x00007ffdfff00000 - 0x00007ffdfff0a000 	C:\WINDOWS\System32\NSI.dll
0x00007ffdd0ba0000 - 0x00007ffdd0ba9000 	C:\Users\AJI\.vscode\extensions\redhat.java-1.56.0-win32-x64\jre\21.0.12.1-win32-x86_64\bin\extnet.dll
0x00007ffdfe8e0000 - 0x00007ffdfe8fb000 	C:\WINDOWS\SYSTEM32\CRYPTSP.dll
0x00007ffdfdf90000 - 0x00007ffdfdfc9000 	C:\WINDOWS\system32\rsaenh.dll
0x00007ffdfe6a0000 - 0x00007ffdfe6d4000 	C:\WINDOWS\SYSTEM32\USERENV.dll
0x00007ffdff250000 - 0x00007ffdff27a000 	C:\WINDOWS\SYSTEM32\bcrypt.dll
0x00007ffdfe900000 - 0x00007ffdfe90c000 	C:\WINDOWS\SYSTEM32\CRYPTBASE.dll
0x00007ffdd0640000 - 0x00007ffdd064e000 	C:\Users\AJI\.vscode\extensions\redhat.java-1.56.0-win32-x64\jre\21.0.12.1-win32-x86_64\bin\sunmscapi.dll
0x00007ffdffb00000 - 0x00007ffdffc7e000 	C:\WINDOWS\System32\CRYPT32.dll
0x00007ffdfeb20000 - 0x00007ffdfeb50000 	C:\WINDOWS\SYSTEM32\ncrypt.dll
0x00007ffdfead0000 - 0x00007ffdfeb0f000 	C:\WINDOWS\SYSTEM32\NTASN1.dll
0x00007ffdd4f00000 - 0x00007ffdd4f08000 	C:\WINDOWS\system32\wshunix.dll

JVMTI agents:
C:\Users\AJI\.gradle\wrapper\dists\gradle-9.1.0-all\7wzd0jkjit61aq2p43wpjgij9\gradle-9.1.0\lib\agents\gradle-instrumentation-agent-9.1.0.jar path:C:\Users\AJI\.vscode\extensions\redhat.java-1.56.0-win32-x64\jre\21.0.12.1-win32-x86_64\bin\instrument.dll, loaded, initialized, instrumentlib options:none

dbghelp: loaded successfully - version: 4.0.5 - missing functions: none
symbol engine: initialized successfully - sym options: 0x614 - pdb path: .;C:\Users\AJI\.vscode\extensions\redhat.java-1.56.0-win32-x64\jre\21.0.12.1-win32-x86_64\bin;C:\WINDOWS\SYSTEM32;C:\WINDOWS\WinSxS\amd64_microsoft.windows.common-controls_6595b64144ccf1df_6.0.26100.9278_none_3e0d1ba8e3303201;C:\Users\AJI\.vscode\extensions\redhat.java-1.56.0-win32-x64\jre\21.0.12.1-win32-x86_64\bin\server;C:\Users\AJI\.gradle\native\1def1411415f61bf3af743bc5b6707747c0891f09f0c88961ee8f79bc544acac\windows-amd64;C:\Users\AJI\.gradle\native\0.2.8\x86_64-windows-gnu

VM Arguments:
jvm_args: --add-opens=java.base/java.lang=ALL-UNNAMED --add-opens=java.base/java.lang.invoke=ALL-UNNAMED --add-opens=java.base/java.util=ALL-UNNAMED --add-opens=java.prefs/java.util.prefs=ALL-UNNAMED --add-exports=jdk.compiler/com.sun.tools.javac.api=ALL-UNNAMED --add-exports=jdk.compiler/com.sun.tools.javac.util=ALL-UNNAMED --add-opens=java.base/java.util=ALL-UNNAMED --add-opens=java.prefs/java.util.prefs=ALL-UNNAMED --add-opens=java.base/java.nio.charset=ALL-UNNAMED --add-opens=java.base/java.net=ALL-UNNAMED --add-opens=java.base/java.util.concurrent=ALL-UNNAMED --add-opens=java.base/java.util.concurrent.atomic=ALL-UNNAMED --add-opens=java.xml/javax.xml.namespace=ALL-UNNAMED --add-opens=java.base/java.time=ALL-UNNAMED -XX:MaxMetaspaceSize=4G -XX:ReservedCodeCacheSize=512m -XX:+HeapDumpOnOutOfMemoryError -Xmx8G -Dfile.encoding=UTF-8 -Duser.country=IN -Duser.language=en -Duser.variant -javaagent:C:\Users\AJI\.gradle\wrapper\dists\gradle-9.1.0-all\7wzd0jkjit61aq2p43wpjgij9\gradle-9.1.0\lib\agents\gradle-instrumentation-agent-9.1.0.jar 
java_command: org.gradle.launcher.daemon.bootstrap.GradleDaemon 9.1.0
java_class_path (initial): C:\Users\AJI\.gradle\wrapper\dists\gradle-9.1.0-all\7wzd0jkjit61aq2p43wpjgij9\gradle-9.1.0\lib\gradle-daemon-main-9.1.0.jar
Launcher Type: SUN_STANDARD

[Global flags]
     intx CICompilerCount                          = 12                                        {product} {ergonomic}
     uint ConcGCThreads                            = 4                                         {product} {ergonomic}
     uint G1ConcRefinementThreads                  = 15                                        {product} {ergonomic}
   size_t G1HeapRegionSize                         = 4194304                                   {product} {ergonomic}
    uintx GCDrainStackTargetSize                   = 64                                        {product} {ergonomic}
     bool HeapDumpOnOutOfMemoryError               = true                                   {manageable} {command line}
   size_t InitialHeapSize                          = 264241152                                 {product} {ergonomic}
   size_t MarkStackSize                            = 4194304                                   {product} {ergonomic}
   size_t MaxHeapSize                              = 8589934592                                {product} {command line}
   size_t MaxMetaspaceSize                         = 4294967296                                {product} {command line}
   size_t MaxNewSize                               = 5150605312                                {product} {ergonomic}
   size_t MinHeapDeltaBytes                        = 4194304                                   {product} {ergonomic}
   size_t MinHeapSize                              = 8388608                                   {product} {ergonomic}
    uintx NonNMethodCodeHeapSize                   = 7602480                                {pd product} {ergonomic}
    uintx NonProfiledCodeHeapSize                  = 264634216                              {pd product} {ergonomic}
    uintx ProfiledCodeHeapSize                     = 264634216                              {pd product} {ergonomic}
    uintx ReservedCodeCacheSize                    = 536870912                              {pd product} {command line}
     bool SegmentedCodeCache                       = true                                      {product} {ergonomic}
   size_t SoftMaxHeapSize                          = 8589934592                             {manageable} {ergonomic}
     bool UseCompressedOops                        = true                           {product lp64_product} {ergonomic}
     bool UseG1GC                                  = true                                      {product} {ergonomic}
     bool UseLargePagesIndividualAllocation        = false                                  {pd product} {ergonomic}

Logging:
Log output configuration:
 #0: stdout all=warning uptime,level,tags foldmultilines=false
 #1: stderr all=off uptime,level,tags foldmultilines=false

Release file:
JAVA_VERSION="21.0.12.1" 
MODULES="java.base java.compiler java.datatransfer java.xml java.prefs java.desktop java.instrument java.logging java.management java.security.sasl java.naming java.rmi java.management.rmi java.net.http java.scripting java.security.jgss java.transaction.xa java.sql java.sql.rowset java.xml.crypto java.se java.smartcardio jdk.accessibility jdk.internal.jvmstat jdk.attach jdk.charsets jdk.internal.opt jdk.zipfs jdk.compiler jdk.crypto.ec jdk.crypto.cryptoki jdk.crypto.mscapi jdk.dynalink jdk.internal.ed jdk.editpad jdk.hotspot.agent jdk.httpserver jdk.internal.le jdk.internal.vm.ci jdk.internal.vm.compiler jdk.internal.vm.compiler.management jdk.jartool jdk.javadoc jdk.jcmd jdk.management jdk.management.agent jdk.jconsole jdk.jdeps jdk.jdwp.agent jdk.jdi jdk.jfr jdk.jshell jdk.jsobject jdk.jstatd jdk.localedata jdk.management.jfr jdk.naming.dns jdk.naming.rmi jdk.net jdk.nio.mapmode jdk.random jdk.sctp jdk.security.auth jdk.security.jgss jdk.unsupported jdk.unsupported.desktop jdk.xml.dom" 

Environment Variables:
JAVA_HOME=C:\Program Files\Java\jdk-17
PATH=C:\Python314\Scripts\;C:\Python314\;C:\Program Files\Eclipse Adoptium\jdk-25.0.3.9-hotspot\bin;C:\Program Files\Microsoft\jdk-11.0.16.101-hotspot\bin;C:\WINDOWS\system32;C:\WINDOWS;C:\WINDOWS\System32\Wbem;C:\WINDOWS\System32\WindowsPowerShell\v1.0\;C:\WINDOWS\System32\OpenSSH\;C:\Program Files\dotnet\;C:\MinGW\bin;C:\ProgramData\chocolatey\bin;C:\Users\AJI\AppData\Local\Pub\Cache\bin;C:\Program Files\Java\jdk-17\bin;d:\cursor\resources\app\bin;C:\Users\AJI\develop\flutter\bin;C:\Users\AJI\.local\bin;D:\node\node_modules\npm\bin;D:\node\;C:\Program Files\nodejs\;C:\Program Files\nodejs\node_modules\npm\bin;C:\Users\AJI\Documents\MONGO\mongosh-2.9.2-win32-x64\bin;C:\xampp\php;C:\Program Files\Git\cmd;C:\Users\AJI\AppData\Local\Programs\Python\Python312\Scripts\;C:\Users\AJI\AppData\Local\Programs\Python\Python312\;C:\Users\AJI\.local\bin;C:\Users\AJI\AppData\Local\Microsoft\WindowsApps;D:\IntelliJ IDEA Community Edition 2023.1.5\bin;;C:\mingw64\bin;C:\Users\AJI\.dotnet\tools;C:\Users\AJI\Documents\flutter_windows_3.13.4-stable\flutter\bin;C:\Users\AJI\AppData\Local\Pub\Cache\bin;D:\flutter_pub_cache;C:\Users\AJI\AppData\Local\Android\Sdk;C:\Program Files\Java\jdk-17\bin;D:\rider\JetBrains Rider 2024.3.7\bin;;D:\Program Files\Microsoft VS Code\bin;D:\freelanceing\cursor\resources\app\bin;C:\Users\AJI\AppData\Local\Programs\Microsoft VS Code\bin;C:\Users\AJI\AppData\Local\Programs\cursor\resources\app\bin;C:\Users\AJI\AppData\Roaming\npm
USERNAME=AJI
OS=Windows_NT
PROCESSOR_IDENTIFIER=Intel64 Family 6 Model 154 Stepping 3, GenuineIntel
TMP=C:\Users\AJI\AppData\Local\Temp
TEMP=C:\Users\AJI\AppData\Local\Temp




Periodic native trim disabled

---------------  S Y S T E M  ---------------

OS:
 Windows 11 , 64 bit Build 26100 (10.0.26100.9444)
OS uptime: 0 days 0:14 hours
Hyper-V role detected

CPU: total 20 (initial active 20) (10 cores per cpu, 2 threads per core) family 6 model 154 stepping 3 microcode 0x43b, cx8, cmov, fxsr, ht, mmx, 3dnowpref, sse, sse2, sse3, ssse3, sse4.1, sse4.2, popcnt, lzcnt, tsc, tscinvbit, avx, avx2, aes, erms, clmul, bmi1, bmi2, adx, sha, fma, vzeroupper, clflush, clflushopt, clwb, hv, serialize, rdtscp, rdpid, fsrm, f16c, cet_ibt, cet_ss
Processor Information for processor 0
  Max Mhz: 2300, Current Mhz: 2300, Mhz Limit: 2300
Processor Information for processor 1
  Max Mhz: 2300, Current Mhz: 2300, Mhz Limit: 2300
Processor Information for processor 2
  Max Mhz: 2300, Current Mhz: 2300, Mhz Limit: 2300
Processor Information for processor 3
  Max Mhz: 2300, Current Mhz: 2300, Mhz Limit: 2300
Processor Information for processor 4
  Max Mhz: 2300, Current Mhz: 2300, Mhz Limit: 2300
Processor Information for processor 5
  Max Mhz: 2300, Current Mhz: 2300, Mhz Limit: 2300
Processor Information for processor 6
  Max Mhz: 2300, Current Mhz: 2300, Mhz Limit: 2300
Processor Information for processor 7
  Max Mhz: 2300, Current Mhz: 2300, Mhz Limit: 2300
Processor Information for processor 8
  Max Mhz: 2300, Current Mhz: 2300, Mhz Limit: 2300
Processor Information for processor 9
  Max Mhz: 2300, Current Mhz: 2300, Mhz Limit: 2300
Processor Information for processor 10
  Max Mhz: 2300, Current Mhz: 2300, Mhz Limit: 2300
Processor Information for processor 11
  Max Mhz: 2300, Current Mhz: 2300, Mhz Limit: 2300
Processor Information for processor 12
  Max Mhz: 2300, Current Mhz: 1488, Mhz Limit: 2300
Processor Information for processor 13
  Max Mhz: 2300, Current Mhz: 1488, Mhz Limit: 2300
Processor Information for processor 14
  Max Mhz: 2300, Current Mhz: 1488, Mhz Limit: 2300
Processor Information for processor 15
  Max Mhz: 2300, Current Mhz: 1488, Mhz Limit: 2300
Processor Information for processor 16
  Max Mhz: 2300, Current Mhz: 1488, Mhz Limit: 2300
Processor Information for processor 17
  Max Mhz: 2300, Current Mhz: 1488, Mhz Limit: 2300
Processor Information for processor 18
  Max Mhz: 2300, Current Mhz: 1488, Mhz Limit: 2300
Processor Information for processor 19
  Max Mhz: 2300, Current Mhz: 1488, Mhz Limit: 2300

Memory: 4k page, system-wide physical 16068M (39M free)
TotalPageFile size 65220M (AvailPageFile size 110M)
current process WorkingSet (physical memory assigned to process): 146M, peak: 210M
current process commit charge ("private bytes"): 405M, peak: 426M

vm_info: OpenJDK 64-Bit Server VM (21.0.12.1+1-LTS) for windows-amd64 JRE (21.0.12.1+1-LTS), built on 2026-08-18T00:00:00Z by "admin" with MS VC++ 17.12 (VS2022)

END.
