#
# There is insufficient memory for the Java Runtime Environment to continue.
# Native memory allocation (malloc) failed to allocate 262160 bytes. Error detail: Chunk::new
# Possible reasons:
#   The system is out of physical RAM or swap space
#   This process is running with CompressedOops enabled, and the Java Heap may be blocking the growth of the native heap
# Possible solutions:
#   Reduce memory load on the system
#   Increase physical memory or swap space
#   Check if swap backing store is full
#   Decrease Java heap size (-Xmx/-Xms)
#   Decrease number of Java threads
#   Decrease Java thread stack sizes (-Xss)
#   Set larger code cache with -XX:ReservedCodeCacheSize=
#   JVM is running with Zero Based Compressed Oops mode in which the Java heap is
#     placed in the first 32GB address space. The Java Heap base address is the
#     maximum limit for the native heap growth. Please use -XX:HeapBaseMinAddress
#     to set the Java Heap base and to place the Java Heap above 32GB virtual address.
# This output file may be truncated or incomplete.
#
#  Out of Memory Error (arena.cpp:168), pid=66584, tid=78028
#
# JRE version: OpenJDK Runtime Environment Temurin-21.0.12.1+1 (21.0.12.1+1) (build 21.0.12.1+1-LTS)
# Java VM: OpenJDK 64-Bit Server VM Temurin-21.0.12.1+1 (21.0.12.1+1-LTS, mixed mode, sharing, tiered, compressed oops, compressed class ptrs, g1 gc, windows-amd64)
# No core dump will be written. Minidumps are not enabled by default on client versions of Windows
#

---------------  S U M M A R Y ------------

Command Line: --add-opens=java.base/java.lang=ALL-UNNAMED --add-opens=java.base/java.lang.invoke=ALL-UNNAMED --add-opens=java.base/java.util=ALL-UNNAMED --add-opens=java.prefs/java.util.prefs=ALL-UNNAMED --add-exports=jdk.compiler/com.sun.tools.javac.api=ALL-UNNAMED --add-exports=jdk.compiler/com.sun.tools.javac.util=ALL-UNNAMED --add-opens=java.base/java.util=ALL-UNNAMED --add-opens=java.prefs/java.util.prefs=ALL-UNNAMED --add-opens=java.base/java.nio.charset=ALL-UNNAMED --add-opens=java.base/java.net=ALL-UNNAMED --add-opens=java.base/java.util.concurrent=ALL-UNNAMED --add-opens=java.base/java.util.concurrent.atomic=ALL-UNNAMED --add-opens=java.xml/javax.xml.namespace=ALL-UNNAMED --add-opens=java.base/java.time=ALL-UNNAMED -XX:MaxMetaspaceSize=4G -XX:ReservedCodeCacheSize=512m -XX:+HeapDumpOnOutOfMemoryError -Xmx8G -Dfile.encoding=UTF-8 -Duser.country=IN -Duser.language=en -Duser.variant -javaagent:C:\Users\AJI\.gradle\wrapper\dists\gradle-9.1.0-all\7wzd0jkjit61aq2p43wpjgij9\gradle-9.1.0\lib\agents\gradle-instrumentation-agent-9.1.0.jar org.gradle.launcher.daemon.bootstrap.GradleDaemon 9.1.0

Host: 12th Gen Intel(R) Core(TM) i7-12700H, 20 cores, 15G,  Windows 11 , 64 bit Build 26100 (10.0.26100.9444)
Time: Thu Sep 17 09:16:04 2026 India Standard Time elapsed time: 9.699818 seconds (0d 0h 0m 9s)

---------------  T H R E A D  ---------------

Current thread (0x0000025de50dab60):  JavaThread "C2 CompilerThread0" daemon [_thread_in_native, id=78028, stack(0x000000ae7b200000,0x000000ae7b300000) (1024K)]


Current CompileTask:
C2:9699 3089       4       java.lang.invoke.MethodType::makeImpl (109 bytes)

Stack: [0x000000ae7b200000,0x000000ae7b300000]
Native frames: (J=compiled Java code, j=interpreted, Vv=VM code, C=native code)
V  [jvm.dll+0x6d83e9]
V  [jvm.dll+0x8b5736]
V  [jvm.dll+0x8b7cee]
V  [jvm.dll+0x8b83d3]
V  [jvm.dll+0x284596]
V  [jvm.dll+0xc685d]
V  [jvm.dll+0xc6da1]
V  [jvm.dll+0xc6985]
V  [jvm.dll+0x6b33cc]
V  [jvm.dll+0x254339]
V  [jvm.dll+0x6fdc47]
V  [jvm.dll+0x24baa7]
V  [jvm.dll+0x1cb4ae]
V  [jvm.dll+0x25baad]
V  [jvm.dll+0x25a03a]
V  [jvm.dll+0x3f8aae]
V  [jvm.dll+0x8600cd]
V  [jvm.dll+0x6d6c1d]
C  [ucrtbase.dll+0x2cd30]
C  [KERNEL32.DLL+0x2cd87]
C  [ntdll.dll+0xacaec]


---------------  P R O C E S S  ---------------

Threads class SMR info:
_java_thread_list=0x0000025e2c015bb0, length=27, elements={
0x0000025db3ed1e80, 0x0000025de50cac40, 0x0000025de50cb7a0, 0x0000025de50d47c0,
0x0000025de50d5220, 0x0000025de50d67f0, 0x0000025de50d9260, 0x0000025de50dab60,
0x0000025de5106ee0, 0x0000025de5217930, 0x0000025de532dd00, 0x0000025de53a3d30,
0x0000025de5217260, 0x0000025e2b6b07c0, 0x0000025e2c0091d0, 0x0000025e2c054970,
0x0000025e2c19b2c0, 0x0000025e2c15d860, 0x0000025e2c0bf320, 0x0000025e2c032f10,
0x0000025e2c031b60, 0x0000025e2c0321f0, 0x0000025e2c033c30, 0x0000025e2c030e40,
0x0000025e2c032880, 0x0000025e2c0307b0, 0x0000025e2c0314d0
}

Java Threads: ( => current thread )
  0x0000025db3ed1e80 JavaThread "main"                              [_thread_blocked, id=73352, stack(0x000000ae7a400000,0x000000ae7a500000) (1024K)]
  0x0000025de50cac40 JavaThread "Reference Handler"          daemon [_thread_blocked, id=77996, stack(0x000000ae7ac00000,0x000000ae7ad00000) (1024K)]
  0x0000025de50cb7a0 JavaThread "Finalizer"                  daemon [_thread_blocked, id=78000, stack(0x000000ae7ad00000,0x000000ae7ae00000) (1024K)]
  0x0000025de50d47c0 JavaThread "Signal Dispatcher"          daemon [_thread_blocked, id=78012, stack(0x000000ae7ae00000,0x000000ae7af00000) (1024K)]
  0x0000025de50d5220 JavaThread "Attach Listener"            daemon [_thread_blocked, id=78016, stack(0x000000ae7af00000,0x000000ae7b000000) (1024K)]
  0x0000025de50d67f0 JavaThread "Service Thread"             daemon [_thread_blocked, id=78020, stack(0x000000ae7b000000,0x000000ae7b100000) (1024K)]
  0x0000025de50d9260 JavaThread "Monitor Deflation Thread"   daemon [_thread_blocked, id=78024, stack(0x000000ae7b100000,0x000000ae7b200000) (1024K)]
=>0x0000025de50dab60 JavaThread "C2 CompilerThread0"         daemon [_thread_in_native, id=78028, stack(0x000000ae7b200000,0x000000ae7b300000) (1024K)]
  0x0000025de5106ee0 JavaThread "C1 CompilerThread0"         daemon [_thread_blocked, id=78032, stack(0x000000ae7b300000,0x000000ae7b400000) (1024K)]
  0x0000025de5217930 JavaThread "C1 CompilerThread1"         daemon [_thread_blocked, id=78148, stack(0x000000ae7b400000,0x000000ae7b500000) (1024K)]
  0x0000025de532dd00 JavaThread "Common-Cleaner"             daemon [_thread_blocked, id=78220, stack(0x000000ae7b500000,0x000000ae7b600000) (1024K)]
  0x0000025de53a3d30 JavaThread "Notification Thread"        daemon [_thread_blocked, id=78252, stack(0x000000ae7b600000,0x000000ae7b700000) (1024K)]
  0x0000025de5217260 JavaThread "C1 CompilerThread2"         daemon [_thread_blocked, id=78816, stack(0x000000ae7bf00000,0x000000ae7c000000) (1024K)]
  0x0000025e2b6b07c0 JavaThread "Daemon health stats"               [_thread_blocked, id=72300, stack(0x000000ae7bc00000,0x000000ae7bd00000) (1024K)]
  0x0000025e2c0091d0 JavaThread "Incoming local TCP Connector on port 44537"        [_thread_in_native, id=66484, stack(0x000000ae7bd00000,0x000000ae7be00000) (1024K)]
  0x0000025e2c054970 JavaThread "Daemon periodic checks"            [_thread_blocked, id=47532, stack(0x000000ae7c200000,0x000000ae7c300000) (1024K)]
  0x0000025e2c19b2c0 JavaThread "Daemon"                            [_thread_blocked, id=62796, stack(0x000000ae7c300000,0x000000ae7c400000) (1024K)]
  0x0000025e2c15d860 JavaThread "Handler for socket connection from /127.0.0.1:44537 to /127.0.0.1:44538"        [_thread_in_native, id=47356, stack(0x000000ae7c400000,0x000000ae7c500000) (1024K)]
  0x0000025e2c0bf320 JavaThread "Cancel handler"                    [_thread_blocked, id=38632, stack(0x000000ae7c500000,0x000000ae7c600000) (1024K)]
  0x0000025e2c032f10 JavaThread "Daemon worker"                     [_thread_in_vm, id=36512, stack(0x000000ae7c600000,0x000000ae7c700000) (1024K)]
  0x0000025e2c031b60 JavaThread "Asynchronous log dispatcher for DefaultDaemonConnection: socket connection from /127.0.0.1:44537 to /127.0.0.1:44538"        [_thread_blocked, id=40016, stack(0x000000ae7c700000,0x000000ae7c800000) (1024K)]
  0x0000025e2c0321f0 JavaThread "Stdin handler"                     [_thread_blocked, id=39968, stack(0x000000ae7c800000,0x000000ae7c900000) (1024K)]
  0x0000025e2c033c30 JavaThread "Daemon client event forwarder"        [_thread_blocked, id=40036, stack(0x000000ae7c900000,0x000000ae7ca00000) (1024K)]
  0x0000025e2c030e40 JavaThread "Cache worker for journal cache (C:\Users\AJI\.gradle\caches\journal-1)"        [_thread_blocked, id=78068, stack(0x000000ae7be00000,0x000000ae7bf00000) (1024K)]
  0x0000025e2c032880 JavaThread "File lock request listener"        [_thread_in_native, id=77936, stack(0x000000ae7c100000,0x000000ae7c200000) (1024K)]
  0x0000025e2c0307b0 JavaThread "File lock release action executor"        [_thread_blocked, id=73696, stack(0x000000ae7ca00000,0x000000ae7cb00000) (1024K)]
  0x0000025e2c0314d0 JavaThread "Cache worker for file hash cache (C:\Users\AJI\.gradle\caches\9.1.0\fileHashes)"        [_thread_blocked, id=15860, stack(0x000000ae7cb00000,0x000000ae7cc00000) (1024K)]
Total: 27

Other Threads:
  0x0000025de50aecd0 VMThread "VM Thread"                           [id=77980, stack(0x000000ae7ab00000,0x000000ae7ac00000) (1024K)]
  0x0000025de20ae2c0 WatcherThread "VM Periodic Task Thread"        [id=77924, stack(0x000000ae7aa00000,0x000000ae7ab00000) (1024K)]
  0x0000025db3f7d7d0 WorkerThread "GC Thread#0"                     [id=60284, stack(0x000000ae7a500000,0x000000ae7a600000) (1024K)]
  0x0000025de5411de0 WorkerThread "GC Thread#1"                     [id=78492, stack(0x000000ae7b700000,0x000000ae7b800000) (1024K)]
  0x0000025de540b590 WorkerThread "GC Thread#2"                     [id=78496, stack(0x000000ae7b800000,0x000000ae7b900000) (1024K)]
  0x0000025de540b940 WorkerThread "GC Thread#3"                     [id=78500, stack(0x000000ae7b900000,0x000000ae7ba00000) (1024K)]
  0x0000025de53d2a00 WorkerThread "GC Thread#4"                     [id=78504, stack(0x000000ae7ba00000,0x000000ae7bb00000) (1024K)]
  0x0000025de53d2db0 WorkerThread "GC Thread#5"                     [id=78508, stack(0x000000ae7bb00000,0x000000ae7bc00000) (1024K)]
  0x0000025de1eb0080 ConcurrentGCThread "G1 Main Marker"            [id=72876, stack(0x000000ae7a600000,0x000000ae7a700000) (1024K)]
  0x0000025de1eb0aa0 WorkerThread "G1 Conc#0"                       [id=66616, stack(0x000000ae7a700000,0x000000ae7a800000) (1024K)]
  0x0000025de1f7a9f0 ConcurrentGCThread "G1 Refine#0"               [id=77828, stack(0x000000ae7a800000,0x000000ae7a900000) (1024K)]
  0x0000025de1f7b480 ConcurrentGCThread "G1 Service"                [id=77832, stack(0x000000ae7a900000,0x000000ae7aa00000) (1024K)]
Total: 12

Threads with active compile tasks:
C2 CompilerThread0  9864 3089       4       java.lang.invoke.MethodType::makeImpl (109 bytes)
Total: 1

VM state: not at safepoint (normal execution)

VM Mutex/Monitor currently owned by a thread:  ([mutex/lock_event])
[0x00007ffcefdad530] Metaspace_lock - owner thread: 0x0000025e2c032f10

Heap address: 0x0000000600000000, size: 8192 MB, Compressed Oops mode: Zero based, Oop shift amount: 3

CDS archive(s) mapped at: [0x0000025de6000000-0x0000025de6ba0000-0x0000025de6ba0000), size 12189696, SharedBaseAddress: 0x0000025de6000000, ArchiveRelocationMode: 1.
Compressed class space mapped at: 0x0000025de7000000-0x0000025e27000000, reserved size: 1073741824
Narrow klass base: 0x0000025de6000000, Narrow klass shift: 0, Narrow klass range: 0x100000000

GC Precious Log:
 CardTable entry size: 512
 Card Set container configuration: InlinePtr #cards 4 size 8 Array Of Cards #cards 32 size 80 Howl #buckets 8 coarsen threshold 7372 Howl Bitmap #cards 1024 size 144 coarsen threshold 921 Card regions per heap region 1 cards per card region 8192
 CPUs: 20 total, 20 available
 Memory: 16068M
 Large Page Support: Disabled
 NUMA Support: Disabled
 Compressed Oops: Enabled (Zero based)
 Heap Region Size: 4M
 Heap Min Capacity: 8M
 Heap Initial Capacity: 252M
 Heap Max Capacity: 8G
 Pre-touch: Disabled
 Parallel Workers: 15
 Concurrent Workers: 4
 Concurrent Refinement Workers: 15
 Periodic GC: Disabled

Heap:
 garbage-first heap   total 258048K, used 109923K [0x0000000600000000, 0x0000000800000000)
  region size 4096K, 28 young (114688K), 2 survivors (8192K)
 Metaspace       used 15799K, committed 16256K, reserved 1114112K
  class space    used 2155K, committed 2368K, reserved 1048576K

Heap Regions: E=young(eden), S=young(survivor), O=old, HS=humongous(starts), HC=humongous(continues), CS=collection set, F=free, TAMS=top-at-mark-start, PB=parsable bottom
|   0|0x0000000600000000, 0x0000000600400000, 0x0000000600400000|100%|HS|  |TAMS 0x0000000600000000| PB 0x0000000600000000| Complete 
|   1|0x0000000600400000, 0x0000000600400000, 0x0000000600800000|  0%| F|  |TAMS 0x0000000600400000| PB 0x0000000600400000| Untracked 
|   2|0x0000000600800000, 0x0000000600800000, 0x0000000600c00000|  0%| F|  |TAMS 0x0000000600800000| PB 0x0000000600800000| Untracked 
|   3|0x0000000600c00000, 0x0000000600c00000, 0x0000000601000000|  0%| F|  |TAMS 0x0000000600c00000| PB 0x0000000600c00000| Untracked 
|   4|0x0000000601000000, 0x0000000601000000, 0x0000000601400000|  0%| F|  |TAMS 0x0000000601000000| PB 0x0000000601000000| Untracked 
|   5|0x0000000601400000, 0x0000000601400000, 0x0000000601800000|  0%| F|  |TAMS 0x0000000601400000| PB 0x0000000601400000| Untracked 
|   6|0x0000000601800000, 0x0000000601800000, 0x0000000601c00000|  0%| F|  |TAMS 0x0000000601800000| PB 0x0000000601800000| Untracked 
|   7|0x0000000601c00000, 0x0000000601c00000, 0x0000000602000000|  0%| F|  |TAMS 0x0000000601c00000| PB 0x0000000601c00000| Untracked 
|   8|0x0000000602000000, 0x0000000602000000, 0x0000000602400000|  0%| F|  |TAMS 0x0000000602000000| PB 0x0000000602000000| Untracked 
|   9|0x0000000602400000, 0x0000000602400000, 0x0000000602800000|  0%| F|  |TAMS 0x0000000602400000| PB 0x0000000602400000| Untracked 
|  10|0x0000000602800000, 0x0000000602800000, 0x0000000602c00000|  0%| F|  |TAMS 0x0000000602800000| PB 0x0000000602800000| Untracked 
|  11|0x0000000602c00000, 0x0000000602c00000, 0x0000000603000000|  0%| F|  |TAMS 0x0000000602c00000| PB 0x0000000602c00000| Untracked 
|  12|0x0000000603000000, 0x0000000603000000, 0x0000000603400000|  0%| F|  |TAMS 0x0000000603000000| PB 0x0000000603000000| Untracked 
|  13|0x0000000603400000, 0x0000000603400000, 0x0000000603800000|  0%| F|  |TAMS 0x0000000603400000| PB 0x0000000603400000| Untracked 
|  14|0x0000000603800000, 0x0000000603800000, 0x0000000603c00000|  0%| F|  |TAMS 0x0000000603800000| PB 0x0000000603800000| Untracked 
|  15|0x0000000603c00000, 0x0000000603c00000, 0x0000000604000000|  0%| F|  |TAMS 0x0000000603c00000| PB 0x0000000603c00000| Untracked 
|  16|0x0000000604000000, 0x0000000604000000, 0x0000000604400000|  0%| F|  |TAMS 0x0000000604000000| PB 0x0000000604000000| Untracked 
|  17|0x0000000604400000, 0x0000000604400000, 0x0000000604800000|  0%| F|  |TAMS 0x0000000604400000| PB 0x0000000604400000| Untracked 
|  18|0x0000000604800000, 0x0000000604800000, 0x0000000604c00000|  0%| F|  |TAMS 0x0000000604800000| PB 0x0000000604800000| Untracked 
|  19|0x0000000604c00000, 0x0000000604c00000, 0x0000000605000000|  0%| F|  |TAMS 0x0000000604c00000| PB 0x0000000604c00000| Untracked 
|  20|0x0000000605000000, 0x0000000605000000, 0x0000000605400000|  0%| F|  |TAMS 0x0000000605000000| PB 0x0000000605000000| Untracked 
|  21|0x0000000605400000, 0x0000000605400000, 0x0000000605800000|  0%| F|  |TAMS 0x0000000605400000| PB 0x0000000605400000| Untracked 
|  22|0x0000000605800000, 0x0000000605800000, 0x0000000605c00000|  0%| F|  |TAMS 0x0000000605800000| PB 0x0000000605800000| Untracked 
|  23|0x0000000605c00000, 0x0000000605c00000, 0x0000000606000000|  0%| F|  |TAMS 0x0000000605c00000| PB 0x0000000605c00000| Untracked 
|  24|0x0000000606000000, 0x0000000606000000, 0x0000000606400000|  0%| F|  |TAMS 0x0000000606000000| PB 0x0000000606000000| Untracked 
|  25|0x0000000606400000, 0x0000000606400000, 0x0000000606800000|  0%| F|  |TAMS 0x0000000606400000| PB 0x0000000606400000| Untracked 
|  26|0x0000000606800000, 0x0000000606800000, 0x0000000606c00000|  0%| F|  |TAMS 0x0000000606800000| PB 0x0000000606800000| Untracked 
|  27|0x0000000606c00000, 0x0000000606c00000, 0x0000000607000000|  0%| F|  |TAMS 0x0000000606c00000| PB 0x0000000606c00000| Untracked 
|  28|0x0000000607000000, 0x0000000607000000, 0x0000000607400000|  0%| F|  |TAMS 0x0000000607000000| PB 0x0000000607000000| Untracked 
|  29|0x0000000607400000, 0x0000000607400000, 0x0000000607800000|  0%| F|  |TAMS 0x0000000607400000| PB 0x0000000607400000| Untracked 
|  30|0x0000000607800000, 0x0000000607800000, 0x0000000607c00000|  0%| F|  |TAMS 0x0000000607800000| PB 0x0000000607800000| Untracked 
|  31|0x0000000607c00000, 0x0000000607c00000, 0x0000000608000000|  0%| F|  |TAMS 0x0000000607c00000| PB 0x0000000607c00000| Untracked 
|  32|0x0000000608000000, 0x0000000608000000, 0x0000000608400000|  0%| F|  |TAMS 0x0000000608000000| PB 0x0000000608000000| Untracked 
|  33|0x0000000608400000, 0x0000000608400000, 0x0000000608800000|  0%| F|  |TAMS 0x0000000608400000| PB 0x0000000608400000| Untracked 
|  34|0x0000000608800000, 0x0000000608800000, 0x0000000608c00000|  0%| F|  |TAMS 0x0000000608800000| PB 0x0000000608800000| Untracked 
|  35|0x0000000608c00000, 0x0000000608f42240, 0x0000000609000000| 81%| E|  |TAMS 0x0000000608c00000| PB 0x0000000608c00000| Complete 
|  36|0x0000000609000000, 0x0000000609400000, 0x0000000609400000|100%| E|CS|TAMS 0x0000000609000000| PB 0x0000000609000000| Complete 
|  37|0x0000000609400000, 0x0000000609800000, 0x0000000609800000|100%| E|CS|TAMS 0x0000000609400000| PB 0x0000000609400000| Complete 
|  38|0x0000000609800000, 0x0000000609c00000, 0x0000000609c00000|100%| E|CS|TAMS 0x0000000609800000| PB 0x0000000609800000| Complete 
|  39|0x0000000609c00000, 0x000000060a000000, 0x000000060a000000|100%| E|CS|TAMS 0x0000000609c00000| PB 0x0000000609c00000| Complete 
|  40|0x000000060a000000, 0x000000060a400000, 0x000000060a400000|100%| E|CS|TAMS 0x000000060a000000| PB 0x000000060a000000| Complete 
|  41|0x000000060a400000, 0x000000060a800000, 0x000000060a800000|100%| E|CS|TAMS 0x000000060a400000| PB 0x000000060a400000| Complete 
|  42|0x000000060a800000, 0x000000060ac00000, 0x000000060ac00000|100%| E|CS|TAMS 0x000000060a800000| PB 0x000000060a800000| Complete 
|  43|0x000000060ac00000, 0x000000060b000000, 0x000000060b000000|100%| E|CS|TAMS 0x000000060ac00000| PB 0x000000060ac00000| Complete 
|  44|0x000000060b000000, 0x000000060b400000, 0x000000060b400000|100%| E|CS|TAMS 0x000000060b000000| PB 0x000000060b000000| Complete 
|  45|0x000000060b400000, 0x000000060b800000, 0x000000060b800000|100%| E|CS|TAMS 0x000000060b400000| PB 0x000000060b400000| Complete 
|  46|0x000000060b800000, 0x000000060bc00000, 0x000000060bc00000|100%| E|CS|TAMS 0x000000060b800000| PB 0x000000060b800000| Complete 
|  47|0x000000060bc00000, 0x000000060c000000, 0x000000060c000000|100%| E|CS|TAMS 0x000000060bc00000| PB 0x000000060bc00000| Complete 
|  48|0x000000060c000000, 0x000000060c400000, 0x000000060c400000|100%| E|CS|TAMS 0x000000060c000000| PB 0x000000060c000000| Complete 
|  49|0x000000060c400000, 0x000000060c800000, 0x000000060c800000|100%| E|CS|TAMS 0x000000060c400000| PB 0x000000060c400000| Complete 
|  50|0x000000060c800000, 0x000000060cb58e70, 0x000000060cc00000| 83%| S|CS|TAMS 0x000000060c800000| PB 0x000000060c800000| Complete 
|  51|0x000000060cc00000, 0x000000060d000000, 0x000000060d000000|100%| S|CS|TAMS 0x000000060cc00000| PB 0x000000060cc00000| Complete 
|  52|0x000000060d000000, 0x000000060d400000, 0x000000060d400000|100%| E|CS|TAMS 0x000000060d000000| PB 0x000000060d000000| Complete 
|  53|0x000000060d400000, 0x000000060d800000, 0x000000060d800000|100%| E|CS|TAMS 0x000000060d400000| PB 0x000000060d400000| Complete 
|  54|0x000000060d800000, 0x000000060dc00000, 0x000000060dc00000|100%| E|CS|TAMS 0x000000060d800000| PB 0x000000060d800000| Complete 
|  55|0x000000060dc00000, 0x000000060e000000, 0x000000060e000000|100%| E|  |TAMS 0x000000060dc00000| PB 0x000000060dc00000| Complete 
|  56|0x000000060e000000, 0x000000060e400000, 0x000000060e400000|100%| E|CS|TAMS 0x000000060e000000| PB 0x000000060e000000| Complete 
|  57|0x000000060e400000, 0x000000060e800000, 0x000000060e800000|100%| E|CS|TAMS 0x000000060e400000| PB 0x000000060e400000| Complete 
|  58|0x000000060e800000, 0x000000060ec00000, 0x000000060ec00000|100%| E|CS|TAMS 0x000000060e800000| PB 0x000000060e800000| Complete 
|  59|0x000000060ec00000, 0x000000060f000000, 0x000000060f000000|100%| E|CS|TAMS 0x000000060ec00000| PB 0x000000060ec00000| Complete 
|  60|0x000000060f000000, 0x000000060f400000, 0x000000060f400000|100%| E|CS|TAMS 0x000000060f000000| PB 0x000000060f000000| Complete 
|  61|0x000000060f400000, 0x000000060f800000, 0x000000060f800000|100%| E|CS|TAMS 0x000000060f400000| PB 0x000000060f400000| Complete 
|  62|0x000000060f800000, 0x000000060fc00000, 0x000000060fc00000|100%| E|CS|TAMS 0x000000060f800000| PB 0x000000060f800000| Complete 

Card table byte_map: [0x0000025dd8da0000,0x0000025dd9da0000] _byte_map_base: 0x0000025dd5da0000

Marking Bits: (CMBitMap*) 0x0000025db3f7ddf0
 Bits: [0x0000025dd9da0000, 0x0000025de1da0000)

Polling page: 0x0000025db1ad0000

Metaspace:

Usage:
  Non-class:     13.32 MB used.
      Class:      2.11 MB used.
       Both:     15.43 MB used.

Virtual space:
  Non-class space:       64.00 MB reserved,      13.56 MB ( 21%) committed,  1 nodes.
      Class space:        1.00 GB reserved,       2.31 MB ( <1%) committed,  1 nodes.
             Both:        1.06 GB reserved,      15.88 MB (  1%) committed. 

Chunk freelists:
   Non-Class:  1.98 MB
       Class:  13.73 MB
        Both:  15.71 MB

MaxMetaspaceSize: 4.00 GB
CompressedClassSpaceSize: 1.00 GB
Initial GC threshold: 21.00 MB
Current GC threshold: 21.00 MB
CDS: on
 - commit_granule_bytes: 65536.
 - commit_granule_words: 8192.
 - virtual_space_node_default_size: 8388608.
 - enlarge_chunks_in_place: 1.
 - use_allocation_guard: 0.


Internal statistics:

num_allocs_failed_limit: 0.
num_arena_births: 532.
num_arena_deaths: 0.
num_vsnodes_births: 2.
num_vsnodes_deaths: 0.
num_space_committed: 254.
num_space_uncommitted: 0.
num_chunks_returned_to_freelist: 0.
num_chunks_taken_from_freelist: 1055.
num_chunk_merges: 0.
num_chunk_splits: 695.
num_chunks_enlarged: 492.
num_inconsistent_stats: 0.

CodeHeap 'non-profiled nmethods': size=258432Kb used=1469Kb max_used=1469Kb free=256962Kb
 bounds [0x0000025dc7470000, 0x0000025dc76e0000, 0x0000025dd70d0000]
CodeHeap 'profiled nmethods': size=258368Kb used=6223Kb max_used=6223Kb free=252144Kb
 bounds [0x0000025db70d0000, 0x0000025db76f0000, 0x0000025dc6d20000]
CodeHeap 'non-nmethods': size=7488Kb used=2519Kb max_used=3133Kb free=4968Kb
 bounds [0x0000025dc6d20000, 0x0000025dc7040000, 0x0000025dc7470000]
CodeCache: size=524288Kb, used=10211Kb, max_used=10825Kb, free=514074Kb
 total_blobs=3659, nmethods=3101, adapters=460, full_count=0
Compilation: enabled, stopped_count=0, restarted_count=0

Compilation events (20 events):
Event: 9.652 Thread 0x0000025de5217260 3082       3       org.gradle.internal.file.FileHierarchySet$Node::sizeOfCommonPrefix (10 bytes)
Event: 9.652 Thread 0x0000025de5106ee0 3083       3       org.gradle.internal.file.FilePathUtil::sizeOfCommonPrefix (10 bytes)
Event: 9.652 Thread 0x0000025de5106ee0 nmethod 3083 0x0000025db76cef90 code [0x0000025db76cf140, 0x0000025db76cf260]
Event: 9.652 Thread 0x0000025de5217260 nmethod 3082 0x0000025db76cf310 code [0x0000025db76cf4c0, 0x0000025db76cf660]
Event: 9.652 Thread 0x0000025de5217260 3084       3       org.gradle.internal.file.FileHierarchySet$Node::plusWithCommonPrefixLength (341 bytes)
Event: 9.653 Thread 0x0000025de5106ee0 3085       1       java.lang.reflect.Method::getMethodAccessor (5 bytes)
Event: 9.653 Thread 0x0000025de5106ee0 nmethod 3085 0x0000025dc75df010 code [0x0000025dc75df1a0, 0x0000025dc75df270]
Event: 9.653 Thread 0x0000025de5217930 nmethod 3081 0x0000025db76cf710 code [0x0000025db76cfb40, 0x0000025db76d1c38]
Event: 9.653 Thread 0x0000025de5217930 3086       3       java.lang.reflect.Method::setMethodAccessor (20 bytes)
Event: 9.654 Thread 0x0000025de5217930 nmethod 3086 0x0000025db76d2910 code [0x0000025db76d2ae0, 0x0000025db76d2db8]
Event: 9.654 Thread 0x0000025de5217260 nmethod 3084 0x0000025db76d2e90 code [0x0000025db76d34a0, 0x0000025db76d6e90]
Event: 9.658 Thread 0x0000025de5217260 3087       3       java.lang.invoke.LambdaFormBuffer::replaceName (124 bytes)
Event: 9.658 Thread 0x0000025de5217260 nmethod 3087 0x0000025db76d8310 code [0x0000025db76d84c0, 0x0000025db76d8680]
Event: 9.663 Thread 0x0000025de5217260 3088       3       java.lang.invoke.MethodType::genericMethodType (6 bytes)
Event: 9.664 Thread 0x0000025de5217260 nmethod 3088 0x0000025db76d8790 code [0x0000025db76d8940, 0x0000025db76d8a60]
Event: 9.682 Thread 0x0000025de50dab60 3089       4       java.lang.invoke.MethodType::makeImpl (109 bytes)
Event: 9.696 Thread 0x0000025de5106ee0 3091       3       jdk.internal.org.objectweb.asm.ClassWriter::visitSource (39 bytes)
Event: 9.696 Thread 0x0000025de5217930 3092       3       java.lang.invoke.InvokerBytecodeGenerator$ClassData::<init> (20 bytes)
Event: 9.696 Thread 0x0000025de5217930 nmethod 3092 0x0000025db76d8b10 code [0x0000025db76d8cc0, 0x0000025db76d8f58]
Event: 9.696 Thread 0x0000025de5106ee0 nmethod 3091 0x0000025db76d9010 code [0x0000025db76d9200, 0x0000025db76d9688]

GC Heap History (4 events):
Event: 1.111 GC heap before
{Heap before GC invocations=0 (full 0):
 garbage-first heap   total 258048K, used 20480K [0x0000000600000000, 0x0000000800000000)
  region size 4096K, 5 young (20480K), 0 survivors (0K)
 Metaspace       used 886K, committed 1024K, reserved 1114112K
  class space    used 71K, committed 128K, reserved 1048576K
}
Event: 1.114 GC heap after
{Heap after GC invocations=1 (full 0):
 garbage-first heap   total 258048K, used 1520K [0x0000000600000000, 0x0000000800000000)
  region size 4096K, 1 young (4096K), 1 survivors (4096K)
 Metaspace       used 886K, committed 1024K, reserved 1114112K
  class space    used 71K, committed 128K, reserved 1048576K
}
Event: 2.475 GC heap before
{Heap before GC invocations=1 (full 0):
 garbage-first heap   total 258048K, used 46576K [0x0000000600000000, 0x0000000800000000)
  region size 4096K, 11 young (45056K), 1 survivors (4096K)
 Metaspace       used 4612K, committed 4800K, reserved 1114112K
  class space    used 583K, committed 704K, reserved 1048576K
}
Event: 2.479 GC heap after
{Heap after GC invocations=2 (full 0):
 garbage-first heap   total 258048K, used 11619K [0x0000000600000000, 0x0000000800000000)
  region size 4096K, 2 young (8192K), 2 survivors (8192K)
 Metaspace       used 4612K, committed 4800K, reserved 1114112K
  class space    used 583K, committed 704K, reserved 1048576K
}

Dll operation events (20 events):
Event: 0.281 Attempting to load shared library C:\Users\AJI\.vscode\extensions\redhat.java-1.56.0-win32-x64\jre\21.0.12.1-win32-x86_64\bin\nio.dll
Event: 0.282 Loaded shared library C:\Users\AJI\.vscode\extensions\redhat.java-1.56.0-win32-x64\jre\21.0.12.1-win32-x86_64\bin\nio.dll
Event: 0.286 Attempting to load shared library C:\Users\AJI\.vscode\extensions\redhat.java-1.56.0-win32-x64\jre\21.0.12.1-win32-x86_64\bin\zip.dll
Event: 0.286 Loaded shared library C:\Users\AJI\.vscode\extensions\redhat.java-1.56.0-win32-x64\jre\21.0.12.1-win32-x86_64\bin\zip.dll
Event: 1.138 Attempting to load shared library C:\Users\AJI\.vscode\extensions\redhat.java-1.56.0-win32-x64\jre\21.0.12.1-win32-x86_64\bin\jimage.dll
Event: 1.138 Loaded shared library C:\Users\AJI\.vscode\extensions\redhat.java-1.56.0-win32-x64\jre\21.0.12.1-win32-x86_64\bin\jimage.dll
Event: 1.615 Attempting to load shared library C:\Users\AJI\.vscode\extensions\redhat.java-1.56.0-win32-x64\jre\21.0.12.1-win32-x86_64\bin\verify.dll
Event: 1.616 Loaded shared library C:\Users\AJI\.vscode\extensions\redhat.java-1.56.0-win32-x64\jre\21.0.12.1-win32-x86_64\bin\verify.dll
Event: 1.672 Attempting to load shared library C:\Users\AJI\.gradle\native\1def1411415f61bf3af743bc5b6707747c0891f09f0c88961ee8f79bc544acac\windows-amd64\native-platform.dll
Event: 1.673 Loaded shared library C:\Users\AJI\.gradle\native\1def1411415f61bf3af743bc5b6707747c0891f09f0c88961ee8f79bc544acac\windows-amd64\native-platform.dll
Event: 1.688 Attempting to load shared library C:\Users\AJI\.gradle\native\0.2.8\x86_64-windows-gnu\gradle-fileevents.dll
Event: 1.690 Loaded shared library C:\Users\AJI\.gradle\native\0.2.8\x86_64-windows-gnu\gradle-fileevents.dll
Event: 3.705 Attempting to load shared library C:\Users\AJI\.vscode\extensions\redhat.java-1.56.0-win32-x64\jre\21.0.12.1-win32-x86_64\bin\management.dll
Event: 3.705 Loaded shared library C:\Users\AJI\.vscode\extensions\redhat.java-1.56.0-win32-x64\jre\21.0.12.1-win32-x86_64\bin\management.dll
Event: 3.709 Attempting to load shared library C:\Users\AJI\.vscode\extensions\redhat.java-1.56.0-win32-x64\jre\21.0.12.1-win32-x86_64\bin\management_ext.dll
Event: 3.709 Loaded shared library C:\Users\AJI\.vscode\extensions\redhat.java-1.56.0-win32-x64\jre\21.0.12.1-win32-x86_64\bin\management_ext.dll
Event: 3.971 Attempting to load shared library C:\Users\AJI\.vscode\extensions\redhat.java-1.56.0-win32-x64\jre\21.0.12.1-win32-x86_64\bin\extnet.dll
Event: 3.972 Loaded shared library C:\Users\AJI\.vscode\extensions\redhat.java-1.56.0-win32-x64\jre\21.0.12.1-win32-x86_64\bin\extnet.dll
Event: 4.275 Attempting to load shared library C:\Users\AJI\.vscode\extensions\redhat.java-1.56.0-win32-x64\jre\21.0.12.1-win32-x86_64\bin\sunmscapi.dll
Event: 4.278 Loaded shared library C:\Users\AJI\.vscode\extensions\redhat.java-1.56.0-win32-x64\jre\21.0.12.1-win32-x86_64\bin\sunmscapi.dll

Deoptimization events (20 events):
Event: 5.498 Thread 0x0000025e2c032f10 Uncommon trap: trap_request=0xffffffde fr.pc=0x0000025dc75401d8 relative=0x00000000000002f8
Event: 5.498 Thread 0x0000025e2c032f10 Uncommon trap: reason=class_check action=maybe_recompile pc=0x0000025dc75401d8 method=java.util.regex.Pattern$BmpCharPropertyGreedy.match(Ljava/util/regex/Matcher;ILjava/lang/CharSequence;)Z @ 26 c2
Event: 5.498 Thread 0x0000025e2c032f10 DEOPT PACKING pc=0x0000025dc75401d8 sp=0x000000ae7c6fbcc0
Event: 5.498 Thread 0x0000025e2c032f10 DEOPT UNPACKING pc=0x0000025dc6d74422 sp=0x000000ae7c6fbc78 mode 2
Event: 5.524 Thread 0x0000025e2c032880 Uncommon trap: trap_request=0xffffff45 fr.pc=0x0000025dc756052c relative=0x000000000000018c
Event: 5.524 Thread 0x0000025e2c032880 Uncommon trap: reason=unstable_if action=reinterpret pc=0x0000025dc756052c method=java.util.concurrent.locks.ReentrantLock$NonfairSync.initialTryLock()Z @ 25 c2
Event: 5.524 Thread 0x0000025e2c032880 DEOPT PACKING pc=0x0000025dc756052c sp=0x000000ae7c1fece0
Event: 5.524 Thread 0x0000025e2c032880 DEOPT UNPACKING pc=0x0000025dc6d74422 sp=0x000000ae7c1fec80 mode 2
Event: 5.917 Thread 0x0000025e2c032f10 Uncommon trap: trap_request=0xffffff45 fr.pc=0x0000025dc7510428 relative=0x0000000000000a28
Event: 5.917 Thread 0x0000025e2c032f10 Uncommon trap: reason=unstable_if action=reinterpret pc=0x0000025dc7510428 method=java.util.regex.Matcher.reset()Ljava/util/regex/Matcher; @ 47 c2
Event: 5.917 Thread 0x0000025e2c032f10 DEOPT PACKING pc=0x0000025dc7510428 sp=0x000000ae7c6fada0
Event: 5.917 Thread 0x0000025e2c032f10 DEOPT UNPACKING pc=0x0000025dc6d74422 sp=0x000000ae7c6facd0 mode 2
Event: 5.917 Thread 0x0000025e2c032f10 Uncommon trap: trap_request=0xffffff45 fr.pc=0x0000025dc7498f64 relative=0x00000000000004c4
Event: 5.917 Thread 0x0000025e2c032f10 Uncommon trap: reason=unstable_if action=reinterpret pc=0x0000025dc7498f64 method=java.util.regex.Matcher.match(II)Z @ 76 c2
Event: 5.917 Thread 0x0000025e2c032f10 DEOPT PACKING pc=0x0000025dc7498f64 sp=0x000000ae7c6fadc0
Event: 5.917 Thread 0x0000025e2c032f10 DEOPT UNPACKING pc=0x0000025dc6d74422 sp=0x000000ae7c6fad78 mode 2
Event: 5.918 Thread 0x0000025e2c032f10 Uncommon trap: trap_request=0xffffff45 fr.pc=0x0000025dc7498618 relative=0x00000000000001d8
Event: 5.918 Thread 0x0000025e2c032f10 Uncommon trap: reason=unstable_if action=reinterpret pc=0x0000025dc7498618 method=java.util.regex.Matcher.reset()Ljava/util/regex/Matcher; @ 47 c2
Event: 5.918 Thread 0x0000025e2c032f10 DEOPT PACKING pc=0x0000025dc7498618 sp=0x000000ae7c6fac50
Event: 5.918 Thread 0x0000025e2c032f10 DEOPT UNPACKING pc=0x0000025dc6d74422 sp=0x000000ae7c6fabe0 mode 2

Classes loaded (20 events):
Event: 5.508 Loading class java/util/concurrent/ArrayBlockingQueue
Event: 5.509 Loading class java/util/concurrent/ArrayBlockingQueue done
Event: 5.509 Loading class java/util/concurrent/locks/ReentrantLock$FairSync
Event: 5.509 Loading class java/util/concurrent/locks/ReentrantLock$FairSync done
Event: 5.525 Loading class java/net/DatagramPacket
Event: 5.525 Loading class java/net/DatagramPacket done
Event: 5.526 Loading class sun/nio/ch/DatagramChannelImpl$DatagramPackets
Event: 5.526 Loading class sun/nio/ch/DatagramChannelImpl$DatagramPackets done
Event: 5.937 Loading class java/lang/Character$UnicodeBlock
Event: 5.938 Loading class java/lang/Character$Subset
Event: 5.938 Loading class java/lang/Character$Subset done
Event: 5.938 Loading class java/lang/Character$UnicodeBlock done
Event: 5.970 Loading class sun/security/provider/MD5
Event: 5.971 Loading class sun/security/provider/MD5 done
Event: 5.973 Loading class sun/security/provider/SHA5$SHA512
Event: 5.973 Loading class sun/security/provider/SHA5
Event: 5.974 Loading class sun/security/provider/SHA5 done
Event: 5.974 Loading class sun/security/provider/SHA5$SHA512 done
Event: 5.976 Loading class sun/security/provider/ByteArrayAccess$LE
Event: 5.976 Loading class sun/security/provider/ByteArrayAccess$LE done

Classes unloaded (0 events):
No events

Classes redefined (0 events):
No events

Internal exceptions (20 events):
Event: 4.057 Thread 0x0000025db3ed1e80 Exception <a 'java/lang/NoSuchMethodError'{0x000000060b501f90}: 'java.lang.Object java.lang.invoke.DirectMethodHandle$Holder.invokeStaticInit(java.lang.Object, int, int, int, int)'> (0x000000060b501f90) 
thrown [s\src\hotspot\share\interpreter\linkResolver.cpp, line 773]
Event: 4.094 Thread 0x0000025db3ed1e80 Exception <a 'java/lang/NoSuchMethodError'{0x000000060b5adc00}: 'java.lang.Object java.lang.invoke.DirectMethodHandle$Holder.invokeStaticInit(java.lang.Object, java.lang.Object, int, int, int, int)'> (0x000000060b5adc00) 
thrown [s\src\hotspot\share\interpreter\linkResolver.cpp, line 773]
Event: 4.226 Thread 0x0000025db3ed1e80 Exception <a 'java/io/IOException'{0x000000060b0fa068}> (0x000000060b0fa068) 
thrown [s\src\hotspot\share\prims\jni.cpp, line 520]
Event: 4.239 Thread 0x0000025db3ed1e80 Implicit null exception at 0x0000025dc74c0124 to 0x0000025dc74c0798
Event: 4.246 Thread 0x0000025db3ed1e80 Exception <a 'java/lang/NoSuchMethodError'{0x000000060b1701f0}: 'java.lang.Object java.lang.invoke.DirectMethodHandle$Holder.newInvokeSpecial(java.lang.Object, java.lang.Object, java.lang.Object, java.lang.Object, java.lang.Object)'> (0x000000060b1701f0) 
thrown [s\src\hotspot\share\interpreter\linkResolver.cpp, line 773]
Event: 4.419 Thread 0x0000025e2c19b2c0 Implicit null exception at 0x0000025dc75852fc to 0x0000025dc75858f8
Event: 4.431 Thread 0x0000025e2c19b2c0 Exception <a 'java/lang/NoSuchMethodError'{0x000000060af5b780}: 'void java.lang.invoke.DirectMethodHandle$Holder.invokeSpecial(java.lang.Object, java.lang.Object, java.lang.Object)'> (0x000000060af5b780) 
thrown [s\src\hotspot\share\interpreter\linkResolver.cpp, line 773]
Event: 4.718 Thread 0x0000025e2c032f10 Exception <a 'java/lang/NoSuchMethodError'{0x000000060a4f0170}: 'long java.lang.invoke.DirectMethodHandle$Holder.invokeInterface(java.lang.Object, java.lang.Object)'> (0x000000060a4f0170) 
thrown [s\src\hotspot\share\interpreter\linkResolver.cpp, line 773]
Event: 4.886 Thread 0x0000025e2c032f10 Exception <a 'java/lang/NoSuchMethodError'{0x000000060a0e03a0}: 'void java.lang.invoke.DirectMethodHandle$Holder.invokeStatic(java.lang.Object, java.lang.Object)'> (0x000000060a0e03a0) 
thrown [s\src\hotspot\share\interpreter\linkResolver.cpp, line 773]
Event: 4.914 Thread 0x0000025e2c032f10 Exception <a 'java/lang/NoSuchMethodError'{0x000000060a13c2f8}: 'java.lang.Object java.lang.invoke.DirectMethodHandle$Holder.invokeVirtual(java.lang.Object, java.lang.Object, java.lang.Object, java.lang.Object, java.lang.Object, java.lang.Object, java.lang.Object, java.lang.Object, java.lang.Object, java.lang.Object, java.lang.Object, java.lang.Object)'> (0x000000060a13c2f8) 
thrown [s\src\hotspot\share\interpreter\linkResolver.cpp, line 773]
Event: 4.914 Thread 0x0000025e2c032f10 Exception <a 'java/lang/NoSuchMethodError'{0x000000060a141320}: 'java.lang.Object java.lang.invoke.DirectMethodHandle$Holder.invokeSpecial(java.lang.Object, java.lang.Object, java.lang.Object, java.lang.Object, java.lang.Object, java.lang.Object, java.lang.Object, java.lang.Object, java.lang.Object, java.lang.Object, java.lang.Object, java.lang.Object, java.lang.Object)'> (0x000000060a141320) 
thrown [s\src\hotspot\share\interpreter\linkResolver.cpp, line 773]
Event: 5.086 Thread 0x0000025e2c032f10 Exception <a 'java/lang/NoSuchMethodError'{0x000000060a39e248}: 'int java.lang.invoke.DirectMethodHandle$Holder.invokeVirtual(java.lang.Object, java.lang.Object, java.lang.Object)'> (0x000000060a39e248) 
thrown [s\src\hotspot\share\interpreter\linkResolver.cpp, line 773]
Event: 5.162 Thread 0x0000025e2c032f10 Exception <a 'java/lang/NoSuchMethodError'{0x0000000609e34988}: 'java.lang.Object java.lang.invoke.DirectMethodHandle$Holder.newInvokeSpecial(java.lang.Object, java.lang.Object, java.lang.Object, java.lang.Object, java.lang.Object, java.lang.Object)'> (0x0000000609e34988) 
thrown [s\src\hotspot\share\interpreter\linkResolver.cpp, line 773]
Event: 5.267 Thread 0x0000025e2c032f10 Exception <a 'java/lang/NoSuchMethodError'{0x00000006098ddc90}: 'void java.lang.invoke.DelegatingMethodHandle$Holder.reinvoke_L(java.lang.Object, java.lang.Object, java.lang.Object, java.lang.Object, java.lang.Object, java.lang.Object, java.lang.Object, java.lang.Object, java.lang.Object, java.lang.Object)'> (0x00000006098ddc90) 
thrown [s\src\hotspot\share\interpreter\linkResolver.cpp, line 773]
Event: 5.267 Thread 0x0000025e2c032f10 Exception <a 'java/lang/NoSuchMethodError'{0x00000006098e5770}: 'java.lang.Object java.lang.invoke.Invokers$Holder.invoker(java.lang.Object, java.lang.Object, java.lang.Object, java.lang.Object, java.lang.Object, java.lang.Object, java.lang.Object, java.lang.Object, java.lang.Object, java.lang.Object)'> (0x00000006098e5770) 
thrown [s\src\hotspot\share\interpreter\linkResolver.cpp, line 773]
Event: 5.466 Thread 0x0000025e2c032f10 Exception <a 'java/lang/NoSuchMethodError'{0x000000060977f628}: 'void java.lang.invoke.DirectMethodHandle$Holder.invokeInterface(java.lang.Object, java.lang.Object)'> (0x000000060977f628) 
thrown [s\src\hotspot\share\interpreter\linkResolver.cpp, line 773]
Event: 5.467 Thread 0x0000025e2c032f10 Exception <a 'java/lang/IncompatibleClassChangeError'{0x0000000609782ba8}: Found class java.lang.Object, but interface was expected> (0x0000000609782ba8) 
thrown [s\src\hotspot\share\interpreter\linkResolver.cpp, line 840]
Event: 5.514 Thread 0x0000025e2c032f10 Exception <a 'java/lang/NoSuchMethodError'{0x00000006090b3080}: 'java.lang.Object java.lang.invoke.DirectMethodHandle$Holder.newInvokeSpecial(java.lang.Object, java.lang.Object, int)'> (0x00000006090b3080) 
thrown [s\src\hotspot\share\interpreter\linkResolver.cpp, line 773]
Event: 5.994 Thread 0x0000025e2c032f10 Exception <a 'java/lang/NoSuchMethodError'{0x0000000608d08660}: 'java.lang.Object java.lang.invoke.DirectMethodHandle$Holder.invokeVirtual(java.lang.Object, java.lang.Object, java.lang.Object, java.lang.Object, java.lang.Object, java.lang.Object, java.lang.Object, java.lang.Object)'> (0x0000000608d08660) 
thrown [s\src\hotspot\share\interpreter\linkResolver.cpp, line 773]
Event: 9.695 Thread 0x0000025e2c032f10 Exception <a 'java/lang/NoSuchMethodError'{0x0000000608ece0b0}: 'java.lang.Object java.lang.invoke.DirectMethodHandle$Holder.invokeVirtual(java.lang.Object, java.lang.Object, java.lang.Object, java.lang.Object, java.lang.Object, java.lang.Object, java.lang.Object, java.lang.Object, java.lang.Object, java.lang.Object)'> (0x0000000608ece0b0) 
thrown [s\src\hotspot\share\interpreter\linkResolver.cpp, line 773]

ZGC Phase Switch (0 events):
No events

VM Operations (20 events):
Event: 3.991 Executing non-safepoint VM operation: HandshakeAllThreads (Deoptimize)
Event: 3.991 Executing non-safepoint VM operation: HandshakeAllThreads (Deoptimize) done
Event: 4.033 Executing non-safepoint VM operation: HandshakeAllThreads (Deoptimize)
Event: 4.033 Executing non-safepoint VM operation: HandshakeAllThreads (Deoptimize) done
Event: 4.071 Executing non-safepoint VM operation: HandshakeAllThreads (Deoptimize)
Event: 4.071 Executing non-safepoint VM operation: HandshakeAllThreads (Deoptimize) done
Event: 4.224 Executing safepoint VM operation: ICBufferFull
Event: 4.224 Executing safepoint VM operation: ICBufferFull done
Event: 4.248 Executing non-safepoint VM operation: HandshakeAllThreads (Deoptimize)
Event: 4.248 Executing non-safepoint VM operation: HandshakeAllThreads (Deoptimize) done
Event: 4.300 Executing non-safepoint VM operation: HandshakeAllThreads (Deoptimize)
Event: 4.300 Executing non-safepoint VM operation: HandshakeAllThreads (Deoptimize) done
Event: 5.311 Executing safepoint VM operation: Cleanup
Event: 5.311 Executing safepoint VM operation: Cleanup done
Event: 5.510 Executing non-safepoint VM operation: HandshakeAllThreads (Deoptimize)
Event: 5.510 Executing non-safepoint VM operation: HandshakeAllThreads (Deoptimize) done
Event: 6.525 Executing safepoint VM operation: Cleanup
Event: 6.526 Executing safepoint VM operation: Cleanup done
Event: 7.530 Executing safepoint VM operation: Cleanup
Event: 7.530 Executing safepoint VM operation: Cleanup done

Memory protections (0 events):
No events

Nmethod flushes (0 events):
No events

Events (20 events):
Event: 4.112 Thread 0x0000025db3ed1e80 Thread added: 0x0000025e2c0091d0
Event: 4.134 Thread 0x0000025de521a210 Thread added: 0x0000025de5218000
Event: 4.134 Thread 0x0000025de521a210 Thread added: 0x0000025de5218da0
Event: 4.256 Thread 0x0000025db3ed1e80 Thread added: 0x0000025e2c054970
Event: 4.305 Thread 0x0000025e2c0091d0 Thread added: 0x0000025e2c19b2c0
Event: 4.310 Thread 0x0000025e2c19b2c0 Thread added: 0x0000025e2c15d860
Event: 4.350 Thread 0x0000025e2c19b2c0 Thread added: 0x0000025e2c0bf320
Event: 4.432 Thread 0x0000025e2c19b2c0 Thread added: 0x0000025e2c032f10
Event: 4.458 Thread 0x0000025e2c032f10 Thread added: 0x0000025e2c031b60
Event: 4.464 Thread 0x0000025e2c032f10 Thread added: 0x0000025e2c0321f0
Event: 4.493 Thread 0x0000025e2c032f10 Thread added: 0x0000025e2c033c30
Event: 5.007 Thread 0x0000025de5218da0 Thread exited: 0x0000025de5218da0
Event: 5.405 Thread 0x0000025de5218000 Thread exited: 0x0000025de5218000
Event: 5.511 Thread 0x0000025e2c032f10 Thread added: 0x0000025e2c030e40
Event: 5.524 Thread 0x0000025e2c032f10 Thread added: 0x0000025e2c032880
Event: 5.937 Thread 0x0000025e2c032880 Thread added: 0x0000025e2c0307b0
Event: 6.003 Thread 0x0000025e2c032f10 Thread added: 0x0000025e2c0314d0
Event: 6.090 Thread 0x0000025de5217930 Thread added: 0x0000025de52186d0
Event: 6.292 Thread 0x0000025de52186d0 Thread exited: 0x0000025de52186d0
Event: 6.775 Thread 0x0000025de521a210 Thread exited: 0x0000025de521a210


Dynamic libraries:
0x00007ff79bf90000 - 0x00007ff79bf9e000 	C:\Users\AJI\.vscode\extensions\redhat.java-1.56.0-win32-x64\jre\21.0.12.1-win32-x86_64\bin\java.exe
0x00007ffe02160000 - 0x00007ffe023c7000 	C:\WINDOWS\SYSTEM32\ntdll.dll
0x00007ffe003b0000 - 0x00007ffe0047b000 	C:\WINDOWS\System32\KERNEL32.DLL
0x00007ffdff6f0000 - 0x00007ffdffaf2000 	C:\WINDOWS\System32\KERNELBASE.dll
0x00007ffdff410000 - 0x00007ffdff55c000 	C:\WINDOWS\System32\ucrtbase.dll
0x00007ffd821c0000 - 0x00007ffd821d8000 	C:\Users\AJI\.vscode\extensions\redhat.java-1.56.0-win32-x64\jre\21.0.12.1-win32-x86_64\bin\jli.dll
0x00007ffdc0f00000 - 0x00007ffdc0f1e000 	C:\Users\AJI\.vscode\extensions\redhat.java-1.56.0-win32-x64\jre\21.0.12.1-win32-x86_64\bin\VCRUNTIME140.dll
0x00007ffe019a0000 - 0x00007ffe01b6f000 	C:\WINDOWS\System32\USER32.dll
0x00007ffddfe30000 - 0x00007ffde00c0000 	C:\WINDOWS\WinSxS\amd64_microsoft.windows.common-controls_6595b64144ccf1df_6.0.26100.9278_none_3e0d1ba8e3303201\COMCTL32.dll
0x00007ffdff570000 - 0x00007ffdff597000 	C:\WINDOWS\System32\win32u.dll
0x00007ffe018c0000 - 0x00007ffe01969000 	C:\WINDOWS\System32\msvcrt.dll
0x00007ffe01970000 - 0x00007ffe0199b000 	C:\WINDOWS\System32\GDI32.dll
0x00007ffdffc90000 - 0x00007ffdffdb9000 	C:\WINDOWS\System32\gdi32full.dll
0x00007ffdff360000 - 0x00007ffdff403000 	C:\WINDOWS\System32\msvcp_win.dll
0x00007ffe01b90000 - 0x00007ffe01bc1000 	C:\WINDOWS\System32\IMM32.DLL
0x00007ffdd7ca0000 - 0x00007ffdd7cac000 	C:\Users\AJI\.vscode\extensions\redhat.java-1.56.0-win32-x64\jre\21.0.12.1-win32-x86_64\bin\vcruntime140_1.dll
0x00007ffd7e7f0000 - 0x00007ffd7e87d000 	C:\Users\AJI\.vscode\extensions\redhat.java-1.56.0-win32-x64\jre\21.0.12.1-win32-x86_64\bin\msvcp140.dll
0x00007ffcef0f0000 - 0x00007ffcefe92000 	C:\Users\AJI\.vscode\extensions\redhat.java-1.56.0-win32-x64\jre\21.0.12.1-win32-x86_64\bin\server\jvm.dll
0x00007ffe002e0000 - 0x00007ffe0039c000 	C:\WINDOWS\System32\ADVAPI32.dll
0x00007ffe00230000 - 0x00007ffe002d9000 	C:\WINDOWS\System32\sechost.dll
0x00007ffdfff30000 - 0x00007ffe00048000 	C:\WINDOWS\System32\RPCRT4.dll
0x00007ffe01720000 - 0x00007ffe017a0000 	C:\WINDOWS\System32\WS2_32.dll
0x00007ffdff1c0000 - 0x00007ffdff21e000 	C:\WINDOWS\SYSTEM32\POWRPROF.dll
0x00007ffdfb560000 - 0x00007ffdfb596000 	C:\WINDOWS\SYSTEM32\WINMM.dll
0x00007ffdf5020000 - 0x00007ffdf502b000 	C:\WINDOWS\SYSTEM32\VERSION.dll
0x00007ffdff1a0000 - 0x00007ffdff1b5000 	C:\WINDOWS\SYSTEM32\UMPDC.dll
0x00007ffdfdf70000 - 0x00007ffdfdf8b000 	C:\WINDOWS\SYSTEM32\kernel.appcore.dll
0x00007ffdd7be0000 - 0x00007ffdd7bea000 	C:\Users\AJI\.vscode\extensions\redhat.java-1.56.0-win32-x64\jre\21.0.12.1-win32-x86_64\bin\jimage.dll
0x00007ffdfc940000 - 0x00007ffdfcb8c000 	C:\WINDOWS\SYSTEM32\DBGHELP.DLL
0x00007ffe00d20000 - 0x00007ffe010a5000 	C:\WINDOWS\System32\combase.dll
0x00007ffe011b0000 - 0x00007ffe01289000 	C:\WINDOWS\System32\OLEAUT32.dll
0x00007ffdde450000 - 0x00007ffdde48b000 	C:\WINDOWS\SYSTEM32\dbgcore.DLL
0x00007ffdffdc0000 - 0x00007ffdffe6c000 	C:\WINDOWS\System32\bcryptPrimitives.dll
0x00007ffdd70d0000 - 0x00007ffdd70df000 	C:\Users\AJI\.vscode\extensions\redhat.java-1.56.0-win32-x64\jre\21.0.12.1-win32-x86_64\bin\instrument.dll
0x00007ffd7fbb0000 - 0x00007ffd7fbd0000 	C:\Users\AJI\.vscode\extensions\redhat.java-1.56.0-win32-x64\jre\21.0.12.1-win32-x86_64\bin\java.dll
0x00007ffe00580000 - 0x00007ffe00d18000 	C:\WINDOWS\System32\SHELL32.dll
0x00007ffdfcd80000 - 0x00007ffdfd62e000 	C:\WINDOWS\SYSTEM32\windows.storage.dll
0x00007ffe01320000 - 0x00007ffe0141b000 	C:\WINDOWS\System32\SHCORE.dll
0x00007ffe010b0000 - 0x00007ffe01116000 	C:\WINDOWS\System32\shlwapi.dll
0x00007ffdff280000 - 0x00007ffdff2a9000 	C:\WINDOWS\SYSTEM32\profapi.dll
0x00007ffd7fb90000 - 0x00007ffd7fba8000 	C:\Users\AJI\.vscode\extensions\redhat.java-1.56.0-win32-x64\jre\21.0.12.1-win32-x86_64\bin\zip.dll
0x00007ffdd7b20000 - 0x00007ffdd7b30000 	C:\Users\AJI\.vscode\extensions\redhat.java-1.56.0-win32-x64\jre\21.0.12.1-win32-x86_64\bin\net.dll
0x00007ffdf8730000 - 0x00007ffdf885a000 	C:\WINDOWS\SYSTEM32\WINHTTP.dll
0x00007ffdfe5f0000 - 0x00007ffdfe65c000 	C:\WINDOWS\system32\mswsock.dll
0x00007ffd7e7d0000 - 0x00007ffd7e7e6000 	C:\Users\AJI\.vscode\extensions\redhat.java-1.56.0-win32-x64\jre\21.0.12.1-win32-x86_64\bin\nio.dll
0x00007ffdd1b60000 - 0x00007ffdd1b70000 	C:\Users\AJI\.vscode\extensions\redhat.java-1.56.0-win32-x64\jre\21.0.12.1-win32-x86_64\bin\verify.dll
0x00007ffd7fce0000 - 0x00007ffd7fd07000 	C:\Users\AJI\.gradle\native\1def1411415f61bf3af743bc5b6707747c0891f09f0c88961ee8f79bc544acac\windows-amd64\native-platform.dll
0x00007ffcf9e70000 - 0x00007ffcf9ee7000 	C:\Users\AJI\.gradle\native\0.2.8\x86_64-windows-gnu\gradle-fileevents.dll
0x00007ffdd17c0000 - 0x00007ffdd17ca000 	C:\Users\AJI\.vscode\extensions\redhat.java-1.56.0-win32-x64\jre\21.0.12.1-win32-x86_64\bin\management.dll
0x00007ffdd0ce0000 - 0x00007ffdd0cec000 	C:\Users\AJI\.vscode\extensions\redhat.java-1.56.0-win32-x64\jre\21.0.12.1-win32-x86_64\bin\management_ext.dll
0x00007ffe01b80000 - 0x00007ffe01b88000 	C:\WINDOWS\System32\PSAPI.DLL
0x00007ffdfd9b0000 - 0x00007ffdfd9e3000 	C:\WINDOWS\SYSTEM32\IPHLPAPI.DLL
0x00007ffdfff00000 - 0x00007ffdfff0a000 	C:\WINDOWS\System32\NSI.dll
0x00007ffdd0ba0000 - 0x00007ffdd0ba9000 	C:\Users\AJI\.vscode\extensions\redhat.java-1.56.0-win32-x64\jre\21.0.12.1-win32-x86_64\bin\extnet.dll
0x00007ffdfe8e0000 - 0x00007ffdfe8fb000 	C:\WINDOWS\SYSTEM32\CRYPTSP.dll
0x00007ffdfdf90000 - 0x00007ffdfdfc9000 	C:\WINDOWS\system32\rsaenh.dll
0x00007ffdfe6a0000 - 0x00007ffdfe6d4000 	C:\WINDOWS\SYSTEM32\USERENV.dll
0x00007ffdff250000 - 0x00007ffdff27a000 	C:\WINDOWS\SYSTEM32\bcrypt.dll
0x00007ffdfe900000 - 0x00007ffdfe90c000 	C:\WINDOWS\SYSTEM32\CRYPTBASE.dll
0x00007ffdd0640000 - 0x00007ffdd064e000 	C:\Users\AJI\.vscode\extensions\redhat.java-1.56.0-win32-x64\jre\21.0.12.1-win32-x86_64\bin\sunmscapi.dll
0x00007ffdffb00000 - 0x00007ffdffc7e000 	C:\WINDOWS\System32\CRYPT32.dll
0x00007ffdfeb20000 - 0x00007ffdfeb50000 	C:\WINDOWS\SYSTEM32\ncrypt.dll
0x00007ffdfead0000 - 0x00007ffdfeb0f000 	C:\WINDOWS\SYSTEM32\NTASN1.dll
0x00007ffdd4f00000 - 0x00007ffdd4f08000 	C:\WINDOWS\system32\wshunix.dll

JVMTI agents:
C:\Users\AJI\.gradle\wrapper\dists\gradle-9.1.0-all\7wzd0jkjit61aq2p43wpjgij9\gradle-9.1.0\lib\agents\gradle-instrumentation-agent-9.1.0.jar path:C:\Users\AJI\.vscode\extensions\redhat.java-1.56.0-win32-x64\jre\21.0.12.1-win32-x86_64\bin\instrument.dll, loaded, initialized, instrumentlib options:none

dbghelp: loaded successfully - version: 4.0.5 - missing functions: none
symbol engine: initialized successfully - sym options: 0x614 - pdb path: .;C:\Users\AJI\.vscode\extensions\redhat.java-1.56.0-win32-x64\jre\21.0.12.1-win32-x86_64\bin;C:\WINDOWS\SYSTEM32;C:\WINDOWS\WinSxS\amd64_microsoft.windows.common-controls_6595b64144ccf1df_6.0.26100.9278_none_3e0d1ba8e3303201;C:\Users\AJI\.vscode\extensions\redhat.java-1.56.0-win32-x64\jre\21.0.12.1-win32-x86_64\bin\server;C:\Users\AJI\.gradle\native\1def1411415f61bf3af743bc5b6707747c0891f09f0c88961ee8f79bc544acac\windows-amd64;C:\Users\AJI\.gradle\native\0.2.8\x86_64-windows-gnu

VM Arguments:
jvm_args: --add-opens=java.base/java.lang=ALL-UNNAMED --add-opens=java.base/java.lang.invoke=ALL-UNNAMED --add-opens=java.base/java.util=ALL-UNNAMED --add-opens=java.prefs/java.util.prefs=ALL-UNNAMED --add-exports=jdk.compiler/com.sun.tools.javac.api=ALL-UNNAMED --add-exports=jdk.compiler/com.sun.tools.javac.util=ALL-UNNAMED --add-opens=java.base/java.util=ALL-UNNAMED --add-opens=java.prefs/java.util.prefs=ALL-UNNAMED --add-opens=java.base/java.nio.charset=ALL-UNNAMED --add-opens=java.base/java.net=ALL-UNNAMED --add-opens=java.base/java.util.concurrent=ALL-UNNAMED --add-opens=java.base/java.util.concurrent.atomic=ALL-UNNAMED --add-opens=java.xml/javax.xml.namespace=ALL-UNNAMED --add-opens=java.base/java.time=ALL-UNNAMED -XX:MaxMetaspaceSize=4G -XX:ReservedCodeCacheSize=512m -XX:+HeapDumpOnOutOfMemoryError -Xmx8G -Dfile.encoding=UTF-8 -Duser.country=IN -Duser.language=en -Duser.variant -javaagent:C:\Users\AJI\.gradle\wrapper\dists\gradle-9.1.0-all\7wzd0jkjit61aq2p43wpjgij9\gradle-9.1.0\lib\agents\gradle-instrumentation-agent-9.1.0.jar 
java_command: org.gradle.launcher.daemon.bootstrap.GradleDaemon 9.1.0
java_class_path (initial): C:\Users\AJI\.gradle\wrapper\dists\gradle-9.1.0-all\7wzd0jkjit61aq2p43wpjgij9\gradle-9.1.0\lib\gradle-daemon-main-9.1.0.jar
Launcher Type: SUN_STANDARD

[Global flags]
     intx CICompilerCount                          = 12                                        {product} {ergonomic}
     uint ConcGCThreads                            = 4                                         {product} {ergonomic}
     uint G1ConcRefinementThreads                  = 15                                        {product} {ergonomic}
   size_t G1HeapRegionSize                         = 4194304                                   {product} {ergonomic}
    uintx GCDrainStackTargetSize                   = 64                                        {product} {ergonomic}
     bool HeapDumpOnOutOfMemoryError               = true                                   {manageable} {command line}
   size_t InitialHeapSize                          = 264241152                                 {product} {ergonomic}
   size_t MarkStackSize                            = 4194304                                   {product} {ergonomic}
   size_t MaxHeapSize                              = 8589934592                                {product} {command line}
   size_t MaxMetaspaceSize                         = 4294967296                                {product} {command line}
   size_t MaxNewSize                               = 5150605312                                {product} {ergonomic}
   size_t MinHeapDeltaBytes                        = 4194304                                   {product} {ergonomic}
   size_t MinHeapSize                              = 8388608                                   {product} {ergonomic}
    uintx NonNMethodCodeHeapSize                   = 7602480                                {pd product} {ergonomic}
    uintx NonProfiledCodeHeapSize                  = 264634216                              {pd product} {ergonomic}
    uintx ProfiledCodeHeapSize                     = 264634216                              {pd product} {ergonomic}
    uintx ReservedCodeCacheSize                    = 536870912                              {pd product} {command line}
     bool SegmentedCodeCache                       = true                                      {product} {ergonomic}
   size_t SoftMaxHeapSize                          = 8589934592                             {manageable} {ergonomic}
     bool UseCompressedOops                        = true                           {product lp64_product} {ergonomic}
     bool UseG1GC                                  = true                                      {product} {ergonomic}
     bool UseLargePagesIndividualAllocation        = false                                  {pd product} {ergonomic}

Logging:
Log output configuration:
 #0: stdout all=warning uptime,level,tags foldmultilines=false
 #1: stderr all=off uptime,level,tags foldmultilines=false

Release file:
JAVA_VERSION="21.0.12.1" 
MODULES="java.base java.compiler java.datatransfer java.xml java.prefs java.desktop java.instrument java.logging java.management java.security.sasl java.naming java.rmi java.management.rmi java.net.http java.scripting java.security.jgss java.transaction.xa java.sql java.sql.rowset java.xml.crypto java.se java.smartcardio jdk.accessibility jdk.internal.jvmstat jdk.attach jdk.charsets jdk.internal.opt jdk.zipfs jdk.compiler jdk.crypto.ec jdk.crypto.cryptoki jdk.crypto.mscapi jdk.dynalink jdk.internal.ed jdk.editpad jdk.hotspot.agent jdk.httpserver jdk.internal.le jdk.internal.vm.ci jdk.internal.vm.compiler jdk.internal.vm.compiler.management jdk.jartool jdk.javadoc jdk.jcmd jdk.management jdk.management.agent jdk.jconsole jdk.jdeps jdk.jdwp.agent jdk.jdi jdk.jfr jdk.jshell jdk.jsobject jdk.jstatd jdk.localedata jdk.management.jfr jdk.naming.dns jdk.naming.rmi jdk.net jdk.nio.mapmode jdk.random jdk.sctp jdk.security.auth jdk.security.jgss jdk.unsupported jdk.unsupported.desktop jdk.xml.dom" 

Environment Variables:
JAVA_HOME=C:\Program Files\Java\jdk-17
PATH=C:\Python314\Scripts\;C:\Python314\;C:\Program Files\Eclipse Adoptium\jdk-25.0.3.9-hotspot\bin;C:\Program Files\Microsoft\jdk-11.0.16.101-hotspot\bin;C:\WINDOWS\system32;C:\WINDOWS;C:\WINDOWS\System32\Wbem;C:\WINDOWS\System32\WindowsPowerShell\v1.0\;C:\WINDOWS\System32\OpenSSH\;C:\Program Files\dotnet\;C:\MinGW\bin;C:\ProgramData\chocolatey\bin;C:\Users\AJI\AppData\Local\Pub\Cache\bin;C:\Program Files\Java\jdk-17\bin;d:\cursor\resources\app\bin;C:\Users\AJI\develop\flutter\bin;C:\Users\AJI\.local\bin;D:\node\node_modules\npm\bin;D:\node\;C:\Program Files\nodejs\;C:\Program Files\nodejs\node_modules\npm\bin;C:\Users\AJI\Documents\MONGO\mongosh-2.9.2-win32-x64\bin;C:\xampp\php;C:\Program Files\Git\cmd;C:\Users\AJI\AppData\Local\Programs\Python\Python312\Scripts\;C:\Users\AJI\AppData\Local\Programs\Python\Python312\;C:\Users\AJI\.local\bin;C:\Users\AJI\AppData\Local\Microsoft\WindowsApps;D:\IntelliJ IDEA Community Edition 2023.1.5\bin;;C:\mingw64\bin;C:\Users\AJI\.dotnet\tools;C:\Users\AJI\Documents\flutter_windows_3.13.4-stable\flutter\bin;C:\Users\AJI\AppData\Local\Pub\Cache\bin;D:\flutter_pub_cache;C:\Users\AJI\AppData\Local\Android\Sdk;C:\Program Files\Java\jdk-17\bin;D:\rider\JetBrains Rider 2024.3.7\bin;;D:\Program Files\Microsoft VS Code\bin;D:\freelanceing\cursor\resources\app\bin;C:\Users\AJI\AppData\Local\Programs\Microsoft VS Code\bin;C:\Users\AJI\AppData\Local\Programs\cursor\resources\app\bin;C:\Users\AJI\AppData\Roaming\npm
USERNAME=AJI
OS=Windows_NT
PROCESSOR_IDENTIFIER=Intel64 Family 6 Model 154 Stepping 3, GenuineIntel
TMP=C:\Users\AJI\AppData\Local\Temp
TEMP=C:\Users\AJI\AppData\Local\Temp




Periodic native trim disabled

---------------  S Y S T E M  ---------------

OS:
 Windows 11 , 64 bit Build 26100 (10.0.26100.9444)
OS uptime: 0 days 0:14 hours
Hyper-V role detected

CPU: total 20 (initial active 20) (10 cores per cpu, 2 threads per core) family 6 model 154 stepping 3 microcode 0x43b, cx8, cmov, fxsr, ht, mmx, 3dnowpref, sse, sse2, sse3, ssse3, sse4.1, sse4.2, popcnt, lzcnt, tsc, tscinvbit, avx, avx2, aes, erms, clmul, bmi1, bmi2, adx, sha, fma, vzeroupper, clflush, clflushopt, clwb, hv, serialize, rdtscp, rdpid, fsrm, f16c, cet_ibt, cet_ss
Processor Information for processor 0
  Max Mhz: 2300, Current Mhz: 2300, Mhz Limit: 2300
Processor Information for processor 1
  Max Mhz: 2300, Current Mhz: 2300, Mhz Limit: 2300
Processor Information for processor 2
  Max Mhz: 2300, Current Mhz: 2300, Mhz Limit: 2300
Processor Information for processor 3
  Max Mhz: 2300, Current Mhz: 2300, Mhz Limit: 2300
Processor Information for processor 4
  Max Mhz: 2300, Current Mhz: 2300, Mhz Limit: 2300
Processor Information for processor 5
  Max Mhz: 2300, Current Mhz: 2300, Mhz Limit: 2300
Processor Information for processor 6
  Max Mhz: 2300, Current Mhz: 2300, Mhz Limit: 2300
Processor Information for processor 7
  Max Mhz: 2300, Current Mhz: 2300, Mhz Limit: 2300
Processor Information for processor 8
  Max Mhz: 2300, Current Mhz: 2300, Mhz Limit: 2300
Processor Information for processor 9
  Max Mhz: 2300, Current Mhz: 2300, Mhz Limit: 2300
Processor Information for processor 10
  Max Mhz: 2300, Current Mhz: 2300, Mhz Limit: 2300
Processor Information for processor 11
  Max Mhz: 2300, Current Mhz: 2300, Mhz Limit: 2300
Processor Information for processor 12
  Max Mhz: 2300, Current Mhz: 1488, Mhz Limit: 2300
Processor Information for processor 13
  Max Mhz: 2300, Current Mhz: 1488, Mhz Limit: 2300
Processor Information for processor 14
  Max Mhz: 2300, Current Mhz: 1488, Mhz Limit: 2300
Processor Information for processor 15
  Max Mhz: 2300, Current Mhz: 1488, Mhz Limit: 2300
Processor Information for processor 16
  Max Mhz: 2300, Current Mhz: 1488, Mhz Limit: 2300
Processor Information for processor 17
  Max Mhz: 2300, Current Mhz: 1488, Mhz Limit: 2300
Processor Information for processor 18
  Max Mhz: 2300, Current Mhz: 1488, Mhz Limit: 2300
Processor Information for processor 19
  Max Mhz: 2300, Current Mhz: 2300, Mhz Limit: 2300

Memory: 4k page, system-wide physical 16068M (739M free)
TotalPageFile size 65220M (AvailPageFile size 0M)
current process WorkingSet (physical memory assigned to process): 216M, peak: 220M
current process commit charge ("private bytes"): 420M, peak: 426M

vm_info: OpenJDK 64-Bit Server VM (21.0.12.1+1-LTS) for windows-amd64 JRE (21.0.12.1+1-LTS), built on 2026-08-18T00:00:00Z by "admin" with MS VC++ 17.12 (VS2022)

END.
