#
# There is insufficient memory for the Java Runtime Environment to continue.
# Native memory allocation (malloc) failed to allocate 204528 bytes. Error detail: Chunk::new
# Possible reasons:
#   The system is out of physical RAM or swap space
#   This process is running with CompressedOops enabled, and the Java Heap may be blocking the growth of the native heap
# Possible solutions:
#   Reduce memory load on the system
#   Increase physical memory or swap space
#   Check if swap backing store is full
#   Decrease Java heap size (-Xmx/-Xms)
#   Decrease number of Java threads
#   Decrease Java thread stack sizes (-Xss)
#   Set larger code cache with -XX:ReservedCodeCacheSize=
#   JVM is running with Zero Based Compressed Oops mode in which the Java heap is
#     placed in the first 32GB address space. The Java Heap base address is the
#     maximum limit for the native heap growth. Please use -XX:HeapBaseMinAddress
#     to set the Java Heap base and to place the Java Heap above 32GB virtual address.
# This output file may be truncated or incomplete.
#
#  Out of Memory Error (arena.cpp:168), pid=74948, tid=73808
#
# JRE version: OpenJDK Runtime Environment Temurin-21.0.12.1+1 (21.0.12.1+1) (build 21.0.12.1+1-LTS)
# Java VM: OpenJDK 64-Bit Server VM Temurin-21.0.12.1+1 (21.0.12.1+1-LTS, mixed mode, sharing, tiered, compressed oops, compressed class ptrs, g1 gc, windows-amd64)
# No core dump will be written. Minidumps are not enabled by default on client versions of Windows
#

---------------  S U M M A R Y ------------

Command Line: --add-opens=java.base/java.lang=ALL-UNNAMED --add-opens=java.base/java.lang.invoke=ALL-UNNAMED --add-opens=java.base/java.util=ALL-UNNAMED --add-opens=java.prefs/java.util.prefs=ALL-UNNAMED --add-exports=jdk.compiler/com.sun.tools.javac.api=ALL-UNNAMED --add-exports=jdk.compiler/com.sun.tools.javac.util=ALL-UNNAMED --add-opens=java.base/java.util=ALL-UNNAMED --add-opens=java.prefs/java.util.prefs=ALL-UNNAMED --add-opens=java.base/java.nio.charset=ALL-UNNAMED --add-opens=java.base/java.net=ALL-UNNAMED --add-opens=java.base/java.util.concurrent=ALL-UNNAMED --add-opens=java.base/java.util.concurrent.atomic=ALL-UNNAMED --add-opens=java.xml/javax.xml.namespace=ALL-UNNAMED --add-opens=java.base/java.time=ALL-UNNAMED -XX:MaxMetaspaceSize=4G -XX:ReservedCodeCacheSize=512m -XX:+HeapDumpOnOutOfMemoryError -Xmx8G -Dfile.encoding=UTF-8 -Duser.country=IN -Duser.language=en -Duser.variant -javaagent:C:\Users\AJI\.gradle\wrapper\dists\gradle-9.1.0-all\7wzd0jkjit61aq2p43wpjgij9\gradle-9.1.0\lib\agents\gradle-instrumentation-agent-9.1.0.jar org.gradle.launcher.daemon.bootstrap.GradleDaemon 9.1.0

Host: 12th Gen Intel(R) Core(TM) i7-12700H, 20 cores, 15G,  Windows 11 , 64 bit Build 26100 (10.0.26100.9444)
Time: Thu Sep 17 09:15:14 2026 India Standard Time elapsed time: 23.354502 seconds (0d 0h 0m 23s)

---------------  T H R E A D  ---------------

Current thread (0x0000017f2c47b620):  JavaThread "C2 CompilerThread0" daemon [_thread_in_native, id=73808, stack(0x00000022aed00000,0x00000022aee00000) (1024K)]


Current CompileTask:
C2:23354 4516       4       java.io.BufferedInputStream::implRead (112 bytes)

Stack: [0x00000022aed00000,0x00000022aee00000]
Native frames: (J=compiled Java code, j=interpreted, Vv=VM code, C=native code)
V  [jvm.dll+0x6d83e9]
V  [jvm.dll+0x8b5736]
V  [jvm.dll+0x8b7cee]
V  [jvm.dll+0x8b83d3]
V  [jvm.dll+0x284596]
V  [jvm.dll+0xc685d]
V  [jvm.dll+0xc6da1]
V  [jvm.dll+0x3bf18b]
V  [jvm.dll+0x38b6d2]
V  [jvm.dll+0x38ab1a]
V  [jvm.dll+0x24c700]
V  [jvm.dll+0x24bce0]
V  [jvm.dll+0x1cb4ae]
V  [jvm.dll+0x25baad]
V  [jvm.dll+0x25a03a]
V  [jvm.dll+0x3f8aae]
V  [jvm.dll+0x8600cd]
V  [jvm.dll+0x6d6c1d]
C  [ucrtbase.dll+0x2cd30]
C  [KERNEL32.DLL+0x2cd87]
C  [ntdll.dll+0xacaec]


---------------  P R O C E S S  ---------------

Threads class SMR info:
_java_thread_list=0x0000017f7b249fb0, length=33, elements={
0x0000017f7b2305a0, 0x0000017f2c4630e0, 0x0000017f2c464a60, 0x0000017f2c46f2d0,
0x0000017f2c46fd30, 0x0000017f2c4715e0, 0x0000017f2c475180, 0x0000017f2c47b620,
0x0000017f2c4a1510, 0x0000017f2c6324b0, 0x0000017f2c711700, 0x0000017f72a85e10,
0x0000017f735beda0, 0x0000017f739e9280, 0x0000017f73847c40, 0x0000017f7383e0b0,
0x0000017f738714d0, 0x0000017f738ade40, 0x0000017f739f56a0, 0x0000017f739f5d30,
0x0000017f739f3c60, 0x0000017f739f42f0, 0x0000017f739f35d0, 0x0000017f739f6a50,
0x0000017f739f4980, 0x0000017f74ecc7f0, 0x0000017f74ecc160, 0x0000017f74ecb440,
0x0000017f74ec9370, 0x0000017f74ecce80, 0x0000017f74ec9a00, 0x0000017f74ecadb0,
0x0000017f74ecd510
}

Java Threads: ( => current thread )
  0x0000017f7b2305a0 JavaThread "main"                              [_thread_blocked, id=73184, stack(0x00000022adf00000,0x00000022ae000000) (1024K)]
  0x0000017f2c4630e0 JavaThread "Reference Handler"          daemon [_thread_blocked, id=73832, stack(0x00000022ae700000,0x00000022ae800000) (1024K)]
  0x0000017f2c464a60 JavaThread "Finalizer"                  daemon [_thread_blocked, id=24432, stack(0x00000022ae800000,0x00000022ae900000) (1024K)]
  0x0000017f2c46f2d0 JavaThread "Signal Dispatcher"          daemon [_thread_blocked, id=36940, stack(0x00000022ae900000,0x00000022aea00000) (1024K)]
  0x0000017f2c46fd30 JavaThread "Attach Listener"            daemon [_thread_blocked, id=74220, stack(0x00000022aea00000,0x00000022aeb00000) (1024K)]
  0x0000017f2c4715e0 JavaThread "Service Thread"             daemon [_thread_blocked, id=73672, stack(0x00000022aeb00000,0x00000022aec00000) (1024K)]
  0x0000017f2c475180 JavaThread "Monitor Deflation Thread"   daemon [_thread_blocked, id=74184, stack(0x00000022aec00000,0x00000022aed00000) (1024K)]
=>0x0000017f2c47b620 JavaThread "C2 CompilerThread0"         daemon [_thread_in_native, id=73808, stack(0x00000022aed00000,0x00000022aee00000) (1024K)]
  0x0000017f2c4a1510 JavaThread "C1 CompilerThread0"         daemon [_thread_in_native, id=73660, stack(0x00000022aee00000,0x00000022aef00000) (1024K)]
  0x0000017f2c6324b0 JavaThread "Common-Cleaner"             daemon [_thread_blocked, id=74660, stack(0x00000022aef00000,0x00000022af000000) (1024K)]
  0x0000017f2c711700 JavaThread "Notification Thread"        daemon [_thread_blocked, id=74124, stack(0x00000022af000000,0x00000022af100000) (1024K)]
  0x0000017f72a85e10 JavaThread "Daemon health stats"               [_thread_blocked, id=73192, stack(0x00000022af600000,0x00000022af700000) (1024K)]
  0x0000017f735beda0 JavaThread "Incoming local TCP Connector on port 8275"        [_thread_in_native, id=31980, stack(0x00000022af700000,0x00000022af800000) (1024K)]
  0x0000017f739e9280 JavaThread "Daemon periodic checks"            [_thread_blocked, id=67592, stack(0x00000022af800000,0x00000022af900000) (1024K)]
  0x0000017f73847c40 JavaThread "Daemon"                            [_thread_blocked, id=76808, stack(0x00000022af900000,0x00000022afa00000) (1024K)]
  0x0000017f7383e0b0 JavaThread "Handler for socket connection from /127.0.0.1:8275 to /127.0.0.1:8277"        [_thread_in_native, id=76816, stack(0x00000022afa00000,0x00000022afb00000) (1024K)]
  0x0000017f738714d0 JavaThread "Cancel handler"                    [_thread_blocked, id=76860, stack(0x00000022b0300000,0x00000022b0400000) (1024K)]
  0x0000017f738ade40 JavaThread "Daemon worker"                     [_thread_in_vm, id=76872, stack(0x00000022b0400000,0x00000022b0500000) (1024K)]
  0x0000017f739f56a0 JavaThread "Asynchronous log dispatcher for DefaultDaemonConnection: socket connection from /127.0.0.1:8275 to /127.0.0.1:8277"        [_thread_blocked, id=76880, stack(0x00000022b0500000,0x00000022b0600000) (1024K)]
  0x0000017f739f5d30 JavaThread "Stdin handler"                     [_thread_blocked, id=76908, stack(0x00000022b0600000,0x00000022b0700000) (1024K)]
  0x0000017f739f3c60 JavaThread "Daemon client event forwarder"        [_thread_blocked, id=76920, stack(0x00000022b0700000,0x00000022b0800000) (1024K)]
  0x0000017f739f42f0 JavaThread "Cache worker for journal cache (C:\Users\AJI\.gradle\caches\journal-1)"        [_thread_blocked, id=77280, stack(0x00000022b0800000,0x00000022b0900000) (1024K)]
  0x0000017f739f35d0 JavaThread "File lock request listener"        [_thread_in_native, id=77284, stack(0x00000022b0900000,0x00000022b0a00000) (1024K)]
  0x0000017f739f6a50 JavaThread "File lock release action executor"        [_thread_blocked, id=77644, stack(0x00000022b0a00000,0x00000022b0b00000) (1024K)]
  0x0000017f739f4980 JavaThread "Cache worker for file hash cache (C:\Users\AJI\.gradle\caches\9.1.0\fileHashes)"        [_thread_blocked, id=77672, stack(0x00000022b0b00000,0x00000022b0c00000) (1024K)]
  0x0000017f74ecc7f0 JavaThread "Cache worker for file hash cache (C:\Users\AJI\Documents\Gostriders\gostriders\android\.gradle\9.1.0\fileHashes)"        [_thread_blocked, id=59616, stack(0x00000022b1000000,0x00000022b1100000) (1024K)]
  0x0000017f74ecc160 JavaThread "Cache worker for Build Output Cleanup Cache (C:\Users\AJI\Documents\Gostriders\gostriders\android\.gradle\buildOutputCleanup)"        [_thread_blocked, id=77336, stack(0x00000022b1100000,0x00000022b1200000) (1024K)]
  0x0000017f74ecb440 JavaThread "File watcher server"        daemon [_thread_in_native, id=57004, stack(0x00000022b1200000,0x00000022b1300000) (1024K)]
  0x0000017f74ec9370 JavaThread "File watcher consumer"      daemon [_thread_blocked, id=56908, stack(0x00000022b1300000,0x00000022b1400000) (1024K)]
  0x0000017f74ecce80 JavaThread "Cache worker for checksums cache (C:\Users\AJI\Documents\Gostriders\gostriders\android\.gradle\9.1.0\checksums)"        [_thread_blocked, id=77688, stack(0x00000022b1400000,0x00000022b1500000) (1024K)]
  0x0000017f74ec9a00 JavaThread "Cache worker for file content cache (C:\Users\AJI\.gradle\caches\9.1.0\fileContent)"        [_thread_blocked, id=67908, stack(0x00000022b1500000,0x00000022b1600000) (1024K)]
  0x0000017f74ecadb0 JavaThread "Cache worker for cache directory md-supplier (C:\Users\AJI\.gradle\caches\9.1.0\md-supplier)"        [_thread_blocked, id=28084, stack(0x00000022b1600000,0x00000022b1700000) (1024K)]
  0x0000017f74ecd510 JavaThread "Cache worker for cache directory md-rule (C:\Users\AJI\.gradle\caches\9.1.0\md-rule)"        [_thread_blocked, id=74624, stack(0x00000022b1700000,0x00000022b1800000) (1024K)]
Total: 33

Other Threads:
  0x0000017f2c44a1b0 VMThread "VM Thread"                           [id=5796, stack(0x00000022ae600000,0x00000022ae700000) (1024K)]
  0x0000017f7f409c60 WatcherThread "VM Periodic Task Thread"        [id=73828, stack(0x00000022ae500000,0x00000022ae600000) (1024K)]
  0x0000017f7b2dcd90 WorkerThread "GC Thread#0"                     [id=66168, stack(0x00000022ae000000,0x00000022ae100000) (1024K)]
  0x0000017f2c74f520 WorkerThread "GC Thread#1"                     [id=36980, stack(0x00000022af100000,0x00000022af200000) (1024K)]
  0x0000017f7201c3d0 WorkerThread "GC Thread#2"                     [id=2652, stack(0x00000022af200000,0x00000022af300000) (1024K)]
  0x0000017f7201c780 WorkerThread "GC Thread#3"                     [id=3144, stack(0x00000022af300000,0x00000022af400000) (1024K)]
  0x0000017f2c77a2f0 WorkerThread "GC Thread#4"                     [id=74180, stack(0x00000022af400000,0x00000022af500000) (1024K)]
  0x0000017f2c77a6a0 WorkerThread "GC Thread#5"                     [id=30380, stack(0x00000022af500000,0x00000022af600000) (1024K)]
  0x0000017f73700eb0 WorkerThread "GC Thread#6"                     [id=76820, stack(0x00000022afb00000,0x00000022afc00000) (1024K)]
  0x0000017f73861810 WorkerThread "GC Thread#7"                     [id=76824, stack(0x00000022afc00000,0x00000022afd00000) (1024K)]
  0x0000017f736fd810 WorkerThread "GC Thread#8"                     [id=76828, stack(0x00000022afd00000,0x00000022afe00000) (1024K)]
  0x0000017f736fd460 WorkerThread "GC Thread#9"                     [id=76832, stack(0x00000022afe00000,0x00000022aff00000) (1024K)]
  0x0000017f736fea80 WorkerThread "GC Thread#10"                    [id=76836, stack(0x00000022aff00000,0x00000022b0000000) (1024K)]
  0x0000017f736fdbc0 WorkerThread "GC Thread#11"                    [id=76840, stack(0x00000022b0000000,0x00000022b0100000) (1024K)]
  0x0000017f736fdf70 WorkerThread "GC Thread#12"                    [id=76844, stack(0x00000022b0100000,0x00000022b0200000) (1024K)]
  0x0000017f736fe320 WorkerThread "GC Thread#13"                    [id=76848, stack(0x00000022b0200000,0x00000022b0300000) (1024K)]
  0x0000017f74cf8e10 WorkerThread "GC Thread#14"                    [id=55172, stack(0x00000022b0c00000,0x00000022b0d00000) (1024K)]
  0x0000017f7b2eeb10 ConcurrentGCThread "G1 Main Marker"            [id=73136, stack(0x00000022ae100000,0x00000022ae200000) (1024K)]
  0x0000017f7f210e70 WorkerThread "G1 Conc#0"                       [id=73160, stack(0x00000022ae200000,0x00000022ae300000) (1024K)]
  0x0000017f74cf5e20 WorkerThread "G1 Conc#1"                       [id=60712, stack(0x00000022b0d00000,0x00000022b0e00000) (1024K)]
  0x0000017f74cf61d0 WorkerThread "G1 Conc#2"                       [id=50948, stack(0x00000022b0e00000,0x00000022b0f00000) (1024K)]
  0x0000017f74cf8a60 WorkerThread "G1 Conc#3"                       [id=73700, stack(0x00000022b0f00000,0x00000022b1000000) (1024K)]
  0x0000017f7f2d4870 ConcurrentGCThread "G1 Refine#0"               [id=73140, stack(0x00000022ae300000,0x00000022ae400000) (1024K)]
  0x0000017f7f2d61b0 ConcurrentGCThread "G1 Service"                [id=73156, stack(0x00000022ae400000,0x00000022ae500000) (1024K)]
Total: 24

Threads with active compile tasks:
C2 CompilerThread0  23435 4516       4       java.io.BufferedInputStream::implRead (112 bytes)
Total: 1

VM state: not at safepoint (normal execution)

VM Mutex/Monitor currently owned by a thread: None

Heap address: 0x0000000600000000, size: 8192 MB, Compressed Oops mode: Zero based, Oop shift amount: 3

CDS archive(s) mapped at: [0x0000017f2d000000-0x0000017f2dba0000-0x0000017f2dba0000), size 12189696, SharedBaseAddress: 0x0000017f2d000000, ArchiveRelocationMode: 1.
Compressed class space mapped at: 0x0000017f2e000000-0x0000017f6e000000, reserved size: 1073741824
Narrow klass base: 0x0000017f2d000000, Narrow klass shift: 0, Narrow klass range: 0x100000000

GC Precious Log:
 CardTable entry size: 512
 Card Set container configuration: InlinePtr #cards 4 size 8 Array Of Cards #cards 32 size 80 Howl #buckets 8 coarsen threshold 7372 Howl Bitmap #cards 1024 size 144 coarsen threshold 921 Card regions per heap region 1 cards per card region 8192
 CPUs: 20 total, 20 available
 Memory: 16068M
 Large Page Support: Disabled
 NUMA Support: Disabled
 Compressed Oops: Enabled (Zero based)
 Heap Region Size: 4M
 Heap Min Capacity: 8M
 Heap Initial Capacity: 252M
 Heap Max Capacity: 8G
 Pre-touch: Disabled
 Parallel Workers: 15
 Concurrent Workers: 4
 Concurrent Refinement Workers: 15
 Periodic GC: Disabled

Heap:
 garbage-first heap   total 110592K, used 67082K [0x0000000600000000, 0x0000000800000000)
  region size 4096K, 12 young (49152K), 2 survivors (8192K)
 Metaspace       used 36814K, committed 38208K, reserved 1114112K
  class space    used 5297K, committed 5952K, reserved 1048576K

Heap Regions: E=young(eden), S=young(survivor), O=old, HS=humongous(starts), HC=humongous(continues), CS=collection set, F=free, TAMS=top-at-mark-start, PB=parsable bottom
|   0|0x0000000600000000, 0x0000000600400000, 0x0000000600400000|100%|HS|  |TAMS 0x0000000600000000| PB 0x0000000600000000| Complete 
|   1|0x0000000600400000, 0x0000000600800000, 0x0000000600800000|100%| O|  |TAMS 0x0000000600400000| PB 0x0000000600400000| Untracked 
|   2|0x0000000600800000, 0x0000000600800000, 0x0000000600c00000|  0%| F|  |TAMS 0x0000000600800000| PB 0x0000000600800000| Untracked 
|   3|0x0000000600c00000, 0x0000000600ec0198, 0x0000000601000000| 68%| O|Cm|TAMS 0x0000000600c00000| PB 0x0000000600c00000| Complete 
|   4|0x0000000601000000, 0x0000000601000000, 0x0000000601400000|  0%| F|  |TAMS 0x0000000601000000| PB 0x0000000601000000| Untracked 
|   5|0x0000000601400000, 0x0000000601400000, 0x0000000601800000|  0%| F|  |TAMS 0x0000000601400000| PB 0x0000000601400000| Untracked 
|   6|0x0000000601800000, 0x0000000601800000, 0x0000000601c00000|  0%| F|  |TAMS 0x0000000601800000| PB 0x0000000601800000| Untracked 
|   7|0x0000000601c00000, 0x0000000601c00000, 0x0000000602000000|  0%| F|  |TAMS 0x0000000601c00000| PB 0x0000000601c00000| Untracked 
|   8|0x0000000602000000, 0x0000000602000000, 0x0000000602400000|  0%| F|  |TAMS 0x0000000602000000| PB 0x0000000602000000| Untracked 
|   9|0x0000000602400000, 0x0000000602400000, 0x0000000602800000|  0%| F|  |TAMS 0x0000000602400000| PB 0x0000000602400000| Untracked 
|  10|0x0000000602800000, 0x0000000602800000, 0x0000000602c00000|  0%| F|  |TAMS 0x0000000602800000| PB 0x0000000602800000| Untracked 
|  11|0x0000000602c00000, 0x0000000602c00000, 0x0000000603000000|  0%| F|  |TAMS 0x0000000602c00000| PB 0x0000000602c00000| Untracked 
|  12|0x0000000603000000, 0x00000006033add10, 0x0000000603400000| 91%| E|  |TAMS 0x0000000603000000| PB 0x0000000603000000| Complete 
|  13|0x0000000603400000, 0x0000000603800000, 0x0000000603800000|100%| E|CS|TAMS 0x0000000603400000| PB 0x0000000603400000| Complete 
|  14|0x0000000603800000, 0x0000000603c00000, 0x0000000603c00000|100%| E|CS|TAMS 0x0000000603800000| PB 0x0000000603800000| Complete 
|  15|0x0000000603c00000, 0x0000000604000000, 0x0000000604000000|100%| E|CS|TAMS 0x0000000603c00000| PB 0x0000000603c00000| Complete 
|  16|0x0000000604000000, 0x0000000604400000, 0x0000000604400000|100%| E|CS|TAMS 0x0000000604000000| PB 0x0000000604000000| Complete 
|  17|0x0000000604400000, 0x0000000604800000, 0x0000000604800000|100%| E|CS|TAMS 0x0000000604400000| PB 0x0000000604400000| Complete 
|  18|0x0000000604800000, 0x0000000604c00000, 0x0000000604c00000|100%| E|CS|TAMS 0x0000000604800000| PB 0x0000000604800000| Complete 
|  19|0x0000000604c00000, 0x0000000605000000, 0x0000000605000000|100%| E|CS|TAMS 0x0000000604c00000| PB 0x0000000604c00000| Complete 
|  20|0x0000000605000000, 0x0000000605400000, 0x0000000605400000|100%| E|CS|TAMS 0x0000000605000000| PB 0x0000000605000000| Complete 
|  40|0x000000060a000000, 0x000000060a2c27d8, 0x000000060a400000| 68%| S|CS|TAMS 0x000000060a000000| PB 0x000000060a000000| Complete 
|  44|0x000000060b000000, 0x000000060b400000, 0x000000060b400000|100%| S|CS|TAMS 0x000000060b000000| PB 0x000000060b000000| Complete 
|  62|0x000000060f800000, 0x000000060fc00000, 0x000000060fc00000|100%| E|CS|TAMS 0x000000060f800000| PB 0x000000060f800000| Complete 
|2045|0x00000007ff400000, 0x00000007ff800000, 0x00000007ff800000|100%| O|  |TAMS 0x00000007ff400000| PB 0x00000007ff400000| Untracked 
|2046|0x00000007ff800000, 0x00000007ffc00000, 0x00000007ffc00000|100%| O|  |TAMS 0x00000007ff800000| PB 0x00000007ff800000| Untracked 
|2047|0x00000007ffc00000, 0x0000000800000000, 0x0000000800000000|100%| O|  |TAMS 0x00000007ffc00000| PB 0x00000007ffc00000| Untracked 

Card table byte_map: [0x0000017f21000000,0x0000017f22000000] _byte_map_base: 0x0000017f1e000000

Marking Bits: (CMBitMap*) 0x0000017f7b2dd3b0
 Bits: [0x0000017f22000000, 0x0000017f2a000000)

Polling page: 0x0000017f79070000

Metaspace:

Usage:
  Non-class:     30.78 MB used.
      Class:      5.17 MB used.
       Both:     35.95 MB used.

Virtual space:
  Non-class space:       64.00 MB reserved,      31.50 MB ( 49%) committed,  1 nodes.
      Class space:        1.00 GB reserved,       5.81 MB ( <1%) committed,  1 nodes.
             Both:        1.06 GB reserved,      37.31 MB (  3%) committed. 

Chunk freelists:
   Non-Class:  360.00 KB
       Class:  10.06 MB
        Both:  10.42 MB

MaxMetaspaceSize: 4.00 GB
CompressedClassSpaceSize: 1.00 GB
Initial GC threshold: 21.00 MB
Current GC threshold: 59.19 MB
CDS: on
 - commit_granule_bytes: 65536.
 - commit_granule_words: 8192.
 - virtual_space_node_default_size: 8388608.
 - enlarge_chunks_in_place: 1.
 - use_allocation_guard: 0.


Internal statistics:

num_allocs_failed_limit: 9.
num_arena_births: 2476.
num_arena_deaths: 0.
num_vsnodes_births: 2.
num_vsnodes_deaths: 0.
num_space_committed: 597.
num_space_uncommitted: 0.
num_chunks_returned_to_freelist: 9.
num_chunks_taken_from_freelist: 4188.
num_chunk_merges: 6.
num_chunk_splits: 2745.
num_chunks_enlarged: 1717.
num_inconsistent_stats: 0.

CodeHeap 'non-profiled nmethods': size=258432Kb used=2188Kb max_used=2353Kb free=256243Kb
 bounds [0x0000017f103a0000, 0x0000017f10610000, 0x0000017f20000000]
CodeHeap 'profiled nmethods': size=258368Kb used=7824Kb max_used=8576Kb free=250543Kb
 bounds [0x0000017f00000000, 0x0000017f00870000, 0x0000017f0fc50000]
CodeHeap 'non-nmethods': size=7488Kb used=1822Kb max_used=1844Kb free=5665Kb
 bounds [0x0000017f0fc50000, 0x0000017f0fec0000, 0x0000017f103a0000]
CodeCache: size=524288Kb, used=11834Kb, max_used=12773Kb, free=512451Kb
 total_blobs=4730, nmethods=4037, adapters=597, full_count=0
Compilation: enabled, stopped_count=0, restarted_count=0

Compilation events (20 events):
Event: 23.327 Thread 0x0000017f2c4a1510 4523       3       org.gradle.internal.snapshot.VfsRelativePath::hasPrefix (15 bytes)
Event: 23.327 Thread 0x0000017f2c4a1510 nmethod 4523 0x0000017f00091090 code [0x0000017f00091240, 0x0000017f00091390]
Event: 23.332 Thread 0x0000017f2c4a1510 4526       1       com.google.common.cache.LocalCache$StrongEntry::getValueReference (5 bytes)
Event: 23.332 Thread 0x0000017f2c4a1510 nmethod 4526 0x0000017f1042a510 code [0x0000017f1042a6a0, 0x0000017f1042a770]
Event: 23.334 Thread 0x0000017f2c47b620 nmethod 4509 0x0000017f1043a890 code [0x0000017f1043ac00, 0x0000017f1043ceb8]
Event: 23.335 Thread 0x0000017f2c4a1510 4527       3       org.gradle.cache.internal.btree.BTreePersistentIndexedCache$IndexEntry::compareTo (9 bytes)
Event: 23.335 Thread 0x0000017f2c47b620 4516       4       java.io.BufferedInputStream::implRead (112 bytes)
Event: 23.335 Thread 0x0000017f2c4a1510 nmethod 4527 0x0000017f00186010 code [0x0000017f001861e0, 0x0000017f00186530]
Event: 23.335 Thread 0x0000017f2c4a1510 4529       3       java.lang.invoke.VarHandleReferences$FieldInstanceReadWrite::weakCompareAndSet (48 bytes)
Event: 23.335 Thread 0x0000017f2c4a1510 nmethod 4529 0x0000017f00372d90 code [0x0000017f00373000, 0x0000017f003739a8]
Event: 23.335 Thread 0x0000017f2c4a1510 4530       1       com.google.common.cache.LocalCache$StrongEntry::getHash (5 bytes)
Event: 23.335 Thread 0x0000017f2c4a1510 nmethod 4530 0x0000017f1043a590 code [0x0000017f1043a720, 0x0000017f1043a7e8]
Event: 23.335 Thread 0x0000017f2c4a1510 4528       3       org.gradle.cache.internal.btree.BTreePersistentIndexedCache$IndexEntry::compareTo (30 bytes)
Event: 23.336 Thread 0x0000017f2c4a1510 nmethod 4528 0x0000017f004efc10 code [0x0000017f004efdc0, 0x0000017f004effb0]
Event: 23.336 Thread 0x0000017f2c4a1510 4531       1       com.google.common.cache.CacheBuilder$3::read (2 bytes)
Event: 23.336 Thread 0x0000017f2c4a1510 nmethod 4531 0x0000017f1043a290 code [0x0000017f1043a420, 0x0000017f1043a4f0]
Event: 23.337 Thread 0x0000017f2c4a1510 4532       3       org.gradle.internal.snapshot.VfsRelativePath::<init> (15 bytes)
Event: 23.337 Thread 0x0000017f2c4a1510 nmethod 4532 0x0000017f0004d710 code [0x0000017f0004d8c0, 0x0000017f0004da90]
Event: 23.341 Thread 0x0000017f2c4a1510 4534       1       com.google.common.cache.LocalCache$StrongAccessEntry::setNextInAccessQueue (6 bytes)
Event: 23.341 Thread 0x0000017f2c4a1510 nmethod 4534 0x0000017f103af610 code [0x0000017f103af7a0, 0x0000017f103af8b8]

GC Heap History (14 events):
Event: 1.222 GC heap before
{Heap before GC invocations=0 (full 0):
 garbage-first heap   total 258048K, used 20480K [0x0000000600000000, 0x0000000800000000)
  region size 4096K, 5 young (20480K), 0 survivors (0K)
 Metaspace       used 882K, committed 1024K, reserved 1114112K
  class space    used 71K, committed 128K, reserved 1048576K
}
Event: 1.229 GC heap after
{Heap after GC invocations=1 (full 0):
 garbage-first heap   total 258048K, used 1600K [0x0000000600000000, 0x0000000800000000)
  region size 4096K, 1 young (4096K), 1 survivors (4096K)
 Metaspace       used 882K, committed 1024K, reserved 1114112K
  class space    used 71K, committed 128K, reserved 1048576K
}
Event: 2.466 GC heap before
{Heap before GC invocations=1 (full 0):
 garbage-first heap   total 258048K, used 46656K [0x0000000600000000, 0x0000000800000000)
  region size 4096K, 11 young (45056K), 1 survivors (4096K)
 Metaspace       used 4622K, committed 4800K, reserved 1114112K
  class space    used 584K, committed 704K, reserved 1048576K
}
Event: 2.471 GC heap after
{Heap after GC invocations=2 (full 0):
 garbage-first heap   total 258048K, used 11600K [0x0000000600000000, 0x0000000800000000)
  region size 4096K, 2 young (8192K), 2 survivors (8192K)
 Metaspace       used 4622K, committed 4800K, reserved 1114112K
  class space    used 584K, committed 704K, reserved 1048576K
}
Event: 3.799 GC heap before
{Heap before GC invocations=2 (full 0):
 garbage-first heap   total 258048K, used 81232K [0x0000000600000000, 0x0000000800000000)
  region size 4096K, 19 young (77824K), 2 survivors (8192K)
 Metaspace       used 10366K, committed 10688K, reserved 1114112K
  class space    used 1403K, committed 1536K, reserved 1048576K
}
Event: 3.807 GC heap after
{Heap after GC invocations=3 (full 0):
 garbage-first heap   total 258048K, used 19835K [0x0000000600000000, 0x0000000800000000)
  region size 4096K, 3 young (12288K), 3 survivors (12288K)
 Metaspace       used 10366K, committed 10688K, reserved 1114112K
  class space    used 1403K, committed 1536K, reserved 1048576K
}
Event: 12.713 GC heap before
{Heap before GC invocations=3 (full 0):
 garbage-first heap   total 258048K, used 85371K [0x0000000600000000, 0x0000000800000000)
  region size 4096K, 21 young (86016K), 3 survivors (12288K)
 Metaspace       used 20887K, committed 21504K, reserved 1114112K
  class space    used 2898K, committed 3200K, reserved 1048576K
}
Event: 12.721 GC heap after
{Heap after GC invocations=4 (full 0):
 garbage-first heap   total 258048K, used 23623K [0x0000000600000000, 0x0000000800000000)
  region size 4096K, 4 young (16384K), 4 survivors (16384K)
 Metaspace       used 20887K, committed 21504K, reserved 1114112K
  class space    used 2898K, committed 3200K, reserved 1048576K
}
Event: 16.247 GC heap before
{Heap before GC invocations=5 (full 0):
 garbage-first heap   total 98304K, used 93255K [0x0000000600000000, 0x0000000800000000)
  region size 4096K, 21 young (86016K), 4 survivors (16384K)
 Metaspace       used 29513K, committed 30656K, reserved 1114112K
  class space    used 4288K, committed 4864K, reserved 1048576K
}
Event: 16.303 GC heap after
{Heap after GC invocations=6 (full 0):
 garbage-first heap   total 118784K, used 27203K [0x0000000600000000, 0x0000000800000000)
  region size 4096K, 2 young (8192K), 2 survivors (8192K)
 Metaspace       used 29513K, committed 30656K, reserved 1114112K
  class space    used 4288K, committed 4864K, reserved 1048576K
}
Event: 17.756 GC heap before
{Heap before GC invocations=6 (full 0):
 garbage-first heap   total 118784K, used 64067K [0x0000000600000000, 0x0000000800000000)
  region size 4096K, 12 young (49152K), 2 survivors (8192K)
 Metaspace       used 34684K, committed 35968K, reserved 1114112K
  class space    used 4962K, committed 5568K, reserved 1048576K
}
Event: 17.765 GC heap after
{Heap after GC invocations=7 (full 0):
 garbage-first heap   total 118784K, used 30161K [0x0000000600000000, 0x0000000800000000)
  region size 4096K, 2 young (8192K), 2 survivors (8192K)
 Metaspace       used 34684K, committed 35968K, reserved 1114112K
  class space    used 4962K, committed 5568K, reserved 1048576K
}
Event: 17.794 GC heap before
{Heap before GC invocations=7 (full 0):
 garbage-first heap   total 118784K, used 30161K [0x0000000600000000, 0x0000000800000000)
  region size 4096K, 3 young (12288K), 2 survivors (8192K)
 Metaspace       used 34905K, committed 36288K, reserved 1114112K
  class space    used 4982K, committed 5696K, reserved 1048576K
}
Event: 17.812 GC heap after
{Heap after GC invocations=8 (full 0):
 garbage-first heap   total 118784K, used 30218K [0x0000000600000000, 0x0000000800000000)
  region size 4096K, 2 young (8192K), 2 survivors (8192K)
 Metaspace       used 34905K, committed 36288K, reserved 1114112K
  class space    used 4982K, committed 5696K, reserved 1048576K
}

Dll operation events (20 events):
Event: 0.433 Attempting to load shared library C:\Users\AJI\.vscode\extensions\redhat.java-1.56.0-win32-x64\jre\21.0.12.1-win32-x86_64\bin\nio.dll
Event: 0.434 Loaded shared library C:\Users\AJI\.vscode\extensions\redhat.java-1.56.0-win32-x64\jre\21.0.12.1-win32-x86_64\bin\nio.dll
Event: 0.441 Attempting to load shared library C:\Users\AJI\.vscode\extensions\redhat.java-1.56.0-win32-x64\jre\21.0.12.1-win32-x86_64\bin\zip.dll
Event: 0.441 Loaded shared library C:\Users\AJI\.vscode\extensions\redhat.java-1.56.0-win32-x64\jre\21.0.12.1-win32-x86_64\bin\zip.dll
Event: 1.256 Attempting to load shared library C:\Users\AJI\.vscode\extensions\redhat.java-1.56.0-win32-x64\jre\21.0.12.1-win32-x86_64\bin\jimage.dll
Event: 1.256 Loaded shared library C:\Users\AJI\.vscode\extensions\redhat.java-1.56.0-win32-x64\jre\21.0.12.1-win32-x86_64\bin\jimage.dll
Event: 1.659 Attempting to load shared library C:\Users\AJI\.vscode\extensions\redhat.java-1.56.0-win32-x64\jre\21.0.12.1-win32-x86_64\bin\verify.dll
Event: 1.666 Loaded shared library C:\Users\AJI\.vscode\extensions\redhat.java-1.56.0-win32-x64\jre\21.0.12.1-win32-x86_64\bin\verify.dll
Event: 1.710 Attempting to load shared library C:\Users\AJI\.gradle\native\1def1411415f61bf3af743bc5b6707747c0891f09f0c88961ee8f79bc544acac\windows-amd64\native-platform.dll
Event: 1.711 Loaded shared library C:\Users\AJI\.gradle\native\1def1411415f61bf3af743bc5b6707747c0891f09f0c88961ee8f79bc544acac\windows-amd64\native-platform.dll
Event: 1.733 Attempting to load shared library C:\Users\AJI\.gradle\native\0.2.8\x86_64-windows-gnu\gradle-fileevents.dll
Event: 1.735 Loaded shared library C:\Users\AJI\.gradle\native\0.2.8\x86_64-windows-gnu\gradle-fileevents.dll
Event: 3.246 Attempting to load shared library C:\Users\AJI\.vscode\extensions\redhat.java-1.56.0-win32-x64\jre\21.0.12.1-win32-x86_64\bin\management.dll
Event: 3.246 Loaded shared library C:\Users\AJI\.vscode\extensions\redhat.java-1.56.0-win32-x64\jre\21.0.12.1-win32-x86_64\bin\management.dll
Event: 3.249 Attempting to load shared library C:\Users\AJI\.vscode\extensions\redhat.java-1.56.0-win32-x64\jre\21.0.12.1-win32-x86_64\bin\management_ext.dll
Event: 3.250 Loaded shared library C:\Users\AJI\.vscode\extensions\redhat.java-1.56.0-win32-x64\jre\21.0.12.1-win32-x86_64\bin\management_ext.dll
Event: 3.434 Attempting to load shared library C:\Users\AJI\.vscode\extensions\redhat.java-1.56.0-win32-x64\jre\21.0.12.1-win32-x86_64\bin\extnet.dll
Event: 3.435 Loaded shared library C:\Users\AJI\.vscode\extensions\redhat.java-1.56.0-win32-x64\jre\21.0.12.1-win32-x86_64\bin\extnet.dll
Event: 3.721 Attempting to load shared library C:\Users\AJI\.vscode\extensions\redhat.java-1.56.0-win32-x64\jre\21.0.12.1-win32-x86_64\bin\sunmscapi.dll
Event: 3.726 Loaded shared library C:\Users\AJI\.vscode\extensions\redhat.java-1.56.0-win32-x64\jre\21.0.12.1-win32-x86_64\bin\sunmscapi.dll

Deoptimization events (20 events):
Event: 23.210 Thread 0x0000017f739f4980 Uncommon trap: trap_request=0xffffffc6 fr.pc=0x0000017f104fbd54 relative=0x00000000000008f4
Event: 23.210 Thread 0x0000017f739f4980 Uncommon trap: reason=bimorphic_or_optimized_type_check action=maybe_recompile pc=0x0000017f104fbd54 method=java.io.DataInputStream.readFully([BII)V @ 30 c2
Event: 23.210 Thread 0x0000017f739f4980 DEOPT PACKING pc=0x0000017f104fbd54 sp=0x00000022b0bfe3e0
Event: 23.210 Thread 0x0000017f739f4980 DEOPT UNPACKING pc=0x0000017f0fca4422 sp=0x00000022b0bfe398 mode 2
Event: 23.216 Thread 0x0000017f739f4980 Uncommon trap: trap_request=0xffffffc6 fr.pc=0x0000017f105d2d78 relative=0x0000000000000bf8
Event: 23.216 Thread 0x0000017f739f4980 Uncommon trap: reason=bimorphic_or_optimized_type_check action=maybe_recompile pc=0x0000017f105d2d78 method=java.io.BufferedInputStream.implRead([BII)I @ 100 c2
Event: 23.216 Thread 0x0000017f739f4980 DEOPT PACKING pc=0x0000017f105d2d78 sp=0x00000022b0bfe2f0
Event: 23.216 Thread 0x0000017f739f4980 DEOPT UNPACKING pc=0x0000017f0fca4422 sp=0x00000022b0bfe2b8 mode 2
Event: 23.266 Thread 0x0000017f739f4980 Uncommon trap: trap_request=0xffffffc6 fr.pc=0x0000017f105d2d78 relative=0x0000000000000bf8
Event: 23.266 Thread 0x0000017f739f4980 Uncommon trap: reason=bimorphic_or_optimized_type_check action=maybe_recompile pc=0x0000017f105d2d78 method=java.io.BufferedInputStream.implRead([BII)I @ 100 c2
Event: 23.266 Thread 0x0000017f739f4980 DEOPT PACKING pc=0x0000017f105d2d78 sp=0x00000022b0bfe310
Event: 23.266 Thread 0x0000017f739f4980 DEOPT UNPACKING pc=0x0000017f0fca4422 sp=0x00000022b0bfe2d8 mode 2
Event: 23.277 Thread 0x0000017f739f4980 Uncommon trap: trap_request=0xffffffc6 fr.pc=0x0000017f105d2d78 relative=0x0000000000000bf8
Event: 23.277 Thread 0x0000017f739f4980 Uncommon trap: reason=bimorphic_or_optimized_type_check action=maybe_recompile pc=0x0000017f105d2d78 method=java.io.BufferedInputStream.implRead([BII)I @ 100 c2
Event: 23.277 Thread 0x0000017f739f4980 DEOPT PACKING pc=0x0000017f105d2d78 sp=0x00000022b0bfe450
Event: 23.277 Thread 0x0000017f739f4980 DEOPT UNPACKING pc=0x0000017f0fca4422 sp=0x00000022b0bfe418 mode 2
Event: 23.282 Thread 0x0000017f739f4980 Uncommon trap: trap_request=0xffffffc6 fr.pc=0x0000017f105d2d78 relative=0x0000000000000bf8
Event: 23.282 Thread 0x0000017f739f4980 Uncommon trap: reason=bimorphic_or_optimized_type_check action=maybe_recompile pc=0x0000017f105d2d78 method=java.io.BufferedInputStream.implRead([BII)I @ 100 c2
Event: 23.282 Thread 0x0000017f739f4980 DEOPT PACKING pc=0x0000017f105d2d78 sp=0x00000022b0bfe450
Event: 23.282 Thread 0x0000017f739f4980 DEOPT UNPACKING pc=0x0000017f0fca4422 sp=0x00000022b0bfe418 mode 2

Classes loaded (20 events):
Event: 17.947 Loading class sun/nio/fs/WindowsChannelFactory
Event: 17.948 Loading class sun/nio/fs/WindowsChannelFactory done
Event: 17.948 Loading class sun/nio/fs/WindowsChannelFactory$1
Event: 17.948 Loading class sun/nio/fs/WindowsChannelFactory$1 done
Event: 17.948 Loading class sun/nio/fs/WindowsChannelFactory$Flags
Event: 17.948 Loading class sun/nio/fs/WindowsChannelFactory$Flags done
Event: 17.948 Loading class sun/nio/fs/WindowsChannelFactory$2
Event: 17.948 Loading class sun/nio/fs/WindowsChannelFactory$2 done
Event: 17.948 Loading class sun/nio/fs/WindowsException
Event: 17.949 Loading class sun/nio/fs/WindowsException done
Event: 17.949 Loading class java/nio/file/FileAlreadyExistsException
Event: 17.949 Loading class java/nio/file/FileAlreadyExistsException done
Event: 17.962 Loading class java/nio/file/AccessMode
Event: 17.962 Loading class java/nio/file/AccessMode done
Event: 18.009 Loading class java/util/Collections$SynchronizedRandomAccessList
Event: 18.009 Loading class java/util/Collections$SynchronizedList
Event: 18.010 Loading class java/util/Collections$SynchronizedList done
Event: 18.010 Loading class java/util/Collections$SynchronizedRandomAccessList done
Event: 23.222 Loading class java/nio/charset/CharacterCodingException
Event: 23.222 Loading class java/nio/charset/CharacterCodingException done

Classes unloaded (0 events):
No events

Classes redefined (0 events):
No events

Internal exceptions (20 events):
Event: 17.887 Thread 0x0000017f738ade40 Exception <a 'java/lang/ClassNotFoundException'{0x000000060f8f07b8}: groovy/lang/ExpandoMetaClassCustomizer> (0x000000060f8f07b8) 
thrown [s\src\hotspot\share\classfile\systemDictionary.cpp, line 313]
Event: 17.913 Thread 0x0000017f738ade40 Exception <a 'java/lang/ClassNotFoundException'{0x000000060f97d1e0}: org/gradle/internal/extensibility/DefaultExtraPropertiesExtensionBeanInfo> (0x000000060f97d1e0) 
thrown [s\src\hotspot\share\classfile\systemDictionary.cpp, line 313]
Event: 17.914 Thread 0x0000017f738ade40 Exception <a 'java/lang/ClassNotFoundException'{0x000000060f986068}: groovy/lang/GroovyObjectSupportBeanInfo> (0x000000060f986068) 
thrown [s\src\hotspot\share\classfile\systemDictionary.cpp, line 313]
Event: 17.914 Thread 0x0000017f738ade40 Exception <a 'java/lang/ClassNotFoundException'{0x000000060f98eef8}: groovy/lang/GroovyObjectSupportCustomizer> (0x000000060f98eef8) 
thrown [s\src\hotspot\share\classfile\systemDictionary.cpp, line 313]
Event: 17.918 Thread 0x0000017f738ade40 Exception <a 'java/lang/ClassNotFoundException'{0x000000060f9a9c78}: org/gradle/internal/extensibility/DefaultExtraPropertiesExtensionCustomizer> (0x000000060f9a9c78) 
thrown [s\src\hotspot\share\classfile\systemDictionary.cpp, line 313]
Event: 17.924 Thread 0x0000017f738ade40 Exception <a 'java/lang/IncompatibleClassChangeError'{0x000000060f9c7690}: Found class java.lang.Object, but interface was expected> (0x000000060f9c7690) 
thrown [s\src\hotspot\share\interpreter\linkResolver.cpp, line 840]
Event: 17.949 Thread 0x0000017f738ade40 Exception <a 'sun/nio/fs/WindowsException'{0x000000060fa8c9b0}> (0x000000060fa8c9b0) 
thrown [s\src\hotspot\share\prims\jni.cpp, line 520]
Event: 17.963 Thread 0x0000017f738ade40 Exception <a 'sun/nio/fs/WindowsException'{0x000000060fa8e6e0}> (0x000000060fa8e6e0) 
thrown [s\src\hotspot\share\prims\jni.cpp, line 520]
Event: 17.963 Thread 0x0000017f738ade40 Exception <a 'sun/nio/fs/WindowsException'{0x000000060fa8fb88}> (0x000000060fa8fb88) 
thrown [s\src\hotspot\share\prims\jni.cpp, line 520]
Event: 17.964 Thread 0x0000017f738ade40 Exception <a 'sun/nio/fs/WindowsException'{0x000000060fa91060}> (0x000000060fa91060) 
thrown [s\src\hotspot\share\prims\jni.cpp, line 520]
Event: 17.997 Thread 0x0000017f738ade40 Exception <a 'java/lang/NoSuchMethodError'{0x000000060fb946b8}: 'java.lang.Object java.lang.invoke.Invokers$Holder.invoker(java.lang.Object, java.lang.Object, java.lang.Object, java.lang.Object, java.lang.Object, java.lang.Object)'> (0x000000060fb946b8) 
thrown [s\src\hotspot\share\interpreter\linkResolver.cpp, line 773]
Event: 19.224 Thread 0x0000017f738ade40 Exception <a 'java/lang/NoSuchMethodError'{0x000000060505f9a0}: 'java.lang.Object java.lang.invoke.Invokers$Holder.invoker(java.lang.Object, java.lang.Object, java.lang.Object, java.lang.Object, java.lang.Object, java.lang.Object, java.lang.Object, java.lang.Object, java.lang.Object, java.lang.Object, java.lang.Object, java.lang.Object, java.lang.Object, java.lang.Object, java.lang.Object, java.lang.Object, java.lang.Object, java.lang.Object, java.lang.Object, java.lang.Object, java.lang.Object, java.lang.
Event: 19.225 Thread 0x0000017f738ade40 Exception <a 'java/lang/NoSuchMethodError'{0x00000006050662b8}: 'java.lang.Object java.lang.invoke.DelegatingMethodHandle$Holder.delegate(java.lang.Object, java.lang.Object, java.lang.Object, java.lang.Object, java.lang.Object, java.lang.Object, java.lang.Object, java.lang.Object, java.lang.Object, java.lang.Object, java.lang.Object, java.lang.Object, java.lang.Object, java.lang.Object, java.lang.Object, java.lang.Object, java.lang.Object, java.lang.Object, java.lang.Object, java.lang.Object, java.lang.Obj
Event: 19.288 Thread 0x0000017f738ade40 Exception <a 'java/lang/NoSuchMethodError'{0x0000000605344930}: 'java.lang.Object java.lang.invoke.DirectMethodHandle$Holder.newInvokeSpecial(java.lang.Object, java.lang.Object, java.lang.Object, java.lang.Object, java.lang.Object, java.lang.Object, int)'> (0x0000000605344930) 
thrown [s\src\hotspot\share\interpreter\linkResolver.cpp, line 773]
Event: 19.288 Thread 0x0000017f738ade40 Exception <a 'java/lang/NoSuchMethodError'{0x00000006053498b8}: 'java.lang.Object java.lang.invoke.DirectMethodHandle$Holder.invokeSpecial(java.lang.Object, java.lang.Object, java.lang.Object, java.lang.Object, java.lang.Object, java.lang.Object, java.lang.Object, int)'> (0x00000006053498b8) 
thrown [s\src\hotspot\share\interpreter\linkResolver.cpp, line 773]
Event: 19.446 Thread 0x0000017f738ade40 Exception <a 'java/lang/IncompatibleClassChangeError'{0x0000000603674bc8}: Found class java.lang.Object, but interface was expected> (0x0000000603674bc8) 
thrown [s\src\hotspot\share\interpreter\linkResolver.cpp, line 840]
Event: 19.468 Thread 0x0000017f738ade40 Exception <a 'java/lang/NoSuchMethodError'{0x000000060374ad70}: 'java.lang.Object java.lang.invoke.DirectMethodHandle$Holder.newInvokeSpecial(java.lang.Object, java.lang.Object, long)'> (0x000000060374ad70) 
thrown [s\src\hotspot\share\interpreter\linkResolver.cpp, line 773]
Event: 19.468 Thread 0x0000017f738ade40 Exception <a 'java/lang/NoSuchMethodError'{0x000000060374f608}: 'java.lang.Object java.lang.invoke.Invokers$Holder.linkToTargetMethod(java.lang.Object, long, java.lang.Object)'> (0x000000060374f608) 
thrown [s\src\hotspot\share\interpreter\linkResolver.cpp, line 773]
Event: 23.210 Thread 0x0000017f739f4980 Implicit null exception at 0x0000017f104fd0cf to 0x0000017f104fd484
Event: 23.262 Thread 0x0000017f738ade40 Exception <a 'java/lang/NoSuchMethodError'{0x00000006030c8240}: 'int java.lang.invoke.DirectMethodHandle$Holder.invokeInterface(java.lang.Object, java.lang.Object)'> (0x00000006030c8240) 
thrown [s\src\hotspot\share\interpreter\linkResolver.cpp, line 773]

ZGC Phase Switch (0 events):
No events

VM Operations (20 events):
Event: 17.826 Executing safepoint VM operation: G1PauseRemark
Event: 17.830 Executing safepoint VM operation: G1PauseRemark done
Event: 17.833 Executing safepoint VM operation: G1PauseCleanup
Event: 17.833 Executing safepoint VM operation: G1PauseCleanup done
Event: 17.950 Executing non-safepoint VM operation: HandshakeAllThreads (Deoptimize)
Event: 17.962 Executing non-safepoint VM operation: HandshakeAllThreads (Deoptimize) done
Event: 18.968 Executing safepoint VM operation: Cleanup
Event: 18.968 Executing safepoint VM operation: Cleanup done
Event: 19.451 Executing non-safepoint VM operation: HandshakeAllThreads (Deoptimize)
Event: 19.451 Executing non-safepoint VM operation: HandshakeAllThreads (Deoptimize) done
Event: 20.463 Executing safepoint VM operation: Cleanup
Event: 20.464 Executing safepoint VM operation: Cleanup done
Event: 21.464 Executing safepoint VM operation: Cleanup
Event: 21.464 Executing safepoint VM operation: Cleanup done
Event: 22.468 Executing safepoint VM operation: Cleanup
Event: 22.483 Executing safepoint VM operation: Cleanup done
Event: 23.206 Executing non-safepoint VM operation: HandshakeAllThreads (Deoptimize)
Event: 23.206 Executing non-safepoint VM operation: HandshakeAllThreads (Deoptimize) done
Event: 23.208 Executing non-safepoint VM operation: HandshakeAllThreads (Deoptimize)
Event: 23.208 Executing non-safepoint VM operation: HandshakeAllThreads (Deoptimize) done

Memory protections (0 events):
No events

Nmethod flushes (20 events):
Event: 17.829 Thread 0x0000017f2c44a1b0 flushing  nmethod 0x0000017f00004090
Event: 17.829 Thread 0x0000017f2c44a1b0 flushing  nmethod 0x0000017f00004e90
Event: 17.829 Thread 0x0000017f2c44a1b0 flushing  nmethod 0x0000017f00074510
Event: 17.829 Thread 0x0000017f2c44a1b0 flushing  nmethod 0x0000017f00074d90
Event: 17.829 Thread 0x0000017f2c44a1b0 flushing  nmethod 0x0000017f00075e90
Event: 17.829 Thread 0x0000017f2c44a1b0 flushing  nmethod 0x0000017f00076d10
Event: 17.829 Thread 0x0000017f2c44a1b0 flushing  nmethod 0x0000017f00079190
Event: 17.829 Thread 0x0000017f2c44a1b0 flushing  nmethod 0x0000017f00079710
Event: 17.829 Thread 0x0000017f2c44a1b0 flushing  nmethod 0x0000017f00079e90
Event: 17.829 Thread 0x0000017f2c44a1b0 flushing  nmethod 0x0000017f0007a390
Event: 17.829 Thread 0x0000017f2c44a1b0 flushing  nmethod 0x0000017f000ad910
Event: 17.829 Thread 0x0000017f2c44a1b0 flushing  nmethod 0x0000017f000adf90
Event: 17.829 Thread 0x0000017f2c44a1b0 flushing  nmethod 0x0000017f000ae390
Event: 17.829 Thread 0x0000017f2c44a1b0 flushing  nmethod 0x0000017f000b1490
Event: 17.829 Thread 0x0000017f2c44a1b0 flushing  nmethod 0x0000017f000b2110
Event: 17.829 Thread 0x0000017f2c44a1b0 flushing  nmethod 0x0000017f000b2910
Event: 17.829 Thread 0x0000017f2c44a1b0 flushing  nmethod 0x0000017f00372d90
Event: 17.829 Thread 0x0000017f2c44a1b0 flushing  nmethod 0x0000017f00373790
Event: 17.829 Thread 0x0000017f2c44a1b0 flushing  nmethod 0x0000017f00378c10
Event: 17.829 Thread 0x0000017f2c44a1b0 flushing  nmethod 0x0000017f003df310

Events (20 events):
Event: 3.712 Thread 0x0000017f7b2305a0 Thread added: 0x0000017f739e9280
Event: 3.781 Thread 0x0000017f735beda0 Thread added: 0x0000017f73847c40
Event: 3.785 Thread 0x0000017f73847c40 Thread added: 0x0000017f7383e0b0
Event: 3.833 Thread 0x0000017f73847c40 Thread added: 0x0000017f738714d0
Event: 3.850 Thread 0x0000017f73847c40 Thread added: 0x0000017f738ade40
Event: 3.864 Thread 0x0000017f738ade40 Thread added: 0x0000017f739f56a0
Event: 3.872 Thread 0x0000017f738ade40 Thread added: 0x0000017f739f5d30
Event: 3.881 Thread 0x0000017f738ade40 Thread added: 0x0000017f739f3c60
Event: 4.456 Thread 0x0000017f738ade40 Thread added: 0x0000017f739f42f0
Event: 4.464 Thread 0x0000017f738ade40 Thread added: 0x0000017f739f35d0
Event: 4.886 Thread 0x0000017f739f35d0 Thread added: 0x0000017f739f6a50
Event: 4.915 Thread 0x0000017f738ade40 Thread added: 0x0000017f739f4980
Event: 13.419 Thread 0x0000017f738ade40 Thread added: 0x0000017f74ecc7f0
Event: 13.473 Thread 0x0000017f738ade40 Thread added: 0x0000017f74ecc160
Event: 14.251 Thread 0x0000017f738ade40 Thread added: 0x0000017f74ecb440
Event: 14.277 Thread 0x0000017f738ade40 Thread added: 0x0000017f74ec9370
Event: 15.748 Thread 0x0000017f738ade40 Thread added: 0x0000017f74ecce80
Event: 15.927 Thread 0x0000017f738ade40 Thread added: 0x0000017f74ec9a00
Event: 16.641 Thread 0x0000017f738ade40 Thread added: 0x0000017f74ecadb0
Event: 16.800 Thread 0x0000017f738ade40 Thread added: 0x0000017f74ecd510


Dynamic libraries:
0x00007ff79bf90000 - 0x00007ff79bf9e000 	C:\Users\AJI\.vscode\extensions\redhat.java-1.56.0-win32-x64\jre\21.0.12.1-win32-x86_64\bin\java.exe
0x00007ffe02160000 - 0x00007ffe023c7000 	C:\WINDOWS\SYSTEM32\ntdll.dll
0x00007ffe003b0000 - 0x00007ffe0047b000 	C:\WINDOWS\System32\KERNEL32.DLL
0x00007ffdff6f0000 - 0x00007ffdffaf2000 	C:\WINDOWS\System32\KERNELBASE.dll
0x00007ffdff410000 - 0x00007ffdff55c000 	C:\WINDOWS\System32\ucrtbase.dll
0x00007ffd821c0000 - 0x00007ffd821d8000 	C:\Users\AJI\.vscode\extensions\redhat.java-1.56.0-win32-x64\jre\21.0.12.1-win32-x86_64\bin\jli.dll
0x00007ffe019a0000 - 0x00007ffe01b6f000 	C:\WINDOWS\System32\USER32.dll
0x00007ffdc0f00000 - 0x00007ffdc0f1e000 	C:\Users\AJI\.vscode\extensions\redhat.java-1.56.0-win32-x64\jre\21.0.12.1-win32-x86_64\bin\VCRUNTIME140.dll
0x00007ffddfe30000 - 0x00007ffde00c0000 	C:\WINDOWS\WinSxS\amd64_microsoft.windows.common-controls_6595b64144ccf1df_6.0.26100.9278_none_3e0d1ba8e3303201\COMCTL32.dll
0x00007ffe018c0000 - 0x00007ffe01969000 	C:\WINDOWS\System32\msvcrt.dll
0x00007ffe01970000 - 0x00007ffe0199b000 	C:\WINDOWS\System32\GDI32.dll
0x00007ffdff570000 - 0x00007ffdff597000 	C:\WINDOWS\System32\win32u.dll
0x00007ffdffc90000 - 0x00007ffdffdb9000 	C:\WINDOWS\System32\gdi32full.dll
0x00007ffdff360000 - 0x00007ffdff403000 	C:\WINDOWS\System32\msvcp_win.dll
0x00007ffe01b90000 - 0x00007ffe01bc1000 	C:\WINDOWS\System32\IMM32.DLL
0x00007ffdd7ca0000 - 0x00007ffdd7cac000 	C:\Users\AJI\.vscode\extensions\redhat.java-1.56.0-win32-x64\jre\21.0.12.1-win32-x86_64\bin\vcruntime140_1.dll
0x00007ffd7e7f0000 - 0x00007ffd7e87d000 	C:\Users\AJI\.vscode\extensions\redhat.java-1.56.0-win32-x64\jre\21.0.12.1-win32-x86_64\bin\msvcp140.dll
0x00007ffcef0f0000 - 0x00007ffcefe92000 	C:\Users\AJI\.vscode\extensions\redhat.java-1.56.0-win32-x64\jre\21.0.12.1-win32-x86_64\bin\server\jvm.dll
0x00007ffe002e0000 - 0x00007ffe0039c000 	C:\WINDOWS\System32\ADVAPI32.dll
0x00007ffe00230000 - 0x00007ffe002d9000 	C:\WINDOWS\System32\sechost.dll
0x00007ffdfff30000 - 0x00007ffe00048000 	C:\WINDOWS\System32\RPCRT4.dll
0x00007ffe01720000 - 0x00007ffe017a0000 	C:\WINDOWS\System32\WS2_32.dll
0x00007ffdff1c0000 - 0x00007ffdff21e000 	C:\WINDOWS\SYSTEM32\POWRPROF.dll
0x00007ffdfb560000 - 0x00007ffdfb596000 	C:\WINDOWS\SYSTEM32\WINMM.dll
0x00007ffdf5020000 - 0x00007ffdf502b000 	C:\WINDOWS\SYSTEM32\VERSION.dll
0x00007ffdff1a0000 - 0x00007ffdff1b5000 	C:\WINDOWS\SYSTEM32\UMPDC.dll
0x00007ffdfdf70000 - 0x00007ffdfdf8b000 	C:\WINDOWS\SYSTEM32\kernel.appcore.dll
0x00007ffdd7be0000 - 0x00007ffdd7bea000 	C:\Users\AJI\.vscode\extensions\redhat.java-1.56.0-win32-x64\jre\21.0.12.1-win32-x86_64\bin\jimage.dll
0x00007ffdfc940000 - 0x00007ffdfcb8c000 	C:\WINDOWS\SYSTEM32\DBGHELP.DLL
0x00007ffe00d20000 - 0x00007ffe010a5000 	C:\WINDOWS\System32\combase.dll
0x00007ffe011b0000 - 0x00007ffe01289000 	C:\WINDOWS\System32\OLEAUT32.dll
0x00007ffdde450000 - 0x00007ffdde48b000 	C:\WINDOWS\SYSTEM32\dbgcore.DLL
0x00007ffdffdc0000 - 0x00007ffdffe6c000 	C:\WINDOWS\System32\bcryptPrimitives.dll
0x00007ffdd70d0000 - 0x00007ffdd70df000 	C:\Users\AJI\.vscode\extensions\redhat.java-1.56.0-win32-x64\jre\21.0.12.1-win32-x86_64\bin\instrument.dll
0x00007ffd7fbb0000 - 0x00007ffd7fbd0000 	C:\Users\AJI\.vscode\extensions\redhat.java-1.56.0-win32-x64\jre\21.0.12.1-win32-x86_64\bin\java.dll
0x00007ffe00580000 - 0x00007ffe00d18000 	C:\WINDOWS\System32\SHELL32.dll
0x00007ffdfcd80000 - 0x00007ffdfd62e000 	C:\WINDOWS\SYSTEM32\windows.storage.dll
0x00007ffe01320000 - 0x00007ffe0141b000 	C:\WINDOWS\System32\SHCORE.dll
0x00007ffe010b0000 - 0x00007ffe01116000 	C:\WINDOWS\System32\shlwapi.dll
0x00007ffdff280000 - 0x00007ffdff2a9000 	C:\WINDOWS\SYSTEM32\profapi.dll
0x00007ffd7fb90000 - 0x00007ffd7fba8000 	C:\Users\AJI\.vscode\extensions\redhat.java-1.56.0-win32-x64\jre\21.0.12.1-win32-x86_64\bin\zip.dll
0x00007ffdd7b20000 - 0x00007ffdd7b30000 	C:\Users\AJI\.vscode\extensions\redhat.java-1.56.0-win32-x64\jre\21.0.12.1-win32-x86_64\bin\net.dll
0x00007ffdf8730000 - 0x00007ffdf885a000 	C:\WINDOWS\SYSTEM32\WINHTTP.dll
0x00007ffdfe5f0000 - 0x00007ffdfe65c000 	C:\WINDOWS\system32\mswsock.dll
0x00007ffd7e7d0000 - 0x00007ffd7e7e6000 	C:\Users\AJI\.vscode\extensions\redhat.java-1.56.0-win32-x64\jre\21.0.12.1-win32-x86_64\bin\nio.dll
0x00007ffdd1b60000 - 0x00007ffdd1b70000 	C:\Users\AJI\.vscode\extensions\redhat.java-1.56.0-win32-x64\jre\21.0.12.1-win32-x86_64\bin\verify.dll
0x00007ffd7fce0000 - 0x00007ffd7fd07000 	C:\Users\AJI\.gradle\native\1def1411415f61bf3af743bc5b6707747c0891f09f0c88961ee8f79bc544acac\windows-amd64\native-platform.dll
0x00007ffcf9e70000 - 0x00007ffcf9ee7000 	C:\Users\AJI\.gradle\native\0.2.8\x86_64-windows-gnu\gradle-fileevents.dll
0x00007ffdd17c0000 - 0x00007ffdd17ca000 	C:\Users\AJI\.vscode\extensions\redhat.java-1.56.0-win32-x64\jre\21.0.12.1-win32-x86_64\bin\management.dll
0x00007ffdd0ce0000 - 0x00007ffdd0cec000 	C:\Users\AJI\.vscode\extensions\redhat.java-1.56.0-win32-x64\jre\21.0.12.1-win32-x86_64\bin\management_ext.dll
0x00007ffe01b80000 - 0x00007ffe01b88000 	C:\WINDOWS\System32\PSAPI.DLL
0x00007ffdfd9b0000 - 0x00007ffdfd9e3000 	C:\WINDOWS\SYSTEM32\IPHLPAPI.DLL
0x00007ffdfff00000 - 0x00007ffdfff0a000 	C:\WINDOWS\System32\NSI.dll
0x00007ffdd0ba0000 - 0x00007ffdd0ba9000 	C:\Users\AJI\.vscode\extensions\redhat.java-1.56.0-win32-x64\jre\21.0.12.1-win32-x86_64\bin\extnet.dll
0x00007ffdfe8e0000 - 0x00007ffdfe8fb000 	C:\WINDOWS\SYSTEM32\CRYPTSP.dll
0x00007ffdfdf90000 - 0x00007ffdfdfc9000 	C:\WINDOWS\system32\rsaenh.dll
0x00007ffdfe6a0000 - 0x00007ffdfe6d4000 	C:\WINDOWS\SYSTEM32\USERENV.dll
0x00007ffdff250000 - 0x00007ffdff27a000 	C:\WINDOWS\SYSTEM32\bcrypt.dll
0x00007ffdfe900000 - 0x00007ffdfe90c000 	C:\WINDOWS\SYSTEM32\CRYPTBASE.dll
0x00007ffdd0640000 - 0x00007ffdd064e000 	C:\Users\AJI\.vscode\extensions\redhat.java-1.56.0-win32-x64\jre\21.0.12.1-win32-x86_64\bin\sunmscapi.dll
0x00007ffdffb00000 - 0x00007ffdffc7e000 	C:\WINDOWS\System32\CRYPT32.dll
0x00007ffdfeb20000 - 0x00007ffdfeb50000 	C:\WINDOWS\SYSTEM32\ncrypt.dll
0x00007ffdfead0000 - 0x00007ffdfeb0f000 	C:\WINDOWS\SYSTEM32\NTASN1.dll
0x00007ffdd4f00000 - 0x00007ffdd4f08000 	C:\WINDOWS\system32\wshunix.dll

JVMTI agents:
C:\Users\AJI\.gradle\wrapper\dists\gradle-9.1.0-all\7wzd0jkjit61aq2p43wpjgij9\gradle-9.1.0\lib\agents\gradle-instrumentation-agent-9.1.0.jar path:C:\Users\AJI\.vscode\extensions\redhat.java-1.56.0-win32-x64\jre\21.0.12.1-win32-x86_64\bin\instrument.dll, loaded, initialized, instrumentlib options:none

dbghelp: loaded successfully - version: 4.0.5 - missing functions: none
symbol engine: initialized successfully - sym options: 0x614 - pdb path: .;C:\Users\AJI\.vscode\extensions\redhat.java-1.56.0-win32-x64\jre\21.0.12.1-win32-x86_64\bin;C:\WINDOWS\SYSTEM32;C:\WINDOWS\WinSxS\amd64_microsoft.windows.common-controls_6595b64144ccf1df_6.0.26100.9278_none_3e0d1ba8e3303201;C:\Users\AJI\.vscode\extensions\redhat.java-1.56.0-win32-x64\jre\21.0.12.1-win32-x86_64\bin\server;C:\Users\AJI\.gradle\native\1def1411415f61bf3af743bc5b6707747c0891f09f0c88961ee8f79bc544acac\windows-amd64;C:\Users\AJI\.gradle\native\0.2.8\x86_64-windows-gnu

VM Arguments:
jvm_args: --add-opens=java.base/java.lang=ALL-UNNAMED --add-opens=java.base/java.lang.invoke=ALL-UNNAMED --add-opens=java.base/java.util=ALL-UNNAMED --add-opens=java.prefs/java.util.prefs=ALL-UNNAMED --add-exports=jdk.compiler/com.sun.tools.javac.api=ALL-UNNAMED --add-exports=jdk.compiler/com.sun.tools.javac.util=ALL-UNNAMED --add-opens=java.base/java.util=ALL-UNNAMED --add-opens=java.prefs/java.util.prefs=ALL-UNNAMED --add-opens=java.base/java.nio.charset=ALL-UNNAMED --add-opens=java.base/java.net=ALL-UNNAMED --add-opens=java.base/java.util.concurrent=ALL-UNNAMED --add-opens=java.base/java.util.concurrent.atomic=ALL-UNNAMED --add-opens=java.xml/javax.xml.namespace=ALL-UNNAMED --add-opens=java.base/java.time=ALL-UNNAMED -XX:MaxMetaspaceSize=4G -XX:ReservedCodeCacheSize=512m -XX:+HeapDumpOnOutOfMemoryError -Xmx8G -Dfile.encoding=UTF-8 -Duser.country=IN -Duser.language=en -Duser.variant -javaagent:C:\Users\AJI\.gradle\wrapper\dists\gradle-9.1.0-all\7wzd0jkjit61aq2p43wpjgij9\gradle-9.1.0\lib\agents\gradle-instrumentation-agent-9.1.0.jar 
java_command: org.gradle.launcher.daemon.bootstrap.GradleDaemon 9.1.0
java_class_path (initial): C:\Users\AJI\.gradle\wrapper\dists\gradle-9.1.0-all\7wzd0jkjit61aq2p43wpjgij9\gradle-9.1.0\lib\gradle-daemon-main-9.1.0.jar
Launcher Type: SUN_STANDARD

[Global flags]
     intx CICompilerCount                          = 12                                        {product} {ergonomic}
     uint ConcGCThreads                            = 4                                         {product} {ergonomic}
     uint G1ConcRefinementThreads                  = 15                                        {product} {ergonomic}
   size_t G1HeapRegionSize                         = 4194304                                   {product} {ergonomic}
    uintx GCDrainStackTargetSize                   = 64                                        {product} {ergonomic}
     bool HeapDumpOnOutOfMemoryError               = true                                   {manageable} {command line}
   size_t InitialHeapSize                          = 264241152                                 {product} {ergonomic}
   size_t MarkStackSize                            = 4194304                                   {product} {ergonomic}
   size_t MaxHeapSize                              = 8589934592                                {product} {command line}
   size_t MaxMetaspaceSize                         = 4294967296                                {product} {command line}
   size_t MaxNewSize                               = 5150605312                                {product} {ergonomic}
   size_t MinHeapDeltaBytes                        = 4194304                                   {product} {ergonomic}
   size_t MinHeapSize                              = 8388608                                   {product} {ergonomic}
    uintx NonNMethodCodeHeapSize                   = 7602480                                {pd product} {ergonomic}
    uintx NonProfiledCodeHeapSize                  = 264634216                              {pd product} {ergonomic}
    uintx ProfiledCodeHeapSize                     = 264634216                              {pd product} {ergonomic}
    uintx ReservedCodeCacheSize                    = 536870912                              {pd product} {command line}
     bool SegmentedCodeCache                       = true                                      {product} {ergonomic}
   size_t SoftMaxHeapSize                          = 8589934592                             {manageable} {ergonomic}
     bool UseCompressedOops                        = true                           {product lp64_product} {ergonomic}
     bool UseG1GC                                  = true                                      {product} {ergonomic}
     bool UseLargePagesIndividualAllocation        = false                                  {pd product} {ergonomic}

Logging:
Log output configuration:
 #0: stdout all=warning uptime,level,tags foldmultilines=false
 #1: stderr all=off uptime,level,tags foldmultilines=false

Release file:
JAVA_VERSION="21.0.12.1" 
MODULES="java.base java.compiler java.datatransfer java.xml java.prefs java.desktop java.instrument java.logging java.management java.security.sasl java.naming java.rmi java.management.rmi java.net.http java.scripting java.security.jgss java.transaction.xa java.sql java.sql.rowset java.xml.crypto java.se java.smartcardio jdk.accessibility jdk.internal.jvmstat jdk.attach jdk.charsets jdk.internal.opt jdk.zipfs jdk.compiler jdk.crypto.ec jdk.crypto.cryptoki jdk.crypto.mscapi jdk.dynalink jdk.internal.ed jdk.editpad jdk.hotspot.agent jdk.httpserver jdk.internal.le jdk.internal.vm.ci jdk.internal.vm.compiler jdk.internal.vm.compiler.management jdk.jartool jdk.javadoc jdk.jcmd jdk.management jdk.management.agent jdk.jconsole jdk.jdeps jdk.jdwp.agent jdk.jdi jdk.jfr jdk.jshell jdk.jsobject jdk.jstatd jdk.localedata jdk.management.jfr jdk.naming.dns jdk.naming.rmi jdk.net jdk.nio.mapmode jdk.random jdk.sctp jdk.security.auth jdk.security.jgss jdk.unsupported jdk.unsupported.desktop jdk.xml.dom" 

Environment Variables:
JAVA_HOME=C:\Program Files\Java\jdk-17
PATH=C:\Python314\Scripts\;C:\Python314\;C:\Program Files\Eclipse Adoptium\jdk-25.0.3.9-hotspot\bin;C:\Program Files\Microsoft\jdk-11.0.16.101-hotspot\bin;C:\WINDOWS\system32;C:\WINDOWS;C:\WINDOWS\System32\Wbem;C:\WINDOWS\System32\WindowsPowerShell\v1.0\;C:\WINDOWS\System32\OpenSSH\;C:\Program Files\dotnet\;C:\MinGW\bin;C:\ProgramData\chocolatey\bin;C:\Users\AJI\AppData\Local\Pub\Cache\bin;C:\Program Files\Java\jdk-17\bin;d:\cursor\resources\app\bin;C:\Users\AJI\develop\flutter\bin;C:\Users\AJI\.local\bin;D:\node\node_modules\npm\bin;D:\node\;C:\Program Files\nodejs\;C:\Program Files\nodejs\node_modules\npm\bin;C:\Users\AJI\Documents\MONGO\mongosh-2.9.2-win32-x64\bin;C:\xampp\php;C:\Program Files\Git\cmd;C:\Users\AJI\AppData\Local\Programs\Python\Python312\Scripts\;C:\Users\AJI\AppData\Local\Programs\Python\Python312\;C:\Users\AJI\.local\bin;C:\Users\AJI\AppData\Local\Microsoft\WindowsApps;D:\IntelliJ IDEA Community Edition 2023.1.5\bin;;C:\mingw64\bin;C:\Users\AJI\.dotnet\tools;C:\Users\AJI\Documents\flutter_windows_3.13.4-stable\flutter\bin;C:\Users\AJI\AppData\Local\Pub\Cache\bin;D:\flutter_pub_cache;C:\Users\AJI\AppData\Local\Android\Sdk;C:\Program Files\Java\jdk-17\bin;D:\rider\JetBrains Rider 2024.3.7\bin;;D:\Program Files\Microsoft VS Code\bin;D:\freelanceing\cursor\resources\app\bin;C:\Users\AJI\AppData\Local\Programs\Microsoft VS Code\bin;C:\Users\AJI\AppData\Local\Programs\cursor\resources\app\bin;C:\Users\AJI\AppData\Roaming\npm
USERNAME=AJI
OS=Windows_NT
PROCESSOR_IDENTIFIER=Intel64 Family 6 Model 154 Stepping 3, GenuineIntel
TMP=C:\Users\AJI\AppData\Local\Temp
TEMP=C:\Users\AJI\AppData\Local\Temp




Periodic native trim disabled

---------------  S Y S T E M  ---------------

OS:
 Windows 11 , 64 bit Build 26100 (10.0.26100.9444)
OS uptime: 0 days 0:13 hours
Hyper-V role detected

CPU: total 20 (initial active 20) (10 cores per cpu, 2 threads per core) family 6 model 154 stepping 3 microcode 0x43b, cx8, cmov, fxsr, ht, mmx, 3dnowpref, sse, sse2, sse3, ssse3, sse4.1, sse4.2, popcnt, lzcnt, tsc, tscinvbit, avx, avx2, aes, erms, clmul, bmi1, bmi2, adx, sha, fma, vzeroupper, clflush, clflushopt, clwb, hv, serialize, rdtscp, rdpid, fsrm, f16c, cet_ibt, cet_ss
Processor Information for processor 0
  Max Mhz: 2300, Current Mhz: 2300, Mhz Limit: 2300
Processor Information for processor 1
  Max Mhz: 2300, Current Mhz: 2300, Mhz Limit: 2300
Processor Information for processor 2
  Max Mhz: 2300, Current Mhz: 2300, Mhz Limit: 2300
Processor Information for processor 3
  Max Mhz: 2300, Current Mhz: 2300, Mhz Limit: 2300
Processor Information for processor 4
  Max Mhz: 2300, Current Mhz: 2300, Mhz Limit: 2300
Processor Information for processor 5
  Max Mhz: 2300, Current Mhz: 2300, Mhz Limit: 2300
Processor Information for processor 6
  Max Mhz: 2300, Current Mhz: 2300, Mhz Limit: 2300
Processor Information for processor 7
  Max Mhz: 2300, Current Mhz: 2300, Mhz Limit: 2300
Processor Information for processor 8
  Max Mhz: 2300, Current Mhz: 2300, Mhz Limit: 2300
Processor Information for processor 9
  Max Mhz: 2300, Current Mhz: 2300, Mhz Limit: 2300
Processor Information for processor 10
  Max Mhz: 2300, Current Mhz: 2300, Mhz Limit: 2300
Processor Information for processor 11
  Max Mhz: 2300, Current Mhz: 2300, Mhz Limit: 2300
Processor Information for processor 12
  Max Mhz: 2300, Current Mhz: 2300, Mhz Limit: 2300
Processor Information for processor 13
  Max Mhz: 2300, Current Mhz: 2300, Mhz Limit: 2300
Processor Information for processor 14
  Max Mhz: 2300, Current Mhz: 1488, Mhz Limit: 2300
Processor Information for processor 15
  Max Mhz: 2300, Current Mhz: 2300, Mhz Limit: 2300
Processor Information for processor 16
  Max Mhz: 2300, Current Mhz: 1488, Mhz Limit: 2300
Processor Information for processor 17
  Max Mhz: 2300, Current Mhz: 1488, Mhz Limit: 2300
Processor Information for processor 18
  Max Mhz: 2300, Current Mhz: 1488, Mhz Limit: 2300
Processor Information for processor 19
  Max Mhz: 2300, Current Mhz: 1488, Mhz Limit: 2300

Memory: 4k page, system-wide physical 16068M (1M free)
TotalPageFile size 65220M (AvailPageFile size 76M)
current process WorkingSet (physical memory assigned to process): 127M, peak: 207M
current process commit charge ("private bytes"): 295M, peak: 426M

vm_info: OpenJDK 64-Bit Server VM (21.0.12.1+1-LTS) for windows-amd64 JRE (21.0.12.1+1-LTS), built on 2026-08-18T00:00:00Z by "admin" with MS VC++ 17.12 (VS2022)

END.
