#
# There is insufficient memory for the Java Runtime Environment to continue.
# Native memory allocation (malloc) failed to allocate 412736 bytes. Error detail: Chunk::new
# Possible reasons:
#   The system is out of physical RAM or swap space
#   This process is running with CompressedOops enabled, and the Java Heap may be blocking the growth of the native heap
# Possible solutions:
#   Reduce memory load on the system
#   Increase physical memory or swap space
#   Check if swap backing store is full
#   Decrease Java heap size (-Xmx/-Xms)
#   Decrease number of Java threads
#   Decrease Java thread stack sizes (-Xss)
#   Set larger code cache with -XX:ReservedCodeCacheSize=
#   JVM is running with Zero Based Compressed Oops mode in which the Java heap is
#     placed in the first 32GB address space. The Java Heap base address is the
#     maximum limit for the native heap growth. Please use -XX:HeapBaseMinAddress
#     to set the Java Heap base and to place the Java Heap above 32GB virtual address.
# This output file may be truncated or incomplete.
#
#  Out of Memory Error (arena.cpp:168), pid=35668, tid=34940
#
# JRE version: OpenJDK Runtime Environment Temurin-21.0.12.1+1 (21.0.12.1+1) (build 21.0.12.1+1-LTS)
# Java VM: OpenJDK 64-Bit Server VM Temurin-21.0.12.1+1 (21.0.12.1+1-LTS, mixed mode, sharing, tiered, compressed oops, compressed class ptrs, g1 gc, windows-amd64)
# No core dump will be written. Minidumps are not enabled by default on client versions of Windows
#

---------------  S U M M A R Y ------------

Command Line: --add-opens=java.base/java.lang=ALL-UNNAMED --add-opens=java.base/java.lang.invoke=ALL-UNNAMED --add-opens=java.base/java.util=ALL-UNNAMED --add-opens=java.prefs/java.util.prefs=ALL-UNNAMED --add-exports=jdk.compiler/com.sun.tools.javac.api=ALL-UNNAMED --add-exports=jdk.compiler/com.sun.tools.javac.util=ALL-UNNAMED --add-opens=java.base/java.util=ALL-UNNAMED --add-opens=java.prefs/java.util.prefs=ALL-UNNAMED --add-opens=java.base/java.nio.charset=ALL-UNNAMED --add-opens=java.base/java.net=ALL-UNNAMED --add-opens=java.base/java.util.concurrent=ALL-UNNAMED --add-opens=java.base/java.util.concurrent.atomic=ALL-UNNAMED --add-opens=java.xml/javax.xml.namespace=ALL-UNNAMED --add-opens=java.base/java.time=ALL-UNNAMED -XX:MaxMetaspaceSize=4G -XX:ReservedCodeCacheSize=512m -XX:+HeapDumpOnOutOfMemoryError -Xmx8G -Dfile.encoding=UTF-8 -Duser.country=IN -Duser.language=en -Duser.variant -javaagent:C:\Users\AJI\.gradle\wrapper\dists\gradle-9.1.0-all\7wzd0jkjit61aq2p43wpjgij9\gradle-9.1.0\lib\agents\gradle-instrumentation-agent-9.1.0.jar org.gradle.launcher.daemon.bootstrap.GradleDaemon 9.1.0

Host: 12th Gen Intel(R) Core(TM) i7-12700H, 20 cores, 15G,  Windows 11 , 64 bit Build 26100 (10.0.26100.9444)
Time: Thu Sep 17 09:18:15 2026 India Standard Time elapsed time: 480.467386 seconds (0d 0h 8m 0s)

---------------  T H R E A D  ---------------

Current thread (0x000001f67d8fd8b0):  JavaThread "C2 CompilerThread0" daemon [_thread_in_native, id=34940, stack(0x000000af06400000,0x000000af06500000) (1024K)]


Current CompileTask:
C2:480467 17405   !   4       org.gradle.internal.service.DefaultServiceRegistry$FactoryService::bind (297 bytes)

Stack: [0x000000af06400000,0x000000af06500000]
Native frames: (J=compiled Java code, j=interpreted, Vv=VM code, C=native code)
V  [jvm.dll+0x6d83e9]
V  [jvm.dll+0x8b5736]
V  [jvm.dll+0x8b7cee]
V  [jvm.dll+0x8b83d3]
V  [jvm.dll+0x284596]
V  [jvm.dll+0xc685d]
V  [jvm.dll+0xc6da1]
V  [jvm.dll+0x2fb5ae]
V  [jvm.dll+0x5fee94]
V  [jvm.dll+0x255d67]
V  [jvm.dll+0x25612d]
V  [jvm.dll+0x24e6a0]
V  [jvm.dll+0x24bbe6]
V  [jvm.dll+0x1cb4ae]
V  [jvm.dll+0x25baad]
V  [jvm.dll+0x25a03a]
V  [jvm.dll+0x3f8aae]
V  [jvm.dll+0x8600cd]
V  [jvm.dll+0x6d6c1d]
C  [ucrtbase.dll+0x2cd30]
C  [KERNEL32.DLL+0x2cd87]
C  [ntdll.dll+0xacaec]


---------------  P R O C E S S  ---------------

Threads class SMR info:
_java_thread_list=0x000001f6695da160, length=77, elements={
0x000001f66a931bc0, 0x000001f67a8ed6d0, 0x000001f67a8ee330, 0x000001f67d8fa870,
0x000001f67d8fb400, 0x000001f67d8fbe60, 0x000001f67d8fc8c0, 0x000001f67d8fd8b0,
0x000001f67d901b10, 0x000001f67dbbe330, 0x000001f67dba85e0, 0x000001f67f0480f0,
0x000001f67e6569c0, 0x000001f67f48b640, 0x000001f67f435620, 0x000001f67f148720,
0x000001f67f147a00, 0x000001f67f146650, 0x000001f67f146ce0, 0x000001f6654ac730,
0x000001f6654acdc0, 0x000001f6654aba10, 0x000001f666d8a2d0, 0x000001f6680a6060,
0x000001f668692280, 0x000001f666d8ca30, 0x000001f669df45c0, 0x000001f669deb560,
0x000001f669ded630, 0x000001f669dec280, 0x000001f669debbf0, 0x000001f669dec910,
0x000001f669deaed0, 0x000001f669dedcc0, 0x000001f669df0ab0, 0x000001f669df0420,
0x000001f669df1140, 0x000001f669df17d0, 0x000001f669defd90, 0x000001f669dee350,
0x000001f669df1e60, 0x000001f669dee9e0, 0x000001f669df24f0, 0x000001f669def070,
0x000001f669df2b80, 0x000001f669def700, 0x000001f669df4c50, 0x000001f669df52e0,
0x000001f669df3f30, 0x000001f669df5970, 0x000001f669df6000, 0x000001f669df6690,
0x000001f669df38a0, 0x000001f669df3210, 0x000001f669df6d20, 0x000001f669df9480,
0x000001f669df80d0, 0x000001f669df7a40, 0x000001f669dfa1a0, 0x000001f669df8760,
0x000001f669df8df0, 0x000001f669df9b10, 0x000001f669df73b0, 0x000001f66868b2f0,
0x000001f66868b980, 0x000001f66868c010, 0x000001f66868c6a0, 0x000001f66868cd30,
0x000001f66868da50, 0x000001f66868ac60, 0x000001f66868d3c0, 0x000001f66868a5d0,
0x000001f66868fb20, 0x000001f66868e0e0, 0x000001f668691bf0, 0x000001f668690ed0,
0x000001f66868ee00
}

Java Threads: ( => current thread )
  0x000001f66a931bc0 JavaThread "main"                              [_thread_blocked, id=35772, stack(0x000000af05600000,0x000000af05700000) (1024K)]
  0x000001f67a8ed6d0 JavaThread "Reference Handler"          daemon [_thread_blocked, id=34996, stack(0x000000af05e00000,0x000000af05f00000) (1024K)]
  0x000001f67a8ee330 JavaThread "Finalizer"                  daemon [_thread_blocked, id=35008, stack(0x000000af05f00000,0x000000af06000000) (1024K)]
  0x000001f67d8fa870 JavaThread "Signal Dispatcher"          daemon [_thread_blocked, id=35124, stack(0x000000af06000000,0x000000af06100000) (1024K)]
  0x000001f67d8fb400 JavaThread "Attach Listener"            daemon [_thread_blocked, id=34956, stack(0x000000af06100000,0x000000af06200000) (1024K)]
  0x000001f67d8fbe60 JavaThread "Service Thread"             daemon [_thread_blocked, id=35128, stack(0x000000af06200000,0x000000af06300000) (1024K)]
  0x000001f67d8fc8c0 JavaThread "Monitor Deflation Thread"   daemon [_thread_blocked, id=32520, stack(0x000000af06300000,0x000000af06400000) (1024K)]
=>0x000001f67d8fd8b0 JavaThread "C2 CompilerThread0"         daemon [_thread_in_native, id=34940, stack(0x000000af06400000,0x000000af06500000) (1024K)]
  0x000001f67d901b10 JavaThread "C1 CompilerThread0"         daemon [_thread_blocked, id=34960, stack(0x000000af06500000,0x000000af06600000) (1024K)]
  0x000001f67dbbe330 JavaThread "Common-Cleaner"             daemon [_thread_blocked, id=35136, stack(0x000000af06600000,0x000000af06700000) (1024K)]
  0x000001f67dba85e0 JavaThread "Notification Thread"        daemon [_thread_blocked, id=34896, stack(0x000000af06700000,0x000000af06800000) (1024K)]
  0x000001f67f0480f0 JavaThread "Daemon health stats"               [_thread_blocked, id=7956, stack(0x000000af06f00000,0x000000af07000000) (1024K)]
  0x000001f67e6569c0 JavaThread "Incoming local TCP Connector on port 42921"        [_thread_in_native, id=37112, stack(0x000000af07100000,0x000000af07200000) (1024K)]
  0x000001f67f48b640 JavaThread "Daemon periodic checks"            [_thread_blocked, id=37232, stack(0x000000af07200000,0x000000af07300000) (1024K)]
  0x000001f67f435620 JavaThread "Daemon"                            [_thread_blocked, id=37272, stack(0x000000af07300000,0x000000af07400000) (1024K)]
  0x000001f67f148720 JavaThread "Daemon worker"                     [_thread_blocked, id=37312, stack(0x000000af07600000,0x000000af07700000) (1024K)]
  0x000001f67f147a00 JavaThread "Cache worker for journal cache (C:\Users\AJI\.gradle\caches\journal-1)"        [_thread_blocked, id=37652, stack(0x000000af08300000,0x000000af08400000) (1024K)]
  0x000001f67f146650 JavaThread "File lock request listener"        [_thread_in_native, id=37656, stack(0x000000af08400000,0x000000af08500000) (1024K)]
  0x000001f67f146ce0 JavaThread "Cache worker for file hash cache (C:\Users\AJI\.gradle\caches\9.1.0\fileHashes)"        [_thread_blocked, id=36308, stack(0x000000af08500000,0x000000af08600000) (1024K)]
  0x000001f6654ac730 JavaThread "File watcher server"        daemon [_thread_in_native, id=39612, stack(0x000000af08a00000,0x000000af08b00000) (1024K)]
  0x000001f6654acdc0 JavaThread "File watcher consumer"      daemon [_thread_blocked, id=39616, stack(0x000000af08b00000,0x000000af08c00000) (1024K)]
  0x000001f6654aba10 JavaThread "Cache worker for file content cache (C:\Users\AJI\.gradle\caches\9.1.0\fileContent)"        [_thread_blocked, id=38404, stack(0x000000af08d00000,0x000000af08e00000) (1024K)]
  0x000001f666d8a2d0 JavaThread "Memory manager"                    [_thread_blocked, id=49428, stack(0x000000af0cb00000,0x000000af0cc00000) (1024K)]
  0x000001f6680a6060 JavaThread "pool-3-thread-1"                   [_thread_blocked, id=43792, stack(0x000000af15a00000,0x000000af15b00000) (1024K)]
  0x000001f668692280 JavaThread "included builds"                   [_thread_blocked, id=55668, stack(0x000000af0b600000,0x000000af0b700000) (1024K)]
  0x000001f666d8ca30 JavaThread "File lock release action executor Thread 22"        [_thread_blocked, id=62480, stack(0x000000af0e400000,0x000000af0e500000) (1024K)]
  0x000001f669df45c0 JavaThread "pool-6-thread-1"                   [_thread_blocked, id=85960, stack(0x000000af11c00000,0x000000af11d00000) (1024K)]
  0x000001f669deb560 JavaThread "VFS cleanup Thread 2"              [_thread_blocked, id=51656, stack(0x000000af07400000,0x000000af07500000) (1024K)]
  0x000001f669ded630 JavaThread "Handler for socket connection from /127.0.0.1:42921 to /127.0.0.1:28569"        [_thread_in_native, id=52596, stack(0x000000af05400000,0x000000af05500000) (1024K)]
  0x000001f669dec280 JavaThread "Cancel handler"                    [_thread_blocked, id=40924, stack(0x000000af05500000,0x000000af05600000) (1024K)]
  0x000001f669debbf0 JavaThread "Asynchronous log dispatcher for DefaultDaemonConnection: socket connection from /127.0.0.1:42921 to /127.0.0.1:28569"        [_thread_blocked, id=72144, stack(0x000000af07500000,0x000000af07600000) (1024K)]
  0x000001f669dec910 JavaThread "Stdin handler"                     [_thread_blocked, id=72464, stack(0x000000af07700000,0x000000af07800000) (1024K)]
  0x000001f669deaed0 JavaThread "Daemon client event forwarder"        [_thread_blocked, id=72492, stack(0x000000af07800000,0x000000af07900000) (1024K)]
  0x000001f669dedcc0 JavaThread "Cache worker for file hash cache (C:\Users\AJI\Documents\Gostriders\gostriders\android\.gradle\9.1.0\fileHashes)"        [_thread_blocked, id=12128, stack(0x000000af07900000,0x000000af07a00000) (1024K)]
  0x000001f669df0ab0 JavaThread "Cache worker for Build Output Cleanup Cache (C:\Users\AJI\Documents\Gostriders\gostriders\android\.gradle\buildOutputCleanup)"        [_thread_blocked, id=57092, stack(0x000000af08600000,0x000000af08700000) (1024K)]
  0x000001f669df0420 JavaThread "Cache worker for checksums cache (C:\Users\AJI\Documents\Gostriders\gostriders\android\.gradle\9.1.0\checksums)"        [_thread_blocked, id=28716, stack(0x000000af08700000,0x000000af08800000) (1024K)]
  0x000001f669df1140 JavaThread "Cache worker for cache directory md-supplier (C:\Users\AJI\.gradle\caches\9.1.0\md-supplier)"        [_thread_blocked, id=49324, stack(0x000000af08800000,0x000000af08900000) (1024K)]
  0x000001f669df17d0 JavaThread "Cache worker for cache directory md-rule (C:\Users\AJI\.gradle\caches\9.1.0\md-rule)"        [_thread_blocked, id=49536, stack(0x000000af08900000,0x000000af08a00000) (1024K)]
  0x000001f669defd90 JavaThread "Cache worker for Build Output Cleanup Cache (C:\Users\AJI\develop\flutter\packages\flutter_tools\gradle\.gradle\buildOutputCleanup)"        [_thread_blocked, id=53868, stack(0x000000af08c00000,0x000000af08d00000) (1024K)]
  0x000001f669dee350 JavaThread "Unconstrained build operations"        [_thread_blocked, id=77624, stack(0x000000af08e00000,0x000000af08f00000) (1024K)]
  0x000001f669df1e60 JavaThread "Unconstrained build operations Thread 2"        [_thread_blocked, id=52344, stack(0x000000af08f00000,0x000000af09000000) (1024K)]
  0x000001f669dee9e0 JavaThread "Unconstrained build operations Thread 3"        [_thread_blocked, id=23660, stack(0x000000af09000000,0x000000af09100000) (1024K)]
  0x000001f669df24f0 JavaThread "Unconstrained build operations Thread 4"        [_thread_blocked, id=71380, stack(0x000000af09100000,0x000000af09200000) (1024K)]
  0x000001f669def070 JavaThread "Unconstrained build operations Thread 5"        [_thread_blocked, id=79172, stack(0x000000af09200000,0x000000af09300000) (1024K)]
  0x000001f669df2b80 JavaThread "Unconstrained build operations Thread 6"        [_thread_blocked, id=79748, stack(0x000000af09300000,0x000000af09400000) (1024K)]
  0x000001f669def700 JavaThread "Unconstrained build operations Thread 7"        [_thread_blocked, id=46740, stack(0x000000af09400000,0x000000af09500000) (1024K)]
  0x000001f669df4c50 JavaThread "Unconstrained build operations Thread 8"        [_thread_blocked, id=39100, stack(0x000000af09500000,0x000000af09600000) (1024K)]
  0x000001f669df52e0 JavaThread "Unconstrained build operations Thread 9"        [_thread_blocked, id=64944, stack(0x000000af09600000,0x000000af09700000) (1024K)]
  0x000001f669df3f30 JavaThread "Unconstrained build operations Thread 10"        [_thread_blocked, id=72068, stack(0x000000af09700000,0x000000af09800000) (1024K)]
  0x000001f669df5970 JavaThread "Unconstrained build operations Thread 11"        [_thread_blocked, id=51848, stack(0x000000af09800000,0x000000af09900000) (1024K)]
  0x000001f669df6000 JavaThread "Unconstrained build operations Thread 12"        [_thread_blocked, id=59872, stack(0x000000af09900000,0x000000af09a00000) (1024K)]
  0x000001f669df6690 JavaThread "Unconstrained build operations Thread 13"        [_thread_blocked, id=46636, stack(0x000000af09a00000,0x000000af09b00000) (1024K)]
  0x000001f669df38a0 JavaThread "Unconstrained build operations Thread 14"        [_thread_blocked, id=66300, stack(0x000000af09b00000,0x000000af09c00000) (1024K)]
  0x000001f669df3210 JavaThread "Unconstrained build operations Thread 15"        [_thread_blocked, id=54100, stack(0x000000af09c00000,0x000000af09d00000) (1024K)]
  0x000001f669df6d20 JavaThread "Unconstrained build operations Thread 16"        [_thread_blocked, id=56068, stack(0x000000af09d00000,0x000000af09e00000) (1024K)]
  0x000001f669df9480 JavaThread "Unconstrained build operations Thread 17"        [_thread_blocked, id=65776, stack(0x000000af09e00000,0x000000af09f00000) (1024K)]
  0x000001f669df80d0 JavaThread "Unconstrained build operations Thread 18"        [_thread_blocked, id=20552, stack(0x000000af09f00000,0x000000af0a000000) (1024K)]
  0x000001f669df7a40 JavaThread "Unconstrained build operations Thread 19"        [_thread_blocked, id=16664, stack(0x000000af0a000000,0x000000af0a100000) (1024K)]
  0x000001f669dfa1a0 JavaThread "Unconstrained build operations Thread 20"        [_thread_blocked, id=71540, stack(0x000000af0a200000,0x000000af0a300000) (1024K)]
  0x000001f669df8760 JavaThread "Unconstrained build operations Thread 21"        [_thread_blocked, id=42828, stack(0x000000af0a300000,0x000000af0a400000) (1024K)]
  0x000001f669df8df0 JavaThread "Unconstrained build operations Thread 22"        [_thread_blocked, id=71536, stack(0x000000af0a400000,0x000000af0a500000) (1024K)]
  0x000001f669df9b10 JavaThread "Unconstrained build operations Thread 23"        [_thread_blocked, id=57268, stack(0x000000af0a500000,0x000000af0a600000) (1024K)]
  0x000001f669df73b0 JavaThread "Unconstrained build operations Thread 24"        [_thread_blocked, id=62492, stack(0x000000af0a600000,0x000000af0a700000) (1024K)]
  0x000001f66868b2f0 JavaThread "Unconstrained build operations Thread 25"        [_thread_blocked, id=71228, stack(0x000000af0a700000,0x000000af0a800000) (1024K)]
  0x000001f66868b980 JavaThread "Unconstrained build operations Thread 26"        [_thread_blocked, id=52124, stack(0x000000af0a800000,0x000000af0a900000) (1024K)]
  0x000001f66868c010 JavaThread "Unconstrained build operations Thread 27"        [_thread_blocked, id=62548, stack(0x000000af0a900000,0x000000af0aa00000) (1024K)]
  0x000001f66868c6a0 JavaThread "Unconstrained build operations Thread 28"        [_thread_blocked, id=55832, stack(0x000000af0aa00000,0x000000af0ab00000) (1024K)]
  0x000001f66868cd30 JavaThread "Unconstrained build operations Thread 29"        [_thread_blocked, id=58808, stack(0x000000af0ab00000,0x000000af0ac00000) (1024K)]
  0x000001f66868da50 JavaThread "Unconstrained build operations Thread 30"        [_thread_blocked, id=58744, stack(0x000000af0ac00000,0x000000af0ad00000) (1024K)]
  0x000001f66868ac60 JavaThread "Unconstrained build operations Thread 31"        [_thread_blocked, id=64776, stack(0x000000af0ad00000,0x000000af0ae00000) (1024K)]
  0x000001f66868d3c0 JavaThread "Unconstrained build operations Thread 32"        [_thread_blocked, id=52372, stack(0x000000af0ae00000,0x000000af0af00000) (1024K)]
  0x000001f66868a5d0 JavaThread "Unconstrained build operations Thread 33"        [_thread_blocked, id=57472, stack(0x000000af0af00000,0x000000af0b000000) (1024K)]
  0x000001f66868fb20 JavaThread "Unconstrained build operations Thread 34"        [_thread_blocked, id=70252, stack(0x000000af0b000000,0x000000af0b100000) (1024K)]
  0x000001f66868e0e0 JavaThread "Unconstrained build operations Thread 35"        [_thread_blocked, id=51472, stack(0x000000af0b100000,0x000000af0b200000) (1024K)]
  0x000001f668691bf0 JavaThread "Unconstrained build operations Thread 36"        [_thread_blocked, id=14436, stack(0x000000af0b200000,0x000000af0b300000) (1024K)]
  0x000001f668690ed0 JavaThread "Unconstrained build operations Thread 37"        [_thread_blocked, id=63508, stack(0x000000af0b300000,0x000000af0b400000) (1024K)]
  0x000001f66868ee00 JavaThread "Unconstrained build operations Thread 38"        [_thread_blocked, id=64432, stack(0x000000af0b400000,0x000000af0b500000) (1024K)]
Total: 77

Other Threads:
  0x000001f67a8d57c0 VMThread "VM Thread"                           [id=35836, stack(0x000000af05d00000,0x000000af05e00000) (1024K)]
  0x000001f67a8c5470 WatcherThread "VM Periodic Task Thread"        [id=35828, stack(0x000000af05c00000,0x000000af05d00000) (1024K)]
  0x000001f66a9dc560 WorkerThread "GC Thread#0"                     [id=35796, stack(0x000000af05700000,0x000000af05800000) (1024K)]
  0x000001f67dc15d80 WorkerThread "GC Thread#1"                     [id=35276, stack(0x000000af06800000,0x000000af06900000) (1024K)]
  0x000001f67dbd6c10 WorkerThread "GC Thread#2"                     [id=35540, stack(0x000000af06900000,0x000000af06a00000) (1024K)]
  0x000001f67dbd6fc0 WorkerThread "GC Thread#3"                     [id=7036, stack(0x000000af06a00000,0x000000af06b00000) (1024K)]
  0x000001f67dbd7370 WorkerThread "GC Thread#4"                     [id=11672, stack(0x000000af06b00000,0x000000af06c00000) (1024K)]
  0x000001f67dbd7720 WorkerThread "GC Thread#5"                     [id=16216, stack(0x000000af06c00000,0x000000af06d00000) (1024K)]
  0x000001f67ee65c30 WorkerThread "GC Thread#6"                     [id=37344, stack(0x000000af07a00000,0x000000af07b00000) (1024K)]
  0x000001f67ee91140 WorkerThread "GC Thread#7"                     [id=37348, stack(0x000000af07b00000,0x000000af07c00000) (1024K)]
  0x000001f67ee94500 WorkerThread "GC Thread#8"                     [id=37352, stack(0x000000af07c00000,0x000000af07d00000) (1024K)]
  0x000001f67ee948b0 WorkerThread "GC Thread#9"                     [id=37356, stack(0x000000af07d00000,0x000000af07e00000) (1024K)]
  0x000001f67ee95010 WorkerThread "GC Thread#10"                    [id=37360, stack(0x000000af07e00000,0x000000af07f00000) (1024K)]
  0x000001f67ee953c0 WorkerThread "GC Thread#11"                    [id=37364, stack(0x000000af07f00000,0x000000af08000000) (1024K)]
  0x000001f67ee95ed0 WorkerThread "GC Thread#12"                    [id=37368, stack(0x000000af08000000,0x000000af08100000) (1024K)]
  0x000001f67ee94c60 WorkerThread "GC Thread#13"                    [id=37372, stack(0x000000af08100000,0x000000af08200000) (1024K)]
  0x000001f67ee95770 WorkerThread "GC Thread#14"                    [id=37376, stack(0x000000af08200000,0x000000af08300000) (1024K)]
  0x000001f66a9edc70 ConcurrentGCThread "G1 Main Marker"            [id=35800, stack(0x000000af05800000,0x000000af05900000) (1024K)]
  0x000001f66a9ee690 WorkerThread "G1 Conc#0"                       [id=35804, stack(0x000000af05900000,0x000000af05a00000) (1024K)]
  0x000001f67f429480 WorkerThread "G1 Conc#1"                       [id=38992, stack(0x000000af06d00000,0x000000af06e00000) (1024K)]
  0x000001f67f428210 WorkerThread "G1 Conc#2"                       [id=38996, stack(0x000000af06e00000,0x000000af06f00000) (1024K)]
  0x000001f67f4290d0 WorkerThread "G1 Conc#3"                       [id=39000, stack(0x000000af07000000,0x000000af07100000) (1024K)]
  0x000001f67a78aa80 ConcurrentGCThread "G1 Refine#0"               [id=35808, stack(0x000000af05a00000,0x000000af05b00000) (1024K)]
  0x000001f67a78c3c0 ConcurrentGCThread "G1 Service"                [id=35812, stack(0x000000af05b00000,0x000000af05c00000) (1024K)]
Total: 24

Threads with active compile tasks:
C2 CompilerThread0  480587 17405   !   4       org.gradle.internal.service.DefaultServiceRegistry$FactoryService::bind (297 bytes)
Total: 1

VM state: not at safepoint (normal execution)

VM Mutex/Monitor currently owned by a thread: None

Heap address: 0x0000000600000000, size: 8192 MB, Compressed Oops mode: Zero based, Oop shift amount: 3

CDS archive(s) mapped at: [0x000001f620000000-0x000001f620ba0000-0x000001f620ba0000), size 12189696, SharedBaseAddress: 0x000001f620000000, ArchiveRelocationMode: 1.
Compressed class space mapped at: 0x000001f621000000-0x000001f661000000, reserved size: 1073741824
Narrow klass base: 0x000001f620000000, Narrow klass shift: 0, Narrow klass range: 0x100000000

GC Precious Log:
 CardTable entry size: 512
 Card Set container configuration: InlinePtr #cards 4 size 8 Array Of Cards #cards 32 size 80 Howl #buckets 8 coarsen threshold 7372 Howl Bitmap #cards 1024 size 144 coarsen threshold 921 Card regions per heap region 1 cards per card region 8192
 CPUs: 20 total, 20 available
 Memory: 16068M
 Large Page Support: Disabled
 NUMA Support: Disabled
 Compressed Oops: Enabled (Zero based)
 Heap Region Size: 4M
 Heap Min Capacity: 8M
 Heap Initial Capacity: 252M
 Heap Max Capacity: 8G
 Pre-touch: Disabled
 Parallel Workers: 15
 Concurrent Workers: 4
 Concurrent Refinement Workers: 15
 Periodic GC: Disabled

Heap:
 garbage-first heap   total 221184K, used 163606K [0x0000000600000000, 0x0000000800000000)
  region size 4096K, 11 young (45056K), 3 survivors (12288K)
 Metaspace       used 122161K, committed 124608K, reserved 1179648K
  class space    used 16820K, committed 18048K, reserved 1048576K

Heap Regions: E=young(eden), S=young(survivor), O=old, HS=humongous(starts), HC=humongous(continues), CS=collection set, F=free, TAMS=top-at-mark-start, PB=parsable bottom
|   0|0x0000000600000000, 0x0000000600400000, 0x0000000600400000|100%|HS|  |TAMS 0x0000000600000000| PB 0x0000000600000000| Complete 
|   1|0x0000000600400000, 0x0000000600800000, 0x0000000600800000|100%| O|  |TAMS 0x0000000600400000| PB 0x0000000600400000| Untracked 
|   2|0x0000000600800000, 0x0000000600c00000, 0x0000000600c00000|100%| O|  |TAMS 0x0000000600800000| PB 0x0000000600800000| Untracked 
|   3|0x0000000600c00000, 0x0000000601000000, 0x0000000601000000|100%| O|  |TAMS 0x0000000600c00000| PB 0x0000000600c00000| Untracked 
|   4|0x0000000601000000, 0x0000000601000000, 0x0000000601400000|  0%| F|  |TAMS 0x0000000601000000| PB 0x0000000601000000| Untracked 
|   5|0x0000000601400000, 0x0000000601800000, 0x0000000601800000|100%| O|  |TAMS 0x0000000601400000| PB 0x0000000601400000| Untracked 
|   6|0x0000000601800000, 0x0000000601c00000, 0x0000000601c00000|100%| O|  |TAMS 0x0000000601800000| PB 0x0000000601800000| Untracked 
|   7|0x0000000601c00000, 0x0000000602000000, 0x0000000602000000|100%| O|  |TAMS 0x0000000601c00000| PB 0x0000000601c00000| Untracked 
|   8|0x0000000602000000, 0x0000000602400000, 0x0000000602400000|100%| O|  |TAMS 0x0000000602000000| PB 0x0000000602000000| Untracked 
|   9|0x0000000602400000, 0x0000000602800000, 0x0000000602800000|100%| O|  |TAMS 0x0000000602400000| PB 0x0000000602400000| Untracked 
|  10|0x0000000602800000, 0x0000000602c00000, 0x0000000602c00000|100%| O|  |TAMS 0x0000000602800000| PB 0x0000000602800000| Untracked 
|  11|0x0000000602c00000, 0x0000000603000000, 0x0000000603000000|100%| O|  |TAMS 0x0000000602c00000| PB 0x0000000602c00000| Untracked 
|  12|0x0000000603000000, 0x0000000603400000, 0x0000000603400000|100%| O|  |TAMS 0x0000000603000000| PB 0x0000000603000000| Untracked 
|  13|0x0000000603400000, 0x0000000603800000, 0x0000000603800000|100%| O|Cm|TAMS 0x0000000603400000| PB 0x0000000603400000| Complete 
|  14|0x0000000603800000, 0x0000000603c00000, 0x0000000603c00000|100%| O|  |TAMS 0x0000000603800000| PB 0x0000000603800000| Untracked 
|  15|0x0000000603c00000, 0x0000000604000000, 0x0000000604000000|100%| O|  |TAMS 0x0000000603c00000| PB 0x0000000603c00000| Untracked 
|  16|0x0000000604000000, 0x0000000604400000, 0x0000000604400000|100%| O|  |TAMS 0x0000000604000000| PB 0x0000000604000000| Untracked 
|  17|0x0000000604400000, 0x0000000604800000, 0x0000000604800000|100%| O|  |TAMS 0x0000000604400000| PB 0x0000000604400000| Untracked 
|  18|0x0000000604800000, 0x0000000604c00000, 0x0000000604c00000|100%| O|  |TAMS 0x0000000604800000| PB 0x0000000604800000| Untracked 
|  19|0x0000000604c00000, 0x0000000605000000, 0x0000000605000000|100%| O|  |TAMS 0x0000000604c00000| PB 0x0000000604c00000| Untracked 
|  20|0x0000000605000000, 0x0000000605400000, 0x0000000605400000|100%| O|  |TAMS 0x0000000605000000| PB 0x0000000605000000| Untracked 
|  21|0x0000000605400000, 0x0000000605800000, 0x0000000605800000|100%| O|  |TAMS 0x0000000605400000| PB 0x0000000605400000| Untracked 
|  22|0x0000000605800000, 0x0000000605c00000, 0x0000000605c00000|100%| O|  |TAMS 0x0000000605800000| PB 0x0000000605800000| Untracked 
|  23|0x0000000605c00000, 0x0000000606000000, 0x0000000606000000|100%| O|  |TAMS 0x0000000605c00000| PB 0x0000000605c00000| Untracked 
|  24|0x0000000606000000, 0x0000000606400000, 0x0000000606400000|100%| O|  |TAMS 0x0000000606000000| PB 0x0000000606000000| Untracked 
|  25|0x0000000606400000, 0x0000000606800000, 0x0000000606800000|100%| O|  |TAMS 0x0000000606400000| PB 0x0000000606400000| Untracked 
|  26|0x0000000606800000, 0x0000000606c00000, 0x0000000606c00000|100%| O|  |TAMS 0x0000000606800000| PB 0x0000000606800000| Untracked 
|  27|0x0000000606c00000, 0x0000000606c00000, 0x0000000607000000|  0%| F|  |TAMS 0x0000000606c00000| PB 0x0000000606c00000| Untracked 
|  28|0x0000000607000000, 0x00000006073c5a40, 0x0000000607400000| 94%| O|  |TAMS 0x0000000607000000| PB 0x0000000607000000| Untracked 
|  29|0x0000000607400000, 0x0000000607400000, 0x0000000607800000|  0%| F|  |TAMS 0x0000000607400000| PB 0x0000000607400000| Untracked 
|  30|0x0000000607800000, 0x0000000607800000, 0x0000000607c00000|  0%| F|  |TAMS 0x0000000607800000| PB 0x0000000607800000| Untracked 
|  31|0x0000000607c00000, 0x0000000607c00000, 0x0000000608000000|  0%| F|  |TAMS 0x0000000607c00000| PB 0x0000000607c00000| Untracked 
|  32|0x0000000608000000, 0x0000000608000000, 0x0000000608400000|  0%| F|  |TAMS 0x0000000608000000| PB 0x0000000608000000| Untracked 
|  33|0x0000000608400000, 0x0000000608400000, 0x0000000608800000|  0%| F|  |TAMS 0x0000000608400000| PB 0x0000000608400000| Untracked 
|  34|0x0000000608800000, 0x0000000608c00000, 0x0000000608c00000|100%| S|CS|TAMS 0x0000000608800000| PB 0x0000000608800000| Complete 
|  35|0x0000000608c00000, 0x0000000609000000, 0x0000000609000000|100%| S|CS|TAMS 0x0000000608c00000| PB 0x0000000608c00000| Complete 
|  36|0x0000000609000000, 0x0000000609400000, 0x0000000609400000|100%| S|CS|TAMS 0x0000000609000000| PB 0x0000000609000000| Complete 
|  37|0x0000000609400000, 0x0000000609400000, 0x0000000609800000|  0%| F|  |TAMS 0x0000000609400000| PB 0x0000000609400000| Untracked 
|  38|0x0000000609800000, 0x0000000609800000, 0x0000000609c00000|  0%| F|  |TAMS 0x0000000609800000| PB 0x0000000609800000| Untracked 
|  39|0x0000000609c00000, 0x0000000609c00000, 0x000000060a000000|  0%| F|  |TAMS 0x0000000609c00000| PB 0x0000000609c00000| Untracked 
|  40|0x000000060a000000, 0x000000060a000000, 0x000000060a400000|  0%| F|  |TAMS 0x000000060a000000| PB 0x000000060a000000| Untracked 
|  41|0x000000060a400000, 0x000000060a400000, 0x000000060a800000|  0%| F|  |TAMS 0x000000060a400000| PB 0x000000060a400000| Untracked 
|  42|0x000000060a800000, 0x000000060a800000, 0x000000060ac00000|  0%| F|  |TAMS 0x000000060a800000| PB 0x000000060a800000| Untracked 
|  43|0x000000060ac00000, 0x000000060ac00a58, 0x000000060b000000|  0%| E|  |TAMS 0x000000060ac00000| PB 0x000000060ac00000| Complete 
|  44|0x000000060b000000, 0x000000060b400000, 0x000000060b400000|100%| E|CS|TAMS 0x000000060b000000| PB 0x000000060b000000| Complete 
|  45|0x000000060b400000, 0x000000060b800000, 0x000000060b800000|100%| E|CS|TAMS 0x000000060b400000| PB 0x000000060b400000| Complete 
|  46|0x000000060b800000, 0x000000060bc00000, 0x000000060bc00000|100%| E|CS|TAMS 0x000000060b800000| PB 0x000000060b800000| Complete 
|  47|0x000000060bc00000, 0x000000060c000000, 0x000000060c000000|100%| E|CS|TAMS 0x000000060bc00000| PB 0x000000060bc00000| Complete 
|  48|0x000000060c000000, 0x000000060c400000, 0x000000060c400000|100%| E|CS|TAMS 0x000000060c000000| PB 0x000000060c000000| Complete 
|  49|0x000000060c400000, 0x000000060c800000, 0x000000060c800000|100%| E|CS|TAMS 0x000000060c400000| PB 0x000000060c400000| Complete 
|  62|0x000000060f800000, 0x000000060fc00000, 0x000000060fc00000|100%| E|CS|TAMS 0x000000060f800000| PB 0x000000060f800000| Complete 
|2045|0x00000007ff400000, 0x00000007ff800000, 0x00000007ff800000|100%| O|  |TAMS 0x00000007ff400000| PB 0x00000007ff400000| Untracked 
|2046|0x00000007ff800000, 0x00000007ffc00000, 0x00000007ffc00000|100%| O|  |TAMS 0x00000007ff800000| PB 0x00000007ff800000| Untracked 
|2047|0x00000007ffc00000, 0x0000000800000000, 0x0000000800000000|100%| O|  |TAMS 0x00000007ffc00000| PB 0x00000007ffc00000| Untracked 

Card table byte_map: [0x000001f6715e0000,0x000001f6725e0000] _byte_map_base: 0x000001f66e5e0000

Marking Bits: (CMBitMap*) 0x000001f66a9dcb80
 Bits: [0x000001f6725e0000, 0x000001f67a5e0000)

Polling page: 0x000001f66a6b0000

Metaspace:

Usage:
  Non-class:    102.87 MB used.
      Class:     16.43 MB used.
       Both:    119.30 MB used.

Virtual space:
  Non-class space:      128.00 MB reserved,     104.06 MB ( 81%) committed,  2 nodes.
      Class space:        1.00 GB reserved,      17.62 MB (  2%) committed,  1 nodes.
             Both:        1.12 GB reserved,     121.69 MB ( 11%) committed. 

Chunk freelists:
   Non-Class:  7.97 MB
       Class:  14.37 MB
        Both:  22.34 MB

MaxMetaspaceSize: 4.00 GB
CompressedClassSpaceSize: 1.00 GB
Initial GC threshold: 21.00 MB
Current GC threshold: 202.00 MB
CDS: on
 - commit_granule_bytes: 65536.
 - commit_granule_words: 8192.
 - virtual_space_node_default_size: 8388608.
 - enlarge_chunks_in_place: 1.
 - use_allocation_guard: 0.


Internal statistics:

num_allocs_failed_limit: 9.
num_arena_births: 4454.
num_arena_deaths: 2.
num_vsnodes_births: 3.
num_vsnodes_deaths: 0.
num_space_committed: 1945.
num_space_uncommitted: 0.
num_chunks_returned_to_freelist: 11.
num_chunks_taken_from_freelist: 10177.
num_chunk_merges: 6.
num_chunk_splits: 6683.
num_chunks_enlarged: 4303.
num_inconsistent_stats: 0.

CodeHeap 'non-profiled nmethods': size=258432Kb used=8882Kb max_used=8882Kb free=249549Kb
 bounds [0x000001f6103a0000, 0x000001f610c50000, 0x000001f620000000]
CodeHeap 'profiled nmethods': size=258368Kb used=29239Kb max_used=29239Kb free=229128Kb
 bounds [0x000001f600000000, 0x000001f601c90000, 0x000001f60fc50000]
CodeHeap 'non-nmethods': size=7488Kb used=2060Kb max_used=3766Kb free=5428Kb
 bounds [0x000001f60fc50000, 0x000001f610090000, 0x000001f6103a0000]
CodeCache: size=524288Kb, used=40181Kb, max_used=41887Kb, free=484105Kb
 total_blobs=15802, nmethods=14895, adapters=810, full_count=0
Compilation: enabled, stopped_count=0, restarted_count=0

Compilation events (20 events):
Event: 480.429 Thread 0x000001f67d8fd8b0 17405   !   4       org.gradle.internal.service.DefaultServiceRegistry$FactoryService::bind (297 bytes)
Event: 480.429 Thread 0x000001f67d901b10 nmethod 17417 0x000001f601c8b290 code [0x000001f601c8b4a0, 0x000001f601c8bb40]
Event: 480.429 Thread 0x000001f67d901b10 17418       1       org.gradle.api.attributes.LibraryElements$Impl::isImmutable (3 bytes)
Event: 480.429 Thread 0x000001f67d901b10 nmethod 17418 0x000001f610c4c290 code [0x000001f610c4c420, 0x000001f610c4c4e8]
Event: 480.430 Thread 0x000001f67d901b10 17419       1       org.gradle.api.attributes.java.TargetJvmEnvironment$Impl::isImmutable (3 bytes)
Event: 480.430 Thread 0x000001f67d901b10 nmethod 17419 0x000001f610c4c590 code [0x000001f610c4c720, 0x000001f610c4c7e8]
Event: 480.431 Thread 0x000001f67d901b10 17420       3       org.gradle.api.internal.artifacts.configurations.DefaultConfiguration$$Lambda/0x000001f62167b6b0::execute (16 bytes)
Event: 480.432 Thread 0x000001f67d901b10 nmethod 17420 0x000001f601c8bd90 code [0x000001f601c8bf60, 0x000001f601c8c298]
Event: 480.432 Thread 0x000001f67d901b10 17421       3       org.gradle.api.internal.artifacts.configurations.DefaultConfiguration::lambda$validateMutationType$0 (8 bytes)
Event: 480.432 Thread 0x000001f67d901b10 nmethod 17421 0x000001f601c8c390 code [0x000001f601c8c540, 0x000001f601c8c6f8]
Event: 480.432 Thread 0x000001f67d901b10 17422       1       org.gradle.api.internal.provider.AbstractCollectionProperty::getElementType (5 bytes)
Event: 480.432 Thread 0x000001f67d901b10 nmethod 17422 0x000001f610c4c890 code [0x000001f610c4ca20, 0x000001f610c4caf0]
Event: 480.434 Thread 0x000001f67d901b10 17423       3       org.gradle.api.internal.DefaultNamedDomainObjectSet::<init> (13 bytes)
Event: 480.434 Thread 0x000001f67d901b10 nmethod 17423 0x000001f601c8c810 code [0x000001f601c8c9c0, 0x000001f601c8cb60]
Event: 480.434 Thread 0x000001f67d901b10 17424       3       org.gradle.api.internal.DefaultDomainObjectCollection::createFilter (9 bytes)
Event: 480.434 Thread 0x000001f67d901b10 nmethod 17424 0x000001f601c8cc90 code [0x000001f601c8ce60, 0x000001f601c8d270]
Event: 480.434 Thread 0x000001f67d901b10 17425       3       org.gradle.api.internal.collections.CollectionFilter::<init> (9 bytes)
Event: 480.434 Thread 0x000001f67d901b10 nmethod 17425 0x000001f601c8d410 code [0x000001f601c8d5e0, 0x000001f601c8d930]
Event: 480.439 Thread 0x000001f67d901b10 17426       3       org.gradle.api.internal.plugins.DslObject::<init> (10 bytes)
Event: 480.439 Thread 0x000001f67d901b10 nmethod 17426 0x000001f601c8da90 code [0x000001f601c8dc40, 0x000001f601c8de00]

GC Heap History (20 events):
Event: 251.260 GC heap before
{Heap before GC invocations=44 (full 0):
 garbage-first heap   total 172032K, used 145048K [0x0000000600000000, 0x0000000800000000)
  region size 4096K, 12 young (49152K), 1 survivors (4096K)
 Metaspace       used 99912K, committed 102272K, reserved 1179648K
  class space    used 14368K, committed 15552K, reserved 1048576K
}
Event: 251.264 GC heap after
{Heap after GC invocations=45 (full 0):
 garbage-first heap   total 172032K, used 101097K [0x0000000600000000, 0x0000000800000000)
  region size 4096K, 2 young (8192K), 2 survivors (8192K)
 Metaspace       used 99912K, committed 102272K, reserved 1179648K
  class space    used 14368K, committed 15552K, reserved 1048576K
}
Event: 253.671 GC heap before
{Heap before GC invocations=45 (full 0):
 garbage-first heap   total 172032K, used 154345K [0x0000000600000000, 0x0000000800000000)
  region size 4096K, 15 young (61440K), 2 survivors (8192K)
 Metaspace       used 103483K, committed 105792K, reserved 1179648K
  class space    used 14851K, committed 16000K, reserved 1048576K
}
Event: 253.684 GC heap after
{Heap after GC invocations=46 (full 0):
 garbage-first heap   total 172032K, used 102898K [0x0000000600000000, 0x0000000800000000)
  region size 4096K, 2 young (8192K), 2 survivors (8192K)
 Metaspace       used 103483K, committed 105792K, reserved 1179648K
  class space    used 14851K, committed 16000K, reserved 1048576K
}
Event: 256.223 GC heap before
{Heap before GC invocations=46 (full 0):
 garbage-first heap   total 172032K, used 152050K [0x0000000600000000, 0x0000000800000000)
  region size 4096K, 15 young (61440K), 2 survivors (8192K)
 Metaspace       used 107588K, committed 109952K, reserved 1179648K
  class space    used 15198K, committed 16384K, reserved 1048576K
}
Event: 256.235 GC heap after
{Heap after GC invocations=47 (full 0):
 garbage-first heap   total 172032K, used 108272K [0x0000000600000000, 0x0000000800000000)
  region size 4096K, 2 young (8192K), 2 survivors (8192K)
 Metaspace       used 107588K, committed 109952K, reserved 1179648K
  class space    used 15198K, committed 16384K, reserved 1048576K
}
Event: 257.332 GC heap before
{Heap before GC invocations=48 (full 0):
 garbage-first heap   total 184320K, used 153328K [0x0000000600000000, 0x0000000800000000)
  region size 4096K, 14 young (57344K), 2 survivors (8192K)
 Metaspace       used 109886K, committed 112256K, reserved 1179648K
  class space    used 15528K, committed 16704K, reserved 1048576K
}
Event: 257.340 GC heap after
{Heap after GC invocations=49 (full 0):
 garbage-first heap   total 184320K, used 113954K [0x0000000600000000, 0x0000000800000000)
  region size 4096K, 2 young (8192K), 2 survivors (8192K)
 Metaspace       used 109886K, committed 112256K, reserved 1179648K
  class space    used 15528K, committed 16704K, reserved 1048576K
}
Event: 258.209 GC heap before
{Heap before GC invocations=49 (full 0):
 garbage-first heap   total 184320K, used 163106K [0x0000000600000000, 0x0000000800000000)
  region size 4096K, 14 young (57344K), 2 survivors (8192K)
 Metaspace       used 112667K, committed 115008K, reserved 1179648K
  class space    used 15900K, committed 17088K, reserved 1048576K
}
Event: 258.215 GC heap after
{Heap after GC invocations=50 (full 0):
 garbage-first heap   total 184320K, used 117542K [0x0000000600000000, 0x0000000800000000)
  region size 4096K, 2 young (8192K), 2 survivors (8192K)
 Metaspace       used 112667K, committed 115008K, reserved 1179648K
  class space    used 15900K, committed 17088K, reserved 1048576K
}
Event: 261.268 GC heap before
{Heap before GC invocations=50 (full 0):
 garbage-first heap   total 184320K, used 158502K [0x0000000600000000, 0x0000000800000000)
  region size 4096K, 13 young (53248K), 2 survivors (8192K)
 Metaspace       used 115727K, committed 118080K, reserved 1179648K
  class space    used 16278K, committed 17472K, reserved 1048576K
}
Event: 261.273 GC heap after
{Heap after GC invocations=51 (full 0):
 garbage-first heap   total 184320K, used 119047K [0x0000000600000000, 0x0000000800000000)
  region size 4096K, 2 young (8192K), 2 survivors (8192K)
 Metaspace       used 115727K, committed 118080K, reserved 1179648K
  class space    used 16278K, committed 17472K, reserved 1048576K
}
Event: 265.000 GC heap before
{Heap before GC invocations=52 (full 0):
 garbage-first heap   total 204800K, used 164103K [0x0000000600000000, 0x0000000800000000)
  region size 4096K, 14 young (57344K), 2 survivors (8192K)
 Metaspace       used 121189K, committed 123584K, reserved 1179648K
  class space    used 16807K, committed 17984K, reserved 1048576K
}
Event: 265.003 GC heap after
{Heap after GC invocations=53 (full 0):
 garbage-first heap   total 204800K, used 120423K [0x0000000600000000, 0x0000000800000000)
  region size 4096K, 1 young (4096K), 1 survivors (4096K)
 Metaspace       used 121189K, committed 123584K, reserved 1179648K
  class space    used 16807K, committed 17984K, reserved 1048576K
}
Event: 460.188 GC heap before
{Heap before GC invocations=53 (full 0):
 garbage-first heap   total 204800K, used 185959K [0x0000000600000000, 0x0000000800000000)
  region size 4096K, 17 young (69632K), 1 survivors (4096K)
 Metaspace       used 121456K, committed 123840K, reserved 1179648K
  class space    used 16811K, committed 17984K, reserved 1048576K
}
Event: 460.520 GC heap after
{Heap after GC invocations=54 (full 0):
 garbage-first heap   total 204800K, used 123419K [0x0000000600000000, 0x0000000800000000)
  region size 4096K, 2 young (8192K), 2 survivors (8192K)
 Metaspace       used 121456K, committed 123840K, reserved 1179648K
  class space    used 16811K, committed 17984K, reserved 1048576K
}
Event: 464.663 GC heap before
{Heap before GC invocations=54 (full 0):
 garbage-first heap   total 204800K, used 188955K [0x0000000600000000, 0x0000000800000000)
  region size 4096K, 18 young (73728K), 2 survivors (8192K)
 Metaspace       used 121716K, committed 124096K, reserved 1179648K
  class space    used 16812K, committed 17984K, reserved 1048576K
}
Event: 464.857 GC heap after
{Heap after GC invocations=55 (full 0):
 garbage-first heap   total 204800K, used 127810K [0x0000000600000000, 0x0000000800000000)
  region size 4096K, 3 young (12288K), 3 survivors (12288K)
 Metaspace       used 121716K, committed 124096K, reserved 1179648K
  class space    used 16812K, committed 17984K, reserved 1048576K
}
Event: 477.758 GC heap before
{Heap before GC invocations=56 (full 0):
 garbage-first heap   total 221184K, used 185154K [0x0000000600000000, 0x0000000800000000)
  region size 4096K, 17 young (69632K), 3 survivors (12288K)
 Metaspace       used 122023K, committed 124480K, reserved 1179648K
  class space    used 16818K, committed 18048K, reserved 1048576K
}
Event: 477.773 GC heap after
{Heap after GC invocations=57 (full 0):
 garbage-first heap   total 221184K, used 134934K [0x0000000600000000, 0x0000000800000000)
  region size 4096K, 3 young (12288K), 3 survivors (12288K)
 Metaspace       used 122023K, committed 124480K, reserved 1179648K
  class space    used 16818K, committed 18048K, reserved 1048576K
}

Dll operation events (20 events):
Event: 0.239 Attempting to load shared library C:\Users\AJI\.vscode\extensions\redhat.java-1.56.0-win32-x64\jre\21.0.12.1-win32-x86_64\bin\nio.dll
Event: 0.240 Loaded shared library C:\Users\AJI\.vscode\extensions\redhat.java-1.56.0-win32-x64\jre\21.0.12.1-win32-x86_64\bin\nio.dll
Event: 0.248 Attempting to load shared library C:\Users\AJI\.vscode\extensions\redhat.java-1.56.0-win32-x64\jre\21.0.12.1-win32-x86_64\bin\zip.dll
Event: 0.248 Loaded shared library C:\Users\AJI\.vscode\extensions\redhat.java-1.56.0-win32-x64\jre\21.0.12.1-win32-x86_64\bin\zip.dll
Event: 1.394 Attempting to load shared library C:\Users\AJI\.vscode\extensions\redhat.java-1.56.0-win32-x64\jre\21.0.12.1-win32-x86_64\bin\jimage.dll
Event: 1.394 Loaded shared library C:\Users\AJI\.vscode\extensions\redhat.java-1.56.0-win32-x64\jre\21.0.12.1-win32-x86_64\bin\jimage.dll
Event: 1.848 Attempting to load shared library C:\Users\AJI\.vscode\extensions\redhat.java-1.56.0-win32-x64\jre\21.0.12.1-win32-x86_64\bin\verify.dll
Event: 1.853 Loaded shared library C:\Users\AJI\.vscode\extensions\redhat.java-1.56.0-win32-x64\jre\21.0.12.1-win32-x86_64\bin\verify.dll
Event: 1.912 Attempting to load shared library C:\Users\AJI\.gradle\native\1def1411415f61bf3af743bc5b6707747c0891f09f0c88961ee8f79bc544acac\windows-amd64\native-platform.dll
Event: 1.915 Loaded shared library C:\Users\AJI\.gradle\native\1def1411415f61bf3af743bc5b6707747c0891f09f0c88961ee8f79bc544acac\windows-amd64\native-platform.dll
Event: 1.930 Attempting to load shared library C:\Users\AJI\.gradle\native\0.2.8\x86_64-windows-gnu\gradle-fileevents.dll
Event: 1.933 Loaded shared library C:\Users\AJI\.gradle\native\0.2.8\x86_64-windows-gnu\gradle-fileevents.dll
Event: 6.650 Attempting to load shared library C:\Users\AJI\.vscode\extensions\redhat.java-1.56.0-win32-x64\jre\21.0.12.1-win32-x86_64\bin\management.dll
Event: 6.650 Loaded shared library C:\Users\AJI\.vscode\extensions\redhat.java-1.56.0-win32-x64\jre\21.0.12.1-win32-x86_64\bin\management.dll
Event: 6.657 Attempting to load shared library C:\Users\AJI\.vscode\extensions\redhat.java-1.56.0-win32-x64\jre\21.0.12.1-win32-x86_64\bin\management_ext.dll
Event: 6.658 Loaded shared library C:\Users\AJI\.vscode\extensions\redhat.java-1.56.0-win32-x64\jre\21.0.12.1-win32-x86_64\bin\management_ext.dll
Event: 6.929 Attempting to load shared library C:\Users\AJI\.vscode\extensions\redhat.java-1.56.0-win32-x64\jre\21.0.12.1-win32-x86_64\bin\extnet.dll
Event: 6.930 Loaded shared library C:\Users\AJI\.vscode\extensions\redhat.java-1.56.0-win32-x64\jre\21.0.12.1-win32-x86_64\bin\extnet.dll
Event: 7.392 Attempting to load shared library C:\Users\AJI\.vscode\extensions\redhat.java-1.56.0-win32-x64\jre\21.0.12.1-win32-x86_64\bin\sunmscapi.dll
Event: 7.395 Loaded shared library C:\Users\AJI\.vscode\extensions\redhat.java-1.56.0-win32-x64\jre\21.0.12.1-win32-x86_64\bin\sunmscapi.dll

Deoptimization events (20 events):
Event: 479.842 Thread 0x000001f67f148720 Uncommon trap: trap_request=0xffffffde fr.pc=0x000001f6107800fc relative=0x0000000000000a7c
Event: 479.842 Thread 0x000001f67f148720 Uncommon trap: reason=class_check action=maybe_recompile pc=0x000001f6107800fc method=org.gradle.internal.file.FileHierarchySet$Node.contains(Ljava/lang/String;I)Z @ 55 c2
Event: 479.842 Thread 0x000001f67f148720 DEOPT PACKING pc=0x000001f6107800fc sp=0x000000af076f8300
Event: 479.843 Thread 0x000001f67f148720 DEOPT UNPACKING pc=0x000001f60fca4422 sp=0x000000af076f82d0 mode 2
Event: 480.416 Thread 0x000001f67f148720 Uncommon trap: trap_request=0xffffffd6 fr.pc=0x000001f610c4169c relative=0x000000000000281c
Event: 480.416 Thread 0x000001f67f148720 Uncommon trap: reason=array_check action=maybe_recompile pc=0x000001f610c4169c method=org.gradle.internal.service.DefaultServiceRegistry$FactoryService.bind()V @ 281 c2
Event: 480.416 Thread 0x000001f67f148720 DEOPT PACKING pc=0x000001f610c4169c sp=0x000000af076f6170
Event: 480.416 Thread 0x000001f67f148720 DEOPT UNPACKING pc=0x000001f60fca4422 sp=0x000000af076f6180 mode 2
Event: 480.417 Thread 0x000001f67f148720 Uncommon trap: trap_request=0xffffffd6 fr.pc=0x000001f610c4169c relative=0x000000000000281c
Event: 480.417 Thread 0x000001f67f148720 Uncommon trap: reason=array_check action=maybe_recompile pc=0x000001f610c4169c method=org.gradle.internal.service.DefaultServiceRegistry$FactoryService.bind()V @ 281 c2
Event: 480.417 Thread 0x000001f67f148720 DEOPT PACKING pc=0x000001f610c4169c sp=0x000000af076f4060
Event: 480.417 Thread 0x000001f67f148720 DEOPT UNPACKING pc=0x000001f60fca4422 sp=0x000000af076f4070 mode 2
Event: 480.418 Thread 0x000001f67f148720 Uncommon trap: trap_request=0xffffffd6 fr.pc=0x000001f610c4169c relative=0x000000000000281c
Event: 480.418 Thread 0x000001f67f148720 Uncommon trap: reason=array_check action=maybe_recompile pc=0x000001f610c4169c method=org.gradle.internal.service.DefaultServiceRegistry$FactoryService.bind()V @ 281 c2
Event: 480.418 Thread 0x000001f67f148720 DEOPT PACKING pc=0x000001f610c4169c sp=0x000000af076f2f10
Event: 480.418 Thread 0x000001f67f148720 DEOPT UNPACKING pc=0x000001f60fca4422 sp=0x000000af076f2f20 mode 2
Event: 480.419 Thread 0x000001f67f148720 Uncommon trap: trap_request=0xffffffd6 fr.pc=0x000001f610c4169c relative=0x000000000000281c
Event: 480.419 Thread 0x000001f67f148720 Uncommon trap: reason=array_check action=maybe_recompile pc=0x000001f610c4169c method=org.gradle.internal.service.DefaultServiceRegistry$FactoryService.bind()V @ 281 c2
Event: 480.419 Thread 0x000001f67f148720 DEOPT PACKING pc=0x000001f610c4169c sp=0x000000af076f3790
Event: 480.419 Thread 0x000001f67f148720 DEOPT UNPACKING pc=0x000001f60fca4422 sp=0x000000af076f37a0 mode 2

Classes loaded (20 events):
Event: 258.878 Loading class sun/reflect/misc/MethodUtil$1
Event: 258.878 Loading class sun/reflect/misc/MethodUtil$1 done
Event: 261.383 Loading class java/lang/Short$ShortCache
Event: 261.383 Loading class java/lang/Short$ShortCache done
Event: 261.626 Loading class java/io/CharArrayWriter
Event: 261.627 Loading class java/io/CharArrayWriter done
Event: 261.666 Loading class java/nio/file/StandardCopyOption
Event: 261.667 Loading class java/nio/file/StandardCopyOption done
Event: 261.667 Loading class sun/nio/fs/WindowsFileCopy
Event: 261.668 Loading class sun/nio/fs/WindowsFileCopy done
Event: 261.985 Loading class java/time/Instant$1
Event: 261.985 Loading class java/time/Instant$1 done
Event: 262.150 Loading class java/net/UrlDeserializedState
Event: 262.150 Loading class java/net/UrlDeserializedState done
Event: 262.159 Loading class java/util/concurrent/CompletableFuture$AsyncRun
Event: 262.160 Loading class java/util/concurrent/CompletableFuture$AsyncRun done
Event: 264.753 Loading class jdk/internal/math/FormattedFPDecimal
Event: 264.754 Loading class jdk/internal/math/FormattedFPDecimal done
Event: 264.974 Loading class java/util/function/BooleanSupplier
Event: 264.974 Loading class java/util/function/BooleanSupplier done

Classes unloaded (1 events):
Event: 114.337 Thread 0x000001f67a8d57c0 Unloading class 0x000001f6217c4400 'java/lang/invoke/LambdaForm$DMH+0x000001f6217c4400'

Classes redefined (0 events):
No events

Internal exceptions (20 events):
Event: 462.071 Thread 0x000001f668694350 Exception <a 'sun/nio/fs/WindowsException'{0x000000060b7d72f0}> (0x000000060b7d72f0) 
thrown [s\src\hotspot\share\prims\jni.cpp, line 520]
Event: 462.076 Thread 0x000001f668694350 Exception <a 'sun/nio/fs/WindowsException'{0x000000060b7ef770}> (0x000000060b7ef770) 
thrown [s\src\hotspot\share\prims\jni.cpp, line 520]
Event: 462.077 Thread 0x000001f668694350 Exception <a 'sun/nio/fs/WindowsException'{0x000000060b7f1c08}> (0x000000060b7f1c08) 
thrown [s\src\hotspot\share\prims\jni.cpp, line 520]
Event: 462.078 Thread 0x000001f668694350 Exception <a 'sun/nio/fs/WindowsException'{0x000000060b7f3a88}> (0x000000060b7f3a88) 
thrown [s\src\hotspot\share\prims\jni.cpp, line 520]
Event: 469.906 Thread 0x000001f67f148720 Implicit null exception at 0x000001f610b7c098 to 0x000001f610b7c970
Event: 469.920 Thread 0x000001f67f148720 Implicit null exception at 0x000001f610b7d0df to 0x000001f610b7d98a
Event: 475.789 Thread 0x000001f67f148720 Implicit null exception at 0x000001f610bf3b8c to 0x000001f610bf4408
Event: 475.933 Thread 0x000001f67f148720 Exception <a 'sun/nio/fs/WindowsException'{0x000000060aa1a1e0}> (0x000000060aa1a1e0) 
thrown [s\src\hotspot\share\prims\jni.cpp, line 520]
Event: 478.757 Thread 0x000001f669df3f30 Exception <a 'sun/nio/fs/WindowsException'{0x000000060f931b88}> (0x000000060f931b88) 
thrown [s\src\hotspot\share\prims\jni.cpp, line 520]
Event: 478.841 Thread 0x000001f67f148720 Exception <a 'sun/nio/fs/WindowsException'{0x000000060fbf0eb0}> (0x000000060fbf0eb0) 
thrown [s\src\hotspot\share\prims\jni.cpp, line 520]
Event: 479.144 Thread 0x000001f669deb560 Exception <a 'sun/nio/fs/WindowsException'{0x000000060c3f3bf8}> (0x000000060c3f3bf8) 
thrown [s\src\hotspot\share\prims\jni.cpp, line 520]
Event: 479.144 Thread 0x000001f669deb560 Exception <a 'sun/nio/fs/WindowsException'{0x000000060c3f4ce0}> (0x000000060c3f4ce0) 
thrown [s\src\hotspot\share\prims\jni.cpp, line 520]
Event: 479.821 Thread 0x000001f67f148720 Exception <a 'sun/nio/fs/WindowsException'{0x000000060beca150}> (0x000000060beca150) 
thrown [s\src\hotspot\share\prims\jni.cpp, line 520]
Event: 479.821 Thread 0x000001f67f148720 Exception <a 'sun/nio/fs/WindowsException'{0x000000060becb608}> (0x000000060becb608) 
thrown [s\src\hotspot\share\prims\jni.cpp, line 520]
Event: 479.822 Thread 0x000001f67f148720 Exception <a 'sun/nio/fs/WindowsException'{0x000000060beccab0}> (0x000000060beccab0) 
thrown [s\src\hotspot\share\prims\jni.cpp, line 520]
Event: 479.822 Thread 0x000001f67f148720 Exception <a 'sun/nio/fs/WindowsException'{0x000000060becdf58}> (0x000000060becdf58) 
thrown [s\src\hotspot\share\prims\jni.cpp, line 520]
Event: 479.881 Thread 0x000001f67f148720 Exception <a 'sun/nio/fs/WindowsException'{0x000000060bf9d0f8}> (0x000000060bf9d0f8) 
thrown [s\src\hotspot\share\prims\jni.cpp, line 520]
Event: 479.881 Thread 0x000001f67f148720 Exception <a 'sun/nio/fs/WindowsException'{0x000000060bf9edc0}> (0x000000060bf9edc0) 
thrown [s\src\hotspot\share\prims\jni.cpp, line 520]
Event: 479.883 Thread 0x000001f67f148720 Exception <a 'sun/nio/fs/WindowsException'{0x000000060bfa0a78}> (0x000000060bfa0a78) 
thrown [s\src\hotspot\share\prims\jni.cpp, line 520]
Event: 479.884 Thread 0x000001f67f148720 Exception <a 'sun/nio/fs/WindowsException'{0x000000060bfa2730}> (0x000000060bfa2730) 
thrown [s\src\hotspot\share\prims\jni.cpp, line 520]

ZGC Phase Switch (0 events):
No events

VM Operations (20 events):
Event: 465.775 Executing safepoint VM operation: G1PauseCleanup
Event: 465.777 Executing safepoint VM operation: G1PauseCleanup done
Event: 467.801 Executing safepoint VM operation: Cleanup
Event: 467.801 Executing safepoint VM operation: Cleanup done
Event: 469.818 Executing safepoint VM operation: Cleanup
Event: 469.834 Executing safepoint VM operation: Cleanup done
Event: 470.838 Executing safepoint VM operation: Cleanup
Event: 470.838 Executing safepoint VM operation: Cleanup done
Event: 474.872 Executing safepoint VM operation: Cleanup
Event: 474.872 Executing safepoint VM operation: Cleanup done
Event: 475.878 Executing safepoint VM operation: Cleanup
Event: 475.893 Executing safepoint VM operation: Cleanup done
Event: 476.897 Executing safepoint VM operation: Cleanup
Event: 476.897 Executing safepoint VM operation: Cleanup done
Event: 477.758 Executing safepoint VM operation: G1CollectForAllocation (G1 Evacuation Pause)
Event: 477.773 Executing safepoint VM operation: G1CollectForAllocation (G1 Evacuation Pause) done
Event: 478.784 Executing safepoint VM operation: Cleanup
Event: 478.784 Executing safepoint VM operation: Cleanup done
Event: 479.784 Executing safepoint VM operation: Cleanup
Event: 479.799 Executing safepoint VM operation: Cleanup done

Memory protections (0 events):
No events

Nmethod flushes (20 events):
Event: 465.684 Thread 0x000001f67a8d57c0 flushing  nmethod 0x000001f610405210
Event: 465.684 Thread 0x000001f67a8d57c0 flushing  nmethod 0x000001f610530210
Event: 465.684 Thread 0x000001f67a8d57c0 flushing  nmethod 0x000001f610664b90
Event: 465.684 Thread 0x000001f67a8d57c0 flushing  nmethod 0x000001f610666810
Event: 465.685 Thread 0x000001f67a8d57c0 flushing  nmethod 0x000001f610af4210
Event: 465.685 Thread 0x000001f67a8d57c0 flushing  nmethod 0x000001f610af4710
Event: 465.685 Thread 0x000001f67a8d57c0 flushing  nmethod 0x000001f610afc790
Event: 465.685 Thread 0x000001f67a8d57c0 flushing  nmethod 0x000001f6000ba610
Event: 465.685 Thread 0x000001f67a8d57c0 flushing  nmethod 0x000001f60025ab90
Event: 465.685 Thread 0x000001f67a8d57c0 flushing  nmethod 0x000001f600728a90
Event: 465.685 Thread 0x000001f67a8d57c0 flushing  nmethod 0x000001f600846890
Event: 465.685 Thread 0x000001f67a8d57c0 flushing  nmethod 0x000001f600852f10
Event: 465.685 Thread 0x000001f67a8d57c0 flushing  nmethod 0x000001f600853e90
Event: 465.685 Thread 0x000001f67a8d57c0 flushing  nmethod 0x000001f600855a10
Event: 465.685 Thread 0x000001f67a8d57c0 flushing  nmethod 0x000001f600855f10
Event: 465.685 Thread 0x000001f67a8d57c0 flushing  nmethod 0x000001f600857490
Event: 465.685 Thread 0x000001f67a8d57c0 flushing  nmethod 0x000001f600b7a610
Event: 465.685 Thread 0x000001f67a8d57c0 flushing  nmethod 0x000001f600c6a310
Event: 465.685 Thread 0x000001f67a8d57c0 flushing  nmethod 0x000001f600cf1a10
Event: 465.686 Thread 0x000001f67a8d57c0 flushing  nmethod 0x000001f6012f6710

Events (20 events):
Event: 480.069 Thread 0x000001f67f148720 Thread added: 0x000001f669df7a40
Event: 480.407 Thread 0x000001f67f148720 Thread added: 0x000001f669dfa1a0
Event: 480.408 Thread 0x000001f67f148720 Thread added: 0x000001f669df8760
Event: 480.408 Thread 0x000001f67f148720 Thread added: 0x000001f669df8df0
Event: 480.408 Thread 0x000001f67f148720 Thread added: 0x000001f669df9b10
Event: 480.409 Thread 0x000001f67f148720 Thread added: 0x000001f669df73b0
Event: 480.409 Thread 0x000001f67f148720 Thread added: 0x000001f66868b2f0
Event: 480.409 Thread 0x000001f67f148720 Thread added: 0x000001f66868b980
Event: 480.410 Thread 0x000001f67f148720 Thread added: 0x000001f66868c010
Event: 480.410 Thread 0x000001f67f148720 Thread added: 0x000001f66868c6a0
Event: 480.411 Thread 0x000001f67f148720 Thread added: 0x000001f66868cd30
Event: 480.411 Thread 0x000001f67f148720 Thread added: 0x000001f66868da50
Event: 480.411 Thread 0x000001f67f148720 Thread added: 0x000001f66868ac60
Event: 480.411 Thread 0x000001f67f148720 Thread added: 0x000001f66868d3c0
Event: 480.411 Thread 0x000001f67f148720 Thread added: 0x000001f66868a5d0
Event: 480.412 Thread 0x000001f67f148720 Thread added: 0x000001f66868fb20
Event: 480.412 Thread 0x000001f67f148720 Thread added: 0x000001f66868e0e0
Event: 480.412 Thread 0x000001f67f148720 Thread added: 0x000001f668691bf0
Event: 480.412 Thread 0x000001f67f148720 Thread added: 0x000001f668690ed0
Event: 480.413 Thread 0x000001f67f148720 Thread added: 0x000001f66868ee00


Dynamic libraries:
0x00007ff79bf90000 - 0x00007ff79bf9e000 	C:\Users\AJI\.vscode\extensions\redhat.java-1.56.0-win32-x64\jre\21.0.12.1-win32-x86_64\bin\java.exe
0x00007ffe02160000 - 0x00007ffe023c7000 	C:\WINDOWS\SYSTEM32\ntdll.dll
0x00007ffe003b0000 - 0x00007ffe0047b000 	C:\WINDOWS\System32\KERNEL32.DLL
0x00007ffdff6f0000 - 0x00007ffdffaf2000 	C:\WINDOWS\System32\KERNELBASE.dll
0x00007ffdff410000 - 0x00007ffdff55c000 	C:\WINDOWS\System32\ucrtbase.dll
0x00007ffd821c0000 - 0x00007ffd821d8000 	C:\Users\AJI\.vscode\extensions\redhat.java-1.56.0-win32-x64\jre\21.0.12.1-win32-x86_64\bin\jli.dll
0x00007ffdc0f00000 - 0x00007ffdc0f1e000 	C:\Users\AJI\.vscode\extensions\redhat.java-1.56.0-win32-x64\jre\21.0.12.1-win32-x86_64\bin\VCRUNTIME140.dll
0x00007ffe019a0000 - 0x00007ffe01b6f000 	C:\WINDOWS\System32\USER32.dll
0x00007ffdff570000 - 0x00007ffdff597000 	C:\WINDOWS\System32\win32u.dll
0x00007ffe01970000 - 0x00007ffe0199b000 	C:\WINDOWS\System32\GDI32.dll
0x00007ffddfe30000 - 0x00007ffde00c0000 	C:\WINDOWS\WinSxS\amd64_microsoft.windows.common-controls_6595b64144ccf1df_6.0.26100.9278_none_3e0d1ba8e3303201\COMCTL32.dll
0x00007ffdffc90000 - 0x00007ffdffdb9000 	C:\WINDOWS\System32\gdi32full.dll
0x00007ffe018c0000 - 0x00007ffe01969000 	C:\WINDOWS\System32\msvcrt.dll
0x00007ffdff360000 - 0x00007ffdff403000 	C:\WINDOWS\System32\msvcp_win.dll
0x00007ffe01b90000 - 0x00007ffe01bc1000 	C:\WINDOWS\System32\IMM32.DLL
0x00007ffdd7ca0000 - 0x00007ffdd7cac000 	C:\Users\AJI\.vscode\extensions\redhat.java-1.56.0-win32-x64\jre\21.0.12.1-win32-x86_64\bin\vcruntime140_1.dll
0x00007ffd7e7f0000 - 0x00007ffd7e87d000 	C:\Users\AJI\.vscode\extensions\redhat.java-1.56.0-win32-x64\jre\21.0.12.1-win32-x86_64\bin\msvcp140.dll
0x00007ffcef0f0000 - 0x00007ffcefe92000 	C:\Users\AJI\.vscode\extensions\redhat.java-1.56.0-win32-x64\jre\21.0.12.1-win32-x86_64\bin\server\jvm.dll
0x00007ffe002e0000 - 0x00007ffe0039c000 	C:\WINDOWS\System32\ADVAPI32.dll
0x00007ffe00230000 - 0x00007ffe002d9000 	C:\WINDOWS\System32\sechost.dll
0x00007ffdfff30000 - 0x00007ffe00048000 	C:\WINDOWS\System32\RPCRT4.dll
0x00007ffe01720000 - 0x00007ffe017a0000 	C:\WINDOWS\System32\WS2_32.dll
0x00007ffdff1c0000 - 0x00007ffdff21e000 	C:\WINDOWS\SYSTEM32\POWRPROF.dll
0x00007ffdfb560000 - 0x00007ffdfb596000 	C:\WINDOWS\SYSTEM32\WINMM.dll
0x00007ffdf5020000 - 0x00007ffdf502b000 	C:\WINDOWS\SYSTEM32\VERSION.dll
0x00007ffdff1a0000 - 0x00007ffdff1b5000 	C:\WINDOWS\SYSTEM32\UMPDC.dll
0x00007ffdfdf70000 - 0x00007ffdfdf8b000 	C:\WINDOWS\SYSTEM32\kernel.appcore.dll
0x00007ffdd7be0000 - 0x00007ffdd7bea000 	C:\Users\AJI\.vscode\extensions\redhat.java-1.56.0-win32-x64\jre\21.0.12.1-win32-x86_64\bin\jimage.dll
0x00007ffdfc940000 - 0x00007ffdfcb8c000 	C:\WINDOWS\SYSTEM32\DBGHELP.DLL
0x00007ffe00d20000 - 0x00007ffe010a5000 	C:\WINDOWS\System32\combase.dll
0x00007ffe011b0000 - 0x00007ffe01289000 	C:\WINDOWS\System32\OLEAUT32.dll
0x00007ffdde450000 - 0x00007ffdde48b000 	C:\WINDOWS\SYSTEM32\dbgcore.DLL
0x00007ffdffdc0000 - 0x00007ffdffe6c000 	C:\WINDOWS\System32\bcryptPrimitives.dll
0x00007ffdd70d0000 - 0x00007ffdd70df000 	C:\Users\AJI\.vscode\extensions\redhat.java-1.56.0-win32-x64\jre\21.0.12.1-win32-x86_64\bin\instrument.dll
0x00007ffd7fbb0000 - 0x00007ffd7fbd0000 	C:\Users\AJI\.vscode\extensions\redhat.java-1.56.0-win32-x64\jre\21.0.12.1-win32-x86_64\bin\java.dll
0x00007ffe00580000 - 0x00007ffe00d18000 	C:\WINDOWS\System32\SHELL32.dll
0x00007ffdfcd80000 - 0x00007ffdfd62e000 	C:\WINDOWS\SYSTEM32\windows.storage.dll
0x00007ffe01320000 - 0x00007ffe0141b000 	C:\WINDOWS\System32\SHCORE.dll
0x00007ffe010b0000 - 0x00007ffe01116000 	C:\WINDOWS\System32\shlwapi.dll
0x00007ffdff280000 - 0x00007ffdff2a9000 	C:\WINDOWS\SYSTEM32\profapi.dll
0x00007ffd7fb90000 - 0x00007ffd7fba8000 	C:\Users\AJI\.vscode\extensions\redhat.java-1.56.0-win32-x64\jre\21.0.12.1-win32-x86_64\bin\zip.dll
0x00007ffdd7b20000 - 0x00007ffdd7b30000 	C:\Users\AJI\.vscode\extensions\redhat.java-1.56.0-win32-x64\jre\21.0.12.1-win32-x86_64\bin\net.dll
0x00007ffdf8730000 - 0x00007ffdf885a000 	C:\WINDOWS\SYSTEM32\WINHTTP.dll
0x00007ffdfe5f0000 - 0x00007ffdfe65c000 	C:\WINDOWS\system32\mswsock.dll
0x00007ffd7e7d0000 - 0x00007ffd7e7e6000 	C:\Users\AJI\.vscode\extensions\redhat.java-1.56.0-win32-x64\jre\21.0.12.1-win32-x86_64\bin\nio.dll
0x00007ffdd1b60000 - 0x00007ffdd1b70000 	C:\Users\AJI\.vscode\extensions\redhat.java-1.56.0-win32-x64\jre\21.0.12.1-win32-x86_64\bin\verify.dll
0x00007ffd7fce0000 - 0x00007ffd7fd07000 	C:\Users\AJI\.gradle\native\1def1411415f61bf3af743bc5b6707747c0891f09f0c88961ee8f79bc544acac\windows-amd64\native-platform.dll
0x00007ffcf9e70000 - 0x00007ffcf9ee7000 	C:\Users\AJI\.gradle\native\0.2.8\x86_64-windows-gnu\gradle-fileevents.dll
0x00007ffdd17c0000 - 0x00007ffdd17ca000 	C:\Users\AJI\.vscode\extensions\redhat.java-1.56.0-win32-x64\jre\21.0.12.1-win32-x86_64\bin\management.dll
0x00007ffdd0ce0000 - 0x00007ffdd0cec000 	C:\Users\AJI\.vscode\extensions\redhat.java-1.56.0-win32-x64\jre\21.0.12.1-win32-x86_64\bin\management_ext.dll
0x00007ffe01b80000 - 0x00007ffe01b88000 	C:\WINDOWS\System32\PSAPI.DLL
0x00007ffdfd9b0000 - 0x00007ffdfd9e3000 	C:\WINDOWS\SYSTEM32\IPHLPAPI.DLL
0x00007ffdfff00000 - 0x00007ffdfff0a000 	C:\WINDOWS\System32\NSI.dll
0x00007ffdd0ba0000 - 0x00007ffdd0ba9000 	C:\Users\AJI\.vscode\extensions\redhat.java-1.56.0-win32-x64\jre\21.0.12.1-win32-x86_64\bin\extnet.dll
0x00007ffdfe8e0000 - 0x00007ffdfe8fb000 	C:\WINDOWS\SYSTEM32\CRYPTSP.dll
0x00007ffdfdf90000 - 0x00007ffdfdfc9000 	C:\WINDOWS\system32\rsaenh.dll
0x00007ffdfe6a0000 - 0x00007ffdfe6d4000 	C:\WINDOWS\SYSTEM32\USERENV.dll
0x00007ffdff250000 - 0x00007ffdff27a000 	C:\WINDOWS\SYSTEM32\bcrypt.dll
0x00007ffdfe900000 - 0x00007ffdfe90c000 	C:\WINDOWS\SYSTEM32\CRYPTBASE.dll
0x00007ffdd0640000 - 0x00007ffdd064e000 	C:\Users\AJI\.vscode\extensions\redhat.java-1.56.0-win32-x64\jre\21.0.12.1-win32-x86_64\bin\sunmscapi.dll
0x00007ffdffb00000 - 0x00007ffdffc7e000 	C:\WINDOWS\System32\CRYPT32.dll
0x00007ffdfeb20000 - 0x00007ffdfeb50000 	C:\WINDOWS\SYSTEM32\ncrypt.dll
0x00007ffdfead0000 - 0x00007ffdfeb0f000 	C:\WINDOWS\SYSTEM32\NTASN1.dll
0x00007ffdd4f00000 - 0x00007ffdd4f08000 	C:\WINDOWS\system32\wshunix.dll

JVMTI agents:
C:\Users\AJI\.gradle\wrapper\dists\gradle-9.1.0-all\7wzd0jkjit61aq2p43wpjgij9\gradle-9.1.0\lib\agents\gradle-instrumentation-agent-9.1.0.jar path:C:\Users\AJI\.vscode\extensions\redhat.java-1.56.0-win32-x64\jre\21.0.12.1-win32-x86_64\bin\instrument.dll, loaded, initialized, instrumentlib options:none

dbghelp: loaded successfully - version: 4.0.5 - missing functions: none
symbol engine: initialized successfully - sym options: 0x614 - pdb path: .;C:\Users\AJI\.vscode\extensions\redhat.java-1.56.0-win32-x64\jre\21.0.12.1-win32-x86_64\bin;C:\WINDOWS\SYSTEM32;C:\WINDOWS\WinSxS\amd64_microsoft.windows.common-controls_6595b64144ccf1df_6.0.26100.9278_none_3e0d1ba8e3303201;C:\Users\AJI\.vscode\extensions\redhat.java-1.56.0-win32-x64\jre\21.0.12.1-win32-x86_64\bin\server;C:\Users\AJI\.gradle\native\1def1411415f61bf3af743bc5b6707747c0891f09f0c88961ee8f79bc544acac\windows-amd64;C:\Users\AJI\.gradle\native\0.2.8\x86_64-windows-gnu

VM Arguments:
jvm_args: --add-opens=java.base/java.lang=ALL-UNNAMED --add-opens=java.base/java.lang.invoke=ALL-UNNAMED --add-opens=java.base/java.util=ALL-UNNAMED --add-opens=java.prefs/java.util.prefs=ALL-UNNAMED --add-exports=jdk.compiler/com.sun.tools.javac.api=ALL-UNNAMED --add-exports=jdk.compiler/com.sun.tools.javac.util=ALL-UNNAMED --add-opens=java.base/java.util=ALL-UNNAMED --add-opens=java.prefs/java.util.prefs=ALL-UNNAMED --add-opens=java.base/java.nio.charset=ALL-UNNAMED --add-opens=java.base/java.net=ALL-UNNAMED --add-opens=java.base/java.util.concurrent=ALL-UNNAMED --add-opens=java.base/java.util.concurrent.atomic=ALL-UNNAMED --add-opens=java.xml/javax.xml.namespace=ALL-UNNAMED --add-opens=java.base/java.time=ALL-UNNAMED -XX:MaxMetaspaceSize=4G -XX:ReservedCodeCacheSize=512m -XX:+HeapDumpOnOutOfMemoryError -Xmx8G -Dfile.encoding=UTF-8 -Duser.country=IN -Duser.language=en -Duser.variant -javaagent:C:\Users\AJI\.gradle\wrapper\dists\gradle-9.1.0-all\7wzd0jkjit61aq2p43wpjgij9\gradle-9.1.0\lib\agents\gradle-instrumentation-agent-9.1.0.jar 
java_command: org.gradle.launcher.daemon.bootstrap.GradleDaemon 9.1.0
java_class_path (initial): C:\Users\AJI\.gradle\wrapper\dists\gradle-9.1.0-all\7wzd0jkjit61aq2p43wpjgij9\gradle-9.1.0\lib\gradle-daemon-main-9.1.0.jar
Launcher Type: SUN_STANDARD

[Global flags]
     intx CICompilerCount                          = 12                                        {product} {ergonomic}
     uint ConcGCThreads                            = 4                                         {product} {ergonomic}
     uint G1ConcRefinementThreads                  = 15                                        {product} {ergonomic}
   size_t G1HeapRegionSize                         = 4194304                                   {product} {ergonomic}
    uintx GCDrainStackTargetSize                   = 64                                        {product} {ergonomic}
     bool HeapDumpOnOutOfMemoryError               = true                                   {manageable} {command line}
   size_t InitialHeapSize                          = 264241152                                 {product} {ergonomic}
   size_t MarkStackSize                            = 4194304                                   {product} {ergonomic}
   size_t MaxHeapSize                              = 8589934592                                {product} {command line}
   size_t MaxMetaspaceSize                         = 4294967296                                {product} {command line}
   size_t MaxNewSize                               = 5150605312                                {product} {ergonomic}
   size_t MinHeapDeltaBytes                        = 4194304                                   {product} {ergonomic}
   size_t MinHeapSize                              = 8388608                                   {product} {ergonomic}
    uintx NonNMethodCodeHeapSize                   = 7602480                                {pd product} {ergonomic}
    uintx NonProfiledCodeHeapSize                  = 264634216                              {pd product} {ergonomic}
    uintx ProfiledCodeHeapSize                     = 264634216                              {pd product} {ergonomic}
    uintx ReservedCodeCacheSize                    = 536870912                              {pd product} {command line}
     bool SegmentedCodeCache                       = true                                      {product} {ergonomic}
   size_t SoftMaxHeapSize                          = 8589934592                             {manageable} {ergonomic}
     bool UseCompressedOops                        = true                           {product lp64_product} {ergonomic}
     bool UseG1GC                                  = true                                      {product} {ergonomic}
     bool UseLargePagesIndividualAllocation        = false                                  {pd product} {ergonomic}

Logging:
Log output configuration:
 #0: stdout all=warning uptime,level,tags foldmultilines=false
 #1: stderr all=off uptime,level,tags foldmultilines=false

Release file:
JAVA_VERSION="21.0.12.1" 
MODULES="java.base java.compiler java.datatransfer java.xml java.prefs java.desktop java.instrument java.logging java.management java.security.sasl java.naming java.rmi java.management.rmi java.net.http java.scripting java.security.jgss java.transaction.xa java.sql java.sql.rowset java.xml.crypto java.se java.smartcardio jdk.accessibility jdk.internal.jvmstat jdk.attach jdk.charsets jdk.internal.opt jdk.zipfs jdk.compiler jdk.crypto.ec jdk.crypto.cryptoki jdk.crypto.mscapi jdk.dynalink jdk.internal.ed jdk.editpad jdk.hotspot.agent jdk.httpserver jdk.internal.le jdk.internal.vm.ci jdk.internal.vm.compiler jdk.internal.vm.compiler.management jdk.jartool jdk.javadoc jdk.jcmd jdk.management jdk.management.agent jdk.jconsole jdk.jdeps jdk.jdwp.agent jdk.jdi jdk.jfr jdk.jshell jdk.jsobject jdk.jstatd jdk.localedata jdk.management.jfr jdk.naming.dns jdk.naming.rmi jdk.net jdk.nio.mapmode jdk.random jdk.sctp jdk.security.auth jdk.security.jgss jdk.unsupported jdk.unsupported.desktop jdk.xml.dom" 

Environment Variables:
JAVA_HOME=C:\Program Files\Java\jdk-17
PATH=C:\Python314\Scripts\;C:\Python314\;C:\Program Files\Eclipse Adoptium\jdk-25.0.3.9-hotspot\bin;C:\Program Files\Microsoft\jdk-11.0.16.101-hotspot\bin;C:\WINDOWS\system32;C:\WINDOWS;C:\WINDOWS\System32\Wbem;C:\WINDOWS\System32\WindowsPowerShell\v1.0\;C:\WINDOWS\System32\OpenSSH\;C:\Program Files\dotnet\;C:\MinGW\bin;C:\ProgramData\chocolatey\bin;C:\Users\AJI\AppData\Local\Pub\Cache\bin;C:\Program Files\Java\jdk-17\bin;d:\cursor\resources\app\bin;C:\Users\AJI\develop\flutter\bin;C:\Users\AJI\.local\bin;D:\node\node_modules\npm\bin;D:\node\;C:\Program Files\nodejs\;C:\Program Files\nodejs\node_modules\npm\bin;C:\Users\AJI\Documents\MONGO\mongosh-2.9.2-win32-x64\bin;C:\xampp\php;C:\Program Files\Git\cmd;C:\Users\AJI\AppData\Local\Programs\Python\Python312\Scripts\;C:\Users\AJI\AppData\Local\Programs\Python\Python312\;C:\Users\AJI\.local\bin;C:\Users\AJI\AppData\Local\Microsoft\WindowsApps;D:\IntelliJ IDEA Community Edition 2023.1.5\bin;;C:\mingw64\bin;C:\Users\AJI\.dotnet\tools;C:\Users\AJI\Documents\flutter_windows_3.13.4-stable\flutter\bin;C:\Users\AJI\AppData\Local\Pub\Cache\bin;D:\flutter_pub_cache;C:\Users\AJI\AppData\Local\Android\Sdk;C:\Program Files\Java\jdk-17\bin;D:\rider\JetBrains Rider 2024.3.7\bin;;D:\Program Files\Microsoft VS Code\bin;D:\freelanceing\cursor\resources\app\bin;C:\Users\AJI\AppData\Local\Programs\Microsoft VS Code\bin;C:\Users\AJI\AppData\Local\Programs\cursor\resources\app\bin;C:\Users\AJI\AppData\Roaming\npm
USERNAME=AJI
OS=Windows_NT
PROCESSOR_IDENTIFIER=Intel64 Family 6 Model 154 Stepping 3, GenuineIntel
TMP=C:\Users\AJI\AppData\Local\Temp
TEMP=C:\Users\AJI\AppData\Local\Temp




Periodic native trim disabled

---------------  S Y S T E M  ---------------

OS:
 Windows 11 , 64 bit Build 26100 (10.0.26100.9444)
OS uptime: 0 days 0:16 hours
Hyper-V role detected

CPU: total 20 (initial active 20) (10 cores per cpu, 2 threads per core) family 6 model 154 stepping 3 microcode 0x43b, cx8, cmov, fxsr, ht, mmx, 3dnowpref, sse, sse2, sse3, ssse3, sse4.1, sse4.2, popcnt, lzcnt, tsc, tscinvbit, avx, avx2, aes, erms, clmul, bmi1, bmi2, adx, sha, fma, vzeroupper, clflush, clflushopt, clwb, hv, serialize, rdtscp, rdpid, fsrm, f16c, cet_ibt, cet_ss
Processor Information for processor 0
  Max Mhz: 2300, Current Mhz: 2300, Mhz Limit: 2300
Processor Information for processor 1
  Max Mhz: 2300, Current Mhz: 2300, Mhz Limit: 2300
Processor Information for processor 2
  Max Mhz: 2300, Current Mhz: 2300, Mhz Limit: 2300
Processor Information for processor 3
  Max Mhz: 2300, Current Mhz: 2300, Mhz Limit: 2300
Processor Information for processor 4
  Max Mhz: 2300, Current Mhz: 2300, Mhz Limit: 2300
Processor Information for processor 5
  Max Mhz: 2300, Current Mhz: 2300, Mhz Limit: 2300
Processor Information for processor 6
  Max Mhz: 2300, Current Mhz: 2300, Mhz Limit: 2300
Processor Information for processor 7
  Max Mhz: 2300, Current Mhz: 2300, Mhz Limit: 2300
Processor Information for processor 8
  Max Mhz: 2300, Current Mhz: 2300, Mhz Limit: 2300
Processor Information for processor 9
  Max Mhz: 2300, Current Mhz: 2300, Mhz Limit: 2300
Processor Information for processor 10
  Max Mhz: 2300, Current Mhz: 2300, Mhz Limit: 2300
Processor Information for processor 11
  Max Mhz: 2300, Current Mhz: 2300, Mhz Limit: 2300
Processor Information for processor 12
  Max Mhz: 2300, Current Mhz: 2300, Mhz Limit: 2300
Processor Information for processor 13
  Max Mhz: 2300, Current Mhz: 1488, Mhz Limit: 2300
Processor Information for processor 14
  Max Mhz: 2300, Current Mhz: 2300, Mhz Limit: 2300
Processor Information for processor 15
  Max Mhz: 2300, Current Mhz: 1488, Mhz Limit: 2300
Processor Information for processor 16
  Max Mhz: 2300, Current Mhz: 2300, Mhz Limit: 2300
Processor Information for processor 17
  Max Mhz: 2300, Current Mhz: 2300, Mhz Limit: 2300
Processor Information for processor 18
  Max Mhz: 2300, Current Mhz: 2300, Mhz Limit: 2300
Processor Information for processor 19
  Max Mhz: 2300, Current Mhz: 2300, Mhz Limit: 2300

Memory: 4k page, system-wide physical 16068M (185M free)
TotalPageFile size 65220M (AvailPageFile size 0M)
current process WorkingSet (physical memory assigned to process): 296M, peak: 404M
current process commit charge ("private bytes"): 584M, peak: 594M

vm_info: OpenJDK 64-Bit Server VM (21.0.12.1+1-LTS) for windows-amd64 JRE (21.0.12.1+1-LTS), built on 2026-08-18T00:00:00Z by "admin" with MS VC++ 17.12 (VS2022)

END.
