#
# There is insufficient memory for the Java Runtime Environment to continue.
# Native memory allocation (malloc) failed to allocate 1058656 bytes. Error detail: Chunk::new
# Possible reasons:
#   The system is out of physical RAM or swap space
#   This process is running with CompressedOops enabled, and the Java Heap may be blocking the growth of the native heap
# Possible solutions:
#   Reduce memory load on the system
#   Increase physical memory or swap space
#   Check if swap backing store is full
#   Decrease Java heap size (-Xmx/-Xms)
#   Decrease number of Java threads
#   Decrease Java thread stack sizes (-Xss)
#   Set larger code cache with -XX:ReservedCodeCacheSize=
#   JVM is running with Zero Based Compressed Oops mode in which the Java heap is
#     placed in the first 32GB address space. The Java Heap base address is the
#     maximum limit for the native heap growth. Please use -XX:HeapBaseMinAddress
#     to set the Java Heap base and to place the Java Heap above 32GB virtual address.
# This output file may be truncated or incomplete.
#
#  Out of Memory Error (arena.cpp:168), pid=49056, tid=48144
#
# JRE version: OpenJDK Runtime Environment Temurin-21.0.12.1+1 (21.0.12.1+1) (build 21.0.12.1+1-LTS)
# Java VM: OpenJDK 64-Bit Server VM Temurin-21.0.12.1+1 (21.0.12.1+1-LTS, mixed mode, sharing, tiered, compressed oops, compressed class ptrs, g1 gc, windows-amd64)
# No core dump will be written. Minidumps are not enabled by default on client versions of Windows
#

---------------  S U M M A R Y ------------

Command Line: --add-opens=java.base/java.lang=ALL-UNNAMED --add-opens=java.base/java.lang.invoke=ALL-UNNAMED --add-opens=java.base/java.util=ALL-UNNAMED --add-opens=java.prefs/java.util.prefs=ALL-UNNAMED --add-exports=jdk.compiler/com.sun.tools.javac.api=ALL-UNNAMED --add-exports=jdk.compiler/com.sun.tools.javac.util=ALL-UNNAMED --add-opens=java.base/java.util=ALL-UNNAMED --add-opens=java.prefs/java.util.prefs=ALL-UNNAMED --add-opens=java.base/java.nio.charset=ALL-UNNAMED --add-opens=java.base/java.net=ALL-UNNAMED --add-opens=java.base/java.util.concurrent=ALL-UNNAMED --add-opens=java.base/java.util.concurrent.atomic=ALL-UNNAMED --add-opens=java.xml/javax.xml.namespace=ALL-UNNAMED --add-opens=java.base/java.time=ALL-UNNAMED -XX:MaxMetaspaceSize=4G -XX:ReservedCodeCacheSize=512m -XX:+HeapDumpOnOutOfMemoryError -Xmx8G -Dfile.encoding=UTF-8 -Duser.country=IN -Duser.language=en -Duser.variant -javaagent:C:\Users\AJI\.gradle\wrapper\dists\gradle-9.1.0-all\7wzd0jkjit61aq2p43wpjgij9\gradle-9.1.0\lib\agents\gradle-instrumentation-agent-9.1.0.jar org.gradle.launcher.daemon.bootstrap.GradleDaemon 9.1.0

Host: 12th Gen Intel(R) Core(TM) i7-12700H, 20 cores, 15G,  Windows 11 , 64 bit Build 26100 (10.0.26100.9444)
Time: Thu Sep 17 09:17:50 2026 India Standard Time elapsed time: 390.234925 seconds (0d 0h 6m 30s)

---------------  T H R E A D  ---------------

Current thread (0x000002144759b9a0):  JavaThread "C2 CompilerThread0" daemon [_thread_in_native, id=48144, stack(0x000000dd3d100000,0x000000dd3d200000) (1024K)]


Current CompileTask:
C2:390235 4926   !   4       java.net.URLClassLoader::findClass (47 bytes)

Stack: [0x000000dd3d100000,0x000000dd3d200000]
Native frames: (J=compiled Java code, j=interpreted, Vv=VM code, C=native code)
V  [jvm.dll+0x6d83e9]
V  [jvm.dll+0x8b5736]
V  [jvm.dll+0x8b7cee]
V  [jvm.dll+0x8b83d3]
V  [jvm.dll+0x284596]
V  [jvm.dll+0xc685d]
V  [jvm.dll+0xc6da1]
V  [jvm.dll+0x2fb5ae]
V  [jvm.dll+0x5fee94]
V  [jvm.dll+0x255d67]
V  [jvm.dll+0x25612d]
V  [jvm.dll+0x24e6a0]
V  [jvm.dll+0x24bbe6]
V  [jvm.dll+0x1cb4ae]
V  [jvm.dll+0x25baad]
V  [jvm.dll+0x25a03a]
V  [jvm.dll+0x3f8aae]
V  [jvm.dll+0x8600cd]
V  [jvm.dll+0x6d6c1d]
C  [ucrtbase.dll+0x2cd30]
C  [KERNEL32.DLL+0x2cd87]
C  [ntdll.dll+0xacaec]


---------------  P R O C E S S  ---------------

Threads class SMR info:
_java_thread_list=0x000002148f795e60, length=33, elements={
0x0000021416371dd0, 0x0000021447577660, 0x00000214475781c0, 0x0000021447588a10,
0x0000021447589470, 0x000002144758bee0, 0x0000021447596d60, 0x000002144759b9a0,
0x000002144759f550, 0x00000214477a1e70, 0x00000214477cf660, 0x000002148e636ed0,
0x000002148e704680, 0x000002148e8a3160, 0x000002148e792eb0, 0x000002148e7804b0,
0x000002148e533e30, 0x000002148e536310, 0x000002148e535c80, 0x000002148e538a70,
0x000002148e5383e0, 0x000002148e5376c0, 0x000002148e537030, 0x000002148e539100,
0x0000021447839170, 0x0000021447837730, 0x0000021447836380, 0x0000021447839e90,
0x0000021447839800, 0x0000021447837dc0, 0x0000021447836a10, 0x000002144783a520,
0x000002144783b240
}

Java Threads: ( => current thread )
  0x0000021416371dd0 JavaThread "main"                              [_thread_blocked, id=27888, stack(0x000000dd3c300000,0x000000dd3c400000) (1024K)]
  0x0000021447577660 JavaThread "Reference Handler"          daemon [_thread_blocked, id=49120, stack(0x000000dd3cb00000,0x000000dd3cc00000) (1024K)]
  0x00000214475781c0 JavaThread "Finalizer"                  daemon [_thread_blocked, id=48716, stack(0x000000dd3cc00000,0x000000dd3cd00000) (1024K)]
  0x0000021447588a10 JavaThread "Signal Dispatcher"          daemon [_thread_blocked, id=48964, stack(0x000000dd3cd00000,0x000000dd3ce00000) (1024K)]
  0x0000021447589470 JavaThread "Attach Listener"            daemon [_thread_blocked, id=49136, stack(0x000000dd3ce00000,0x000000dd3cf00000) (1024K)]
  0x000002144758bee0 JavaThread "Service Thread"             daemon [_thread_blocked, id=48136, stack(0x000000dd3cf00000,0x000000dd3d000000) (1024K)]
  0x0000021447596d60 JavaThread "Monitor Deflation Thread"   daemon [_thread_blocked, id=37548, stack(0x000000dd3d000000,0x000000dd3d100000) (1024K)]
=>0x000002144759b9a0 JavaThread "C2 CompilerThread0"         daemon [_thread_in_native, id=48144, stack(0x000000dd3d100000,0x000000dd3d200000) (1024K)]
  0x000002144759f550 JavaThread "C1 CompilerThread0"         daemon [_thread_blocked, id=49148, stack(0x000000dd3d200000,0x000000dd3d300000) (1024K)]
  0x00000214477a1e70 JavaThread "Common-Cleaner"             daemon [_thread_blocked, id=48904, stack(0x000000dd3d300000,0x000000dd3d400000) (1024K)]
  0x00000214477cf660 JavaThread "Notification Thread"        daemon [_thread_blocked, id=48528, stack(0x000000dd3d400000,0x000000dd3d500000) (1024K)]
  0x000002148e636ed0 JavaThread "Daemon health stats"               [_thread_blocked, id=35208, stack(0x000000dd3da00000,0x000000dd3db00000) (1024K)]
  0x000002148e704680 JavaThread "Incoming local TCP Connector on port 9304"        [_thread_in_native, id=49828, stack(0x000000dd3db00000,0x000000dd3dc00000) (1024K)]
  0x000002148e8a3160 JavaThread "Daemon periodic checks"            [_thread_blocked, id=47148, stack(0x000000dd3dc00000,0x000000dd3dd00000) (1024K)]
  0x000002148e792eb0 JavaThread "Daemon"                            [_thread_blocked, id=50168, stack(0x000000dd3de00000,0x000000dd3df00000) (1024K)]
  0x000002148e7804b0 JavaThread "Handler for socket connection from /127.0.0.1:9304 to /127.0.0.1:9305"        [_thread_in_native, id=43620, stack(0x000000dd3df00000,0x000000dd3e000000) (1024K)]
  0x000002148e533e30 JavaThread "Cancel handler"                    [_thread_blocked, id=32584, stack(0x000000dd3e800000,0x000000dd3e900000) (1024K)]
  0x000002148e536310 JavaThread "Daemon worker"                     [_thread_in_vm, id=36200, stack(0x000000dd3e900000,0x000000dd3ea00000) (1024K)]
  0x000002148e535c80 JavaThread "Asynchronous log dispatcher for DefaultDaemonConnection: socket connection from /127.0.0.1:9304 to /127.0.0.1:9305"        [_thread_blocked, id=48592, stack(0x000000dd3ea00000,0x000000dd3eb00000) (1024K)]
  0x000002148e538a70 JavaThread "Stdin handler"                     [_thread_blocked, id=23320, stack(0x000000dd3eb00000,0x000000dd3ec00000) (1024K)]
  0x000002148e5383e0 JavaThread "Daemon client event forwarder"        [_thread_blocked, id=5992, stack(0x000000dd3ec00000,0x000000dd3ed00000) (1024K)]
  0x000002148e5376c0 JavaThread "Cache worker for journal cache (C:\Users\AJI\.gradle\caches\journal-1)"        [_thread_blocked, id=50000, stack(0x000000dd3ed00000,0x000000dd3ee00000) (1024K)]
  0x000002148e537030 JavaThread "File lock request listener"        [_thread_in_native, id=27632, stack(0x000000dd3ee00000,0x000000dd3ef00000) (1024K)]
  0x000002148e539100 JavaThread "Cache worker for file hash cache (C:\Users\AJI\.gradle\caches\9.1.0\fileHashes)"        [_thread_blocked, id=49716, stack(0x000000dd3ef00000,0x000000dd3f000000) (1024K)]
  0x0000021447839170 JavaThread "Cache worker for file hash cache (C:\Users\AJI\Documents\Gostriders\gostriders\android\.gradle\9.1.0\fileHashes)"        [_thread_blocked, id=31936, stack(0x000000dd3f400000,0x000000dd3f500000) (1024K)]
  0x0000021447837730 JavaThread "Cache worker for Build Output Cleanup Cache (C:\Users\AJI\Documents\Gostriders\gostriders\android\.gradle\buildOutputCleanup)"        [_thread_blocked, id=32200, stack(0x000000dd3f500000,0x000000dd3f600000) (1024K)]
  0x0000021447836380 JavaThread "File watcher server"        daemon [_thread_in_native, id=53316, stack(0x000000dd3f600000,0x000000dd3f700000) (1024K)]
  0x0000021447839e90 JavaThread "File watcher consumer"      daemon [_thread_blocked, id=53328, stack(0x000000dd3f700000,0x000000dd3f800000) (1024K)]
  0x0000021447839800 JavaThread "Cache worker for checksums cache (C:\Users\AJI\Documents\Gostriders\gostriders\android\.gradle\9.1.0\checksums)"        [_thread_blocked, id=53476, stack(0x000000dd3f800000,0x000000dd3f900000) (1024K)]
  0x0000021447837dc0 JavaThread "Cache worker for file content cache (C:\Users\AJI\.gradle\caches\9.1.0\fileContent)"        [_thread_blocked, id=53540, stack(0x000000dd3f900000,0x000000dd3fa00000) (1024K)]
  0x0000021447836a10 JavaThread "Cache worker for cache directory md-supplier (C:\Users\AJI\.gradle\caches\9.1.0\md-supplier)"        [_thread_blocked, id=53860, stack(0x000000dd3fa00000,0x000000dd3fb00000) (1024K)]
  0x000002144783a520 JavaThread "Cache worker for cache directory md-rule (C:\Users\AJI\.gradle\caches\9.1.0\md-rule)"        [_thread_blocked, id=53940, stack(0x000000dd3fb00000,0x000000dd3fc00000) (1024K)]
  0x000002144783b240 JavaThread "File lock release action executor Thread 2"        [_thread_blocked, id=51552, stack(0x000000dd3f000000,0x000000dd3f100000) (1024K)]
Total: 33

Other Threads:
  0x000002144755c5d0 VMThread "VM Thread"                           [id=48560, stack(0x000000dd3ca00000,0x000000dd3cb00000) (1024K)]
  0x000002144455c3b0 WatcherThread "VM Periodic Task Thread"        [id=48576, stack(0x000000dd3c900000,0x000000dd3ca00000) (1024K)]
  0x000002141641ca70 WorkerThread "GC Thread#0"                     [id=19016, stack(0x000000dd3c400000,0x000000dd3c500000) (1024K)]
  0x000002148d02bb50 WorkerThread "GC Thread#1"                     [id=49536, stack(0x000000dd3d500000,0x000000dd3d600000) (1024K)]
  0x000002148d02bf00 WorkerThread "GC Thread#2"                     [id=49540, stack(0x000000dd3d600000,0x000000dd3d700000) (1024K)]
  0x000002148d02c2b0 WorkerThread "GC Thread#3"                     [id=49544, stack(0x000000dd3d700000,0x000000dd3d800000) (1024K)]
  0x0000021447915f10 WorkerThread "GC Thread#4"                     [id=49548, stack(0x000000dd3d800000,0x000000dd3d900000) (1024K)]
  0x00000214479162c0 WorkerThread "GC Thread#5"                     [id=49552, stack(0x000000dd3d900000,0x000000dd3da00000) (1024K)]
  0x000002148e89da90 WorkerThread "GC Thread#6"                     [id=37088, stack(0x000000dd3e000000,0x000000dd3e100000) (1024K)]
  0x000002148e89de40 WorkerThread "GC Thread#7"                     [id=37092, stack(0x000000dd3e100000,0x000000dd3e200000) (1024K)]
  0x000002148e89e1f0 WorkerThread "GC Thread#8"                     [id=37756, stack(0x000000dd3e200000,0x000000dd3e300000) (1024K)]
  0x000002148e89fd10 WorkerThread "GC Thread#9"                     [id=14700, stack(0x000000dd3e300000,0x000000dd3e400000) (1024K)]
  0x000002148e8a0470 WorkerThread "GC Thread#10"                    [id=48708, stack(0x000000dd3e400000,0x000000dd3e500000) (1024K)]
  0x000002148e8a0820 WorkerThread "GC Thread#11"                    [id=41100, stack(0x000000dd3e500000,0x000000dd3e600000) (1024K)]
  0x000002148e8a0bd0 WorkerThread "GC Thread#12"                    [id=48932, stack(0x000000dd3e600000,0x000000dd3e700000) (1024K)]
  0x000002148e89f5b0 WorkerThread "GC Thread#13"                    [id=49168, stack(0x000000dd3e700000,0x000000dd3e800000) (1024K)]
  0x0000021490455130 WorkerThread "GC Thread#14"                    [id=49472, stack(0x000000dd3dd00000,0x000000dd3de00000) (1024K)]
  0x000002141642e2e0 ConcurrentGCThread "G1 Main Marker"            [id=48356, stack(0x000000dd3c500000,0x000000dd3c600000) (1024K)]
  0x0000021444360bf0 WorkerThread "G1 Conc#0"                       [id=48364, stack(0x000000dd3c600000,0x000000dd3c700000) (1024K)]
  0x0000021490455890 WorkerThread "G1 Conc#1"                       [id=45380, stack(0x000000dd3f100000,0x000000dd3f200000) (1024K)]
  0x0000021490455c40 WorkerThread "G1 Conc#2"                       [id=38640, stack(0x000000dd3f200000,0x000000dd3f300000) (1024K)]
  0x0000021490453ec0 WorkerThread "G1 Conc#3"                       [id=41832, stack(0x000000dd3f300000,0x000000dd3f400000) (1024K)]
  0x000002144442b070 ConcurrentGCThread "G1 Refine#0"               [id=13648, stack(0x000000dd3c700000,0x000000dd3c800000) (1024K)]
  0x000002144442bb00 ConcurrentGCThread "G1 Service"                [id=32516, stack(0x000000dd3c800000,0x000000dd3c900000) (1024K)]
Total: 24

Threads with active compile tasks:
C2 CompilerThread0  390279 4926   !   4       java.net.URLClassLoader::findClass (47 bytes)
Total: 1

VM state: not at safepoint (normal execution)

VM Mutex/Monitor currently owned by a thread: None

Heap address: 0x0000000600000000, size: 8192 MB, Compressed Oops mode: Zero based, Oop shift amount: 3

CDS archive(s) mapped at: [0x0000021448000000-0x0000021448ba0000-0x0000021448ba0000), size 12189696, SharedBaseAddress: 0x0000021448000000, ArchiveRelocationMode: 1.
Compressed class space mapped at: 0x0000021449000000-0x0000021489000000, reserved size: 1073741824
Narrow klass base: 0x0000021448000000, Narrow klass shift: 0, Narrow klass range: 0x100000000

GC Precious Log:
 CardTable entry size: 512
 Card Set container configuration: InlinePtr #cards 4 size 8 Array Of Cards #cards 32 size 80 Howl #buckets 8 coarsen threshold 7372 Howl Bitmap #cards 1024 size 144 coarsen threshold 921 Card regions per heap region 1 cards per card region 8192
 CPUs: 20 total, 20 available
 Memory: 16068M
 Large Page Support: Disabled
 NUMA Support: Disabled
 Compressed Oops: Enabled (Zero based)
 Heap Region Size: 4M
 Heap Min Capacity: 8M
 Heap Initial Capacity: 252M
 Heap Max Capacity: 8G
 Pre-touch: Disabled
 Parallel Workers: 15
 Concurrent Workers: 4
 Concurrent Refinement Workers: 15
 Periodic GC: Disabled

Heap:
 garbage-first heap   total 102400K, used 60842K [0x0000000600000000, 0x0000000800000000)
  region size 4096K, 10 young (40960K), 2 survivors (8192K)
 Metaspace       used 37670K, committed 39232K, reserved 1114112K
  class space    used 5432K, committed 6208K, reserved 1048576K

Heap Regions: E=young(eden), S=young(survivor), O=old, HS=humongous(starts), HC=humongous(continues), CS=collection set, F=free, TAMS=top-at-mark-start, PB=parsable bottom
|   0|0x0000000600000000, 0x0000000600400000, 0x0000000600400000|100%|HS|  |TAMS 0x0000000600000000| PB 0x0000000600000000| Complete 
|   1|0x0000000600400000, 0x0000000600800000, 0x0000000600800000|100%| O|  |TAMS 0x0000000600400000| PB 0x0000000600400000| Untracked 
|   2|0x0000000600800000, 0x0000000600a40290, 0x0000000600c00000| 56%| O|  |TAMS 0x0000000600800000| PB 0x0000000600800000| Untracked 
|   3|0x0000000600c00000, 0x0000000601000000, 0x0000000601000000|100%| O|Cm|TAMS 0x0000000600c00000| PB 0x0000000600c00000| Complete 
|   4|0x0000000601000000, 0x0000000601000000, 0x0000000601400000|  0%| F|  |TAMS 0x0000000601000000| PB 0x0000000601000000| Untracked 
|   5|0x0000000601400000, 0x0000000601400000, 0x0000000601800000|  0%| F|  |TAMS 0x0000000601400000| PB 0x0000000601400000| Untracked 
|   6|0x0000000601800000, 0x000000060192a630, 0x0000000601c00000| 29%| S|CS|TAMS 0x0000000601800000| PB 0x0000000601800000| Complete 
|   7|0x0000000601c00000, 0x0000000602000000, 0x0000000602000000|100%| S|CS|TAMS 0x0000000601c00000| PB 0x0000000601c00000| Complete 
|   8|0x0000000602000000, 0x0000000602000000, 0x0000000602400000|  0%| F|  |TAMS 0x0000000602000000| PB 0x0000000602000000| Untracked 
|   9|0x0000000602400000, 0x0000000602400000, 0x0000000602800000|  0%| F|  |TAMS 0x0000000602400000| PB 0x0000000602400000| Untracked 
|  10|0x0000000602800000, 0x0000000602800000, 0x0000000602c00000|  0%| F|  |TAMS 0x0000000602800000| PB 0x0000000602800000| Untracked 
|  11|0x0000000602c00000, 0x0000000602c00000, 0x0000000603000000|  0%| F|  |TAMS 0x0000000602c00000| PB 0x0000000602c00000| Untracked 
|  12|0x0000000603000000, 0x0000000603000000, 0x0000000603400000|  0%| F|  |TAMS 0x0000000603000000| PB 0x0000000603000000| Untracked 
|  13|0x0000000603400000, 0x0000000603400000, 0x0000000603800000|  0%| F|  |TAMS 0x0000000603400000| PB 0x0000000603400000| Untracked 
|  14|0x0000000603800000, 0x0000000603967770, 0x0000000603c00000| 35%| E|  |TAMS 0x0000000603800000| PB 0x0000000603800000| Complete 
|  15|0x0000000603c00000, 0x0000000604000000, 0x0000000604000000|100%| E|CS|TAMS 0x0000000603c00000| PB 0x0000000603c00000| Complete 
|  16|0x0000000604000000, 0x0000000604400000, 0x0000000604400000|100%| E|CS|TAMS 0x0000000604000000| PB 0x0000000604000000| Complete 
|  17|0x0000000604400000, 0x0000000604800000, 0x0000000604800000|100%| E|CS|TAMS 0x0000000604400000| PB 0x0000000604400000| Complete 
|  39|0x0000000609c00000, 0x000000060a000000, 0x000000060a000000|100%| E|CS|TAMS 0x0000000609c00000| PB 0x0000000609c00000| Complete 
|  40|0x000000060a000000, 0x000000060a400000, 0x000000060a400000|100%| E|CS|TAMS 0x000000060a000000| PB 0x000000060a000000| Complete 
|  44|0x000000060b000000, 0x000000060b400000, 0x000000060b400000|100%| E|CS|TAMS 0x000000060b000000| PB 0x000000060b000000| Complete 
|  62|0x000000060f800000, 0x000000060fc00000, 0x000000060fc00000|100%| E|CS|TAMS 0x000000060f800000| PB 0x000000060f800000| Complete 
|2045|0x00000007ff400000, 0x00000007ff800000, 0x00000007ff800000|100%| O|  |TAMS 0x00000007ff400000| PB 0x00000007ff400000| Untracked 
|2046|0x00000007ff800000, 0x00000007ffc00000, 0x00000007ffc00000|100%| O|  |TAMS 0x00000007ff800000| PB 0x00000007ff800000| Untracked 
|2047|0x00000007ffc00000, 0x0000000800000000, 0x0000000800000000|100%| O|  |TAMS 0x00000007ffc00000| PB 0x00000007ffc00000| Untracked 

Card table byte_map: [0x000002143b250000,0x000002143c250000] _byte_map_base: 0x0000021438250000

Marking Bits: (CMBitMap*) 0x000002141641d090
 Bits: [0x000002143c250000, 0x0000021444250000)

Polling page: 0x0000021414140000

Metaspace:

Usage:
  Non-class:     31.48 MB used.
      Class:      5.31 MB used.
       Both:     36.79 MB used.

Virtual space:
  Non-class space:       64.00 MB reserved,      32.25 MB ( 50%) committed,  1 nodes.
      Class space:        1.00 GB reserved,       6.06 MB ( <1%) committed,  1 nodes.
             Both:        1.06 GB reserved,      38.31 MB (  4%) committed. 

Chunk freelists:
   Non-Class:  15.11 MB
       Class:  9.94 MB
        Both:  25.05 MB

MaxMetaspaceSize: 4.00 GB
CompressedClassSpaceSize: 1.00 GB
Initial GC threshold: 21.00 MB
Current GC threshold: 58.75 MB
CDS: on
 - commit_granule_bytes: 65536.
 - commit_granule_words: 8192.
 - virtual_space_node_default_size: 8388608.
 - enlarge_chunks_in_place: 1.
 - use_allocation_guard: 0.


Internal statistics:

num_allocs_failed_limit: 6.
num_arena_births: 2608.
num_arena_deaths: 0.
num_vsnodes_births: 2.
num_vsnodes_deaths: 0.
num_space_committed: 613.
num_space_uncommitted: 0.
num_chunks_returned_to_freelist: 6.
num_chunks_taken_from_freelist: 4381.
num_chunk_merges: 6.
num_chunk_splits: 2890.
num_chunks_enlarged: 1795.
num_inconsistent_stats: 0.

CodeHeap 'non-profiled nmethods': size=258432Kb used=2568Kb max_used=2568Kb free=255864Kb
 bounds [0x0000021429910000, 0x0000021429ba0000, 0x0000021439570000]
CodeHeap 'profiled nmethods': size=258368Kb used=8575Kb max_used=8575Kb free=249792Kb
 bounds [0x0000021419570000, 0x0000021419de0000, 0x00000214291c0000]
CodeHeap 'non-nmethods': size=7488Kb used=1821Kb max_used=1984Kb free=5666Kb
 bounds [0x00000214291c0000, 0x0000021429430000, 0x0000021429910000]
CodeCache: size=524288Kb, used=12964Kb, max_used=13127Kb, free=511322Kb
 total_blobs=5146, nmethods=4453, adapters=597, full_count=0
Compilation: enabled, stopped_count=0, restarted_count=0

Compilation events (20 events):
Event: 389.386 Thread 0x000002144759f550 nmethod 4916 0x0000021429b8c010 code [0x0000021429b8c1a0, 0x0000021429b8c270]
Event: 389.727 Thread 0x000002144759f550 4917       3       java.util.Optional::isEmpty (13 bytes)
Event: 389.727 Thread 0x000002144759f550 nmethod 4917 0x00000214198dde10 code [0x00000214198ddfa0, 0x00000214198de108]
Event: 389.822 Thread 0x000002144759f550 4919       3       java.lang.invoke.DirectMethodHandle::getFunction (53 bytes)
Event: 389.823 Thread 0x000002144759f550 nmethod 4919 0x00000214198dd790 code [0x00000214198dd960, 0x00000214198ddcb8]
Event: 389.966 Thread 0x000002144759b9a0 4921   !   4       jdk.internal.loader.URLClassPath$JarLoader::getResource (40 bytes)
Event: 389.972 Thread 0x000002144759f550 4923       3       java.util.concurrent.locks.ReentrantLock::tryLock (8 bytes)
Event: 389.972 Thread 0x000002144759f550 nmethod 4923 0x00000214198dd390 code [0x00000214198dd540, 0x00000214198dd690]
Event: 389.972 Thread 0x000002144759f550 4924       3       java.util.concurrent.locks.ReentrantLock$Sync::tryLock (63 bytes)
Event: 389.972 Thread 0x000002144759f550 nmethod 4924 0x00000214198dcc90 code [0x00000214198dce80, 0x00000214198dd2a8]
Event: 389.975 Thread 0x000002144759b9a0 nmethod 4921 0x0000021429b8c910 code [0x0000021429b8cb40, 0x0000021429b8d048]
Event: 389.976 Thread 0x000002144759b9a0 4922       4       jdk.internal.loader.URLClassPath::getResource (74 bytes)
Event: 390.013 Thread 0x000002144759f550 4925       3       org.gradle.internal.service.DefaultServiceRegistry::find (124 bytes)
Event: 390.017 Thread 0x000002144759f550 nmethod 4925 0x0000021419681410 code [0x00000214196817a0, 0x0000021419682fd8]
Event: 390.033 Thread 0x000002144759b9a0 nmethod 4922 0x0000021429b8d490 code [0x0000021429b8d940, 0x0000021429b8fcd8]
Event: 390.068 Thread 0x000002144759b9a0 4926   !   4       java.net.URLClassLoader::findClass (47 bytes)
Event: 390.168 Thread 0x000002144759f550 4931       3       org.gradle.internal.instantiation.generator.AsmBackedClassGenerator$ClassBuilderImpl::access$4300 (4 bytes)
Event: 390.168 Thread 0x000002144759f550 nmethod 4931 0x00000214198d0c10 code [0x00000214198d0da0, 0x00000214198d0e98]
Event: 390.169 Thread 0x000002144759f550 4932       3       com.google.common.collect.AbstractMapBasedMultimap$WrappedCollection::refreshIfEmpty (78 bytes)
Event: 390.170 Thread 0x000002144759f550 nmethod 4932 0x00000214198dbe90 code [0x00000214198dc0a0, 0x00000214198dc808]

GC Heap History (16 events):
Event: 0.588 GC heap before
{Heap before GC invocations=0 (full 0):
 garbage-first heap   total 258048K, used 20480K [0x0000000600000000, 0x0000000800000000)
  region size 4096K, 5 young (20480K), 0 survivors (0K)
 Metaspace       used 885K, committed 1024K, reserved 1114112K
  class space    used 71K, committed 128K, reserved 1048576K
}
Event: 0.591 GC heap after
{Heap after GC invocations=1 (full 0):
 garbage-first heap   total 258048K, used 1600K [0x0000000600000000, 0x0000000800000000)
  region size 4096K, 1 young (4096K), 1 survivors (4096K)
 Metaspace       used 885K, committed 1024K, reserved 1114112K
  class space    used 71K, committed 128K, reserved 1048576K
}
Event: 1.901 GC heap before
{Heap before GC invocations=1 (full 0):
 garbage-first heap   total 258048K, used 42560K [0x0000000600000000, 0x0000000800000000)
  region size 4096K, 11 young (45056K), 1 survivors (4096K)
 Metaspace       used 4600K, committed 4800K, reserved 1114112K
  class space    used 584K, committed 704K, reserved 1048576K
}
Event: 1.906 GC heap after
{Heap after GC invocations=2 (full 0):
 garbage-first heap   total 258048K, used 11453K [0x0000000600000000, 0x0000000800000000)
  region size 4096K, 2 young (8192K), 2 survivors (8192K)
 Metaspace       used 4600K, committed 4800K, reserved 1114112K
  class space    used 584K, committed 704K, reserved 1048576K
}
Event: 3.841 GC heap before
{Heap before GC invocations=2 (full 0):
 garbage-first heap   total 258048K, used 76989K [0x0000000600000000, 0x0000000800000000)
  region size 4096K, 19 young (77824K), 2 survivors (8192K)
 Metaspace       used 10271K, committed 10624K, reserved 1114112K
  class space    used 1390K, committed 1536K, reserved 1048576K
}
Event: 3.849 GC heap after
{Heap after GC invocations=3 (full 0):
 garbage-first heap   total 258048K, used 19966K [0x0000000600000000, 0x0000000800000000)
  region size 4096K, 3 young (12288K), 3 survivors (12288K)
 Metaspace       used 10271K, committed 10624K, reserved 1114112K
  class space    used 1390K, committed 1536K, reserved 1048576K
}
Event: 22.042 GC heap before
{Heap before GC invocations=3 (full 0):
 garbage-first heap   total 258048K, used 85502K [0x0000000600000000, 0x0000000800000000)
  region size 4096K, 21 young (86016K), 3 survivors (12288K)
 Metaspace       used 20875K, committed 21504K, reserved 1114112K
  class space    used 2893K, committed 3200K, reserved 1048576K
}
Event: 22.053 GC heap after
{Heap after GC invocations=4 (full 0):
 garbage-first heap   total 258048K, used 23547K [0x0000000600000000, 0x0000000800000000)
  region size 4096K, 3 young (12288K), 3 survivors (12288K)
 Metaspace       used 20875K, committed 21504K, reserved 1114112K
  class space    used 2893K, committed 3200K, reserved 1048576K
}
Event: 24.237 GC heap before
{Heap before GC invocations=5 (full 0):
 garbage-first heap   total 81920K, used 80891K [0x0000000600000000, 0x0000000800000000)
  region size 4096K, 17 young (69632K), 3 survivors (12288K)
 Metaspace       used 27988K, committed 29056K, reserved 1114112K
  class space    used 4023K, committed 4544K, reserved 1048576K
}
Event: 24.247 GC heap after
{Heap after GC invocations=6 (full 0):
 garbage-first heap   total 102400K, used 26979K [0x0000000600000000, 0x0000000800000000)
  region size 4096K, 2 young (8192K), 2 survivors (8192K)
 Metaspace       used 27988K, committed 29056K, reserved 1114112K
  class space    used 4023K, committed 4544K, reserved 1048576K
}
Event: 25.685 GC heap before
{Heap before GC invocations=6 (full 0):
 garbage-first heap   total 102400K, used 76131K [0x0000000600000000, 0x0000000800000000)
  region size 4096K, 14 young (57344K), 2 survivors (8192K)
 Metaspace       used 34390K, committed 35776K, reserved 1114112K
  class space    used 4940K, committed 5632K, reserved 1048576K
}
Event: 25.692 GC heap after
{Heap after GC invocations=7 (full 0):
 garbage-first heap   total 102400K, used 30109K [0x0000000600000000, 0x0000000800000000)
  region size 4096K, 2 young (8192K), 2 survivors (8192K)
 Metaspace       used 34390K, committed 35776K, reserved 1114112K
  class space    used 4940K, committed 5632K, reserved 1048576K
}
Event: 25.739 GC heap before
{Heap before GC invocations=7 (full 0):
 garbage-first heap   total 102400K, used 30109K [0x0000000600000000, 0x0000000800000000)
  region size 4096K, 3 young (12288K), 2 survivors (8192K)
 Metaspace       used 34616K, committed 35968K, reserved 1114112K
  class space    used 4965K, committed 5632K, reserved 1048576K
}
Event: 25.743 GC heap after
{Heap after GC invocations=8 (full 0):
 garbage-first heap   total 102400K, used 30551K [0x0000000600000000, 0x0000000800000000)
  region size 4096K, 1 young (4096K), 1 survivors (4096K)
 Metaspace       used 34616K, committed 35968K, reserved 1114112K
  class space    used 4965K, committed 5632K, reserved 1048576K
}
Event: 153.797 GC heap before
{Heap before GC invocations=9 (full 0):
 garbage-first heap   total 102400K, used 83799K [0x0000000600000000, 0x0000000800000000)
  region size 4096K, 14 young (57344K), 1 survivors (4096K)
 Metaspace       used 36953K, committed 38272K, reserved 1114112K
  class space    used 5320K, committed 5952K, reserved 1048576K
}
Event: 153.919 GC heap after
{Heap after GC invocations=10 (full 0):
 garbage-first heap   total 102400K, used 32170K [0x0000000600000000, 0x0000000800000000)
  region size 4096K, 2 young (8192K), 2 survivors (8192K)
 Metaspace       used 36953K, committed 38272K, reserved 1114112K
  class space    used 5320K, committed 5952K, reserved 1048576K
}

Dll operation events (20 events):
Event: 0.113 Attempting to load shared library C:\Users\AJI\.vscode\extensions\redhat.java-1.56.0-win32-x64\jre\21.0.12.1-win32-x86_64\bin\nio.dll
Event: 0.113 Loaded shared library C:\Users\AJI\.vscode\extensions\redhat.java-1.56.0-win32-x64\jre\21.0.12.1-win32-x86_64\bin\nio.dll
Event: 0.116 Attempting to load shared library C:\Users\AJI\.vscode\extensions\redhat.java-1.56.0-win32-x64\jre\21.0.12.1-win32-x86_64\bin\zip.dll
Event: 0.117 Loaded shared library C:\Users\AJI\.vscode\extensions\redhat.java-1.56.0-win32-x64\jre\21.0.12.1-win32-x86_64\bin\zip.dll
Event: 0.606 Attempting to load shared library C:\Users\AJI\.vscode\extensions\redhat.java-1.56.0-win32-x64\jre\21.0.12.1-win32-x86_64\bin\jimage.dll
Event: 0.606 Loaded shared library C:\Users\AJI\.vscode\extensions\redhat.java-1.56.0-win32-x64\jre\21.0.12.1-win32-x86_64\bin\jimage.dll
Event: 0.970 Attempting to load shared library C:\Users\AJI\.vscode\extensions\redhat.java-1.56.0-win32-x64\jre\21.0.12.1-win32-x86_64\bin\verify.dll
Event: 0.977 Loaded shared library C:\Users\AJI\.vscode\extensions\redhat.java-1.56.0-win32-x64\jre\21.0.12.1-win32-x86_64\bin\verify.dll
Event: 1.032 Attempting to load shared library C:\Users\AJI\.gradle\native\1def1411415f61bf3af743bc5b6707747c0891f09f0c88961ee8f79bc544acac\windows-amd64\native-platform.dll
Event: 1.034 Loaded shared library C:\Users\AJI\.gradle\native\1def1411415f61bf3af743bc5b6707747c0891f09f0c88961ee8f79bc544acac\windows-amd64\native-platform.dll
Event: 1.057 Attempting to load shared library C:\Users\AJI\.gradle\native\0.2.8\x86_64-windows-gnu\gradle-fileevents.dll
Event: 1.061 Loaded shared library C:\Users\AJI\.gradle\native\0.2.8\x86_64-windows-gnu\gradle-fileevents.dll
Event: 2.976 Attempting to load shared library C:\Users\AJI\.vscode\extensions\redhat.java-1.56.0-win32-x64\jre\21.0.12.1-win32-x86_64\bin\management.dll
Event: 2.976 Loaded shared library C:\Users\AJI\.vscode\extensions\redhat.java-1.56.0-win32-x64\jre\21.0.12.1-win32-x86_64\bin\management.dll
Event: 2.979 Attempting to load shared library C:\Users\AJI\.vscode\extensions\redhat.java-1.56.0-win32-x64\jre\21.0.12.1-win32-x86_64\bin\management_ext.dll
Event: 2.979 Loaded shared library C:\Users\AJI\.vscode\extensions\redhat.java-1.56.0-win32-x64\jre\21.0.12.1-win32-x86_64\bin\management_ext.dll
Event: 3.368 Attempting to load shared library C:\Users\AJI\.vscode\extensions\redhat.java-1.56.0-win32-x64\jre\21.0.12.1-win32-x86_64\bin\extnet.dll
Event: 3.368 Loaded shared library C:\Users\AJI\.vscode\extensions\redhat.java-1.56.0-win32-x64\jre\21.0.12.1-win32-x86_64\bin\extnet.dll
Event: 3.814 Attempting to load shared library C:\Users\AJI\.vscode\extensions\redhat.java-1.56.0-win32-x64\jre\21.0.12.1-win32-x86_64\bin\sunmscapi.dll
Event: 3.815 Loaded shared library C:\Users\AJI\.vscode\extensions\redhat.java-1.56.0-win32-x64\jre\21.0.12.1-win32-x86_64\bin\sunmscapi.dll

Deoptimization events (20 events):
Event: 389.900 Thread 0x000002148e536310 Uncommon trap: trap_request=0xffffff45 fr.pc=0x0000021429af7bdc relative=0x0000000000002e3c
Event: 389.900 Thread 0x000002148e536310 Uncommon trap: reason=unstable_if action=reinterpret pc=0x0000021429af7bdc method=java.lang.String.regionMatches(ZILjava/lang/String;II)Z @ 36 c2
Event: 389.900 Thread 0x000002148e536310 DEOPT PACKING pc=0x0000021429af7bdc sp=0x000000dd3e9f95a0
Event: 389.900 Thread 0x000002148e536310 DEOPT UNPACKING pc=0x0000021429214422 sp=0x000000dd3e9f94a0 mode 2
Event: 389.902 Thread 0x000002148e536310 Uncommon trap: trap_request=0xffffffde fr.pc=0x0000021429b4e4a8 relative=0x00000000000012c8
Event: 389.902 Thread 0x000002148e536310 Uncommon trap: reason=class_check action=maybe_recompile pc=0x0000021429b4e4a8 method=jdk.internal.loader.URLClassPath.getLoader(I)Ljdk/internal/loader/URLClassPath$Loader; @ 88 c2
Event: 389.902 Thread 0x000002148e536310 DEOPT PACKING pc=0x0000021429b4e4a8 sp=0x000000dd3e9f9860
Event: 389.902 Thread 0x000002148e536310 DEOPT UNPACKING pc=0x0000021429214422 sp=0x000000dd3e9f9840 mode 2
Event: 389.902 Thread 0x000002148e536310 Uncommon trap: trap_request=0xffffffde fr.pc=0x0000021429ab1a38 relative=0x0000000000004018
Event: 389.902 Thread 0x000002148e536310 Uncommon trap: reason=class_check action=maybe_recompile pc=0x0000021429ab1a38 method=jdk.internal.loader.URLClassPath.getResource(Ljava/lang/String;Z)Ljdk/internal/loader/Resource; @ 53 c2
Event: 389.902 Thread 0x000002148e536310 DEOPT PACKING pc=0x0000021429ab1a38 sp=0x000000dd3e9f9910
Event: 389.902 Thread 0x000002148e536310 DEOPT UNPACKING pc=0x0000021429214422 sp=0x000000dd3e9f9720 mode 2
Event: 389.958 Thread 0x000002148e536310 Uncommon trap: trap_request=0xffffff45 fr.pc=0x0000021429b5617c relative=0x00000000000036fc
Event: 389.958 Thread 0x000002148e536310 Uncommon trap: reason=unstable_if action=reinterpret pc=0x0000021429b5617c method=java.lang.ClassLoader.checkCerts(Ljava/lang/String;Ljava/security/CodeSource;)V @ 9 c2
Event: 389.959 Thread 0x000002148e536310 DEOPT PACKING pc=0x0000021429b5617c sp=0x000000dd3e9f9650
Event: 389.959 Thread 0x000002148e536310 DEOPT UNPACKING pc=0x0000021429214422 sp=0x000000dd3e9f94e0 mode 2
Event: 389.973 Thread 0x000002148e536310 Uncommon trap: trap_request=0xffffff45 fr.pc=0x0000021429a90908 relative=0x00000000000008e8
Event: 389.973 Thread 0x000002148e536310 Uncommon trap: reason=unstable_if action=reinterpret pc=0x0000021429a90908 method=java.lang.Class.getPackageName()Ljava/lang/String; @ 55 c2
Event: 389.973 Thread 0x000002148e536310 DEOPT PACKING pc=0x0000021429a90908 sp=0x000000dd3e9f9510
Event: 389.973 Thread 0x000002148e536310 DEOPT UNPACKING pc=0x0000021429214422 sp=0x000000dd3e9f94d0 mode 2

Classes loaded (20 events):
Event: 39.615 Loading class java/nio/charset/CharacterCodingException
Event: 39.615 Loading class java/nio/charset/CharacterCodingException done
Event: 387.569 Loading class java/nio/file/FileTreeWalker
Event: 387.678 Loading class java/nio/file/FileTreeWalker done
Event: 387.800 Loading class java/nio/file/FileTreeWalker$DirectoryNode
Event: 387.802 Loading class java/nio/file/FileTreeWalker$DirectoryNode done
Event: 387.803 Loading class java/nio/file/FileTreeWalker$Event
Event: 387.804 Loading class java/nio/file/FileTreeWalker$Event done
Event: 387.804 Loading class java/nio/file/FileTreeWalker$EventType
Event: 387.807 Loading class java/nio/file/FileTreeWalker$EventType done
Event: 387.809 Loading class java/nio/file/Files$3
Event: 387.810 Loading class java/nio/file/Files$3 done
Event: 387.842 Loading class java/nio/file/FileVisitResult
Event: 387.844 Loading class java/nio/file/FileVisitResult done
Event: 389.411 Loading class java/util/stream/Streams$RangeIntSpliterator
Event: 389.416 Loading class java/util/stream/Streams$RangeIntSpliterator done
Event: 389.895 Loading class jdk/internal/loader/URLClassPath$FileLoader
Event: 389.895 Loading class jdk/internal/loader/URLClassPath$FileLoader done
Event: 389.904 Loading class jdk/internal/loader/URLClassPath$FileLoader$1
Event: 389.904 Loading class jdk/internal/loader/URLClassPath$FileLoader$1 done

Classes unloaded (0 events):
No events

Classes redefined (0 events):
No events

Internal exceptions (20 events):
Event: 26.105 Thread 0x000002148e536310 Exception <a 'sun/nio/fs/WindowsException'{0x000000060fbe3d78}> (0x000000060fbe3d78) 
thrown [s\src\hotspot\share\prims\jni.cpp, line 520]
Event: 26.119 Thread 0x000002148e536310 Exception <a 'sun/nio/fs/WindowsException'{0x000000060fbe5aa8}> (0x000000060fbe5aa8) 
thrown [s\src\hotspot\share\prims\jni.cpp, line 520]
Event: 26.119 Thread 0x000002148e536310 Exception <a 'sun/nio/fs/WindowsException'{0x000000060fbe6f50}> (0x000000060fbe6f50) 
thrown [s\src\hotspot\share\prims\jni.cpp, line 520]
Event: 26.120 Thread 0x000002148e536310 Exception <a 'sun/nio/fs/WindowsException'{0x000000060fbe8428}> (0x000000060fbe8428) 
thrown [s\src\hotspot\share\prims\jni.cpp, line 520]
Event: 26.274 Thread 0x000002148e536310 Exception <a 'java/lang/NoSuchMethodError'{0x000000060a0fa9c0}: 'java.lang.Object java.lang.invoke.Invokers$Holder.invoker(java.lang.Object, java.lang.Object, java.lang.Object, java.lang.Object, java.lang.Object, java.lang.Object)'> (0x000000060a0fa9c0) 
thrown [s\src\hotspot\share\interpreter\linkResolver.cpp, line 773]
Event: 30.465 Thread 0x000002148e536310 Exception <a 'java/lang/NoSuchMethodError'{0x000000060a248c80}: 'java.lang.Object java.lang.invoke.Invokers$Holder.invoker(java.lang.Object, java.lang.Object, java.lang.Object, java.lang.Object, java.lang.Object, java.lang.Object, java.lang.Object, java.lang.Object, java.lang.Object, java.lang.Object, java.lang.Object, java.lang.Object, java.lang.Object, java.lang.Object, java.lang.Object, java.lang.Object, java.lang.Object, java.lang.Object, java.lang.Object, java.lang.Object, java.lang.Object, java.lang.
Event: 30.465 Thread 0x000002148e536310 Exception <a 'java/lang/NoSuchMethodError'{0x000000060a24f598}: 'java.lang.Object java.lang.invoke.DelegatingMethodHandle$Holder.delegate(java.lang.Object, java.lang.Object, java.lang.Object, java.lang.Object, java.lang.Object, java.lang.Object, java.lang.Object, java.lang.Object, java.lang.Object, java.lang.Object, java.lang.Object, java.lang.Object, java.lang.Object, java.lang.Object, java.lang.Object, java.lang.Object, java.lang.Object, java.lang.Object, java.lang.Object, java.lang.Object, java.lang.Obj
Event: 30.584 Thread 0x000002148e536310 Exception <a 'java/lang/NoSuchMethodError'{0x0000000609d03688}: 'java.lang.Object java.lang.invoke.DirectMethodHandle$Holder.newInvokeSpecial(java.lang.Object, java.lang.Object, java.lang.Object, java.lang.Object, java.lang.Object, java.lang.Object, int)'> (0x0000000609d03688) 
thrown [s\src\hotspot\share\interpreter\linkResolver.cpp, line 773]
Event: 30.585 Thread 0x000002148e536310 Exception <a 'java/lang/NoSuchMethodError'{0x0000000609d08610}: 'java.lang.Object java.lang.invoke.DirectMethodHandle$Holder.invokeSpecial(java.lang.Object, java.lang.Object, java.lang.Object, java.lang.Object, java.lang.Object, java.lang.Object, java.lang.Object, int)'> (0x0000000609d08610) 
thrown [s\src\hotspot\share\interpreter\linkResolver.cpp, line 773]
Event: 30.789 Thread 0x000002148e536310 Exception <a 'java/lang/IncompatibleClassChangeError'{0x0000000602c36398}: Found class java.lang.Object, but interface was expected> (0x0000000602c36398) 
thrown [s\src\hotspot\share\interpreter\linkResolver.cpp, line 840]
Event: 30.830 Thread 0x000002148e536310 Exception <a 'java/lang/NoSuchMethodError'{0x0000000602d0c518}: 'java.lang.Object java.lang.invoke.DirectMethodHandle$Holder.newInvokeSpecial(java.lang.Object, java.lang.Object, long)'> (0x0000000602d0c518) 
thrown [s\src\hotspot\share\interpreter\linkResolver.cpp, line 773]
Event: 30.831 Thread 0x000002148e536310 Exception <a 'java/lang/NoSuchMethodError'{0x0000000602d10db0}: 'java.lang.Object java.lang.invoke.Invokers$Holder.linkToTargetMethod(java.lang.Object, long, java.lang.Object)'> (0x0000000602d10db0) 
thrown [s\src\hotspot\share\interpreter\linkResolver.cpp, line 773]
Event: 39.609 Thread 0x000002148e539100 Implicit null exception at 0x0000021429a59f4f to 0x0000021429a5a300
Event: 39.628 Thread 0x000002148e536310 Exception <a 'java/lang/NoSuchMethodError'{0x00000006028f44c8}: 'int java.lang.invoke.DirectMethodHandle$Holder.invokeInterface(java.lang.Object, java.lang.Object)'> (0x00000006028f44c8) 
thrown [s\src\hotspot\share\interpreter\linkResolver.cpp, line 773]
Event: 39.668 Thread 0x000002148e536310 Exception <a 'java/lang/NoSuchMethodError'{0x00000006029d6388}: 'java.lang.Object java.lang.invoke.DirectMethodHandle$Holder.newInvokeSpecial(java.lang.Object, java.lang.Object, int, java.lang.Object, java.lang.Object, java.lang.Object, java.lang.Object)'> (0x00000006029d6388) 
thrown [s\src\hotspot\share\interpreter\linkResolver.cpp, line 773]
Event: 39.669 Thread 0x000002148e536310 Exception <a 'java/lang/NoSuchMethodError'{0x00000006029debb8}: 'java.lang.Object java.lang.invoke.Invokers$Holder.linkToTargetMethod(java.lang.Object, int, java.lang.Object, java.lang.Object, java.lang.Object, java.lang.Object, java.lang.Object)'> (0x00000006029debb8) 
thrown [s\src\hotspot\share\interpreter\linkResolver.cpp, line 773]
Event: 389.380 Thread 0x000002148e536310 Exception <a 'java/lang/NoSuchMethodError'{0x0000000603d4e008}: 'java.lang.Object java.lang.invoke.DirectMethodHandle$Holder.invokeVirtual(java.lang.Object, java.lang.Object, int)'> (0x0000000603d4e008) 
thrown [s\src\hotspot\share\interpreter\linkResolver.cpp, line 773]
Event: 389.828 Thread 0x000002148e536310 Exception <a 'java/lang/NoSuchMethodError'{0x0000000603ee65a8}: 'void java.lang.invoke.DirectMethodHandle$Holder.invokeInterface(java.lang.Object, java.lang.Object, java.lang.Object, java.lang.Object, java.lang.Object, java.lang.Object, java.lang.Object)'> (0x0000000603ee65a8) 
thrown [s\src\hotspot\share\interpreter\linkResolver.cpp, line 773]
Event: 389.841 Thread 0x000002148e536310 Exception <a 'java/lang/NoSuchMethodError'{0x0000000603eeb170}: 'void java.lang.invoke.DelegatingMethodHandle$Holder.reinvoke_L(java.lang.Object, java.lang.Object, java.lang.Object, java.lang.Object, java.lang.Object, java.lang.Object, java.lang.Object)'> (0x0000000603eeb170) 
thrown [s\src\hotspot\share\interpreter\linkResolver.cpp, line 773]
Event: 390.191 Thread 0x000002148e536310 Exception <a 'java/lang/NoSuchMethodError'{0x0000000603824470}: 'java.lang.Object java.lang.invoke.DirectMethodHandle$Holder.invokeVirtual(java.lang.Object, java.lang.Object, java.lang.Object, java.lang.Object, java.lang.Object, java.lang.Object, java.lang.Object, java.lang.Object, java.lang.Object, java.lang.Object, java.lang.Object, java.lang.Object, java.lang.Object, java.lang.Object, java.lang.Object)'> (0x0000000603824470) 
thrown [s\src\hotspot\share\interpreter\linkResolver.cpp, line 773]

ZGC Phase Switch (0 events):
No events

VM Operations (20 events):
Event: 330.335 Executing safepoint VM operation: Cleanup
Event: 330.335 Executing safepoint VM operation: Cleanup done
Event: 344.475 Executing safepoint VM operation: Cleanup
Event: 344.475 Executing safepoint VM operation: Cleanup done
Event: 354.584 Executing safepoint VM operation: Cleanup
Event: 354.584 Executing safepoint VM operation: Cleanup done
Event: 364.655 Executing safepoint VM operation: Cleanup
Event: 364.655 Executing safepoint VM operation: Cleanup done
Event: 377.773 Executing safepoint VM operation: Cleanup
Event: 377.774 Executing safepoint VM operation: Cleanup done
Event: 386.862 Executing safepoint VM operation: Cleanup
Event: 386.862 Executing safepoint VM operation: Cleanup done
Event: 387.868 Executing safepoint VM operation: Cleanup
Event: 387.868 Executing safepoint VM operation: Cleanup done
Event: 389.877 Executing safepoint VM operation: Cleanup
Event: 389.892 Executing safepoint VM operation: Cleanup done
Event: 389.948 Executing non-safepoint VM operation: HandshakeAllThreads (Deoptimize)
Event: 389.952 Executing non-safepoint VM operation: HandshakeAllThreads (Deoptimize) done
Event: 389.953 Executing non-safepoint VM operation: HandshakeAllThreads (Deoptimize)
Event: 389.953 Executing non-safepoint VM operation: HandshakeAllThreads (Deoptimize) done

Memory protections (0 events):
No events

Nmethod flushes (20 events):
Event: 25.769 Thread 0x000002144755c5d0 flushing  nmethod 0x00000214195d4610
Event: 25.769 Thread 0x000002144755c5d0 flushing  nmethod 0x00000214195d4910
Event: 25.769 Thread 0x000002144755c5d0 flushing  nmethod 0x00000214195d4d90
Event: 25.769 Thread 0x000002144755c5d0 flushing  nmethod 0x00000214195d5290
Event: 25.769 Thread 0x000002144755c5d0 flushing  nmethod 0x00000214195d5e90
Event: 25.769 Thread 0x000002144755c5d0 flushing  nmethod 0x00000214195d6690
Event: 25.769 Thread 0x000002144755c5d0 flushing  nmethod 0x00000214195d6b10
Event: 25.769 Thread 0x000002144755c5d0 flushing  nmethod 0x00000214195d7710
Event: 25.769 Thread 0x000002144755c5d0 flushing  nmethod 0x00000214195d8710
Event: 25.769 Thread 0x000002144755c5d0 flushing  nmethod 0x00000214195d8f10
Event: 25.769 Thread 0x000002144755c5d0 flushing  nmethod 0x0000021419662710
Event: 25.769 Thread 0x000002144755c5d0 flushing  nmethod 0x0000021419663810
Event: 25.769 Thread 0x000002144755c5d0 flushing  nmethod 0x0000021419669010
Event: 25.769 Thread 0x000002144755c5d0 flushing  nmethod 0x0000021419669e10
Event: 25.769 Thread 0x000002144755c5d0 flushing  nmethod 0x000002141966a710
Event: 25.769 Thread 0x000002144755c5d0 flushing  nmethod 0x000002141966b690
Event: 25.769 Thread 0x000002144755c5d0 flushing  nmethod 0x000002141966be90
Event: 25.769 Thread 0x000002144755c5d0 flushing  nmethod 0x00000214198a9490
Event: 25.769 Thread 0x000002144755c5d0 flushing  nmethod 0x00000214198eb690
Event: 25.769 Thread 0x000002144755c5d0 flushing  nmethod 0x00000214198ec090

Events (20 events):
Event: 3.907 Thread 0x000002148e536310 Thread added: 0x000002148e535c80
Event: 3.910 Thread 0x000002148e536310 Thread added: 0x000002148e538a70
Event: 3.917 Thread 0x000002148e536310 Thread added: 0x000002148e5383e0
Event: 4.619 Thread 0x000002148e536310 Thread added: 0x000002148e5376c0
Event: 4.633 Thread 0x000002148e536310 Thread added: 0x000002148e537030
Event: 4.884 Thread 0x000002148e536310 Thread added: 0x000002148e539100
Event: 4.968 Thread 0x000002148e537030 Thread added: 0x000002148e5369a0
Event: 5.561 Thread 0x000002148e6fbe50 Thread exited: 0x000002148e6fbe50
Event: 11.948 Thread 0x000002144759f550 Thread added: 0x000002148ef7cb90
Event: 12.083 Thread 0x000002148ef7cb90 Thread exited: 0x000002148ef7cb90
Event: 23.006 Thread 0x000002148e536310 Thread added: 0x0000021447839170
Event: 23.057 Thread 0x000002148e536310 Thread added: 0x0000021447837730
Event: 23.625 Thread 0x000002148e536310 Thread added: 0x0000021447836380
Event: 23.636 Thread 0x000002148e536310 Thread added: 0x0000021447839e90
Event: 24.368 Thread 0x000002148e536310 Thread added: 0x0000021447839800
Event: 24.508 Thread 0x000002148e536310 Thread added: 0x0000021447837dc0
Event: 25.016 Thread 0x000002148e536310 Thread added: 0x0000021447836a10
Event: 25.154 Thread 0x000002148e536310 Thread added: 0x000002144783a520
Event: 100.064 Thread 0x000002148e5369a0 Thread exited: 0x000002148e5369a0
Event: 387.208 Thread 0x000002148e537030 Thread added: 0x000002144783b240


Dynamic libraries:
0x00007ff79bf90000 - 0x00007ff79bf9e000 	C:\Users\AJI\.vscode\extensions\redhat.java-1.56.0-win32-x64\jre\21.0.12.1-win32-x86_64\bin\java.exe
0x00007ffe02160000 - 0x00007ffe023c7000 	C:\WINDOWS\SYSTEM32\ntdll.dll
0x00007ffe003b0000 - 0x00007ffe0047b000 	C:\WINDOWS\System32\KERNEL32.DLL
0x00007ffdff6f0000 - 0x00007ffdffaf2000 	C:\WINDOWS\System32\KERNELBASE.dll
0x00007ffdff410000 - 0x00007ffdff55c000 	C:\WINDOWS\System32\ucrtbase.dll
0x00007ffd821c0000 - 0x00007ffd821d8000 	C:\Users\AJI\.vscode\extensions\redhat.java-1.56.0-win32-x64\jre\21.0.12.1-win32-x86_64\bin\jli.dll
0x00007ffdc0f00000 - 0x00007ffdc0f1e000 	C:\Users\AJI\.vscode\extensions\redhat.java-1.56.0-win32-x64\jre\21.0.12.1-win32-x86_64\bin\VCRUNTIME140.dll
0x00007ffe019a0000 - 0x00007ffe01b6f000 	C:\WINDOWS\System32\USER32.dll
0x00007ffddfe30000 - 0x00007ffde00c0000 	C:\WINDOWS\WinSxS\amd64_microsoft.windows.common-controls_6595b64144ccf1df_6.0.26100.9278_none_3e0d1ba8e3303201\COMCTL32.dll
0x00007ffdff570000 - 0x00007ffdff597000 	C:\WINDOWS\System32\win32u.dll
0x00007ffe018c0000 - 0x00007ffe01969000 	C:\WINDOWS\System32\msvcrt.dll
0x00007ffe01970000 - 0x00007ffe0199b000 	C:\WINDOWS\System32\GDI32.dll
0x00007ffdffc90000 - 0x00007ffdffdb9000 	C:\WINDOWS\System32\gdi32full.dll
0x00007ffdff360000 - 0x00007ffdff403000 	C:\WINDOWS\System32\msvcp_win.dll
0x00007ffe01b90000 - 0x00007ffe01bc1000 	C:\WINDOWS\System32\IMM32.DLL
0x00007ffdd7ca0000 - 0x00007ffdd7cac000 	C:\Users\AJI\.vscode\extensions\redhat.java-1.56.0-win32-x64\jre\21.0.12.1-win32-x86_64\bin\vcruntime140_1.dll
0x00007ffd7e7f0000 - 0x00007ffd7e87d000 	C:\Users\AJI\.vscode\extensions\redhat.java-1.56.0-win32-x64\jre\21.0.12.1-win32-x86_64\bin\msvcp140.dll
0x00007ffcef0f0000 - 0x00007ffcefe92000 	C:\Users\AJI\.vscode\extensions\redhat.java-1.56.0-win32-x64\jre\21.0.12.1-win32-x86_64\bin\server\jvm.dll
0x00007ffe002e0000 - 0x00007ffe0039c000 	C:\WINDOWS\System32\ADVAPI32.dll
0x00007ffe00230000 - 0x00007ffe002d9000 	C:\WINDOWS\System32\sechost.dll
0x00007ffdfff30000 - 0x00007ffe00048000 	C:\WINDOWS\System32\RPCRT4.dll
0x00007ffe01720000 - 0x00007ffe017a0000 	C:\WINDOWS\System32\WS2_32.dll
0x00007ffdff1c0000 - 0x00007ffdff21e000 	C:\WINDOWS\SYSTEM32\POWRPROF.dll
0x00007ffdfb560000 - 0x00007ffdfb596000 	C:\WINDOWS\SYSTEM32\WINMM.dll
0x00007ffdf5020000 - 0x00007ffdf502b000 	C:\WINDOWS\SYSTEM32\VERSION.dll
0x00007ffdff1a0000 - 0x00007ffdff1b5000 	C:\WINDOWS\SYSTEM32\UMPDC.dll
0x00007ffdfdf70000 - 0x00007ffdfdf8b000 	C:\WINDOWS\SYSTEM32\kernel.appcore.dll
0x00007ffdd7be0000 - 0x00007ffdd7bea000 	C:\Users\AJI\.vscode\extensions\redhat.java-1.56.0-win32-x64\jre\21.0.12.1-win32-x86_64\bin\jimage.dll
0x00007ffdfc940000 - 0x00007ffdfcb8c000 	C:\WINDOWS\SYSTEM32\DBGHELP.DLL
0x00007ffe00d20000 - 0x00007ffe010a5000 	C:\WINDOWS\System32\combase.dll
0x00007ffe011b0000 - 0x00007ffe01289000 	C:\WINDOWS\System32\OLEAUT32.dll
0x00007ffdde450000 - 0x00007ffdde48b000 	C:\WINDOWS\SYSTEM32\dbgcore.DLL
0x00007ffdffdc0000 - 0x00007ffdffe6c000 	C:\WINDOWS\System32\bcryptPrimitives.dll
0x00007ffdd70d0000 - 0x00007ffdd70df000 	C:\Users\AJI\.vscode\extensions\redhat.java-1.56.0-win32-x64\jre\21.0.12.1-win32-x86_64\bin\instrument.dll
0x00007ffd7fbb0000 - 0x00007ffd7fbd0000 	C:\Users\AJI\.vscode\extensions\redhat.java-1.56.0-win32-x64\jre\21.0.12.1-win32-x86_64\bin\java.dll
0x00007ffe00580000 - 0x00007ffe00d18000 	C:\WINDOWS\System32\SHELL32.dll
0x00007ffdfcd80000 - 0x00007ffdfd62e000 	C:\WINDOWS\SYSTEM32\windows.storage.dll
0x00007ffe01320000 - 0x00007ffe0141b000 	C:\WINDOWS\System32\SHCORE.dll
0x00007ffe010b0000 - 0x00007ffe01116000 	C:\WINDOWS\System32\shlwapi.dll
0x00007ffdff280000 - 0x00007ffdff2a9000 	C:\WINDOWS\SYSTEM32\profapi.dll
0x00007ffd7fb90000 - 0x00007ffd7fba8000 	C:\Users\AJI\.vscode\extensions\redhat.java-1.56.0-win32-x64\jre\21.0.12.1-win32-x86_64\bin\zip.dll
0x00007ffdd7b20000 - 0x00007ffdd7b30000 	C:\Users\AJI\.vscode\extensions\redhat.java-1.56.0-win32-x64\jre\21.0.12.1-win32-x86_64\bin\net.dll
0x00007ffdf8730000 - 0x00007ffdf885a000 	C:\WINDOWS\SYSTEM32\WINHTTP.dll
0x00007ffdfe5f0000 - 0x00007ffdfe65c000 	C:\WINDOWS\system32\mswsock.dll
0x00007ffd7e7d0000 - 0x00007ffd7e7e6000 	C:\Users\AJI\.vscode\extensions\redhat.java-1.56.0-win32-x64\jre\21.0.12.1-win32-x86_64\bin\nio.dll
0x00007ffdd1b60000 - 0x00007ffdd1b70000 	C:\Users\AJI\.vscode\extensions\redhat.java-1.56.0-win32-x64\jre\21.0.12.1-win32-x86_64\bin\verify.dll
0x00007ffd7fce0000 - 0x00007ffd7fd07000 	C:\Users\AJI\.gradle\native\1def1411415f61bf3af743bc5b6707747c0891f09f0c88961ee8f79bc544acac\windows-amd64\native-platform.dll
0x00007ffcf9e70000 - 0x00007ffcf9ee7000 	C:\Users\AJI\.gradle\native\0.2.8\x86_64-windows-gnu\gradle-fileevents.dll
0x00007ffdd17c0000 - 0x00007ffdd17ca000 	C:\Users\AJI\.vscode\extensions\redhat.java-1.56.0-win32-x64\jre\21.0.12.1-win32-x86_64\bin\management.dll
0x00007ffdd0ce0000 - 0x00007ffdd0cec000 	C:\Users\AJI\.vscode\extensions\redhat.java-1.56.0-win32-x64\jre\21.0.12.1-win32-x86_64\bin\management_ext.dll
0x00007ffe01b80000 - 0x00007ffe01b88000 	C:\WINDOWS\System32\PSAPI.DLL
0x00007ffdfd9b0000 - 0x00007ffdfd9e3000 	C:\WINDOWS\SYSTEM32\IPHLPAPI.DLL
0x00007ffdfff00000 - 0x00007ffdfff0a000 	C:\WINDOWS\System32\NSI.dll
0x00007ffdd0ba0000 - 0x00007ffdd0ba9000 	C:\Users\AJI\.vscode\extensions\redhat.java-1.56.0-win32-x64\jre\21.0.12.1-win32-x86_64\bin\extnet.dll
0x00007ffdfe8e0000 - 0x00007ffdfe8fb000 	C:\WINDOWS\SYSTEM32\CRYPTSP.dll
0x00007ffdfdf90000 - 0x00007ffdfdfc9000 	C:\WINDOWS\system32\rsaenh.dll
0x00007ffdfe6a0000 - 0x00007ffdfe6d4000 	C:\WINDOWS\SYSTEM32\USERENV.dll
0x00007ffdff250000 - 0x00007ffdff27a000 	C:\WINDOWS\SYSTEM32\bcrypt.dll
0x00007ffdfe900000 - 0x00007ffdfe90c000 	C:\WINDOWS\SYSTEM32\CRYPTBASE.dll
0x00007ffdd0640000 - 0x00007ffdd064e000 	C:\Users\AJI\.vscode\extensions\redhat.java-1.56.0-win32-x64\jre\21.0.12.1-win32-x86_64\bin\sunmscapi.dll
0x00007ffdffb00000 - 0x00007ffdffc7e000 	C:\WINDOWS\System32\CRYPT32.dll
0x00007ffdfeb20000 - 0x00007ffdfeb50000 	C:\WINDOWS\SYSTEM32\ncrypt.dll
0x00007ffdfead0000 - 0x00007ffdfeb0f000 	C:\WINDOWS\SYSTEM32\NTASN1.dll
0x00007ffdd4f00000 - 0x00007ffdd4f08000 	C:\WINDOWS\system32\wshunix.dll

JVMTI agents:
C:\Users\AJI\.gradle\wrapper\dists\gradle-9.1.0-all\7wzd0jkjit61aq2p43wpjgij9\gradle-9.1.0\lib\agents\gradle-instrumentation-agent-9.1.0.jar path:C:\Users\AJI\.vscode\extensions\redhat.java-1.56.0-win32-x64\jre\21.0.12.1-win32-x86_64\bin\instrument.dll, loaded, initialized, instrumentlib options:none

dbghelp: loaded successfully - version: 4.0.5 - missing functions: none
symbol engine: initialized successfully - sym options: 0x614 - pdb path: .;C:\Users\AJI\.vscode\extensions\redhat.java-1.56.0-win32-x64\jre\21.0.12.1-win32-x86_64\bin;C:\WINDOWS\SYSTEM32;C:\WINDOWS\WinSxS\amd64_microsoft.windows.common-controls_6595b64144ccf1df_6.0.26100.9278_none_3e0d1ba8e3303201;C:\Users\AJI\.vscode\extensions\redhat.java-1.56.0-win32-x64\jre\21.0.12.1-win32-x86_64\bin\server;C:\Users\AJI\.gradle\native\1def1411415f61bf3af743bc5b6707747c0891f09f0c88961ee8f79bc544acac\windows-amd64;C:\Users\AJI\.gradle\native\0.2.8\x86_64-windows-gnu

VM Arguments:
jvm_args: --add-opens=java.base/java.lang=ALL-UNNAMED --add-opens=java.base/java.lang.invoke=ALL-UNNAMED --add-opens=java.base/java.util=ALL-UNNAMED --add-opens=java.prefs/java.util.prefs=ALL-UNNAMED --add-exports=jdk.compiler/com.sun.tools.javac.api=ALL-UNNAMED --add-exports=jdk.compiler/com.sun.tools.javac.util=ALL-UNNAMED --add-opens=java.base/java.util=ALL-UNNAMED --add-opens=java.prefs/java.util.prefs=ALL-UNNAMED --add-opens=java.base/java.nio.charset=ALL-UNNAMED --add-opens=java.base/java.net=ALL-UNNAMED --add-opens=java.base/java.util.concurrent=ALL-UNNAMED --add-opens=java.base/java.util.concurrent.atomic=ALL-UNNAMED --add-opens=java.xml/javax.xml.namespace=ALL-UNNAMED --add-opens=java.base/java.time=ALL-UNNAMED -XX:MaxMetaspaceSize=4G -XX:ReservedCodeCacheSize=512m -XX:+HeapDumpOnOutOfMemoryError -Xmx8G -Dfile.encoding=UTF-8 -Duser.country=IN -Duser.language=en -Duser.variant -javaagent:C:\Users\AJI\.gradle\wrapper\dists\gradle-9.1.0-all\7wzd0jkjit61aq2p43wpjgij9\gradle-9.1.0\lib\agents\gradle-instrumentation-agent-9.1.0.jar 
java_command: org.gradle.launcher.daemon.bootstrap.GradleDaemon 9.1.0
java_class_path (initial): C:\Users\AJI\.gradle\wrapper\dists\gradle-9.1.0-all\7wzd0jkjit61aq2p43wpjgij9\gradle-9.1.0\lib\gradle-daemon-main-9.1.0.jar
Launcher Type: SUN_STANDARD

[Global flags]
     intx CICompilerCount                          = 12                                        {product} {ergonomic}
     uint ConcGCThreads                            = 4                                         {product} {ergonomic}
     uint G1ConcRefinementThreads                  = 15                                        {product} {ergonomic}
   size_t G1HeapRegionSize                         = 4194304                                   {product} {ergonomic}
    uintx GCDrainStackTargetSize                   = 64                                        {product} {ergonomic}
     bool HeapDumpOnOutOfMemoryError               = true                                   {manageable} {command line}
   size_t InitialHeapSize                          = 264241152                                 {product} {ergonomic}
   size_t MarkStackSize                            = 4194304                                   {product} {ergonomic}
   size_t MaxHeapSize                              = 8589934592                                {product} {command line}
   size_t MaxMetaspaceSize                         = 4294967296                                {product} {command line}
   size_t MaxNewSize                               = 5150605312                                {product} {ergonomic}
   size_t MinHeapDeltaBytes                        = 4194304                                   {product} {ergonomic}
   size_t MinHeapSize                              = 8388608                                   {product} {ergonomic}
    uintx NonNMethodCodeHeapSize                   = 7602480                                {pd product} {ergonomic}
    uintx NonProfiledCodeHeapSize                  = 264634216                              {pd product} {ergonomic}
    uintx ProfiledCodeHeapSize                     = 264634216                              {pd product} {ergonomic}
    uintx ReservedCodeCacheSize                    = 536870912                              {pd product} {command line}
     bool SegmentedCodeCache                       = true                                      {product} {ergonomic}
   size_t SoftMaxHeapSize                          = 8589934592                             {manageable} {ergonomic}
     bool UseCompressedOops                        = true                           {product lp64_product} {ergonomic}
     bool UseG1GC                                  = true                                      {product} {ergonomic}
     bool UseLargePagesIndividualAllocation        = false                                  {pd product} {ergonomic}

Logging:
Log output configuration:
 #0: stdout all=warning uptime,level,tags foldmultilines=false
 #1: stderr all=off uptime,level,tags foldmultilines=false

Release file:
JAVA_VERSION="21.0.12.1" 
MODULES="java.base java.compiler java.datatransfer java.xml java.prefs java.desktop java.instrument java.logging java.management java.security.sasl java.naming java.rmi java.management.rmi java.net.http java.scripting java.security.jgss java.transaction.xa java.sql java.sql.rowset java.xml.crypto java.se java.smartcardio jdk.accessibility jdk.internal.jvmstat jdk.attach jdk.charsets jdk.internal.opt jdk.zipfs jdk.compiler jdk.crypto.ec jdk.crypto.cryptoki jdk.crypto.mscapi jdk.dynalink jdk.internal.ed jdk.editpad jdk.hotspot.agent jdk.httpserver jdk.internal.le jdk.internal.vm.ci jdk.internal.vm.compiler jdk.internal.vm.compiler.management jdk.jartool jdk.javadoc jdk.jcmd jdk.management jdk.management.agent jdk.jconsole jdk.jdeps jdk.jdwp.agent jdk.jdi jdk.jfr jdk.jshell jdk.jsobject jdk.jstatd jdk.localedata jdk.management.jfr jdk.naming.dns jdk.naming.rmi jdk.net jdk.nio.mapmode jdk.random jdk.sctp jdk.security.auth jdk.security.jgss jdk.unsupported jdk.unsupported.desktop jdk.xml.dom" 

Environment Variables:
JAVA_HOME=C:\Program Files\Java\jdk-17
PATH=C:\Python314\Scripts\;C:\Python314\;C:\Program Files\Eclipse Adoptium\jdk-25.0.3.9-hotspot\bin;C:\Program Files\Microsoft\jdk-11.0.16.101-hotspot\bin;C:\WINDOWS\system32;C:\WINDOWS;C:\WINDOWS\System32\Wbem;C:\WINDOWS\System32\WindowsPowerShell\v1.0\;C:\WINDOWS\System32\OpenSSH\;C:\Program Files\dotnet\;C:\MinGW\bin;C:\ProgramData\chocolatey\bin;C:\Users\AJI\AppData\Local\Pub\Cache\bin;C:\Program Files\Java\jdk-17\bin;d:\cursor\resources\app\bin;C:\Users\AJI\develop\flutter\bin;C:\Users\AJI\.local\bin;D:\node\node_modules\npm\bin;D:\node\;C:\Program Files\nodejs\;C:\Program Files\nodejs\node_modules\npm\bin;C:\Users\AJI\Documents\MONGO\mongosh-2.9.2-win32-x64\bin;C:\xampp\php;C:\Program Files\Git\cmd;C:\Users\AJI\AppData\Local\Programs\Python\Python312\Scripts\;C:\Users\AJI\AppData\Local\Programs\Python\Python312\;C:\Users\AJI\.local\bin;C:\Users\AJI\AppData\Local\Microsoft\WindowsApps;D:\IntelliJ IDEA Community Edition 2023.1.5\bin;;C:\mingw64\bin;C:\Users\AJI\.dotnet\tools;C:\Users\AJI\Documents\flutter_windows_3.13.4-stable\flutter\bin;C:\Users\AJI\AppData\Local\Pub\Cache\bin;D:\flutter_pub_cache;C:\Users\AJI\AppData\Local\Android\Sdk;C:\Program Files\Java\jdk-17\bin;D:\rider\JetBrains Rider 2024.3.7\bin;;D:\Program Files\Microsoft VS Code\bin;D:\freelanceing\cursor\resources\app\bin;C:\Users\AJI\AppData\Local\Programs\Microsoft VS Code\bin;C:\Users\AJI\AppData\Local\Programs\cursor\resources\app\bin;C:\Users\AJI\AppData\Roaming\npm
USERNAME=AJI
OS=Windows_NT
PROCESSOR_IDENTIFIER=Intel64 Family 6 Model 154 Stepping 3, GenuineIntel
TMP=C:\Users\AJI\AppData\Local\Temp
TEMP=C:\Users\AJI\AppData\Local\Temp




Periodic native trim disabled

---------------  S Y S T E M  ---------------

OS:
 Windows 11 , 64 bit Build 26100 (10.0.26100.9444)
OS uptime: 0 days 0:16 hours
Hyper-V role detected

CPU: total 20 (initial active 20) (10 cores per cpu, 2 threads per core) family 6 model 154 stepping 3 microcode 0x43b, cx8, cmov, fxsr, ht, mmx, 3dnowpref, sse, sse2, sse3, ssse3, sse4.1, sse4.2, popcnt, lzcnt, tsc, tscinvbit, avx, avx2, aes, erms, clmul, bmi1, bmi2, adx, sha, fma, vzeroupper, clflush, clflushopt, clwb, hv, serialize, rdtscp, rdpid, fsrm, f16c, cet_ibt, cet_ss
Processor Information for processor 0
  Max Mhz: 2300, Current Mhz: 2300, Mhz Limit: 2300
Processor Information for processor 1
  Max Mhz: 2300, Current Mhz: 2300, Mhz Limit: 2300
Processor Information for processor 2
  Max Mhz: 2300, Current Mhz: 2300, Mhz Limit: 2300
Processor Information for processor 3
  Max Mhz: 2300, Current Mhz: 2300, Mhz Limit: 2300
Processor Information for processor 4
  Max Mhz: 2300, Current Mhz: 2300, Mhz Limit: 2300
Processor Information for processor 5
  Max Mhz: 2300, Current Mhz: 2300, Mhz Limit: 2300
Processor Information for processor 6
  Max Mhz: 2300, Current Mhz: 2300, Mhz Limit: 2300
Processor Information for processor 7
  Max Mhz: 2300, Current Mhz: 2300, Mhz Limit: 2300
Processor Information for processor 8
  Max Mhz: 2300, Current Mhz: 2300, Mhz Limit: 2300
Processor Information for processor 9
  Max Mhz: 2300, Current Mhz: 2300, Mhz Limit: 2300
Processor Information for processor 10
  Max Mhz: 2300, Current Mhz: 2300, Mhz Limit: 2300
Processor Information for processor 11
  Max Mhz: 2300, Current Mhz: 2300, Mhz Limit: 2300
Processor Information for processor 12
  Max Mhz: 2300, Current Mhz: 2300, Mhz Limit: 2300
Processor Information for processor 13
  Max Mhz: 2300, Current Mhz: 2300, Mhz Limit: 2300
Processor Information for processor 14
  Max Mhz: 2300, Current Mhz: 2300, Mhz Limit: 2300
Processor Information for processor 15
  Max Mhz: 2300, Current Mhz: 1488, Mhz Limit: 2300
Processor Information for processor 16
  Max Mhz: 2300, Current Mhz: 1488, Mhz Limit: 2300
Processor Information for processor 17
  Max Mhz: 2300, Current Mhz: 1488, Mhz Limit: 2300
Processor Information for processor 18
  Max Mhz: 2300, Current Mhz: 2300, Mhz Limit: 2300
Processor Information for processor 19
  Max Mhz: 2300, Current Mhz: 2300, Mhz Limit: 2300

Memory: 4k page, system-wide physical 16068M (312M free)
TotalPageFile size 65220M (AvailPageFile size 0M)
current process WorkingSet (physical memory assigned to process): 92M, peak: 230M
current process commit charge ("private bytes"): 297M, peak: 431M

vm_info: OpenJDK 64-Bit Server VM (21.0.12.1+1-LTS) for windows-amd64 JRE (21.0.12.1+1-LTS), built on 2026-08-18T00:00:00Z by "admin" with MS VC++ 17.12 (VS2022)

END.
