#
# There is insufficient memory for the Java Runtime Environment to continue.
# Native memory allocation (malloc) failed to allocate 143776 bytes. Error detail: Chunk::new
# Possible reasons:
#   The system is out of physical RAM or swap space
#   This process is running with CompressedOops enabled, and the Java Heap may be blocking the growth of the native heap
# Possible solutions:
#   Reduce memory load on the system
#   Increase physical memory or swap space
#   Check if swap backing store is full
#   Decrease Java heap size (-Xmx/-Xms)
#   Decrease number of Java threads
#   Decrease Java thread stack sizes (-Xss)
#   Set larger code cache with -XX:ReservedCodeCacheSize=
#   JVM is running with Zero Based Compressed Oops mode in which the Java heap is
#     placed in the first 32GB address space. The Java Heap base address is the
#     maximum limit for the native heap growth. Please use -XX:HeapBaseMinAddress
#     to set the Java Heap base and to place the Java Heap above 32GB virtual address.
# This output file may be truncated or incomplete.
#
#  Out of Memory Error (arena.cpp:168), pid=68644, tid=72368
#
# JRE version: OpenJDK Runtime Environment Temurin-21.0.12.1+1 (21.0.12.1+1) (build 21.0.12.1+1-LTS)
# Java VM: OpenJDK 64-Bit Server VM Temurin-21.0.12.1+1 (21.0.12.1+1-LTS, mixed mode, sharing, tiered, compressed oops, compressed class ptrs, g1 gc, windows-amd64)
# No core dump will be written. Minidumps are not enabled by default on client versions of Windows
#

---------------  S U M M A R Y ------------

Command Line: --add-opens=java.base/java.lang=ALL-UNNAMED --add-opens=java.base/java.lang.invoke=ALL-UNNAMED --add-opens=java.base/java.util=ALL-UNNAMED --add-opens=java.prefs/java.util.prefs=ALL-UNNAMED --add-exports=jdk.compiler/com.sun.tools.javac.api=ALL-UNNAMED --add-exports=jdk.compiler/com.sun.tools.javac.util=ALL-UNNAMED --add-opens=java.base/java.util=ALL-UNNAMED --add-opens=java.prefs/java.util.prefs=ALL-UNNAMED --add-opens=java.base/java.nio.charset=ALL-UNNAMED --add-opens=java.base/java.net=ALL-UNNAMED --add-opens=java.base/java.util.concurrent=ALL-UNNAMED --add-opens=java.base/java.util.concurrent.atomic=ALL-UNNAMED --add-opens=java.xml/javax.xml.namespace=ALL-UNNAMED --add-opens=java.base/java.time=ALL-UNNAMED -XX:MaxMetaspaceSize=4G -XX:ReservedCodeCacheSize=512m -XX:+HeapDumpOnOutOfMemoryError -Xmx8G -Dfile.encoding=UTF-8 -Duser.country=IN -Duser.language=en -Duser.variant -javaagent:C:\Users\AJI\.gradle\wrapper\dists\gradle-9.1.0-all\7wzd0jkjit61aq2p43wpjgij9\gradle-9.1.0\lib\agents\gradle-instrumentation-agent-9.1.0.jar org.gradle.launcher.daemon.bootstrap.GradleDaemon 9.1.0

Host: 12th Gen Intel(R) Core(TM) i7-12700H, 20 cores, 15G,  Windows 11 , 64 bit Build 26100 (10.0.26100.9444)
Time: Thu Sep 17 09:16:58 2026 India Standard Time elapsed time: 84.373125 seconds (0d 0h 1m 24s)

---------------  T H R E A D  ---------------

Current thread (0x000001d5fae66220):  JavaThread "C2 CompilerThread0" daemon [_thread_in_native, id=72368, stack(0x0000008e4ec00000,0x0000008e4ed00000) (1024K)]


Current CompileTask:
C2:84373 4725       4       org.gradle.internal.serialize.InputStreamBackedDecoder::readByte (13 bytes)

Stack: [0x0000008e4ec00000,0x0000008e4ed00000]
Native frames: (J=compiled Java code, j=interpreted, Vv=VM code, C=native code)
V  [jvm.dll+0x6d83e9]
V  [jvm.dll+0x8b5736]
V  [jvm.dll+0x8b7cee]
V  [jvm.dll+0x8b83d3]
V  [jvm.dll+0x284596]
V  [jvm.dll+0xc685d]
V  [jvm.dll+0xc6da1]
V  [jvm.dll+0x2fb5ae]
V  [jvm.dll+0x5fee94]
V  [jvm.dll+0x255d67]
V  [jvm.dll+0x24e0f4]
V  [jvm.dll+0x24bbe6]
V  [jvm.dll+0x1cb4ae]
V  [jvm.dll+0x25baad]
V  [jvm.dll+0x25a03a]
V  [jvm.dll+0x3f8aae]
V  [jvm.dll+0x8600cd]
V  [jvm.dll+0x6d6c1d]
C  [ucrtbase.dll+0x2cd30]
C  [KERNEL32.DLL+0x2cd87]
C  [ntdll.dll+0xacaec]


---------------  P R O C E S S  ---------------

Threads class SMR info:
_java_thread_list=0x000001d5fb89f410, length=32, elements={
0x000001d5e9c30b10, 0x000001d5fae48300, 0x000001d5fae48d60, 0x000001d5fae51100,
0x000001d5fae54cb0, 0x000001d5fae56890, 0x000001d5fae5fe70, 0x000001d5fae66220,
0x000001d5fae6d4c0, 0x000001d5fb099d40, 0x000001d5fb096f50, 0x000001d5fb099020,
0x000001d5fb097c70, 0x000001d5fb09a3d0, 0x000001d5fb0996b0, 0x000001d5fb098990,
0x000001d5fb40d080, 0x000001d5fb40fe70, 0x000001d5fb410b90, 0x000001d5fb410500,
0x000001d5fb40d710, 0x000001d5fb40f150, 0x000001d5fb40f7e0, 0x000001d5fb40dda0,
0x000001d5fb40eac0, 0x000001d5fb4146a0, 0x000001d5fb4125d0, 0x000001d5fb412c60,
0x000001d5fb413980, 0x000001d5fb4132f0, 0x000001d5fb414010, 0x000001d5e5d65860
}

Java Threads: ( => current thread )
  0x000001d5e9c30b10 JavaThread "main"                              [_thread_blocked, id=76584, stack(0x0000008e4de00000,0x0000008e4df00000) (1024K)]
  0x000001d5fae48300 JavaThread "Reference Handler"          daemon [_thread_blocked, id=49348, stack(0x0000008e4e600000,0x0000008e4e700000) (1024K)]
  0x000001d5fae48d60 JavaThread "Finalizer"                  daemon [_thread_blocked, id=70508, stack(0x0000008e4e700000,0x0000008e4e800000) (1024K)]
  0x000001d5fae51100 JavaThread "Signal Dispatcher"          daemon [_thread_blocked, id=70584, stack(0x0000008e4e800000,0x0000008e4e900000) (1024K)]
  0x000001d5fae54cb0 JavaThread "Attach Listener"            daemon [_thread_blocked, id=8832, stack(0x0000008e4e900000,0x0000008e4ea00000) (1024K)]
  0x000001d5fae56890 JavaThread "Service Thread"             daemon [_thread_blocked, id=68228, stack(0x0000008e4ea00000,0x0000008e4eb00000) (1024K)]
  0x000001d5fae5fe70 JavaThread "Monitor Deflation Thread"   daemon [_thread_blocked, id=64752, stack(0x0000008e4eb00000,0x0000008e4ec00000) (1024K)]
=>0x000001d5fae66220 JavaThread "C2 CompilerThread0"         daemon [_thread_in_native, id=72368, stack(0x0000008e4ec00000,0x0000008e4ed00000) (1024K)]
  0x000001d5fae6d4c0 JavaThread "C1 CompilerThread0"         daemon [_thread_blocked, id=72288, stack(0x0000008e4ed00000,0x0000008e4ee00000) (1024K)]
  0x000001d5fb099d40 JavaThread "Common-Cleaner"             daemon [_thread_blocked, id=53400, stack(0x0000008e4f000000,0x0000008e4f100000) (1024K)]
  0x000001d5fb096f50 JavaThread "Notification Thread"        daemon [_thread_blocked, id=77764, stack(0x0000008e4f100000,0x0000008e4f200000) (1024K)]
  0x000001d5fb099020 JavaThread "Daemon health stats"               [_thread_blocked, id=41248, stack(0x0000008e4f800000,0x0000008e4f900000) (1024K)]
  0x000001d5fb097c70 JavaThread "Incoming local TCP Connector on port 44516"        [_thread_in_native, id=68056, stack(0x0000008e4f200000,0x0000008e4f300000) (1024K)]
  0x000001d5fb09a3d0 JavaThread "Daemon periodic checks"            [_thread_blocked, id=61912, stack(0x0000008e4f900000,0x0000008e4fa00000) (1024K)]
  0x000001d5fb0996b0 JavaThread "Daemon"                            [_thread_blocked, id=36944, stack(0x0000008e4fb00000,0x0000008e4fc00000) (1024K)]
  0x000001d5fb098990 JavaThread "Handler for socket connection from /127.0.0.1:44516 to /127.0.0.1:44517"        [_thread_in_native, id=44140, stack(0x0000008e4fc00000,0x0000008e4fd00000) (1024K)]
  0x000001d5fb40d080 JavaThread "Cancel handler"                    [_thread_blocked, id=52436, stack(0x0000008e4fd00000,0x0000008e4fe00000) (1024K)]
  0x000001d5fb40fe70 JavaThread "Daemon worker"                     [_thread_blocked, id=38216, stack(0x0000008e4fe00000,0x0000008e4ff00000) (1024K)]
  0x000001d5fb410b90 JavaThread "Asynchronous log dispatcher for DefaultDaemonConnection: socket connection from /127.0.0.1:44516 to /127.0.0.1:44517"        [_thread_blocked, id=36600, stack(0x0000008e4ff00000,0x0000008e50000000) (1024K)]
  0x000001d5fb410500 JavaThread "Stdin handler"                     [_thread_blocked, id=72424, stack(0x0000008e50000000,0x0000008e50100000) (1024K)]
  0x000001d5fb40d710 JavaThread "Daemon client event forwarder"        [_thread_blocked, id=76480, stack(0x0000008e50100000,0x0000008e50200000) (1024K)]
  0x000001d5fb40f150 JavaThread "Cache worker for journal cache (C:\Users\AJI\.gradle\caches\journal-1)"        [_thread_blocked, id=67672, stack(0x0000008e50200000,0x0000008e50300000) (1024K)]
  0x000001d5fb40f7e0 JavaThread "File lock request listener"        [_thread_in_native, id=74916, stack(0x0000008e50300000,0x0000008e50400000) (1024K)]
  0x000001d5fb40dda0 JavaThread "Cache worker for file hash cache (C:\Users\AJI\.gradle\caches\9.1.0\fileHashes)"        [_thread_blocked, id=30632, stack(0x0000008e4ef00000,0x0000008e4f000000) (1024K)]
  0x000001d5fb40eac0 JavaThread "Cache worker for file hash cache (C:\Users\AJI\Documents\Gostriders\gostriders\android\.gradle\9.1.0\fileHashes)"        [_thread_blocked, id=3472, stack(0x0000008e50f00000,0x0000008e51000000) (1024K)]
  0x000001d5fb4146a0 JavaThread "Cache worker for Build Output Cleanup Cache (C:\Users\AJI\Documents\Gostriders\gostriders\android\.gradle\buildOutputCleanup)"        [_thread_blocked, id=20772, stack(0x0000008e51000000,0x0000008e51100000) (1024K)]
  0x000001d5fb4125d0 JavaThread "File watcher server"        daemon [_thread_in_native, id=50912, stack(0x0000008e51100000,0x0000008e51200000) (1024K)]
  0x000001d5fb412c60 JavaThread "File watcher consumer"      daemon [_thread_blocked, id=43132, stack(0x0000008e51200000,0x0000008e51300000) (1024K)]
  0x000001d5fb413980 JavaThread "Cache worker for checksums cache (C:\Users\AJI\Documents\Gostriders\gostriders\android\.gradle\9.1.0\checksums)"        [_thread_blocked, id=77120, stack(0x0000008e51300000,0x0000008e51400000) (1024K)]
  0x000001d5fb4132f0 JavaThread "Cache worker for file content cache (C:\Users\AJI\.gradle\caches\9.1.0\fileContent)"        [_thread_blocked, id=77692, stack(0x0000008e51400000,0x0000008e51500000) (1024K)]
  0x000001d5fb414010 JavaThread "Cache worker for cache directory md-supplier (C:\Users\AJI\.gradle\caches\9.1.0\md-supplier)"        [_thread_blocked, id=69332, stack(0x0000008e51500000,0x0000008e51600000) (1024K)]
  0x000001d5e5d65860 JavaThread "Cache worker for cache directory md-rule (C:\Users\AJI\.gradle\caches\9.1.0\md-rule)"        [_thread_blocked, id=44276, stack(0x0000008e51600000,0x0000008e51700000) (1024K)]
Total: 32

Other Threads:
  0x000001d5fae2d140 VMThread "VM Thread"                           [id=15332, stack(0x0000008e4e500000,0x0000008e4e600000) (1024K)]
  0x000001d5f7dfceb0 WatcherThread "VM Periodic Task Thread"        [id=14812, stack(0x0000008e4e400000,0x0000008e4e500000) (1024K)]
  0x000001d5e9cdc660 WorkerThread "GC Thread#0"                     [id=53788, stack(0x0000008e4df00000,0x0000008e4e000000) (1024K)]
  0x000001d5e5028700 WorkerThread "GC Thread#1"                     [id=61184, stack(0x0000008e4f300000,0x0000008e4f400000) (1024K)]
  0x000001d5e5028ab0 WorkerThread "GC Thread#2"                     [id=61144, stack(0x0000008e4f400000,0x0000008e4f500000) (1024K)]
  0x000001d5e5028e60 WorkerThread "GC Thread#3"                     [id=61264, stack(0x0000008e4f500000,0x0000008e4f600000) (1024K)]
  0x000001d5e5029210 WorkerThread "GC Thread#4"                     [id=76848, stack(0x0000008e4f600000,0x0000008e4f700000) (1024K)]
  0x000001d5e50295c0 WorkerThread "GC Thread#5"                     [id=12992, stack(0x0000008e4f700000,0x0000008e4f800000) (1024K)]
  0x000001d5fafa9470 WorkerThread "GC Thread#6"                     [id=50972, stack(0x0000008e4fa00000,0x0000008e4fb00000) (1024K)]
  0x000001d5fafa8960 WorkerThread "GC Thread#7"                     [id=72924, stack(0x0000008e50400000,0x0000008e50500000) (1024K)]
  0x000001d5fafa85b0 WorkerThread "GC Thread#8"                     [id=74972, stack(0x0000008e50500000,0x0000008e50600000) (1024K)]
  0x000001d5fafa9820 WorkerThread "GC Thread#9"                     [id=73676, stack(0x0000008e50600000,0x0000008e50700000) (1024K)]
  0x000001d5fafa9bd0 WorkerThread "GC Thread#10"                    [id=27668, stack(0x0000008e50700000,0x0000008e50800000) (1024K)]
  0x000001d5fc96d400 WorkerThread "GC Thread#11"                    [id=76228, stack(0x0000008e50800000,0x0000008e50900000) (1024K)]
  0x000001d5fc96b2d0 WorkerThread "GC Thread#12"                    [id=36052, stack(0x0000008e50900000,0x0000008e50a00000) (1024K)]
  0x000001d5fc96af20 WorkerThread "GC Thread#13"                    [id=31292, stack(0x0000008e50a00000,0x0000008e50b00000) (1024K)]
  0x000001d5fc96a7c0 WorkerThread "GC Thread#14"                    [id=49516, stack(0x0000008e50b00000,0x0000008e50c00000) (1024K)]
  0x000001d5e9cedd70 ConcurrentGCThread "G1 Main Marker"            [id=59472, stack(0x0000008e4e000000,0x0000008e4e100000) (1024K)]
  0x000001d5e9cee790 WorkerThread "G1 Conc#0"                       [id=72068, stack(0x0000008e4e100000,0x0000008e4e200000) (1024K)]
  0x000001d5fc96ab70 WorkerThread "G1 Conc#1"                       [id=67668, stack(0x0000008e50c00000,0x0000008e50d00000) (1024K)]
  0x000001d5fc96b680 WorkerThread "G1 Conc#2"                       [id=75108, stack(0x0000008e50d00000,0x0000008e50e00000) (1024K)]
  0x000001d5fc96a060 WorkerThread "G1 Conc#3"                       [id=41732, stack(0x0000008e50e00000,0x0000008e50f00000) (1024K)]
  0x000001d5f7ccd240 ConcurrentGCThread "G1 Refine#0"               [id=52924, stack(0x0000008e4e200000,0x0000008e4e300000) (1024K)]
  0x000001d5f7ccdb70 ConcurrentGCThread "G1 Service"                [id=60456, stack(0x0000008e4e300000,0x0000008e4e400000) (1024K)]
Total: 24

Threads with active compile tasks:
C2 CompilerThread0  84410 4725       4       org.gradle.internal.serialize.InputStreamBackedDecoder::readByte (13 bytes)
Total: 1

VM state: not at safepoint (normal execution)

VM Mutex/Monitor currently owned by a thread: None

Heap address: 0x0000000600000000, size: 8192 MB, Compressed Oops mode: Zero based, Oop shift amount: 3

CDS archive(s) mapped at: [0x000001d5a0000000-0x000001d5a0ba0000-0x000001d5a0ba0000), size 12189696, SharedBaseAddress: 0x000001d5a0000000, ArchiveRelocationMode: 1.
Compressed class space mapped at: 0x000001d5a1000000-0x000001d5e1000000, reserved size: 1073741824
Narrow klass base: 0x000001d5a0000000, Narrow klass shift: 0, Narrow klass range: 0x100000000

GC Precious Log:
 CardTable entry size: 512
 Card Set container configuration: InlinePtr #cards 4 size 8 Array Of Cards #cards 32 size 80 Howl #buckets 8 coarsen threshold 7372 Howl Bitmap #cards 1024 size 144 coarsen threshold 921 Card regions per heap region 1 cards per card region 8192
 CPUs: 20 total, 20 available
 Memory: 16068M
 Large Page Support: Disabled
 NUMA Support: Disabled
 Compressed Oops: Enabled (Zero based)
 Heap Region Size: 4M
 Heap Min Capacity: 8M
 Heap Initial Capacity: 252M
 Heap Max Capacity: 8G
 Pre-touch: Disabled
 Parallel Workers: 15
 Concurrent Workers: 4
 Concurrent Refinement Workers: 15
 Periodic GC: Disabled

Heap:
 garbage-first heap   total 110592K, used 79384K [0x0000000600000000, 0x0000000800000000)
  region size 4096K, 15 young (61440K), 2 survivors (8192K)
 Metaspace       used 36892K, committed 38272K, reserved 1114112K
  class space    used 5302K, committed 5952K, reserved 1048576K

Heap Regions: E=young(eden), S=young(survivor), O=old, HS=humongous(starts), HC=humongous(continues), CS=collection set, F=free, TAMS=top-at-mark-start, PB=parsable bottom
|   0|0x0000000600000000, 0x0000000600400000, 0x0000000600400000|100%|HS|  |TAMS 0x0000000600000000| PB 0x0000000600000000| Complete 
|   1|0x0000000600400000, 0x0000000600400000, 0x0000000600800000|  0%| F|  |TAMS 0x0000000600400000| PB 0x0000000600400000| Untracked 
|   2|0x0000000600800000, 0x0000000600800000, 0x0000000600c00000|  0%| F|  |TAMS 0x0000000600800000| PB 0x0000000600800000| Untracked 
|   3|0x0000000600c00000, 0x0000000600c00000, 0x0000000601000000|  0%| F|  |TAMS 0x0000000600c00000| PB 0x0000000600c00000| Untracked 
|   4|0x0000000601000000, 0x0000000601000000, 0x0000000601400000|  0%| F|  |TAMS 0x0000000601000000| PB 0x0000000601000000| Untracked 
|   5|0x0000000601400000, 0x00000006016cea70, 0x0000000601800000| 70%| S|CS|TAMS 0x0000000601400000| PB 0x0000000601400000| Complete 
|   6|0x0000000601800000, 0x0000000601c00000, 0x0000000601c00000|100%| S|CS|TAMS 0x0000000601800000| PB 0x0000000601800000| Complete 
|   7|0x0000000601c00000, 0x0000000601c00000, 0x0000000602000000|  0%| F|  |TAMS 0x0000000601c00000| PB 0x0000000601c00000| Untracked 
|   8|0x0000000602000000, 0x0000000602000000, 0x0000000602400000|  0%| F|  |TAMS 0x0000000602000000| PB 0x0000000602000000| Untracked 
|   9|0x0000000602400000, 0x000000060253b7a0, 0x0000000602800000| 30%| E|  |TAMS 0x0000000602400000| PB 0x0000000602400000| Complete 
|  10|0x0000000602800000, 0x0000000602c00000, 0x0000000602c00000|100%| E|CS|TAMS 0x0000000602800000| PB 0x0000000602800000| Complete 
|  11|0x0000000602c00000, 0x0000000603000000, 0x0000000603000000|100%| E|CS|TAMS 0x0000000602c00000| PB 0x0000000602c00000| Complete 
|  12|0x0000000603000000, 0x0000000603400000, 0x0000000603400000|100%| E|CS|TAMS 0x0000000603000000| PB 0x0000000603000000| Complete 
|  13|0x0000000603400000, 0x0000000603800000, 0x0000000603800000|100%| E|CS|TAMS 0x0000000603400000| PB 0x0000000603400000| Complete 
|  14|0x0000000603800000, 0x0000000603c00000, 0x0000000603c00000|100%| E|CS|TAMS 0x0000000603800000| PB 0x0000000603800000| Complete 
|  15|0x0000000603c00000, 0x0000000604000000, 0x0000000604000000|100%| E|CS|TAMS 0x0000000603c00000| PB 0x0000000603c00000| Complete 
|  21|0x0000000605400000, 0x0000000605800000, 0x0000000605800000|100%| E|CS|TAMS 0x0000000605400000| PB 0x0000000605400000| Complete 
|  22|0x0000000605800000, 0x0000000605c00000, 0x0000000605c00000|100%| E|CS|TAMS 0x0000000605800000| PB 0x0000000605800000| Complete 
|  23|0x0000000605c00000, 0x0000000606000000, 0x0000000606000000|100%| E|CS|TAMS 0x0000000605c00000| PB 0x0000000605c00000| Complete 
|  24|0x0000000606000000, 0x0000000606400000, 0x0000000606400000|100%| E|CS|TAMS 0x0000000606000000| PB 0x0000000606000000| Complete 
|  25|0x0000000606400000, 0x0000000606800000, 0x0000000606800000|100%| E|CS|TAMS 0x0000000606400000| PB 0x0000000606400000| Complete 
|  62|0x000000060f800000, 0x000000060fc00000, 0x000000060fc00000|100%| E|CS|TAMS 0x000000060f800000| PB 0x000000060f800000| Complete 
|2043|0x00000007fec00000, 0x00000007feeb7628, 0x00000007ff000000| 67%| O|Cm|TAMS 0x00000007fec00000| PB 0x00000007fec00000| Complete 
|2044|0x00000007ff000000, 0x00000007ff400000, 0x00000007ff400000|100%| O|  |TAMS 0x00000007ff000000| PB 0x00000007ff000000| Untracked 
|2045|0x00000007ff400000, 0x00000007ff800000, 0x00000007ff800000|100%| O|  |TAMS 0x00000007ff400000| PB 0x00000007ff400000| Untracked 
|2046|0x00000007ff800000, 0x00000007ffc00000, 0x00000007ffc00000|100%| O|  |TAMS 0x00000007ff800000| PB 0x00000007ff800000| Untracked 
|2047|0x00000007ffc00000, 0x0000000800000000, 0x0000000800000000|100%| O|  |TAMS 0x00000007ffc00000| PB 0x00000007ffc00000| Untracked 

Card table byte_map: [0x000001d5eeaf0000,0x000001d5efaf0000] _byte_map_base: 0x000001d5ebaf0000

Marking Bits: (CMBitMap*) 0x000001d5e9cdcc80
 Bits: [0x000001d5efaf0000, 0x000001d5f7af0000)

Polling page: 0x000001d5e79e0000

Metaspace:

Usage:
  Non-class:     30.85 MB used.
      Class:      5.18 MB used.
       Both:     36.03 MB used.

Virtual space:
  Non-class space:       64.00 MB reserved,      31.56 MB ( 49%) committed,  1 nodes.
      Class space:        1.00 GB reserved,       5.81 MB ( <1%) committed,  1 nodes.
             Both:        1.06 GB reserved,      37.38 MB (  3%) committed. 

Chunk freelists:
   Non-Class:  300.00 KB
       Class:  10.08 MB
        Both:  10.37 MB

MaxMetaspaceSize: 4.00 GB
CompressedClassSpaceSize: 1.00 GB
Initial GC threshold: 21.00 MB
Current GC threshold: 59.00 MB
CDS: on
 - commit_granule_bytes: 65536.
 - commit_granule_words: 8192.
 - virtual_space_node_default_size: 8388608.
 - enlarge_chunks_in_place: 1.
 - use_allocation_guard: 0.


Internal statistics:

num_allocs_failed_limit: 6.
num_arena_births: 2456.
num_arena_deaths: 0.
num_vsnodes_births: 2.
num_vsnodes_deaths: 0.
num_space_committed: 598.
num_space_uncommitted: 0.
num_chunks_returned_to_freelist: 6.
num_chunks_taken_from_freelist: 4190.
num_chunk_merges: 6.
num_chunk_splits: 2737.
num_chunks_enlarged: 1693.
num_inconsistent_stats: 0.

CodeHeap 'non-profiled nmethods': size=258432Kb used=2315Kb max_used=2429Kb free=256116Kb
 bounds [0x000001d5903a0000, 0x000001d590610000, 0x000001d5a0000000]
CodeHeap 'profiled nmethods': size=258368Kb used=8069Kb max_used=8593Kb free=250298Kb
 bounds [0x000001d580000000, 0x000001d580870000, 0x000001d58fc50000]
CodeHeap 'non-nmethods': size=7488Kb used=1822Kb max_used=3099Kb free=5665Kb
 bounds [0x000001d58fc50000, 0x000001d58ff60000, 0x000001d5903a0000]
CodeCache: size=524288Kb, used=12206Kb, max_used=14121Kb, free=512079Kb
 total_blobs=4916, nmethods=4222, adapters=597, full_count=0
Compilation: enabled, stopped_count=0, restarted_count=0

Compilation events (20 events):
Event: 74.266 Thread 0x000001d5fae6d4c0 nmethod 4714 0x000001d590456110 code [0x000001d5904562a0, 0x000001d590456368]
Event: 74.277 Thread 0x000001d5fae66220 4716       4       org.gradle.launcher.daemon.context.DefaultDaemonContext$Serializer::read (229 bytes)
Event: 74.544 Thread 0x000001d5fae66220 nmethod 4716 0x000001d5905ff690 code [0x000001d5905fff20, 0x000001d590607878]
Event: 79.187 Thread 0x000001d5fae6d4c0 4717       3       java.nio.MappedByteBuffer::rewind (5 bytes)
Event: 79.187 Thread 0x000001d5fae6d4c0 nmethod 4717 0x000001d5804a3810 code [0x000001d5804a39c0, 0x000001d5804a3bf8]
Event: 79.187 Thread 0x000001d5fae6d4c0 4718       3       java.nio.MappedByteBuffer::rewind (7 bytes)
Event: 79.187 Thread 0x000001d5fae6d4c0 nmethod 4718 0x000001d5804a3390 code [0x000001d5804a3540, 0x000001d5804a3718]
Event: 79.964 Thread 0x000001d5fae6d4c0 4719       3       java.util.concurrent.ThreadPoolExecutor::isShutdown (12 bytes)
Event: 79.966 Thread 0x000001d5fae6d4c0 nmethod 4719 0x000001d5804a2f10 code [0x000001d5804a30c0, 0x000001d5804a32a0]
Event: 80.962 Thread 0x000001d5fae6d4c0 4720       3       java.util.concurrent.ScheduledThreadPoolExecutor::canRunInCurrentRunState (61 bytes)
Event: 80.965 Thread 0x000001d5fae6d4c0 nmethod 4720 0x000001d580031b10 code [0x000001d580031d20, 0x000001d5800324d8]
Event: 82.083 Thread 0x000001d5fae66220 4721       4       java.util.concurrent.atomic.AtomicLong::compareAndSet (13 bytes)
Event: 82.084 Thread 0x000001d5fae66220 nmethod 4721 0x000001d590455810 code [0x000001d5904559a0, 0x000001d590455a40]
Event: 83.967 Thread 0x000001d5fae6d4c0 4722       3       java.util.concurrent.ThreadPoolExecutor::workerCountOf (5 bytes)
Event: 83.967 Thread 0x000001d5fae6d4c0 nmethod 4722 0x000001d580179490 code [0x000001d580179620, 0x000001d580179718]
Event: 84.302 Thread 0x000001d5fae66220 4723       4       java.lang.Character::toLowerCase (9 bytes)
Event: 84.306 Thread 0x000001d5fae66220 nmethod 4723 0x000001d590449290 code [0x000001d590449420, 0x000001d590449528]
Event: 84.355 Thread 0x000001d5fae66220 4724       4       java.util.LinkedList$ListItr::hasNext (20 bytes)
Event: 84.358 Thread 0x000001d5fae66220 nmethod 4724 0x000001d590448f90 code [0x000001d590449120, 0x000001d5904491d8]
Event: 84.365 Thread 0x000001d5fae66220 4725       4       org.gradle.internal.serialize.InputStreamBackedDecoder::readByte (13 bytes)

GC Heap History (10 events):
Event: 0.455 GC heap before
{Heap before GC invocations=0 (full 0):
 garbage-first heap   total 258048K, used 20480K [0x0000000600000000, 0x0000000800000000)
  region size 4096K, 5 young (20480K), 0 survivors (0K)
 Metaspace       used 882K, committed 1024K, reserved 1114112K
  class space    used 71K, committed 128K, reserved 1048576K
}
Event: 0.458 GC heap after
{Heap after GC invocations=1 (full 0):
 garbage-first heap   total 258048K, used 1600K [0x0000000600000000, 0x0000000800000000)
  region size 4096K, 1 young (4096K), 1 survivors (4096K)
 Metaspace       used 882K, committed 1024K, reserved 1114112K
  class space    used 71K, committed 128K, reserved 1048576K
}
Event: 1.389 GC heap before
{Heap before GC invocations=1 (full 0):
 garbage-first heap   total 258048K, used 42560K [0x0000000600000000, 0x0000000800000000)
  region size 4096K, 11 young (45056K), 1 survivors (4096K)
 Metaspace       used 4618K, committed 4800K, reserved 1114112K
  class space    used 584K, committed 704K, reserved 1048576K
}
Event: 1.393 GC heap after
{Heap after GC invocations=2 (full 0):
 garbage-first heap   total 258048K, used 11532K [0x0000000600000000, 0x0000000800000000)
  region size 4096K, 2 young (8192K), 2 survivors (8192K)
 Metaspace       used 4618K, committed 4800K, reserved 1114112K
  class space    used 584K, committed 704K, reserved 1048576K
}
Event: 12.845 GC heap before
{Heap before GC invocations=2 (full 0):
 garbage-first heap   total 258048K, used 146700K [0x0000000600000000, 0x0000000800000000)
  region size 4096K, 37 young (151552K), 2 survivors (8192K)
 Metaspace       used 20866K, committed 21504K, reserved 1114112K
  class space    used 2896K, committed 3200K, reserved 1048576K
}
Event: 12.930 GC heap after
{Heap after GC invocations=3 (full 0):
 garbage-first heap   total 258048K, used 23531K [0x0000000600000000, 0x0000000800000000)
  region size 4096K, 5 young (20480K), 5 survivors (20480K)
 Metaspace       used 20866K, committed 21504K, reserved 1114112K
  class space    used 2896K, committed 3200K, reserved 1048576K
}
Event: 14.858 GC heap before
{Heap before GC invocations=4 (full 0):
 garbage-first heap   total 81920K, used 80875K [0x0000000600000000, 0x0000000800000000)
  region size 4096K, 19 young (77824K), 5 survivors (20480K)
 Metaspace       used 27949K, committed 28928K, reserved 1114112K
  class space    used 4016K, committed 4480K, reserved 1048576K
}
Event: 14.871 GC heap after
{Heap after GC invocations=5 (full 0):
 garbage-first heap   total 110592K, used 27645K [0x0000000600000000, 0x0000000800000000)
  region size 4096K, 2 young (8192K), 2 survivors (8192K)
 Metaspace       used 27949K, committed 28928K, reserved 1114112K
  class space    used 4016K, committed 4480K, reserved 1048576K
}
Event: 16.486 GC heap before
{Heap before GC invocations=5 (full 0):
 garbage-first heap   total 110592K, used 76797K [0x0000000600000000, 0x0000000800000000)
  region size 4096K, 15 young (61440K), 2 survivors (8192K)
 Metaspace       used 34801K, committed 36160K, reserved 1114112K
  class space    used 4958K, committed 5632K, reserved 1048576K
}
Event: 16.490 GC heap after
{Heap after GC invocations=6 (full 0):
 garbage-first heap   total 110592K, used 30232K [0x0000000600000000, 0x0000000800000000)
  region size 4096K, 2 young (8192K), 2 survivors (8192K)
 Metaspace       used 34801K, committed 36160K, reserved 1114112K
  class space    used 4958K, committed 5632K, reserved 1048576K
}

Dll operation events (20 events):
Event: 0.090 Attempting to load shared library C:\Users\AJI\.vscode\extensions\redhat.java-1.56.0-win32-x64\jre\21.0.12.1-win32-x86_64\bin\nio.dll
Event: 0.090 Loaded shared library C:\Users\AJI\.vscode\extensions\redhat.java-1.56.0-win32-x64\jre\21.0.12.1-win32-x86_64\bin\nio.dll
Event: 0.094 Attempting to load shared library C:\Users\AJI\.vscode\extensions\redhat.java-1.56.0-win32-x64\jre\21.0.12.1-win32-x86_64\bin\zip.dll
Event: 0.094 Loaded shared library C:\Users\AJI\.vscode\extensions\redhat.java-1.56.0-win32-x64\jre\21.0.12.1-win32-x86_64\bin\zip.dll
Event: 0.496 Attempting to load shared library C:\Users\AJI\.vscode\extensions\redhat.java-1.56.0-win32-x64\jre\21.0.12.1-win32-x86_64\bin\jimage.dll
Event: 0.496 Loaded shared library C:\Users\AJI\.vscode\extensions\redhat.java-1.56.0-win32-x64\jre\21.0.12.1-win32-x86_64\bin\jimage.dll
Event: 0.765 Attempting to load shared library C:\Users\AJI\.vscode\extensions\redhat.java-1.56.0-win32-x64\jre\21.0.12.1-win32-x86_64\bin\verify.dll
Event: 0.765 Loaded shared library C:\Users\AJI\.vscode\extensions\redhat.java-1.56.0-win32-x64\jre\21.0.12.1-win32-x86_64\bin\verify.dll
Event: 0.820 Attempting to load shared library C:\Users\AJI\.gradle\native\1def1411415f61bf3af743bc5b6707747c0891f09f0c88961ee8f79bc544acac\windows-amd64\native-platform.dll
Event: 0.820 Loaded shared library C:\Users\AJI\.gradle\native\1def1411415f61bf3af743bc5b6707747c0891f09f0c88961ee8f79bc544acac\windows-amd64\native-platform.dll
Event: 0.834 Attempting to load shared library C:\Users\AJI\.gradle\native\0.2.8\x86_64-windows-gnu\gradle-fileevents.dll
Event: 0.835 Loaded shared library C:\Users\AJI\.gradle\native\0.2.8\x86_64-windows-gnu\gradle-fileevents.dll
Event: 2.865 Attempting to load shared library C:\Users\AJI\.vscode\extensions\redhat.java-1.56.0-win32-x64\jre\21.0.12.1-win32-x86_64\bin\management.dll
Event: 2.865 Loaded shared library C:\Users\AJI\.vscode\extensions\redhat.java-1.56.0-win32-x64\jre\21.0.12.1-win32-x86_64\bin\management.dll
Event: 2.867 Attempting to load shared library C:\Users\AJI\.vscode\extensions\redhat.java-1.56.0-win32-x64\jre\21.0.12.1-win32-x86_64\bin\management_ext.dll
Event: 2.868 Loaded shared library C:\Users\AJI\.vscode\extensions\redhat.java-1.56.0-win32-x64\jre\21.0.12.1-win32-x86_64\bin\management_ext.dll
Event: 3.726 Attempting to load shared library C:\Users\AJI\.vscode\extensions\redhat.java-1.56.0-win32-x64\jre\21.0.12.1-win32-x86_64\bin\extnet.dll
Event: 3.726 Loaded shared library C:\Users\AJI\.vscode\extensions\redhat.java-1.56.0-win32-x64\jre\21.0.12.1-win32-x86_64\bin\extnet.dll
Event: 4.312 Attempting to load shared library C:\Users\AJI\.vscode\extensions\redhat.java-1.56.0-win32-x64\jre\21.0.12.1-win32-x86_64\bin\sunmscapi.dll
Event: 4.317 Loaded shared library C:\Users\AJI\.vscode\extensions\redhat.java-1.56.0-win32-x64\jre\21.0.12.1-win32-x86_64\bin\sunmscapi.dll

Deoptimization events (20 events):
Event: 19.774 Thread 0x000001d5fb40dda0 Uncommon trap: trap_request=0xffffffc6 fr.pc=0x000001d5905e97c4 relative=0x0000000000000c44
Event: 19.774 Thread 0x000001d5fb40dda0 Uncommon trap: reason=bimorphic_or_optimized_type_check action=maybe_recompile pc=0x000001d5905e97c4 method=java.io.BufferedInputStream.implRead([BII)I @ 100 c2
Event: 19.774 Thread 0x000001d5fb40dda0 DEOPT PACKING pc=0x000001d5905e97c4 sp=0x0000008e4effe310
Event: 19.774 Thread 0x000001d5fb40dda0 DEOPT UNPACKING pc=0x000001d58fca4422 sp=0x0000008e4effe2f8 mode 2
Event: 19.799 Thread 0x000001d5fb40dda0 Uncommon trap: trap_request=0xffffffc6 fr.pc=0x000001d5905e97c4 relative=0x0000000000000c44
Event: 19.799 Thread 0x000001d5fb40dda0 Uncommon trap: reason=bimorphic_or_optimized_type_check action=maybe_recompile pc=0x000001d5905e97c4 method=java.io.BufferedInputStream.implRead([BII)I @ 100 c2
Event: 19.799 Thread 0x000001d5fb40dda0 DEOPT PACKING pc=0x000001d5905e97c4 sp=0x0000008e4effe3c0
Event: 19.799 Thread 0x000001d5fb40dda0 DEOPT UNPACKING pc=0x000001d58fca4422 sp=0x0000008e4effe388 mode 2
Event: 19.806 Thread 0x000001d5fb40dda0 Uncommon trap: trap_request=0xffffffc6 fr.pc=0x000001d5905e97c4 relative=0x0000000000000c44
Event: 19.806 Thread 0x000001d5fb40dda0 Uncommon trap: reason=bimorphic_or_optimized_type_check action=maybe_recompile pc=0x000001d5905e97c4 method=java.io.BufferedInputStream.implRead([BII)I @ 100 c2
Event: 19.806 Thread 0x000001d5fb40dda0 DEOPT PACKING pc=0x000001d5905e97c4 sp=0x0000008e4effe4c0
Event: 19.806 Thread 0x000001d5fb40dda0 DEOPT UNPACKING pc=0x000001d58fca4422 sp=0x0000008e4effe488 mode 2
Event: 19.809 Thread 0x000001d5fb40dda0 Uncommon trap: trap_request=0xffffffc6 fr.pc=0x000001d5905e97c4 relative=0x0000000000000c44
Event: 19.809 Thread 0x000001d5fb40dda0 Uncommon trap: reason=bimorphic_or_optimized_type_check action=maybe_recompile pc=0x000001d5905e97c4 method=java.io.BufferedInputStream.implRead([BII)I @ 100 c2
Event: 19.809 Thread 0x000001d5fb40dda0 DEOPT PACKING pc=0x000001d5905e97c4 sp=0x0000008e4effe4c0
Event: 19.809 Thread 0x000001d5fb40dda0 DEOPT UNPACKING pc=0x000001d58fca4422 sp=0x0000008e4effe488 mode 2
Event: 19.989 Thread 0x000001d5fb40f150 Uncommon trap: trap_request=0xffffff45 fr.pc=0x000001d5903c8c3c relative=0x00000000000007dc
Event: 19.989 Thread 0x000001d5fb40f150 Uncommon trap: reason=unstable_if action=reinterpret pc=0x000001d5903c8c3c method=java.io.BufferedOutputStream.write([BII)V @ 4 c2
Event: 19.989 Thread 0x000001d5fb40f150 DEOPT PACKING pc=0x000001d5903c8c3c sp=0x0000008e502fe7c0
Event: 19.989 Thread 0x000001d5fb40f150 DEOPT UNPACKING pc=0x000001d58fca4422 sp=0x0000008e502fe790 mode 2

Classes loaded (20 events):
Event: 16.642 Loading class sun/nio/fs/WindowsChannelFactory
Event: 16.643 Loading class sun/nio/fs/WindowsChannelFactory done
Event: 16.643 Loading class sun/nio/fs/WindowsChannelFactory$1
Event: 16.643 Loading class sun/nio/fs/WindowsChannelFactory$1 done
Event: 16.643 Loading class sun/nio/fs/WindowsChannelFactory$Flags
Event: 16.643 Loading class sun/nio/fs/WindowsChannelFactory$Flags done
Event: 16.643 Loading class sun/nio/fs/WindowsChannelFactory$2
Event: 16.643 Loading class sun/nio/fs/WindowsChannelFactory$2 done
Event: 16.643 Loading class sun/nio/fs/WindowsException
Event: 16.644 Loading class sun/nio/fs/WindowsException done
Event: 16.644 Loading class java/nio/file/FileAlreadyExistsException
Event: 16.644 Loading class java/nio/file/FileAlreadyExistsException done
Event: 16.645 Loading class java/nio/file/AccessMode
Event: 16.645 Loading class java/nio/file/AccessMode done
Event: 16.687 Loading class java/util/Collections$SynchronizedRandomAccessList
Event: 16.687 Loading class java/util/Collections$SynchronizedList
Event: 16.687 Loading class java/util/Collections$SynchronizedList done
Event: 16.687 Loading class java/util/Collections$SynchronizedRandomAccessList done
Event: 19.776 Loading class java/nio/charset/CharacterCodingException
Event: 19.776 Loading class java/nio/charset/CharacterCodingException done

Classes unloaded (0 events):
No events

Classes redefined (0 events):
No events

Internal exceptions (20 events):
Event: 16.578 Thread 0x000001d5fb40fe70 Exception <a 'java/lang/ClassNotFoundException'{0x000000060f9cb5a0}: groovy/lang/GroovyObjectSupportBeanInfo> (0x000000060f9cb5a0) 
thrown [s\src\hotspot\share\classfile\systemDictionary.cpp, line 313]
Event: 16.587 Thread 0x000001d5fb40fe70 Exception <a 'java/lang/ClassNotFoundException'{0x000000060f9d4430}: groovy/lang/GroovyObjectSupportCustomizer> (0x000000060f9d4430) 
thrown [s\src\hotspot\share\classfile\systemDictionary.cpp, line 313]
Event: 16.605 Thread 0x000001d5fb40fe70 Exception <a 'java/lang/ClassNotFoundException'{0x000000060f9ef428}: org/gradle/internal/extensibility/DefaultExtraPropertiesExtensionCustomizer> (0x000000060f9ef428) 
thrown [s\src\hotspot\share\classfile\systemDictionary.cpp, line 313]
Event: 16.618 Thread 0x000001d5fb40fe70 Exception <a 'java/lang/IncompatibleClassChangeError'{0x000000060fa0ce40}: Found class java.lang.Object, but interface was expected> (0x000000060fa0ce40) 
thrown [s\src\hotspot\share\interpreter\linkResolver.cpp, line 840]
Event: 16.644 Thread 0x000001d5fb40fe70 Exception <a 'sun/nio/fs/WindowsException'{0x000000060fad1ee8}> (0x000000060fad1ee8) 
thrown [s\src\hotspot\share\prims\jni.cpp, line 520]
Event: 16.648 Thread 0x000001d5fb40fe70 Exception <a 'sun/nio/fs/WindowsException'{0x000000060fad3c18}> (0x000000060fad3c18) 
thrown [s\src\hotspot\share\prims\jni.cpp, line 520]
Event: 16.650 Thread 0x000001d5fb40fe70 Exception <a 'sun/nio/fs/WindowsException'{0x000000060fad50c0}> (0x000000060fad50c0) 
thrown [s\src\hotspot\share\prims\jni.cpp, line 520]
Event: 16.651 Thread 0x000001d5fb40fe70 Exception <a 'sun/nio/fs/WindowsException'{0x000000060fad6598}> (0x000000060fad6598) 
thrown [s\src\hotspot\share\prims\jni.cpp, line 520]
Event: 16.678 Thread 0x000001d5fb40fe70 Exception <a 'java/lang/NoSuchMethodError'{0x000000060fbda3e8}: 'java.lang.Object java.lang.invoke.Invokers$Holder.invoker(java.lang.Object, java.lang.Object, java.lang.Object, java.lang.Object, java.lang.Object, java.lang.Object)'> (0x000000060fbda3e8) 
thrown [s\src\hotspot\share\interpreter\linkResolver.cpp, line 773]
Event: 18.742 Thread 0x000001d5fb40fe70 Exception <a 'java/lang/NoSuchMethodError'{0x0000000606515480}: 'java.lang.Object java.lang.invoke.Invokers$Holder.invoker(java.lang.Object, java.lang.Object, java.lang.Object, java.lang.Object, java.lang.Object, java.lang.Object, java.lang.Object, java.lang.Object, java.lang.Object, java.lang.Object, java.lang.Object, java.lang.Object, java.lang.Object, java.lang.Object, java.lang.Object, java.lang.Object, java.lang.Object, java.lang.Object, java.lang.Object, java.lang.Object, java.lang.Object, java.lang.
Event: 18.743 Thread 0x000001d5fb40fe70 Exception <a 'java/lang/NoSuchMethodError'{0x000000060651bd98}: 'java.lang.Object java.lang.invoke.DelegatingMethodHandle$Holder.delegate(java.lang.Object, java.lang.Object, java.lang.Object, java.lang.Object, java.lang.Object, java.lang.Object, java.lang.Object, java.lang.Object, java.lang.Object, java.lang.Object, java.lang.Object, java.lang.Object, java.lang.Object, java.lang.Object, java.lang.Object, java.lang.Object, java.lang.Object, java.lang.Object, java.lang.Object, java.lang.Object, java.lang.Obj
Event: 18.865 Thread 0x000001d5fb40fe70 Exception <a 'java/lang/NoSuchMethodError'{0x00000006067dd880}: 'java.lang.Object java.lang.invoke.DirectMethodHandle$Holder.newInvokeSpecial(java.lang.Object, java.lang.Object, java.lang.Object, java.lang.Object, java.lang.Object, java.lang.Object, int)'> (0x00000006067dd880) 
thrown [s\src\hotspot\share\interpreter\linkResolver.cpp, line 773]
Event: 18.865 Thread 0x000001d5fb40fe70 Exception <a 'java/lang/NoSuchMethodError'{0x00000006067e2808}: 'java.lang.Object java.lang.invoke.DirectMethodHandle$Holder.invokeSpecial(java.lang.Object, java.lang.Object, java.lang.Object, java.lang.Object, java.lang.Object, java.lang.Object, java.lang.Object, int)'> (0x00000006067e2808) 
thrown [s\src\hotspot\share\interpreter\linkResolver.cpp, line 773]
Event: 19.159 Thread 0x000001d5fb40fe70 Exception <a 'java/lang/IncompatibleClassChangeError'{0x0000000603711568}: Found class java.lang.Object, but interface was expected> (0x0000000603711568) 
thrown [s\src\hotspot\share\interpreter\linkResolver.cpp, line 840]
Event: 19.187 Thread 0x000001d5fb40fe70 Exception <a 'java/lang/NoSuchMethodError'{0x00000006037e7990}: 'java.lang.Object java.lang.invoke.DirectMethodHandle$Holder.newInvokeSpecial(java.lang.Object, java.lang.Object, long)'> (0x00000006037e7990) 
thrown [s\src\hotspot\share\interpreter\linkResolver.cpp, line 773]
Event: 19.188 Thread 0x000001d5fb40fe70 Exception <a 'java/lang/NoSuchMethodError'{0x00000006037ec228}: 'java.lang.Object java.lang.invoke.Invokers$Holder.linkToTargetMethod(java.lang.Object, long, java.lang.Object)'> (0x00000006037ec228) 
thrown [s\src\hotspot\share\interpreter\linkResolver.cpp, line 773]
Event: 19.794 Thread 0x000001d5fb40fe70 Exception <a 'java/lang/NoSuchMethodError'{0x00000006031fb5a0}: 'int java.lang.invoke.DirectMethodHandle$Holder.invokeInterface(java.lang.Object, java.lang.Object)'> (0x00000006031fb5a0) 
thrown [s\src\hotspot\share\interpreter\linkResolver.cpp, line 773]
Event: 19.838 Thread 0x000001d5fb40fe70 Exception <a 'java/lang/NoSuchMethodError'{0x00000006032c0ac0}: 'java.lang.Object java.lang.invoke.DirectMethodHandle$Holder.newInvokeSpecial(java.lang.Object, java.lang.Object, int, java.lang.Object, java.lang.Object, java.lang.Object, java.lang.Object)'> (0x00000006032c0ac0) 
thrown [s\src\hotspot\share\interpreter\linkResolver.cpp, line 773]
Event: 19.839 Thread 0x000001d5fb40fe70 Exception <a 'java/lang/NoSuchMethodError'{0x00000006032c92f0}: 'java.lang.Object java.lang.invoke.Invokers$Holder.linkToTargetMethod(java.lang.Object, int, java.lang.Object, java.lang.Object, java.lang.Object, java.lang.Object, java.lang.Object)'> (0x00000006032c92f0) 
thrown [s\src\hotspot\share\interpreter\linkResolver.cpp, line 773]
Event: 19.989 Thread 0x000001d5fb40f150 Implicit null exception at 0x000001d5903c84af to 0x000001d5903c8c1c

ZGC Phase Switch (0 events):
No events

VM Operations (20 events):
Event: 60.039 Executing safepoint VM operation: Cleanup
Event: 60.039 Executing safepoint VM operation: Cleanup done
Event: 60.040 Executing non-safepoint VM operation: RendezvousGCThreads
Event: 60.040 Executing non-safepoint VM operation: RendezvousGCThreads done
Event: 61.054 Executing safepoint VM operation: Cleanup
Event: 61.054 Executing safepoint VM operation: Cleanup done
Event: 62.065 Executing safepoint VM operation: Cleanup
Event: 62.065 Executing safepoint VM operation: Cleanup done
Event: 63.073 Executing safepoint VM operation: Cleanup
Event: 63.073 Executing safepoint VM operation: Cleanup done
Event: 65.086 Executing safepoint VM operation: Cleanup
Event: 65.086 Executing safepoint VM operation: Cleanup done
Event: 68.114 Executing safepoint VM operation: Cleanup
Event: 68.114 Executing safepoint VM operation: Cleanup done
Event: 69.115 Executing safepoint VM operation: Cleanup
Event: 69.116 Executing safepoint VM operation: Cleanup done
Event: 75.181 Executing safepoint VM operation: Cleanup
Event: 75.181 Executing safepoint VM operation: Cleanup done
Event: 80.228 Executing safepoint VM operation: Cleanup
Event: 80.228 Executing safepoint VM operation: Cleanup done

Memory protections (0 events):
No events

Nmethod flushes (20 events):
Event: 16.510 Thread 0x000001d5fae2d140 flushing  nmethod 0x000001d580077f90
Event: 16.510 Thread 0x000001d5fae2d140 flushing  nmethod 0x000001d580078490
Event: 16.510 Thread 0x000001d5fae2d140 flushing  nmethod 0x000001d5800be090
Event: 16.510 Thread 0x000001d5fae2d140 flushing  nmethod 0x000001d5800be910
Event: 16.510 Thread 0x000001d5fae2d140 flushing  nmethod 0x000001d580121a10
Event: 16.510 Thread 0x000001d5fae2d140 flushing  nmethod 0x000001d580127c90
Event: 16.510 Thread 0x000001d5fae2d140 flushing  nmethod 0x000001d580129410
Event: 16.510 Thread 0x000001d5fae2d140 flushing  nmethod 0x000001d580185b90
Event: 16.510 Thread 0x000001d5fae2d140 flushing  nmethod 0x000001d580186510
Event: 16.510 Thread 0x000001d5fae2d140 flushing  nmethod 0x000001d580187b10
Event: 16.510 Thread 0x000001d5fae2d140 flushing  nmethod 0x000001d58018d890
Event: 16.510 Thread 0x000001d5fae2d140 flushing  nmethod 0x000001d5801ce810
Event: 16.510 Thread 0x000001d5fae2d140 flushing  nmethod 0x000001d5801ceb10
Event: 16.510 Thread 0x000001d5fae2d140 flushing  nmethod 0x000001d580221310
Event: 16.510 Thread 0x000001d5fae2d140 flushing  nmethod 0x000001d58025c090
Event: 16.510 Thread 0x000001d5fae2d140 flushing  nmethod 0x000001d58025d310
Event: 16.510 Thread 0x000001d5fae2d140 flushing  nmethod 0x000001d58045de10
Event: 16.510 Thread 0x000001d5fae2d140 flushing  nmethod 0x000001d58046b690
Event: 16.510 Thread 0x000001d5fae2d140 flushing  nmethod 0x000001d58046bf90
Event: 16.510 Thread 0x000001d5fae2d140 flushing  nmethod 0x000001d580497110

Events (20 events):
Event: 4.491 Thread 0x000001d5fb0996b0 Thread added: 0x000001d5fb40fe70
Event: 4.509 Thread 0x000001d5fb40fe70 Thread added: 0x000001d5fb410b90
Event: 4.516 Thread 0x000001d5fb40fe70 Thread added: 0x000001d5fb410500
Event: 4.525 Thread 0x000001d5fb40fe70 Thread added: 0x000001d5fb40d710
Event: 5.484 Thread 0x000001d5fb40fe70 Thread added: 0x000001d5fb40f150
Event: 5.521 Thread 0x000001d5fb40fe70 Thread added: 0x000001d5fb40f7e0
Event: 5.988 Thread 0x000001d5e5e87450 Thread exited: 0x000001d5e5e87450
Event: 6.584 Thread 0x000001d5faf27880 Thread exited: 0x000001d5faf27880
Event: 7.801 Thread 0x000001d5f7dfdd90 Thread exited: 0x000001d5f7dfdd90
Event: 8.247 Thread 0x000001d5fb40f7e0 Thread added: 0x000001d5fb411220
Event: 9.025 Thread 0x000001d5fb40fe70 Thread added: 0x000001d5fb40dda0
Event: 13.535 Thread 0x000001d5fb40fe70 Thread added: 0x000001d5fb40eac0
Event: 13.572 Thread 0x000001d5fb40fe70 Thread added: 0x000001d5fb4146a0
Event: 14.008 Thread 0x000001d5fb40fe70 Thread added: 0x000001d5fb4125d0
Event: 14.042 Thread 0x000001d5fb40fe70 Thread added: 0x000001d5fb412c60
Event: 14.904 Thread 0x000001d5fb40fe70 Thread added: 0x000001d5fb413980
Event: 15.026 Thread 0x000001d5fb40fe70 Thread added: 0x000001d5fb4132f0
Event: 15.562 Thread 0x000001d5fb40fe70 Thread added: 0x000001d5fb414010
Event: 15.701 Thread 0x000001d5fb40fe70 Thread added: 0x000001d5e5d65860
Event: 80.021 Thread 0x000001d5fb411220 Thread exited: 0x000001d5fb411220


Dynamic libraries:
0x00007ff79bf90000 - 0x00007ff79bf9e000 	C:\Users\AJI\.vscode\extensions\redhat.java-1.56.0-win32-x64\jre\21.0.12.1-win32-x86_64\bin\java.exe
0x00007ffe02160000 - 0x00007ffe023c7000 	C:\WINDOWS\SYSTEM32\ntdll.dll
0x00007ffe003b0000 - 0x00007ffe0047b000 	C:\WINDOWS\System32\KERNEL32.DLL
0x00007ffdff6f0000 - 0x00007ffdffaf2000 	C:\WINDOWS\System32\KERNELBASE.dll
0x00007ffdff410000 - 0x00007ffdff55c000 	C:\WINDOWS\System32\ucrtbase.dll
0x00007ffd821c0000 - 0x00007ffd821d8000 	C:\Users\AJI\.vscode\extensions\redhat.java-1.56.0-win32-x64\jre\21.0.12.1-win32-x86_64\bin\jli.dll
0x00007ffdc0f00000 - 0x00007ffdc0f1e000 	C:\Users\AJI\.vscode\extensions\redhat.java-1.56.0-win32-x64\jre\21.0.12.1-win32-x86_64\bin\VCRUNTIME140.dll
0x00007ffe019a0000 - 0x00007ffe01b6f000 	C:\WINDOWS\System32\USER32.dll
0x00007ffdff570000 - 0x00007ffdff597000 	C:\WINDOWS\System32\win32u.dll
0x00007ffddfe30000 - 0x00007ffde00c0000 	C:\WINDOWS\WinSxS\amd64_microsoft.windows.common-controls_6595b64144ccf1df_6.0.26100.9278_none_3e0d1ba8e3303201\COMCTL32.dll
0x00007ffe01970000 - 0x00007ffe0199b000 	C:\WINDOWS\System32\GDI32.dll
0x00007ffe018c0000 - 0x00007ffe01969000 	C:\WINDOWS\System32\msvcrt.dll
0x00007ffdffc90000 - 0x00007ffdffdb9000 	C:\WINDOWS\System32\gdi32full.dll
0x00007ffdff360000 - 0x00007ffdff403000 	C:\WINDOWS\System32\msvcp_win.dll
0x00007ffe01b90000 - 0x00007ffe01bc1000 	C:\WINDOWS\System32\IMM32.DLL
0x00007ffdd7ca0000 - 0x00007ffdd7cac000 	C:\Users\AJI\.vscode\extensions\redhat.java-1.56.0-win32-x64\jre\21.0.12.1-win32-x86_64\bin\vcruntime140_1.dll
0x00007ffd7e7f0000 - 0x00007ffd7e87d000 	C:\Users\AJI\.vscode\extensions\redhat.java-1.56.0-win32-x64\jre\21.0.12.1-win32-x86_64\bin\msvcp140.dll
0x00007ffcef0f0000 - 0x00007ffcefe92000 	C:\Users\AJI\.vscode\extensions\redhat.java-1.56.0-win32-x64\jre\21.0.12.1-win32-x86_64\bin\server\jvm.dll
0x00007ffe002e0000 - 0x00007ffe0039c000 	C:\WINDOWS\System32\ADVAPI32.dll
0x00007ffe00230000 - 0x00007ffe002d9000 	C:\WINDOWS\System32\sechost.dll
0x00007ffdfff30000 - 0x00007ffe00048000 	C:\WINDOWS\System32\RPCRT4.dll
0x00007ffe01720000 - 0x00007ffe017a0000 	C:\WINDOWS\System32\WS2_32.dll
0x00007ffdff1c0000 - 0x00007ffdff21e000 	C:\WINDOWS\SYSTEM32\POWRPROF.dll
0x00007ffdfb560000 - 0x00007ffdfb596000 	C:\WINDOWS\SYSTEM32\WINMM.dll
0x00007ffdf5020000 - 0x00007ffdf502b000 	C:\WINDOWS\SYSTEM32\VERSION.dll
0x00007ffdff1a0000 - 0x00007ffdff1b5000 	C:\WINDOWS\SYSTEM32\UMPDC.dll
0x00007ffdfdf70000 - 0x00007ffdfdf8b000 	C:\WINDOWS\SYSTEM32\kernel.appcore.dll
0x00007ffdd7be0000 - 0x00007ffdd7bea000 	C:\Users\AJI\.vscode\extensions\redhat.java-1.56.0-win32-x64\jre\21.0.12.1-win32-x86_64\bin\jimage.dll
0x00007ffdfc940000 - 0x00007ffdfcb8c000 	C:\WINDOWS\SYSTEM32\DBGHELP.DLL
0x00007ffe00d20000 - 0x00007ffe010a5000 	C:\WINDOWS\System32\combase.dll
0x00007ffe011b0000 - 0x00007ffe01289000 	C:\WINDOWS\System32\OLEAUT32.dll
0x00007ffdde450000 - 0x00007ffdde48b000 	C:\WINDOWS\SYSTEM32\dbgcore.DLL
0x00007ffdffdc0000 - 0x00007ffdffe6c000 	C:\WINDOWS\System32\bcryptPrimitives.dll
0x00007ffdd70d0000 - 0x00007ffdd70df000 	C:\Users\AJI\.vscode\extensions\redhat.java-1.56.0-win32-x64\jre\21.0.12.1-win32-x86_64\bin\instrument.dll
0x00007ffd7fbb0000 - 0x00007ffd7fbd0000 	C:\Users\AJI\.vscode\extensions\redhat.java-1.56.0-win32-x64\jre\21.0.12.1-win32-x86_64\bin\java.dll
0x00007ffe00580000 - 0x00007ffe00d18000 	C:\WINDOWS\System32\SHELL32.dll
0x00007ffdfcd80000 - 0x00007ffdfd62e000 	C:\WINDOWS\SYSTEM32\windows.storage.dll
0x00007ffe01320000 - 0x00007ffe0141b000 	C:\WINDOWS\System32\SHCORE.dll
0x00007ffe010b0000 - 0x00007ffe01116000 	C:\WINDOWS\System32\shlwapi.dll
0x00007ffdff280000 - 0x00007ffdff2a9000 	C:\WINDOWS\SYSTEM32\profapi.dll
0x00007ffd7fb90000 - 0x00007ffd7fba8000 	C:\Users\AJI\.vscode\extensions\redhat.java-1.56.0-win32-x64\jre\21.0.12.1-win32-x86_64\bin\zip.dll
0x00007ffdd7b20000 - 0x00007ffdd7b30000 	C:\Users\AJI\.vscode\extensions\redhat.java-1.56.0-win32-x64\jre\21.0.12.1-win32-x86_64\bin\net.dll
0x00007ffdf8730000 - 0x00007ffdf885a000 	C:\WINDOWS\SYSTEM32\WINHTTP.dll
0x00007ffdfe5f0000 - 0x00007ffdfe65c000 	C:\WINDOWS\system32\mswsock.dll
0x00007ffd7e7d0000 - 0x00007ffd7e7e6000 	C:\Users\AJI\.vscode\extensions\redhat.java-1.56.0-win32-x64\jre\21.0.12.1-win32-x86_64\bin\nio.dll
0x00007ffdd1b60000 - 0x00007ffdd1b70000 	C:\Users\AJI\.vscode\extensions\redhat.java-1.56.0-win32-x64\jre\21.0.12.1-win32-x86_64\bin\verify.dll
0x00007ffd7fce0000 - 0x00007ffd7fd07000 	C:\Users\AJI\.gradle\native\1def1411415f61bf3af743bc5b6707747c0891f09f0c88961ee8f79bc544acac\windows-amd64\native-platform.dll
0x00007ffcf9e70000 - 0x00007ffcf9ee7000 	C:\Users\AJI\.gradle\native\0.2.8\x86_64-windows-gnu\gradle-fileevents.dll
0x00007ffdd17c0000 - 0x00007ffdd17ca000 	C:\Users\AJI\.vscode\extensions\redhat.java-1.56.0-win32-x64\jre\21.0.12.1-win32-x86_64\bin\management.dll
0x00007ffdd0ce0000 - 0x00007ffdd0cec000 	C:\Users\AJI\.vscode\extensions\redhat.java-1.56.0-win32-x64\jre\21.0.12.1-win32-x86_64\bin\management_ext.dll
0x00007ffe01b80000 - 0x00007ffe01b88000 	C:\WINDOWS\System32\PSAPI.DLL
0x00007ffdfd9b0000 - 0x00007ffdfd9e3000 	C:\WINDOWS\SYSTEM32\IPHLPAPI.DLL
0x00007ffdfff00000 - 0x00007ffdfff0a000 	C:\WINDOWS\System32\NSI.dll
0x00007ffdd0ba0000 - 0x00007ffdd0ba9000 	C:\Users\AJI\.vscode\extensions\redhat.java-1.56.0-win32-x64\jre\21.0.12.1-win32-x86_64\bin\extnet.dll
0x00007ffdfe8e0000 - 0x00007ffdfe8fb000 	C:\WINDOWS\SYSTEM32\CRYPTSP.dll
0x00007ffdfdf90000 - 0x00007ffdfdfc9000 	C:\WINDOWS\system32\rsaenh.dll
0x00007ffdfe6a0000 - 0x00007ffdfe6d4000 	C:\WINDOWS\SYSTEM32\USERENV.dll
0x00007ffdff250000 - 0x00007ffdff27a000 	C:\WINDOWS\SYSTEM32\bcrypt.dll
0x00007ffdfe900000 - 0x00007ffdfe90c000 	C:\WINDOWS\SYSTEM32\CRYPTBASE.dll
0x00007ffdd0640000 - 0x00007ffdd064e000 	C:\Users\AJI\.vscode\extensions\redhat.java-1.56.0-win32-x64\jre\21.0.12.1-win32-x86_64\bin\sunmscapi.dll
0x00007ffdffb00000 - 0x00007ffdffc7e000 	C:\WINDOWS\System32\CRYPT32.dll
0x00007ffdfeb20000 - 0x00007ffdfeb50000 	C:\WINDOWS\SYSTEM32\ncrypt.dll
0x00007ffdfead0000 - 0x00007ffdfeb0f000 	C:\WINDOWS\SYSTEM32\NTASN1.dll
0x00007ffdd4f00000 - 0x00007ffdd4f08000 	C:\WINDOWS\system32\wshunix.dll

JVMTI agents:
C:\Users\AJI\.gradle\wrapper\dists\gradle-9.1.0-all\7wzd0jkjit61aq2p43wpjgij9\gradle-9.1.0\lib\agents\gradle-instrumentation-agent-9.1.0.jar path:C:\Users\AJI\.vscode\extensions\redhat.java-1.56.0-win32-x64\jre\21.0.12.1-win32-x86_64\bin\instrument.dll, loaded, initialized, instrumentlib options:none

dbghelp: loaded successfully - version: 4.0.5 - missing functions: none
symbol engine: initialized successfully - sym options: 0x614 - pdb path: .;C:\Users\AJI\.vscode\extensions\redhat.java-1.56.0-win32-x64\jre\21.0.12.1-win32-x86_64\bin;C:\WINDOWS\SYSTEM32;C:\WINDOWS\WinSxS\amd64_microsoft.windows.common-controls_6595b64144ccf1df_6.0.26100.9278_none_3e0d1ba8e3303201;C:\Users\AJI\.vscode\extensions\redhat.java-1.56.0-win32-x64\jre\21.0.12.1-win32-x86_64\bin\server;C:\Users\AJI\.gradle\native\1def1411415f61bf3af743bc5b6707747c0891f09f0c88961ee8f79bc544acac\windows-amd64;C:\Users\AJI\.gradle\native\0.2.8\x86_64-windows-gnu

VM Arguments:
jvm_args: --add-opens=java.base/java.lang=ALL-UNNAMED --add-opens=java.base/java.lang.invoke=ALL-UNNAMED --add-opens=java.base/java.util=ALL-UNNAMED --add-opens=java.prefs/java.util.prefs=ALL-UNNAMED --add-exports=jdk.compiler/com.sun.tools.javac.api=ALL-UNNAMED --add-exports=jdk.compiler/com.sun.tools.javac.util=ALL-UNNAMED --add-opens=java.base/java.util=ALL-UNNAMED --add-opens=java.prefs/java.util.prefs=ALL-UNNAMED --add-opens=java.base/java.nio.charset=ALL-UNNAMED --add-opens=java.base/java.net=ALL-UNNAMED --add-opens=java.base/java.util.concurrent=ALL-UNNAMED --add-opens=java.base/java.util.concurrent.atomic=ALL-UNNAMED --add-opens=java.xml/javax.xml.namespace=ALL-UNNAMED --add-opens=java.base/java.time=ALL-UNNAMED -XX:MaxMetaspaceSize=4G -XX:ReservedCodeCacheSize=512m -XX:+HeapDumpOnOutOfMemoryError -Xmx8G -Dfile.encoding=UTF-8 -Duser.country=IN -Duser.language=en -Duser.variant -javaagent:C:\Users\AJI\.gradle\wrapper\dists\gradle-9.1.0-all\7wzd0jkjit61aq2p43wpjgij9\gradle-9.1.0\lib\agents\gradle-instrumentation-agent-9.1.0.jar 
java_command: org.gradle.launcher.daemon.bootstrap.GradleDaemon 9.1.0
java_class_path (initial): C:\Users\AJI\.gradle\wrapper\dists\gradle-9.1.0-all\7wzd0jkjit61aq2p43wpjgij9\gradle-9.1.0\lib\gradle-daemon-main-9.1.0.jar
Launcher Type: SUN_STANDARD

[Global flags]
     intx CICompilerCount                          = 12                                        {product} {ergonomic}
     uint ConcGCThreads                            = 4                                         {product} {ergonomic}
     uint G1ConcRefinementThreads                  = 15                                        {product} {ergonomic}
   size_t G1HeapRegionSize                         = 4194304                                   {product} {ergonomic}
    uintx GCDrainStackTargetSize                   = 64                                        {product} {ergonomic}
     bool HeapDumpOnOutOfMemoryError               = true                                   {manageable} {command line}
   size_t InitialHeapSize                          = 264241152                                 {product} {ergonomic}
   size_t MarkStackSize                            = 4194304                                   {product} {ergonomic}
   size_t MaxHeapSize                              = 8589934592                                {product} {command line}
   size_t MaxMetaspaceSize                         = 4294967296                                {product} {command line}
   size_t MaxNewSize                               = 5150605312                                {product} {ergonomic}
   size_t MinHeapDeltaBytes                        = 4194304                                   {product} {ergonomic}
   size_t MinHeapSize                              = 8388608                                   {product} {ergonomic}
    uintx NonNMethodCodeHeapSize                   = 7602480                                {pd product} {ergonomic}
    uintx NonProfiledCodeHeapSize                  = 264634216                              {pd product} {ergonomic}
    uintx ProfiledCodeHeapSize                     = 264634216                              {pd product} {ergonomic}
    uintx ReservedCodeCacheSize                    = 536870912                              {pd product} {command line}
     bool SegmentedCodeCache                       = true                                      {product} {ergonomic}
   size_t SoftMaxHeapSize                          = 8589934592                             {manageable} {ergonomic}
     bool UseCompressedOops                        = true                           {product lp64_product} {ergonomic}
     bool UseG1GC                                  = true                                      {product} {ergonomic}
     bool UseLargePagesIndividualAllocation        = false                                  {pd product} {ergonomic}

Logging:
Log output configuration:
 #0: stdout all=warning uptime,level,tags foldmultilines=false
 #1: stderr all=off uptime,level,tags foldmultilines=false

Release file:
JAVA_VERSION="21.0.12.1" 
MODULES="java.base java.compiler java.datatransfer java.xml java.prefs java.desktop java.instrument java.logging java.management java.security.sasl java.naming java.rmi java.management.rmi java.net.http java.scripting java.security.jgss java.transaction.xa java.sql java.sql.rowset java.xml.crypto java.se java.smartcardio jdk.accessibility jdk.internal.jvmstat jdk.attach jdk.charsets jdk.internal.opt jdk.zipfs jdk.compiler jdk.crypto.ec jdk.crypto.cryptoki jdk.crypto.mscapi jdk.dynalink jdk.internal.ed jdk.editpad jdk.hotspot.agent jdk.httpserver jdk.internal.le jdk.internal.vm.ci jdk.internal.vm.compiler jdk.internal.vm.compiler.management jdk.jartool jdk.javadoc jdk.jcmd jdk.management jdk.management.agent jdk.jconsole jdk.jdeps jdk.jdwp.agent jdk.jdi jdk.jfr jdk.jshell jdk.jsobject jdk.jstatd jdk.localedata jdk.management.jfr jdk.naming.dns jdk.naming.rmi jdk.net jdk.nio.mapmode jdk.random jdk.sctp jdk.security.auth jdk.security.jgss jdk.unsupported jdk.unsupported.desktop jdk.xml.dom" 

Environment Variables:
JAVA_HOME=C:\Program Files\Java\jdk-17
PATH=C:\Python314\Scripts\;C:\Python314\;C:\Program Files\Eclipse Adoptium\jdk-25.0.3.9-hotspot\bin;C:\Program Files\Microsoft\jdk-11.0.16.101-hotspot\bin;C:\WINDOWS\system32;C:\WINDOWS;C:\WINDOWS\System32\Wbem;C:\WINDOWS\System32\WindowsPowerShell\v1.0\;C:\WINDOWS\System32\OpenSSH\;C:\Program Files\dotnet\;C:\MinGW\bin;C:\ProgramData\chocolatey\bin;C:\Users\AJI\AppData\Local\Pub\Cache\bin;C:\Program Files\Java\jdk-17\bin;d:\cursor\resources\app\bin;C:\Users\AJI\develop\flutter\bin;C:\Users\AJI\.local\bin;D:\node\node_modules\npm\bin;D:\node\;C:\Program Files\nodejs\;C:\Program Files\nodejs\node_modules\npm\bin;C:\Users\AJI\Documents\MONGO\mongosh-2.9.2-win32-x64\bin;C:\xampp\php;C:\Program Files\Git\cmd;C:\Users\AJI\AppData\Local\Programs\Python\Python312\Scripts\;C:\Users\AJI\AppData\Local\Programs\Python\Python312\;C:\Users\AJI\.local\bin;C:\Users\AJI\AppData\Local\Microsoft\WindowsApps;D:\IntelliJ IDEA Community Edition 2023.1.5\bin;;C:\mingw64\bin;C:\Users\AJI\.dotnet\tools;C:\Users\AJI\Documents\flutter_windows_3.13.4-stable\flutter\bin;C:\Users\AJI\AppData\Local\Pub\Cache\bin;D:\flutter_pub_cache;C:\Users\AJI\AppData\Local\Android\Sdk;C:\Program Files\Java\jdk-17\bin;D:\rider\JetBrains Rider 2024.3.7\bin;;D:\Program Files\Microsoft VS Code\bin;D:\freelanceing\cursor\resources\app\bin;C:\Users\AJI\AppData\Local\Programs\Microsoft VS Code\bin;C:\Users\AJI\AppData\Local\Programs\cursor\resources\app\bin;C:\Users\AJI\AppData\Roaming\npm
USERNAME=AJI
OS=Windows_NT
PROCESSOR_IDENTIFIER=Intel64 Family 6 Model 154 Stepping 3, GenuineIntel
TMP=C:\Users\AJI\AppData\Local\Temp
TEMP=C:\Users\AJI\AppData\Local\Temp




Periodic native trim disabled

---------------  S Y S T E M  ---------------

OS:
 Windows 11 , 64 bit Build 26100 (10.0.26100.9444)
OS uptime: 0 days 0:15 hours
Hyper-V role detected

CPU: total 20 (initial active 20) (10 cores per cpu, 2 threads per core) family 6 model 154 stepping 3 microcode 0x43b, cx8, cmov, fxsr, ht, mmx, 3dnowpref, sse, sse2, sse3, ssse3, sse4.1, sse4.2, popcnt, lzcnt, tsc, tscinvbit, avx, avx2, aes, erms, clmul, bmi1, bmi2, adx, sha, fma, vzeroupper, clflush, clflushopt, clwb, hv, serialize, rdtscp, rdpid, fsrm, f16c, cet_ibt, cet_ss
Processor Information for the first 20 processors :
  Max Mhz: 2300, Current Mhz: 2300, Mhz Limit: 2300

Memory: 4k page, system-wide physical 16068M (262M free)
TotalPageFile size 65220M (AvailPageFile size 360M)
current process WorkingSet (physical memory assigned to process): 27M, peak: 204M
current process commit charge ("private bytes"): 292M, peak: 434M

vm_info: OpenJDK 64-Bit Server VM (21.0.12.1+1-LTS) for windows-amd64 JRE (21.0.12.1+1-LTS), built on 2026-08-18T00:00:00Z by "admin" with MS VC++ 17.12 (VS2022)

END.
