#
# There is insufficient memory for the Java Runtime Environment to continue.
# Native memory allocation (malloc) failed to allocate 1511680 bytes. Error detail: Chunk::new
# Possible reasons:
#   The system is out of physical RAM or swap space
#   This process is running with CompressedOops enabled, and the Java Heap may be blocking the growth of the native heap
# Possible solutions:
#   Reduce memory load on the system
#   Increase physical memory or swap space
#   Check if swap backing store is full
#   Decrease Java heap size (-Xmx/-Xms)
#   Decrease number of Java threads
#   Decrease Java thread stack sizes (-Xss)
#   Set larger code cache with -XX:ReservedCodeCacheSize=
#   JVM is running with Zero Based Compressed Oops mode in which the Java heap is
#     placed in the first 32GB address space. The Java Heap base address is the
#     maximum limit for the native heap growth. Please use -XX:HeapBaseMinAddress
#     to set the Java Heap base and to place the Java Heap above 32GB virtual address.
# This output file may be truncated or incomplete.
#
#  Out of Memory Error (arena.cpp:168), pid=38220, tid=38580
#
# JRE version: OpenJDK Runtime Environment Temurin-21.0.12.1+1 (21.0.12.1+1) (build 21.0.12.1+1-LTS)
# Java VM: OpenJDK 64-Bit Server VM Temurin-21.0.12.1+1 (21.0.12.1+1-LTS, mixed mode, sharing, tiered, compressed oops, compressed class ptrs, g1 gc, windows-amd64)
# No core dump will be written. Minidumps are not enabled by default on client versions of Windows
#

---------------  S U M M A R Y ------------

Command Line: --add-opens=java.base/java.lang=ALL-UNNAMED --add-opens=java.base/java.lang.invoke=ALL-UNNAMED --add-opens=java.base/java.util=ALL-UNNAMED --add-opens=java.prefs/java.util.prefs=ALL-UNNAMED --add-exports=jdk.compiler/com.sun.tools.javac.api=ALL-UNNAMED --add-exports=jdk.compiler/com.sun.tools.javac.util=ALL-UNNAMED --add-opens=java.base/java.util=ALL-UNNAMED --add-opens=java.prefs/java.util.prefs=ALL-UNNAMED --add-opens=java.base/java.nio.charset=ALL-UNNAMED --add-opens=java.base/java.net=ALL-UNNAMED --add-opens=java.base/java.util.concurrent=ALL-UNNAMED --add-opens=java.base/java.util.concurrent.atomic=ALL-UNNAMED --add-opens=java.xml/javax.xml.namespace=ALL-UNNAMED --add-opens=java.base/java.time=ALL-UNNAMED -XX:MaxMetaspaceSize=4G -XX:ReservedCodeCacheSize=512m -XX:+HeapDumpOnOutOfMemoryError -Xmx8G -Dfile.encoding=UTF-8 -Duser.country=IN -Duser.language=en -Duser.variant -javaagent:C:\Users\AJI\.gradle\wrapper\dists\gradle-9.1.0-all\7wzd0jkjit61aq2p43wpjgij9\gradle-9.1.0\lib\agents\gradle-instrumentation-agent-9.1.0.jar org.gradle.launcher.daemon.bootstrap.GradleDaemon 9.1.0

Host: 12th Gen Intel(R) Core(TM) i7-12700H, 20 cores, 15G,  Windows 11 , 64 bit Build 26100 (10.0.26100.9444)
Time: Thu Sep 17 09:17:25 2026 India Standard Time elapsed time: 418.966481 seconds (0d 0h 6m 58s)

---------------  T H R E A D  ---------------

Current thread (0x0000027e22bd7a70):  JavaThread "C2 CompilerThread0" daemon [_thread_in_native, id=38580, stack(0x000000a48bc00000,0x000000a48bd00000) (1024K)]


Current CompileTask:
C2:418966 7363       4       java.lang.invoke.MethodType::makeImpl (109 bytes)

Stack: [0x000000a48bc00000,0x000000a48bd00000]
Native frames: (J=compiled Java code, j=interpreted, Vv=VM code, C=native code)
V  [jvm.dll+0x6d83e9]
V  [jvm.dll+0x8b5736]
V  [jvm.dll+0x8b7cee]
V  [jvm.dll+0x8b83d3]
V  [jvm.dll+0x284596]
V  [jvm.dll+0xc685d]
V  [jvm.dll+0xc6da1]
V  [jvm.dll+0x3bf18b]
V  [jvm.dll+0x1e4149]
V  [jvm.dll+0x24c853]
V  [jvm.dll+0x24bce0]
V  [jvm.dll+0x1cb4ae]
V  [jvm.dll+0x25baad]
V  [jvm.dll+0x25a03a]
V  [jvm.dll+0x3f8aae]
V  [jvm.dll+0x8600cd]
V  [jvm.dll+0x6d6c1d]
C  [ucrtbase.dll+0x2cd30]
C  [KERNEL32.DLL+0x2cd87]
C  [ntdll.dll+0xacaec]


---------------  P R O C E S S  ---------------

Threads class SMR info:
_java_thread_list=0x0000027e22cb6fd0, length=91, elements={
0x0000027e71931c60, 0x0000027e7fb09410, 0x0000027e7fb0ad90, 0x0000027e22bd40a0,
0x0000027e22bd4b00, 0x0000027e22bd6280, 0x0000027e22bd6ce0, 0x0000027e22bd7a70,
0x0000027e22bea960, 0x0000027e22eba040, 0x0000027e22ebb400, 0x0000027e696349d0,
0x0000027e69583cb0, 0x0000027e6990f5c0, 0x0000027e69965940, 0x0000027e69964010,
0x0000027e69964d30, 0x0000027e69963980, 0x0000027e699646a0, 0x0000027e69bd61b0,
0x0000027e69bd7560, 0x0000027e69bd6840, 0x0000027e69bd6ed0, 0x0000027e69bd8280,
0x0000027e69bd8fa0, 0x0000027e69bd5b20, 0x0000027e69bdbd90, 0x0000027e69bdb070,
0x0000027e69bd9630, 0x0000027e69bdc420, 0x0000027e69bda350, 0x0000027e69bda9e0,
0x0000027e69bd7bf0, 0x0000027e69bdb700, 0x0000027e6a12d130, 0x0000027e6a12c410,
0x0000027e6a12d7c0, 0x0000027e6a12de50, 0x0000027e6a12e4e0, 0x0000027e6a12b6f0,
0x0000027e6a12bd80, 0x0000027e687f2cd0, 0x0000027e687f4da0, 0x0000027e687f4080,
0x0000027e687f3360, 0x0000027e687f4710, 0x0000027e687f39f0, 0x0000027e687f1fb0,
0x0000027e687f5430, 0x0000027e687f2640, 0x0000027e6a13e830, 0x0000027e6a13f550,
0x0000027e6a13eec0, 0x0000027e6a13db10, 0x0000027e6a13c0d0, 0x0000027e6a13fbe0,
0x0000027e6a13e1a0, 0x0000027e6a13c760, 0x0000027e6a140270, 0x0000027e6a13cdf0,
0x0000027e6a140900, 0x0000027e6a13d480, 0x0000027e6a142340, 0x0000027e6a1429d0,
0x0000027e6a140f90, 0x0000027e6a143060, 0x0000027e6a141620, 0x0000027e6a141cb0,
0x0000027e6a1436f0, 0x0000027e69d0e5a0, 0x0000027e69d0f2c0, 0x0000027e69d0d880,
0x0000027e69d0ec30, 0x0000027e69d0f950, 0x0000027e69d10670, 0x0000027e69d0ffe0,
0x0000027e69d0d1f0, 0x0000027e69d10d00, 0x0000027e69d11390, 0x0000027e69d0df10,
0x0000027e69d13af0, 0x0000027e69d11a20, 0x0000027e69d13460, 0x0000027e69d12740,
0x0000027e69d120b0, 0x0000027e69d14180, 0x0000027e69d12dd0, 0x0000027e69d14810,
0x0000027e6a4ee330, 0x0000027e6a4ee9c0, 0x0000027e6a4ec8f0
}

Java Threads: ( => current thread )
  0x0000027e71931c60 JavaThread "main"                              [_thread_blocked, id=38396, stack(0x000000a48ae00000,0x000000a48af00000) (1024K)]
  0x0000027e7fb09410 JavaThread "Reference Handler"          daemon [_thread_blocked, id=38556, stack(0x000000a48b600000,0x000000a48b700000) (1024K)]
  0x0000027e7fb0ad90 JavaThread "Finalizer"                  daemon [_thread_blocked, id=38560, stack(0x000000a48b700000,0x000000a48b800000) (1024K)]
  0x0000027e22bd40a0 JavaThread "Signal Dispatcher"          daemon [_thread_blocked, id=38564, stack(0x000000a48b800000,0x000000a48b900000) (1024K)]
  0x0000027e22bd4b00 JavaThread "Attach Listener"            daemon [_thread_blocked, id=38568, stack(0x000000a48b900000,0x000000a48ba00000) (1024K)]
  0x0000027e22bd6280 JavaThread "Service Thread"             daemon [_thread_blocked, id=38572, stack(0x000000a48ba00000,0x000000a48bb00000) (1024K)]
  0x0000027e22bd6ce0 JavaThread "Monitor Deflation Thread"   daemon [_thread_blocked, id=38576, stack(0x000000a48bb00000,0x000000a48bc00000) (1024K)]
=>0x0000027e22bd7a70 JavaThread "C2 CompilerThread0"         daemon [_thread_in_native, id=38580, stack(0x000000a48bc00000,0x000000a48bd00000) (1024K)]
  0x0000027e22bea960 JavaThread "C1 CompilerThread0"         daemon [_thread_blocked, id=38584, stack(0x000000a48bd00000,0x000000a48be00000) (1024K)]
  0x0000027e22eba040 JavaThread "Common-Cleaner"             daemon [_thread_blocked, id=38704, stack(0x000000a48bf00000,0x000000a48c000000) (1024K)]
  0x0000027e22ebb400 JavaThread "Notification Thread"        daemon [_thread_blocked, id=38720, stack(0x000000a48c000000,0x000000a48c100000) (1024K)]
  0x0000027e696349d0 JavaThread "Daemon health stats"               [_thread_blocked, id=39636, stack(0x000000a48c900000,0x000000a48ca00000) (1024K)]
  0x0000027e69583cb0 JavaThread "Incoming local TCP Connector on port 42937"        [_thread_in_native, id=38972, stack(0x000000a48ca00000,0x000000a48cb00000) (1024K)]
  0x0000027e6990f5c0 JavaThread "Daemon periodic checks"            [_thread_blocked, id=38180, stack(0x000000a48cb00000,0x000000a48cc00000) (1024K)]
  0x0000027e69965940 JavaThread "Daemon"                            [_thread_blocked, id=39196, stack(0x000000a48cc00000,0x000000a48cd00000) (1024K)]
  0x0000027e69964010 JavaThread "Handler for socket connection from /127.0.0.1:42937 to /127.0.0.1:42938"        [_thread_in_native, id=39244, stack(0x000000a48cd00000,0x000000a48ce00000) (1024K)]
  0x0000027e69964d30 JavaThread "Cancel handler"                    [_thread_blocked, id=39324, stack(0x000000a48ce00000,0x000000a48cf00000) (1024K)]
  0x0000027e69963980 JavaThread "Daemon worker"                     [_thread_in_vm, id=39332, stack(0x000000a48cf00000,0x000000a48d000000) (1024K)]
  0x0000027e699646a0 JavaThread "Asynchronous log dispatcher for DefaultDaemonConnection: socket connection from /127.0.0.1:42937 to /127.0.0.1:42938"        [_thread_blocked, id=39388, stack(0x000000a48d000000,0x000000a48d100000) (1024K)]
  0x0000027e69bd61b0 JavaThread "Stdin handler"                     [_thread_blocked, id=39392, stack(0x000000a48d100000,0x000000a48d200000) (1024K)]
  0x0000027e69bd7560 JavaThread "Daemon client event forwarder"        [_thread_blocked, id=39240, stack(0x000000a48d200000,0x000000a48d300000) (1024K)]
  0x0000027e69bd6840 JavaThread "Cache worker for journal cache (C:\Users\AJI\.gradle\caches\journal-1)"        [_thread_blocked, id=39400, stack(0x000000a48c600000,0x000000a48c700000) (1024K)]
  0x0000027e69bd6ed0 JavaThread "File lock request listener"        [_thread_in_native, id=39156, stack(0x000000a48d300000,0x000000a48d400000) (1024K)]
  0x0000027e69bd8280 JavaThread "Cache worker for file hash cache (C:\Users\AJI\.gradle\caches\9.1.0\fileHashes)"        [_thread_blocked, id=40096, stack(0x000000a48c800000,0x000000a48c900000) (1024K)]
  0x0000027e69bd8fa0 JavaThread "Cache worker for file hash cache (C:\Users\AJI\Documents\Gostriders\gostriders\android\.gradle\9.1.0\fileHashes)"        [_thread_blocked, id=45824, stack(0x000000a48e100000,0x000000a48e200000) (1024K)]
  0x0000027e69bd5b20 JavaThread "Cache worker for Build Output Cleanup Cache (C:\Users\AJI\Documents\Gostriders\gostriders\android\.gradle\buildOutputCleanup)"        [_thread_blocked, id=45404, stack(0x000000a48e200000,0x000000a48e300000) (1024K)]
  0x0000027e69bdbd90 JavaThread "File watcher server"        daemon [_thread_in_native, id=45704, stack(0x000000a48e300000,0x000000a48e400000) (1024K)]
  0x0000027e69bdb070 JavaThread "File watcher consumer"      daemon [_thread_blocked, id=45736, stack(0x000000a48e400000,0x000000a48e500000) (1024K)]
  0x0000027e69bd9630 JavaThread "Cache worker for checksums cache (C:\Users\AJI\Documents\Gostriders\gostriders\android\.gradle\9.1.0\checksums)"        [_thread_blocked, id=46220, stack(0x000000a48dd00000,0x000000a48de00000) (1024K)]
  0x0000027e69bdc420 JavaThread "Cache worker for file content cache (C:\Users\AJI\.gradle\caches\9.1.0\fileContent)"        [_thread_blocked, id=46304, stack(0x000000a48e500000,0x000000a48e600000) (1024K)]
  0x0000027e69bda350 JavaThread "Cache worker for cache directory md-supplier (C:\Users\AJI\.gradle\caches\9.1.0\md-supplier)"        [_thread_blocked, id=46544, stack(0x000000a48e600000,0x000000a48e700000) (1024K)]
  0x0000027e69bda9e0 JavaThread "Cache worker for cache directory md-rule (C:\Users\AJI\.gradle\caches\9.1.0\md-rule)"        [_thread_blocked, id=46660, stack(0x000000a48e700000,0x000000a48e800000) (1024K)]
  0x0000027e69bd7bf0 JavaThread "File lock release action executor Thread 2"        [_thread_blocked, id=70276, stack(0x000000a48ad00000,0x000000a48ae00000) (1024K)]
  0x0000027e69bdb700 JavaThread "Cache worker for Build Output Cleanup Cache (C:\Users\AJI\develop\flutter\packages\flutter_tools\gradle\.gradle\buildOutputCleanup)"        [_thread_blocked, id=31296, stack(0x000000a48e900000,0x000000a48ea00000) (1024K)]
  0x0000027e6a12d130 JavaThread "Unconstrained build operations"        [_thread_blocked, id=74504, stack(0x000000a48ab00000,0x000000a48ac00000) (1024K)]
  0x0000027e6a12c410 JavaThread "Unconstrained build operations Thread 2"        [_thread_blocked, id=79432, stack(0x000000a48ac00000,0x000000a48ad00000) (1024K)]
  0x0000027e6a12d7c0 JavaThread "Unconstrained build operations Thread 3"        [_thread_blocked, id=62060, stack(0x000000a48d400000,0x000000a48d500000) (1024K)]
  0x0000027e6a12de50 JavaThread "Unconstrained build operations Thread 4"        [_thread_blocked, id=46604, stack(0x000000a48dc00000,0x000000a48dd00000) (1024K)]
  0x0000027e6a12e4e0 JavaThread "Unconstrained build operations Thread 5"        [_thread_blocked, id=79808, stack(0x000000a48e800000,0x000000a48e900000) (1024K)]
  0x0000027e6a12b6f0 JavaThread "Unconstrained build operations Thread 6"        [_thread_blocked, id=51504, stack(0x000000a48ea00000,0x000000a48eb00000) (1024K)]
  0x0000027e6a12bd80 JavaThread "Unconstrained build operations Thread 7"        [_thread_blocked, id=72904, stack(0x000000a48eb00000,0x000000a48ec00000) (1024K)]
  0x0000027e687f2cd0 JavaThread "Unconstrained build operations Thread 8"        [_thread_blocked, id=55560, stack(0x000000a48ec00000,0x000000a48ed00000) (1024K)]
  0x0000027e687f4da0 JavaThread "Unconstrained build operations Thread 9"        [_thread_blocked, id=53592, stack(0x000000a48ed00000,0x000000a48ee00000) (1024K)]
  0x0000027e687f4080 JavaThread "Unconstrained build operations Thread 10"        [_thread_blocked, id=41964, stack(0x000000a48ee00000,0x000000a48ef00000) (1024K)]
  0x0000027e687f3360 JavaThread "Unconstrained build operations Thread 11"        [_thread_blocked, id=79168, stack(0x000000a48ef00000,0x000000a48f000000) (1024K)]
  0x0000027e687f4710 JavaThread "Unconstrained build operations Thread 12"        [_thread_blocked, id=43804, stack(0x000000a48f000000,0x000000a48f100000) (1024K)]
  0x0000027e687f39f0 JavaThread "Unconstrained build operations Thread 13"        [_thread_blocked, id=53420, stack(0x000000a48f100000,0x000000a48f200000) (1024K)]
  0x0000027e687f1fb0 JavaThread "Unconstrained build operations Thread 14"        [_thread_blocked, id=63068, stack(0x000000a48f200000,0x000000a48f300000) (1024K)]
  0x0000027e687f5430 JavaThread "Unconstrained build operations Thread 15"        [_thread_blocked, id=62100, stack(0x000000a48f300000,0x000000a48f400000) (1024K)]
  0x0000027e687f2640 JavaThread "Unconstrained build operations Thread 16"        [_thread_blocked, id=63320, stack(0x000000a48f400000,0x000000a48f500000) (1024K)]
  0x0000027e6a13e830 JavaThread "Unconstrained build operations Thread 17"        [_thread_blocked, id=56832, stack(0x000000a48f500000,0x000000a48f600000) (1024K)]
  0x0000027e6a13f550 JavaThread "Unconstrained build operations Thread 18"        [_thread_blocked, id=33224, stack(0x000000a48f600000,0x000000a48f700000) (1024K)]
  0x0000027e6a13eec0 JavaThread "Unconstrained build operations Thread 19"        [_thread_blocked, id=42136, stack(0x000000a48f700000,0x000000a48f800000) (1024K)]
  0x0000027e6a13db10 JavaThread "Unconstrained build operations Thread 20"        [_thread_blocked, id=80400, stack(0x000000a48f800000,0x000000a48f900000) (1024K)]
  0x0000027e6a13c0d0 JavaThread "Unconstrained build operations Thread 21"        [_thread_blocked, id=80404, stack(0x000000a48f900000,0x000000a48fa00000) (1024K)]
  0x0000027e6a13fbe0 JavaThread "Unconstrained build operations Thread 22"        [_thread_blocked, id=80412, stack(0x000000a48fa00000,0x000000a48fb00000) (1024K)]
  0x0000027e6a13e1a0 JavaThread "Unconstrained build operations Thread 23"        [_thread_blocked, id=80424, stack(0x000000a48fb00000,0x000000a48fc00000) (1024K)]
  0x0000027e6a13c760 JavaThread "Unconstrained build operations Thread 24"        [_thread_blocked, id=80428, stack(0x000000a48fc00000,0x000000a48fd00000) (1024K)]
  0x0000027e6a140270 JavaThread "Unconstrained build operations Thread 25"        [_thread_blocked, id=80432, stack(0x000000a48fd00000,0x000000a48fe00000) (1024K)]
  0x0000027e6a13cdf0 JavaThread "Unconstrained build operations Thread 26"        [_thread_blocked, id=80436, stack(0x000000a48fe00000,0x000000a48ff00000) (1024K)]
  0x0000027e6a140900 JavaThread "Unconstrained build operations Thread 27"        [_thread_blocked, id=80440, stack(0x000000a48ff00000,0x000000a490000000) (1024K)]
  0x0000027e6a13d480 JavaThread "Unconstrained build operations Thread 28"        [_thread_blocked, id=80448, stack(0x000000a490000000,0x000000a490100000) (1024K)]
  0x0000027e6a142340 JavaThread "Unconstrained build operations Thread 29"        [_thread_blocked, id=80452, stack(0x000000a490100000,0x000000a490200000) (1024K)]
  0x0000027e6a1429d0 JavaThread "Unconstrained build operations Thread 30"        [_thread_blocked, id=80460, stack(0x000000a490200000,0x000000a490300000) (1024K)]
  0x0000027e6a140f90 JavaThread "Unconstrained build operations Thread 31"        [_thread_blocked, id=80516, stack(0x000000a490300000,0x000000a490400000) (1024K)]
  0x0000027e6a143060 JavaThread "Unconstrained build operations Thread 32"        [_thread_blocked, id=80532, stack(0x000000a490400000,0x000000a490500000) (1024K)]
  0x0000027e6a141620 JavaThread "Unconstrained build operations Thread 33"        [_thread_blocked, id=80540, stack(0x000000a490500000,0x000000a490600000) (1024K)]
  0x0000027e6a141cb0 JavaThread "Unconstrained build operations Thread 34"        [_thread_blocked, id=80552, stack(0x000000a490600000,0x000000a490700000) (1024K)]
  0x0000027e6a1436f0 JavaThread "Unconstrained build operations Thread 35"        [_thread_blocked, id=80556, stack(0x000000a490700000,0x000000a490800000) (1024K)]
  0x0000027e69d0e5a0 JavaThread "Unconstrained build operations Thread 36"        [_thread_blocked, id=80560, stack(0x000000a490800000,0x000000a490900000) (1024K)]
  0x0000027e69d0f2c0 JavaThread "Unconstrained build operations Thread 37"        [_thread_blocked, id=80568, stack(0x000000a490900000,0x000000a490a00000) (1024K)]
  0x0000027e69d0d880 JavaThread "Unconstrained build operations Thread 38"        [_thread_blocked, id=80580, stack(0x000000a490a00000,0x000000a490b00000) (1024K)]
  0x0000027e69d0ec30 JavaThread "Unconstrained build operations Thread 39"        [_thread_blocked, id=80752, stack(0x000000a490b00000,0x000000a490c00000) (1024K)]
  0x0000027e69d0f950 JavaThread "Unconstrained build operations Thread 40"        [_thread_blocked, id=80756, stack(0x000000a490c00000,0x000000a490d00000) (1024K)]
  0x0000027e69d10670 JavaThread "Unconstrained build operations Thread 41"        [_thread_blocked, id=80760, stack(0x000000a490d00000,0x000000a490e00000) (1024K)]
  0x0000027e69d0ffe0 JavaThread "Unconstrained build operations Thread 42"        [_thread_blocked, id=80764, stack(0x000000a490e00000,0x000000a490f00000) (1024K)]
  0x0000027e69d0d1f0 JavaThread "Unconstrained build operations Thread 43"        [_thread_blocked, id=80768, stack(0x000000a490f00000,0x000000a491000000) (1024K)]
  0x0000027e69d10d00 JavaThread "Unconstrained build operations Thread 44"        [_thread_blocked, id=80772, stack(0x000000a491000000,0x000000a491100000) (1024K)]
  0x0000027e69d11390 JavaThread "Unconstrained build operations Thread 45"        [_thread_blocked, id=80776, stack(0x000000a491100000,0x000000a491200000) (1024K)]
  0x0000027e69d0df10 JavaThread "Unconstrained build operations Thread 46"        [_thread_blocked, id=80780, stack(0x000000a491200000,0x000000a491300000) (1024K)]
  0x0000027e69d13af0 JavaThread "Unconstrained build operations Thread 47"        [_thread_blocked, id=80784, stack(0x000000a491300000,0x000000a491400000) (1024K)]
  0x0000027e69d11a20 JavaThread "Unconstrained build operations Thread 48"        [_thread_blocked, id=80788, stack(0x000000a491400000,0x000000a491500000) (1024K)]
  0x0000027e69d13460 JavaThread "Unconstrained build operations Thread 49"        [_thread_blocked, id=80792, stack(0x000000a491500000,0x000000a491600000) (1024K)]
  0x0000027e69d12740 JavaThread "Unconstrained build operations Thread 50"        [_thread_blocked, id=80796, stack(0x000000a491600000,0x000000a491700000) (1024K)]
  0x0000027e69d120b0 JavaThread "Unconstrained build operations Thread 51"        [_thread_blocked, id=80800, stack(0x000000a491700000,0x000000a491800000) (1024K)]
  0x0000027e69d14180 JavaThread "Unconstrained build operations Thread 52"        [_thread_blocked, id=80804, stack(0x000000a491800000,0x000000a491900000) (1024K)]
  0x0000027e69d12dd0 JavaThread "Unconstrained build operations Thread 53"        [_thread_blocked, id=80812, stack(0x000000a491900000,0x000000a491a00000) (1024K)]
  0x0000027e69d14810 JavaThread "Unconstrained build operations Thread 54"        [_thread_blocked, id=80816, stack(0x000000a491a00000,0x000000a491b00000) (1024K)]
  0x0000027e6a4ee330 JavaThread "Unconstrained build operations Thread 55"        [_thread_blocked, id=80820, stack(0x000000a491b00000,0x000000a491c00000) (1024K)]
  0x0000027e6a4ee9c0 JavaThread "Unconstrained build operations Thread 56"        [_thread_blocked, id=80824, stack(0x000000a491c00000,0x000000a491d00000) (1024K)]
  0x0000027e6a4ec8f0 JavaThread "Unconstrained build operations Thread 57"        [_thread_blocked, id=80828, stack(0x000000a491d00000,0x000000a491e00000) (1024K)]
Total: 91

Other Threads:
  0x0000027e7faee340 VMThread "VM Thread"                           [id=38536, stack(0x000000a48b500000,0x000000a48b600000) (1024K)]
  0x0000027e7fadf070 WatcherThread "VM Periodic Task Thread"        [id=38524, stack(0x000000a48b400000,0x000000a48b500000) (1024K)]
  0x0000027e719dc820 WorkerThread "GC Thread#0"                     [id=38416, stack(0x000000a48af00000,0x000000a48b000000) (1024K)]
  0x0000027e22eebe90 WorkerThread "GC Thread#1"                     [id=37552, stack(0x000000a48c100000,0x000000a48c200000) (1024K)]
  0x0000027e22fb2da0 WorkerThread "GC Thread#2"                     [id=37588, stack(0x000000a48c200000,0x000000a48c300000) (1024K)]
  0x0000027e22fb3150 WorkerThread "GC Thread#3"                     [id=35912, stack(0x000000a48c300000,0x000000a48c400000) (1024K)]
  0x0000027e22fb3900 WorkerThread "GC Thread#4"                     [id=6300, stack(0x000000a48c400000,0x000000a48c500000) (1024K)]
  0x0000027e22fb3cb0 WorkerThread "GC Thread#5"                     [id=36416, stack(0x000000a48c500000,0x000000a48c600000) (1024K)]
  0x0000027e69e301c0 WorkerThread "GC Thread#6"                     [id=37720, stack(0x000000a48be00000,0x000000a48bf00000) (1024K)]
  0x0000027e69e30570 WorkerThread "GC Thread#7"                     [id=39584, stack(0x000000a48c700000,0x000000a48c800000) (1024K)]
  0x0000027e69e29760 WorkerThread "GC Thread#8"                     [id=39800, stack(0x000000a48d500000,0x000000a48d600000) (1024K)]
  0x0000027e69e2a270 WorkerThread "GC Thread#9"                     [id=35392, stack(0x000000a48d600000,0x000000a48d700000) (1024K)]
  0x0000027e69e293b0 WorkerThread "GC Thread#10"                    [id=39720, stack(0x000000a48d700000,0x000000a48d800000) (1024K)]
  0x0000027e69e29b10 WorkerThread "GC Thread#11"                    [id=37988, stack(0x000000a48d800000,0x000000a48d900000) (1024K)]
  0x0000027e69e29ec0 WorkerThread "GC Thread#12"                    [id=35052, stack(0x000000a48d900000,0x000000a48da00000) (1024K)]
  0x0000027e69e29000 WorkerThread "GC Thread#13"                    [id=37912, stack(0x000000a48da00000,0x000000a48db00000) (1024K)]
  0x0000027e69e2a620 WorkerThread "GC Thread#14"                    [id=38896, stack(0x000000a48db00000,0x000000a48dc00000) (1024K)]
  0x0000027e7f910080 ConcurrentGCThread "G1 Main Marker"            [id=38420, stack(0x000000a48b000000,0x000000a48b100000) (1024K)]
  0x0000027e7f9109a0 WorkerThread "G1 Conc#0"                       [id=38424, stack(0x000000a48b100000,0x000000a48b200000) (1024K)]
  0x0000027e6b4a1160 WorkerThread "G1 Conc#1"                       [id=46044, stack(0x000000a48de00000,0x000000a48df00000) (1024K)]
  0x0000027e6b49f3e0 WorkerThread "G1 Conc#2"                       [id=46048, stack(0x000000a48df00000,0x000000a48e000000) (1024K)]
  0x0000027e6b49e170 WorkerThread "G1 Conc#3"                       [id=46052, stack(0x000000a48e000000,0x000000a48e100000) (1024K)]
  0x0000027e7f9aeb20 ConcurrentGCThread "G1 Refine#0"               [id=38428, stack(0x000000a48b200000,0x000000a48b300000) (1024K)]
  0x0000027e7f9b0460 ConcurrentGCThread "G1 Service"                [id=38432, stack(0x000000a48b300000,0x000000a48b400000) (1024K)]
Total: 24

Threads with active compile tasks:
C2 CompilerThread0  419006 7363       4       java.lang.invoke.MethodType::makeImpl (109 bytes)
Total: 1

VM state: not at safepoint (normal execution)

VM Mutex/Monitor currently owned by a thread: None

Heap address: 0x0000000600000000, size: 8192 MB, Compressed Oops mode: Zero based, Oop shift amount: 3

CDS archive(s) mapped at: [0x0000027e23000000-0x0000027e23ba0000-0x0000027e23ba0000), size 12189696, SharedBaseAddress: 0x0000027e23000000, ArchiveRelocationMode: 1.
Compressed class space mapped at: 0x0000027e24000000-0x0000027e64000000, reserved size: 1073741824
Narrow klass base: 0x0000027e23000000, Narrow klass shift: 0, Narrow klass range: 0x100000000

GC Precious Log:
 CardTable entry size: 512
 Card Set container configuration: InlinePtr #cards 4 size 8 Array Of Cards #cards 32 size 80 Howl #buckets 8 coarsen threshold 7372 Howl Bitmap #cards 1024 size 144 coarsen threshold 921 Card regions per heap region 1 cards per card region 8192
 CPUs: 20 total, 20 available
 Memory: 16068M
 Large Page Support: Disabled
 NUMA Support: Disabled
 Compressed Oops: Enabled (Zero based)
 Heap Region Size: 4M
 Heap Min Capacity: 8M
 Heap Initial Capacity: 252M
 Heap Max Capacity: 8G
 Pre-touch: Disabled
 Parallel Workers: 15
 Concurrent Workers: 4
 Concurrent Refinement Workers: 15
 Periodic GC: Disabled

Heap:
 garbage-first heap   total 102400K, used 49062K [0x0000000600000000, 0x0000000800000000)
  region size 4096K, 5 young (20480K), 2 survivors (8192K)
 Metaspace       used 49181K, committed 50944K, reserved 1114112K
  class space    used 7284K, committed 8128K, reserved 1048576K

Heap Regions: E=young(eden), S=young(survivor), O=old, HS=humongous(starts), HC=humongous(continues), CS=collection set, F=free, TAMS=top-at-mark-start, PB=parsable bottom
|   0|0x0000000600000000, 0x0000000600400000, 0x0000000600400000|100%|HS|  |TAMS 0x0000000600000000| PB 0x0000000600000000| Complete 
|   1|0x0000000600400000, 0x0000000600800000, 0x0000000600800000|100%| O|  |TAMS 0x0000000600400000| PB 0x0000000600400000| Untracked 
|   2|0x0000000600800000, 0x0000000600b98cb0, 0x0000000600c00000| 89%| O|  |TAMS 0x0000000600800000| PB 0x0000000600800000| Untracked 
|   3|0x0000000600c00000, 0x0000000601000000, 0x0000000601000000|100%| O|  |TAMS 0x0000000600c00000| PB 0x0000000600c00000| Untracked 
|   4|0x0000000601000000, 0x0000000601400000, 0x0000000601400000|100%| O|  |TAMS 0x0000000601000000| PB 0x0000000601000000| Untracked 
|   5|0x0000000601400000, 0x0000000601800000, 0x0000000601800000|100%| O|  |TAMS 0x0000000601400000| PB 0x0000000601400000| Untracked 
|   6|0x0000000601800000, 0x0000000601850be0, 0x0000000601c00000|  7%| O|  |TAMS 0x0000000601800000| PB 0x0000000601800000| Untracked 
|   7|0x0000000601c00000, 0x0000000601c00000, 0x0000000602000000|  0%| F|  |TAMS 0x0000000601c00000| PB 0x0000000601c00000| Untracked 
|   8|0x0000000602000000, 0x0000000602400000, 0x0000000602400000|100%| S|CS|TAMS 0x0000000602000000| PB 0x0000000602000000| Complete 
|   9|0x0000000602400000, 0x0000000602400000, 0x0000000602800000|  0%| F|  |TAMS 0x0000000602400000| PB 0x0000000602400000| Untracked 
|  10|0x0000000602800000, 0x0000000602c00000, 0x0000000602c00000|100%| S|CS|TAMS 0x0000000602800000| PB 0x0000000602800000| Complete 
|  11|0x0000000602c00000, 0x0000000602c00000, 0x0000000603000000|  0%| F|  |TAMS 0x0000000602c00000| PB 0x0000000602c00000| Untracked 
|  12|0x0000000603000000, 0x0000000603000000, 0x0000000603400000|  0%| F|  |TAMS 0x0000000603000000| PB 0x0000000603000000| Untracked 
|  13|0x0000000603400000, 0x0000000603400000, 0x0000000603800000|  0%| F|  |TAMS 0x0000000603400000| PB 0x0000000603400000| Untracked 
|  14|0x0000000603800000, 0x0000000603800000, 0x0000000603c00000|  0%| F|  |TAMS 0x0000000603800000| PB 0x0000000603800000| Untracked 
|  15|0x0000000603c00000, 0x0000000603c00000, 0x0000000604000000|  0%| F|  |TAMS 0x0000000603c00000| PB 0x0000000603c00000| Untracked 
|  16|0x0000000604000000, 0x0000000604000000, 0x0000000604400000|  0%| F|  |TAMS 0x0000000604000000| PB 0x0000000604000000| Untracked 
|  17|0x0000000604400000, 0x0000000604400000, 0x0000000604800000|  0%| F|  |TAMS 0x0000000604400000| PB 0x0000000604400000| Untracked 
|  51|0x000000060cc00000, 0x000000060cc00000, 0x000000060d000000|  0%| F|  |TAMS 0x000000060cc00000| PB 0x000000060cc00000| Untracked 
|  52|0x000000060d000000, 0x000000060d000000, 0x000000060d400000|  0%| F|  |TAMS 0x000000060d000000| PB 0x000000060d000000| Untracked 
|  53|0x000000060d400000, 0x000000060d5af930, 0x000000060d800000| 42%| E|  |TAMS 0x000000060d400000| PB 0x000000060d400000| Complete 
|  62|0x000000060f800000, 0x000000060fc00000, 0x000000060fc00000|100%| E|CS|TAMS 0x000000060f800000| PB 0x000000060f800000| Complete 
|2045|0x00000007ff400000, 0x00000007ff800000, 0x00000007ff800000|100%| E|CS|TAMS 0x00000007ff400000| PB 0x00000007ff400000| Complete 
|2046|0x00000007ff800000, 0x00000007ffc00000, 0x00000007ffc00000|100%| O|  |TAMS 0x00000007ff800000| PB 0x00000007ff800000| Untracked 
|2047|0x00000007ffc00000, 0x0000000800000000, 0x0000000800000000|100%| O|  |TAMS 0x00000007ffc00000| PB 0x00000007ffc00000| Untracked 

Card table byte_map: [0x0000027e76800000,0x0000027e77800000] _byte_map_base: 0x0000027e73800000

Marking Bits: (CMBitMap*) 0x0000027e719dd650
 Bits: [0x0000027e77800000, 0x0000027e7f800000)

Polling page: 0x0000027e6f690000

Metaspace:

Usage:
  Non-class:     40.92 MB used.
      Class:      7.11 MB used.
       Both:     48.03 MB used.

Virtual space:
  Non-class space:       64.00 MB reserved,      41.81 MB ( 65%) committed,  1 nodes.
      Class space:        1.00 GB reserved,       7.94 MB ( <1%) committed,  1 nodes.
             Both:        1.06 GB reserved,      49.75 MB (  5%) committed. 

Chunk freelists:
   Non-Class:  5.81 MB
       Class:  7.91 MB
        Both:  13.72 MB

MaxMetaspaceSize: 4.00 GB
CompressedClassSpaceSize: 1.00 GB
Initial GC threshold: 21.00 MB
Current GC threshold: 59.00 MB
CDS: on
 - commit_granule_bytes: 65536.
 - commit_granule_words: 8192.
 - virtual_space_node_default_size: 8388608.
 - enlarge_chunks_in_place: 1.
 - use_allocation_guard: 0.


Internal statistics:

num_allocs_failed_limit: 6.
num_arena_births: 3234.
num_arena_deaths: 0.
num_vsnodes_births: 2.
num_vsnodes_deaths: 0.
num_space_committed: 796.
num_space_uncommitted: 0.
num_chunks_returned_to_freelist: 6.
num_chunks_taken_from_freelist: 5681.
num_chunk_merges: 6.
num_chunk_splits: 3686.
num_chunks_enlarged: 2231.
num_inconsistent_stats: 0.

CodeHeap 'non-profiled nmethods': size=258432Kb used=3801Kb max_used=3801Kb free=254630Kb
 bounds [0x0000027e103a0000, 0x0000027e10760000, 0x0000027e20000000]
CodeHeap 'profiled nmethods': size=258368Kb used=13276Kb max_used=13276Kb free=245092Kb
 bounds [0x0000027e00000000, 0x0000027e00d00000, 0x0000027e0fc50000]
CodeHeap 'non-nmethods': size=7488Kb used=1871Kb max_used=3097Kb free=5616Kb
 bounds [0x0000027e0fc50000, 0x0000027e0ff60000, 0x0000027e103a0000]
CodeCache: size=524288Kb, used=18948Kb, max_used=20174Kb, free=505338Kb
 total_blobs=7628, nmethods=6888, adapters=643, full_count=0
Compilation: enabled, stopped_count=0, restarted_count=0

Compilation events (20 events):
Event: 418.914 Thread 0x0000027e22bea960 7400       3       java.util.concurrent.ConcurrentHashMap$ValueIterator::<init> (12 bytes)
Event: 418.914 Thread 0x0000027e22bea960 nmethod 7400 0x0000027e00ce6090 code [0x0000027e00ce6240, 0x0000027e00ce6378]
Event: 418.915 Thread 0x0000027e22bea960 7401       3       java.io.File::<init> (47 bytes)
Event: 418.915 Thread 0x0000027e22bea960 nmethod 7401 0x0000027e00ce6410 code [0x0000027e00ce6600, 0x0000027e00ce6990]
Event: 418.926 Thread 0x0000027e22bea960 7402       3       org.gradle.internal.instantiation.generator.AbstractClassGenerator::assembleProperties (239 bytes)
Event: 418.928 Thread 0x0000027e22bea960 nmethod 7402 0x0000027e00ce6b10 code [0x0000027e00ce7040, 0x0000027e00ce9d10]
Event: 418.928 Thread 0x0000027e22bea960 7403       3       org.gradle.internal.instantiation.generator.AsmBackedClassGenerator$ClassBuilderImpl::access$2700 (4 bytes)
Event: 418.929 Thread 0x0000027e22bea960 nmethod 7403 0x0000027e00ceab90 code [0x0000027e00cead20, 0x0000027e00ceae18]
Event: 418.929 Thread 0x0000027e22bea960 7404       3       org.gradle.model.internal.asm.ClassVisitorScope::addGetter (11 bytes)
Event: 418.929 Thread 0x0000027e22bea960 nmethod 7404 0x0000027e00ceae90 code [0x0000027e00ceb040, 0x0000027e00ceb210]
Event: 418.932 Thread 0x0000027e22bea960 7405       3       org.gradle.internal.instantiation.generator.AsmBackedClassGenerator$ClassBuilderImpl$$Lambda/0x0000027e241ec000::emit (25 bytes)
Event: 418.933 Thread 0x0000027e22bea960 nmethod 7405 0x0000027e00ceb310 code [0x0000027e00ceb4c0, 0x0000027e00ceb638]
Event: 418.933 Thread 0x0000027e22bea960 7406       3       org.gradle.internal.instantiation.generator.AsmBackedClassGenerator$ClassBuilderImpl::lambda$addLazyGetter$13 (17 bytes)
Event: 418.933 Thread 0x0000027e22bea960 nmethod 7406 0x0000027e00ceb710 code [0x0000027e00ceb8c0, 0x0000027e00ceba88]
Event: 418.933 Thread 0x0000027e22bea960 7407       3       org.gradle.internal.instantiation.generator.AsmBackedClassGenerator$ClassBuilderImpl$14::<init> (144 bytes)
Event: 418.935 Thread 0x0000027e22bea960 nmethod 7407 0x0000027e00cebb90 code [0x0000027e00cebfa0, 0x0000027e00cee488]
Event: 418.935 Thread 0x0000027e22bea960 7408       3       org.gradle.model.internal.asm.BytecodeFragment$1::emit (1 bytes)
Event: 418.935 Thread 0x0000027e22bea960 nmethod 7408 0x0000027e00ceef10 code [0x0000027e00cef0a0, 0x0000027e00cef1a8]
Event: 418.940 Thread 0x0000027e22bea960 7411       3       java.lang.invoke.LambdaForm::create (12 bytes)
Event: 418.940 Thread 0x0000027e22bea960 nmethod 7411 0x0000027e00cef210 code [0x0000027e00cef3c0, 0x0000027e00cef4e8]

GC Heap History (20 events):
Event: 31.372 GC heap before
{Heap before GC invocations=2 (full 0):
 garbage-first heap   total 258048K, used 118140K [0x0000000600000000, 0x0000000800000000)
  region size 4096K, 29 young (118784K), 2 survivors (8192K)
 Metaspace       used 16222K, committed 16704K, reserved 1114112K
  class space    used 2220K, committed 2432K, reserved 1048576K
}
Event: 31.386 GC heap after
{Heap after GC invocations=3 (full 0):
 garbage-first heap   total 258048K, used 21313K [0x0000000600000000, 0x0000000800000000)
  region size 4096K, 4 young (16384K), 4 survivors (16384K)
 Metaspace       used 16222K, committed 16704K, reserved 1114112K
  class space    used 2220K, committed 2432K, reserved 1048576K
}
Event: 36.863 GC heap before
{Heap before GC invocations=3 (full 0):
 garbage-first heap   total 258048K, used 49985K [0x0000000600000000, 0x0000000800000000)
  region size 4096K, 13 young (53248K), 4 survivors (16384K)
 Metaspace       used 20845K, committed 21504K, reserved 1114112K
  class space    used 2879K, committed 3200K, reserved 1048576K
}
Event: 36.871 GC heap after
{Heap after GC invocations=4 (full 0):
 garbage-first heap   total 258048K, used 23994K [0x0000000600000000, 0x0000000800000000)
  region size 4096K, 3 young (12288K), 3 survivors (12288K)
 Metaspace       used 20845K, committed 21504K, reserved 1114112K
  class space    used 2879K, committed 3200K, reserved 1048576K
}
Event: 38.750 GC heap before
{Heap before GC invocations=5 (full 0):
 garbage-first heap   total 81920K, used 81338K [0x0000000600000000, 0x0000000800000000)
  region size 4096K, 17 young (69632K), 3 survivors (12288K)
 Metaspace       used 27843K, committed 28800K, reserved 1114112K
  class space    used 3981K, committed 4480K, reserved 1048576K
}
Event: 38.758 GC heap after
{Heap after GC invocations=6 (full 0):
 garbage-first heap   total 102400K, used 27384K [0x0000000600000000, 0x0000000800000000)
  region size 4096K, 2 young (8192K), 2 survivors (8192K)
 Metaspace       used 27843K, committed 28800K, reserved 1114112K
  class space    used 3981K, committed 4480K, reserved 1048576K
}
Event: 40.500 GC heap before
{Heap before GC invocations=6 (full 0):
 garbage-first heap   total 102400K, used 72440K [0x0000000600000000, 0x0000000800000000)
  region size 4096K, 14 young (57344K), 2 survivors (8192K)
 Metaspace       used 34218K, committed 35584K, reserved 1114112K
  class space    used 4902K, committed 5568K, reserved 1048576K
}
Event: 40.504 GC heap after
{Heap after GC invocations=7 (full 0):
 garbage-first heap   total 102400K, used 30284K [0x0000000600000000, 0x0000000800000000)
  region size 4096K, 2 young (8192K), 2 survivors (8192K)
 Metaspace       used 34218K, committed 35584K, reserved 1114112K
  class space    used 4902K, committed 5568K, reserved 1048576K
}
Event: 40.626 GC heap before
{Heap before GC invocations=7 (full 0):
 garbage-first heap   total 102400K, used 30284K [0x0000000600000000, 0x0000000800000000)
  region size 4096K, 3 young (12288K), 2 survivors (8192K)
 Metaspace       used 34668K, committed 35968K, reserved 1114112K
  class space    used 4952K, committed 5632K, reserved 1048576K
}
Event: 40.630 GC heap after
{Heap after GC invocations=8 (full 0):
 garbage-first heap   total 102400K, used 30840K [0x0000000600000000, 0x0000000800000000)
  region size 4096K, 1 young (4096K), 1 survivors (4096K)
 Metaspace       used 34668K, committed 35968K, reserved 1114112K
  class space    used 4952K, committed 5632K, reserved 1048576K
}
Event: 129.459 GC heap before
{Heap before GC invocations=9 (full 0):
 garbage-first heap   total 102400K, used 79992K [0x0000000600000000, 0x0000000800000000)
  region size 4096K, 13 young (53248K), 1 survivors (4096K)
 Metaspace       used 36929K, committed 38272K, reserved 1114112K
  class space    used 5303K, committed 5952K, reserved 1048576K
}
Event: 129.558 GC heap after
{Heap after GC invocations=10 (full 0):
 garbage-first heap   total 102400K, used 32566K [0x0000000600000000, 0x0000000800000000)
  region size 4096K, 2 young (8192K), 2 survivors (8192K)
 Metaspace       used 36929K, committed 38272K, reserved 1114112K
  class space    used 5303K, committed 5952K, reserved 1048576K
}
Event: 395.287 GC heap before
{Heap before GC invocations=10 (full 0):
 garbage-first heap   total 102400K, used 77622K [0x0000000600000000, 0x0000000800000000)
  region size 4096K, 14 young (57344K), 2 survivors (8192K)
 Metaspace       used 39910K, committed 41536K, reserved 1114112K
  class space    used 5796K, committed 6592K, reserved 1048576K
}
Event: 395.304 GC heap after
{Heap after GC invocations=11 (full 0):
 garbage-first heap   total 102400K, used 32278K [0x0000000600000000, 0x0000000800000000)
  region size 4096K, 1 young (4096K), 1 survivors (4096K)
 Metaspace       used 39910K, committed 41536K, reserved 1114112K
  class space    used 5796K, committed 6592K, reserved 1048576K
}
Event: 397.835 GC heap before
{Heap before GC invocations=11 (full 0):
 garbage-first heap   total 102400K, used 81430K [0x0000000600000000, 0x0000000800000000)
  region size 4096K, 13 young (53248K), 1 survivors (4096K)
 Metaspace       used 42433K, committed 44096K, reserved 1114112K
  class space    used 6227K, committed 7040K, reserved 1048576K
}
Event: 397.838 GC heap after
{Heap after GC invocations=12 (full 0):
 garbage-first heap   total 102400K, used 33811K [0x0000000600000000, 0x0000000800000000)
  region size 4096K, 2 young (8192K), 2 survivors (8192K)
 Metaspace       used 42433K, committed 44096K, reserved 1114112K
  class space    used 6227K, committed 7040K, reserved 1048576K
}
Event: 410.224 GC heap before
{Heap before GC invocations=12 (full 0):
 garbage-first heap   total 102400K, used 82963K [0x0000000600000000, 0x0000000800000000)
  region size 4096K, 14 young (57344K), 2 survivors (8192K)
 Metaspace       used 46665K, committed 48384K, reserved 1114112K
  class space    used 6880K, committed 7744K, reserved 1048576K
}
Event: 410.236 GC heap after
{Heap after GC invocations=13 (full 0):
 garbage-first heap   total 102400K, used 36787K [0x0000000600000000, 0x0000000800000000)
  region size 4096K, 2 young (8192K), 2 survivors (8192K)
 Metaspace       used 46665K, committed 48384K, reserved 1114112K
  class space    used 6880K, committed 7744K, reserved 1048576K
}
Event: 418.617 GC heap before
{Heap before GC invocations=13 (full 0):
 garbage-first heap   total 102400K, used 81843K [0x0000000600000000, 0x0000000800000000)
  region size 4096K, 14 young (57344K), 2 survivors (8192K)
 Metaspace       used 48046K, committed 49792K, reserved 1114112K
  class space    used 7084K, committed 7936K, reserved 1048576K
}
Event: 418.631 GC heap after
{Heap after GC invocations=14 (full 0):
 garbage-first heap   total 102400K, used 40870K [0x0000000600000000, 0x0000000800000000)
  region size 4096K, 2 young (8192K), 2 survivors (8192K)
 Metaspace       used 48046K, committed 49792K, reserved 1114112K
  class space    used 7084K, committed 7936K, reserved 1048576K
}

Dll operation events (20 events):
Event: 0.293 Attempting to load shared library C:\Users\AJI\.vscode\extensions\redhat.java-1.56.0-win32-x64\jre\21.0.12.1-win32-x86_64\bin\nio.dll
Event: 0.294 Loaded shared library C:\Users\AJI\.vscode\extensions\redhat.java-1.56.0-win32-x64\jre\21.0.12.1-win32-x86_64\bin\nio.dll
Event: 0.298 Attempting to load shared library C:\Users\AJI\.vscode\extensions\redhat.java-1.56.0-win32-x64\jre\21.0.12.1-win32-x86_64\bin\zip.dll
Event: 0.298 Loaded shared library C:\Users\AJI\.vscode\extensions\redhat.java-1.56.0-win32-x64\jre\21.0.12.1-win32-x86_64\bin\zip.dll
Event: 0.801 Attempting to load shared library C:\Users\AJI\.vscode\extensions\redhat.java-1.56.0-win32-x64\jre\21.0.12.1-win32-x86_64\bin\jimage.dll
Event: 0.801 Loaded shared library C:\Users\AJI\.vscode\extensions\redhat.java-1.56.0-win32-x64\jre\21.0.12.1-win32-x86_64\bin\jimage.dll
Event: 1.118 Attempting to load shared library C:\Users\AJI\.vscode\extensions\redhat.java-1.56.0-win32-x64\jre\21.0.12.1-win32-x86_64\bin\verify.dll
Event: 1.119 Loaded shared library C:\Users\AJI\.vscode\extensions\redhat.java-1.56.0-win32-x64\jre\21.0.12.1-win32-x86_64\bin\verify.dll
Event: 1.160 Attempting to load shared library C:\Users\AJI\.gradle\native\1def1411415f61bf3af743bc5b6707747c0891f09f0c88961ee8f79bc544acac\windows-amd64\native-platform.dll
Event: 1.161 Loaded shared library C:\Users\AJI\.gradle\native\1def1411415f61bf3af743bc5b6707747c0891f09f0c88961ee8f79bc544acac\windows-amd64\native-platform.dll
Event: 1.174 Attempting to load shared library C:\Users\AJI\.gradle\native\0.2.8\x86_64-windows-gnu\gradle-fileevents.dll
Event: 1.175 Loaded shared library C:\Users\AJI\.gradle\native\0.2.8\x86_64-windows-gnu\gradle-fileevents.dll
Event: 3.148 Attempting to load shared library C:\Users\AJI\.vscode\extensions\redhat.java-1.56.0-win32-x64\jre\21.0.12.1-win32-x86_64\bin\management.dll
Event: 3.148 Loaded shared library C:\Users\AJI\.vscode\extensions\redhat.java-1.56.0-win32-x64\jre\21.0.12.1-win32-x86_64\bin\management.dll
Event: 3.150 Attempting to load shared library C:\Users\AJI\.vscode\extensions\redhat.java-1.56.0-win32-x64\jre\21.0.12.1-win32-x86_64\bin\management_ext.dll
Event: 3.151 Loaded shared library C:\Users\AJI\.vscode\extensions\redhat.java-1.56.0-win32-x64\jre\21.0.12.1-win32-x86_64\bin\management_ext.dll
Event: 3.519 Attempting to load shared library C:\Users\AJI\.vscode\extensions\redhat.java-1.56.0-win32-x64\jre\21.0.12.1-win32-x86_64\bin\extnet.dll
Event: 3.520 Loaded shared library C:\Users\AJI\.vscode\extensions\redhat.java-1.56.0-win32-x64\jre\21.0.12.1-win32-x86_64\bin\extnet.dll
Event: 3.882 Attempting to load shared library C:\Users\AJI\.vscode\extensions\redhat.java-1.56.0-win32-x64\jre\21.0.12.1-win32-x86_64\bin\sunmscapi.dll
Event: 3.886 Loaded shared library C:\Users\AJI\.vscode\extensions\redhat.java-1.56.0-win32-x64\jre\21.0.12.1-win32-x86_64\bin\sunmscapi.dll

Deoptimization events (20 events):
Event: 418.424 Thread 0x0000027e69d0df10 DEOPT PACKING pc=0x0000027e1052b5b8 sp=0x000000a4912fa2d0
Event: 418.424 Thread 0x0000027e69d0df10 DEOPT UNPACKING pc=0x0000027e0fca4422 sp=0x000000a4912fa278 mode 2
Event: 418.878 Thread 0x0000027e69963980 Uncommon trap: trap_request=0xffffff45 fr.pc=0x0000027e1053d458 relative=0x0000000000000138
Event: 418.878 Thread 0x0000027e69963980 Uncommon trap: reason=unstable_if action=reinterpret pc=0x0000027e1053d458 method=jdk.internal.org.objectweb.asm.ByteVector.putInt(I)Ljdk/internal/org/objectweb/asm/ByteVector; @ 13 c2
Event: 418.879 Thread 0x0000027e69963980 DEOPT PACKING pc=0x0000027e1053d458 sp=0x000000a48cff0980
Event: 418.879 Thread 0x0000027e69963980 DEOPT UNPACKING pc=0x0000027e0fca4422 sp=0x000000a48cff0918 mode 2
Event: 418.904 Thread 0x0000027e69963980 DEOPT PACKING pc=0x0000027e00891632 sp=0x000000a48cff1940
Event: 418.904 Thread 0x0000027e69963980 DEOPT UNPACKING pc=0x0000027e0fca4bc2 sp=0x000000a48cff0e20 mode 0
Event: 418.904 Thread 0x0000027e69963980 Uncommon trap: trap_request=0xffffff45 fr.pc=0x0000027e103e1d58 relative=0x0000000000000df8
Event: 418.904 Thread 0x0000027e69963980 Uncommon trap: reason=unstable_if action=reinterpret pc=0x0000027e103e1d58 method=java.util.Properties$LineReader.readLine()I @ 249 c2
Event: 418.904 Thread 0x0000027e69963980 DEOPT PACKING pc=0x0000027e103e1d58 sp=0x000000a48cff1980
Event: 418.904 Thread 0x0000027e69963980 DEOPT UNPACKING pc=0x0000027e0fca4422 sp=0x000000a48cff1930 mode 2
Event: 418.915 Thread 0x0000027e69963980 Uncommon trap: trap_request=0xffffff45 fr.pc=0x0000027e103efddc relative=0x000000000000069c
Event: 418.915 Thread 0x0000027e69963980 Uncommon trap: reason=unstable_if action=reinterpret pc=0x0000027e103efddc method=java.io.WinNTFileSystem.prefixLength(Ljava/lang/String;)I @ 42 c2
Event: 418.915 Thread 0x0000027e69963980 DEOPT PACKING pc=0x0000027e103efddc sp=0x000000a48cff1f70
Event: 418.915 Thread 0x0000027e69963980 DEOPT UNPACKING pc=0x0000027e0fca4422 sp=0x000000a48cff1ec8 mode 2
Event: 418.915 Thread 0x0000027e69963980 Uncommon trap: trap_request=0xffffff45 fr.pc=0x0000027e1073d3b4 relative=0x00000000000002d4
Event: 418.915 Thread 0x0000027e69963980 Uncommon trap: reason=unstable_if action=reinterpret pc=0x0000027e1073d3b4 method=java.io.WinNTFileSystem.prefixLength(Ljava/lang/String;)I @ 42 c2
Event: 418.915 Thread 0x0000027e69963980 DEOPT PACKING pc=0x0000027e1073d3b4 sp=0x000000a48cff1f30
Event: 418.915 Thread 0x0000027e69963980 DEOPT UNPACKING pc=0x0000027e0fca4422 sp=0x000000a48cff1ec8 mode 2

Classes loaded (20 events):
Event: 418.910 Loading class jdk/xml/internal/XMLSecurityManager$Limit
Event: 418.911 Loading class jdk/xml/internal/XMLSecurityManager$Limit done
Event: 418.911 Loading class jdk/xml/internal/XMLSecurityManager$Processor
Event: 418.911 Loading class jdk/xml/internal/XMLSecurityManager$Processor done
Event: 418.911 Loading class jdk/xml/internal/XMLSecurityManager$NameMap
Event: 418.911 Loading class jdk/xml/internal/XMLSecurityManager$NameMap done
Event: 418.911 Loading class com/sun/org/apache/xerces/internal/utils/XMLSecurityPropertyManager
Event: 418.911 Loading class com/sun/org/apache/xerces/internal/utils/XMLSecurityPropertyManager done
Event: 418.911 Loading class com/sun/org/apache/xerces/internal/utils/XMLSecurityPropertyManager$State
Event: 418.912 Loading class com/sun/org/apache/xerces/internal/utils/XMLSecurityPropertyManager$State done
Event: 418.912 Loading class com/sun/org/apache/xerces/internal/utils/XMLSecurityPropertyManager$Property
Event: 418.912 Loading class com/sun/org/apache/xerces/internal/utils/XMLSecurityPropertyManager$Property done
Event: 418.912 Loading class javax/xml/parsers/DocumentBuilderFactory
Event: 418.912 Loading class javax/xml/parsers/DocumentBuilderFactory done
Event: 418.913 Loading class javax/xml/parsers/FactoryFinder
Event: 418.913 Loading class javax/xml/parsers/FactoryFinder done
Event: 418.913 Loading class javax/xml/parsers/FactoryFinder$1
Event: 418.913 Loading class javax/xml/parsers/FactoryFinder$1 done
Event: 418.914 Loading class com/sun/org/apache/xerces/internal/jaxp/DocumentBuilderFactoryImpl
Event: 418.915 Loading class com/sun/org/apache/xerces/internal/jaxp/DocumentBuilderFactoryImpl done

Classes unloaded (0 events):
No events

Classes redefined (0 events):
No events

Internal exceptions (20 events):
Event: 406.677 Thread 0x0000027e69963980 Exception <a 'java/lang/NoSuchMethodError'{0x000000060d7cbc58}: 'java.lang.Object java.lang.invoke.Invokers$Holder.linkToTargetMethod(java.lang.Object, java.lang.Object, int, java.lang.Object, java.lang.Object)'> (0x000000060d7cbc58) 
thrown [s\src\hotspot\share\interpreter\linkResolver.cpp, line 773]
Event: 406.826 Thread 0x0000027e69963980 Exception <a 'java/lang/NoSuchMethodError'{0x000000060d2bffb8}: 'java.lang.Object java.lang.invoke.DirectMethodHandle$Holder.newInvokeSpecial(java.lang.Object, int, java.lang.Object)'> (0x000000060d2bffb8) 
thrown [s\src\hotspot\share\interpreter\linkResolver.cpp, line 773]
Event: 407.281 Thread 0x0000027e69963980 Exception <a 'java/lang/NoSuchMethodError'{0x000000060479a088}: 'java.lang.Object java.lang.invoke.DirectMethodHandle$Holder.invokeSpecial(java.lang.Object, java.lang.Object, java.lang.Object, int, java.lang.Object)'> (0x000000060479a088) 
thrown [s\src\hotspot\share\interpreter\linkResolver.cpp, line 773]
Event: 407.455 Thread 0x0000027e69963980 Exception <a 'java/lang/NoSuchMethodError'{0x0000000604232488}: 'int java.lang.invoke.DirectMethodHandle$Holder.invokeSpecialIFC(java.lang.Object, java.lang.Object, java.lang.Object)'> (0x0000000604232488) 
thrown [s\src\hotspot\share\interpreter\linkResolver.cpp, line 773]
Event: 407.852 Thread 0x0000027e69963980 Exception <a 'java/lang/NoSuchMethodError'{0x0000000603f41dd0}: 'java.lang.Object java.lang.invoke.DirectMethodHandle$Holder.newInvokeSpecial(java.lang.Object, java.lang.Object, long, java.lang.Object)'> (0x0000000603f41dd0) 
thrown [s\src\hotspot\share\interpreter\linkResolver.cpp, line 773]
Event: 407.853 Thread 0x0000027e69963980 Exception <a 'java/lang/NoSuchMethodError'{0x0000000603f47380}: 'java.lang.Object java.lang.invoke.DirectMethodHandle$Holder.invokeSpecial(java.lang.Object, java.lang.Object, java.lang.Object, long, java.lang.Object)'> (0x0000000603f47380) 
thrown [s\src\hotspot\share\interpreter\linkResolver.cpp, line 773]
Event: 407.853 Thread 0x0000027e69963980 Exception <a 'java/lang/NoSuchMethodError'{0x0000000603f4c2b0}: 'java.lang.Object java.lang.invoke.Invokers$Holder.linkToTargetMethod(java.lang.Object, long, java.lang.Object, java.lang.Object)'> (0x0000000603f4c2b0) 
thrown [s\src\hotspot\share\interpreter\linkResolver.cpp, line 773]
Event: 407.878 Thread 0x0000027e69963980 Exception <a 'java/lang/NoSuchMethodError'{0x0000000603f78578}: 'void java.lang.invoke.DirectMethodHandle$Holder.invokeStatic(java.lang.Object, java.lang.Object, java.lang.Object, int, java.lang.Object)'> (0x0000000603f78578) 
thrown [s\src\hotspot\share\interpreter\linkResolver.cpp, line 773]
Event: 408.054 Thread 0x0000027e69963980 Exception <a 'java/lang/NoSuchMethodError'{0x000000060393cde0}: 'int java.lang.invoke.DirectMethodHandle$Holder.invokeInterface(java.lang.Object, java.lang.Object, java.lang.Object, java.lang.Object, java.lang.Object)'> (0x000000060393cde0) 
thrown [s\src\hotspot\share\interpreter\linkResolver.cpp, line 773]
Event: 408.282 Thread 0x0000027e69963980 Exception <a 'java/lang/NoSuchMethodError'{0x0000000603452690}: 'java.lang.Object java.lang.invoke.DirectMethodHandle$Holder.invokeSpecial(java.lang.Object, java.lang.Object, long, java.lang.Object, java.lang.Object)'> (0x0000000603452690) 
thrown [s\src\hotspot\share\interpreter\linkResolver.cpp, line 773]
Event: 409.464 Thread 0x0000027e69963980 Exception <a 'java/lang/IncompatibleClassChangeError'{0x0000000602cb1280}: Found class java.lang.Object, but interface was expected> (0x0000000602cb1280) 
thrown [s\src\hotspot\share\interpreter\linkResolver.cpp, line 840]
Event: 409.508 Thread 0x0000027e687f1fb0 Exception <a 'java/lang/NoSuchMethodError'{0x0000000602ec3838}: 'void java.lang.invoke.DirectMethodHandle$Holder.invokeVirtual(java.lang.Object, java.lang.Object)'> (0x0000000602ec3838) 
thrown [s\src\hotspot\share\interpreter\linkResolver.cpp, line 773]
Event: 409.509 Thread 0x0000027e687f5430 Exception <a 'java/lang/NoSuchMethodError'{0x0000000602edbfa0}: 'void java.lang.invoke.DirectMethodHandle$Holder.invokeVirtual(java.lang.Object, java.lang.Object)'> (0x0000000602edbfa0) 
thrown [s\src\hotspot\share\interpreter\linkResolver.cpp, line 773]
Event: 410.334 Thread 0x0000027e69963980 Exception <a 'java/lang/NoSuchMethodError'{0x00000007ff72b1f8}: 'java.lang.Object java.lang.invoke.DirectMethodHandle$Holder.newInvokeSpecial(java.lang.Object, java.lang.Object, java.lang.Object, java.lang.Object, int, java.lang.Object)'> (0x00000007ff72b1f8) 
thrown [s\src\hotspot\share\interpreter\linkResolver.cpp, line 773]
Event: 410.334 Thread 0x0000027e69963980 Exception <a 'java/lang/NoSuchMethodError'{0x00000007ff730aa8}: 'java.lang.Object java.lang.invoke.DirectMethodHandle$Holder.invokeSpecial(java.lang.Object, java.lang.Object, java.lang.Object, java.lang.Object, java.lang.Object, int, java.lang.Object)'> (0x00000007ff730aa8) 
thrown [s\src\hotspot\share\interpreter\linkResolver.cpp, line 773]
Event: 410.335 Thread 0x0000027e69963980 Exception <a 'java/lang/NoSuchMethodError'{0x00000007ff735bd8}: 'java.lang.Object java.lang.invoke.Invokers$Holder.linkToTargetMethod(java.lang.Object, java.lang.Object, java.lang.Object, int, java.lang.Object, java.lang.Object)'> (0x00000007ff735bd8) 
thrown [s\src\hotspot\share\interpreter\linkResolver.cpp, line 773]
Event: 417.980 Thread 0x0000027e69963980 Exception <a 'java/lang/NoSuchMethodError'{0x000000060ce90ff8}: 'java.lang.Object java.lang.invoke.DirectMethodHandle$Holder.invokeSpecialIFC(java.lang.Object, java.lang.Object, java.lang.Object)'> (0x000000060ce90ff8) 
thrown [s\src\hotspot\share\interpreter\linkResolver.cpp, line 773]
Event: 418.939 Thread 0x0000027e69963980 Exception <a 'java/lang/NoSuchMethodError'{0x000000060fb223d0}: 'java.lang.Object java.lang.invoke.DirectMethodHandle$Holder.newInvokeSpecial(java.lang.Object, java.lang.Object, java.lang.Object, java.lang.Object, java.lang.Object, java.lang.Object, java.lang.Object, java.lang.Object, java.lang.Object, java.lang.Object, java.lang.Object, java.lang.Object, java.lang.Object, java.lang.Object, java.lang.Object, java.lang.Object)'> (0x000000060fb223d0) 
thrown [s\src\hotspot\share\interpreter\linkResolver.cpp,
Event: 418.940 Thread 0x0000027e69963980 Exception <a 'java/lang/NoSuchMethodError'{0x000000060fb29a30}: 'java.lang.Object java.lang.invoke.DirectMethodHandle$Holder.invokeSpecial(java.lang.Object, java.lang.Object, java.lang.Object, java.lang.Object, java.lang.Object, java.lang.Object, java.lang.Object, java.lang.Object, java.lang.Object, java.lang.Object, java.lang.Object, java.lang.Object, java.lang.Object, java.lang.Object, java.lang.Object, java.lang.Object, java.lang.Object)'> (0x000000060fb29a30) 
thrown [s\src\hotspot\share\interpreter\li
Event: 418.941 Thread 0x0000027e69963980 Exception <a 'java/lang/NoSuchMethodError'{0x000000060fb2fe30}: 'java.lang.Object java.lang.invoke.DelegatingMethodHandle$Holder.reinvoke_L(java.lang.Object, java.lang.Object, java.lang.Object, java.lang.Object, java.lang.Object, java.lang.Object, java.lang.Object, java.lang.Object, java.lang.Object, java.lang.Object, java.lang.Object, java.lang.Object, java.lang.Object, java.lang.Object, java.lang.Object, java.lang.Object)'> (0x000000060fb2fe30) 
thrown [s\src\hotspot\share\interpreter\linkResolver.cpp, l

ZGC Phase Switch (0 events):
No events

VM Operations (20 events):
Event: 408.259 Executing non-safepoint VM operation: HandshakeAllThreads (Deoptimize)
Event: 408.259 Executing non-safepoint VM operation: HandshakeAllThreads (Deoptimize) done
Event: 409.261 Executing safepoint VM operation: Cleanup
Event: 409.277 Executing safepoint VM operation: Cleanup done
Event: 410.224 Executing safepoint VM operation: G1CollectForAllocation (G1 Evacuation Pause)
Event: 410.236 Executing safepoint VM operation: G1CollectForAllocation (G1 Evacuation Pause) done
Event: 410.320 Executing non-safepoint VM operation: HandshakeAllThreads (Deoptimize)
Event: 410.321 Executing non-safepoint VM operation: HandshakeAllThreads (Deoptimize) done
Event: 411.322 Executing safepoint VM operation: Cleanup
Event: 411.322 Executing safepoint VM operation: Cleanup done
Event: 414.336 Executing safepoint VM operation: Cleanup
Event: 414.336 Executing safepoint VM operation: Cleanup done
Event: 417.359 Executing safepoint VM operation: Cleanup
Event: 417.422 Executing safepoint VM operation: Cleanup done
Event: 418.106 Executing safepoint VM operation: ICBufferFull
Event: 418.107 Executing safepoint VM operation: ICBufferFull done
Event: 418.538 Executing safepoint VM operation: ICBufferFull
Event: 418.539 Executing safepoint VM operation: ICBufferFull done
Event: 418.617 Executing safepoint VM operation: G1CollectForAllocation (G1 Evacuation Pause)
Event: 418.631 Executing safepoint VM operation: G1CollectForAllocation (G1 Evacuation Pause) done

Memory protections (0 events):
No events

Nmethod flushes (20 events):
Event: 40.648 Thread 0x0000027e7faee340 flushing  nmethod 0x0000027e000e3b10
Event: 40.648 Thread 0x0000027e7faee340 flushing  nmethod 0x0000027e000e4010
Event: 40.648 Thread 0x0000027e7faee340 flushing  nmethod 0x0000027e000e4410
Event: 40.648 Thread 0x0000027e7faee340 flushing  nmethod 0x0000027e00174d90
Event: 40.648 Thread 0x0000027e7faee340 flushing  nmethod 0x0000027e00175390
Event: 40.648 Thread 0x0000027e7faee340 flushing  nmethod 0x0000027e0017d510
Event: 40.648 Thread 0x0000027e7faee340 flushing  nmethod 0x0000027e0017e490
Event: 40.648 Thread 0x0000027e7faee340 flushing  nmethod 0x0000027e0017f210
Event: 40.648 Thread 0x0000027e7faee340 flushing  nmethod 0x0000027e001ba590
Event: 40.648 Thread 0x0000027e7faee340 flushing  nmethod 0x0000027e001bb990
Event: 40.648 Thread 0x0000027e7faee340 flushing  nmethod 0x0000027e001bdf90
Event: 40.648 Thread 0x0000027e7faee340 flushing  nmethod 0x0000027e001c1c10
Event: 40.648 Thread 0x0000027e7faee340 flushing  nmethod 0x0000027e001ee990
Event: 40.648 Thread 0x0000027e7faee340 flushing  nmethod 0x0000027e001f1090
Event: 40.648 Thread 0x0000027e7faee340 flushing  nmethod 0x0000027e001f1c90
Event: 40.648 Thread 0x0000027e7faee340 flushing  nmethod 0x0000027e001f3710
Event: 40.648 Thread 0x0000027e7faee340 flushing  nmethod 0x0000027e0036a210
Event: 40.648 Thread 0x0000027e7faee340 flushing  nmethod 0x0000027e005c0790
Event: 40.648 Thread 0x0000027e7faee340 flushing  nmethod 0x0000027e005c2610
Event: 40.648 Thread 0x0000027e7faee340 flushing  nmethod 0x0000027e005d3110

Events (20 events):
Event: 417.671 Thread 0x0000027e69963980 Thread added: 0x0000027e69d0d880
Event: 417.981 Thread 0x0000027e69963980 Thread added: 0x0000027e69d0ec30
Event: 417.982 Thread 0x0000027e69963980 Thread added: 0x0000027e69d0f950
Event: 417.983 Thread 0x0000027e69963980 Thread added: 0x0000027e69d10670
Event: 417.983 Thread 0x0000027e69963980 Thread added: 0x0000027e69d0ffe0
Event: 417.984 Thread 0x0000027e69963980 Thread added: 0x0000027e69d0d1f0
Event: 417.984 Thread 0x0000027e69963980 Thread added: 0x0000027e69d10d00
Event: 417.985 Thread 0x0000027e69963980 Thread added: 0x0000027e69d11390
Event: 417.985 Thread 0x0000027e69963980 Thread added: 0x0000027e69d0df10
Event: 417.986 Thread 0x0000027e69963980 Thread added: 0x0000027e69d13af0
Event: 417.987 Thread 0x0000027e69963980 Thread added: 0x0000027e69d11a20
Event: 417.987 Thread 0x0000027e69963980 Thread added: 0x0000027e69d13460
Event: 417.988 Thread 0x0000027e69963980 Thread added: 0x0000027e69d12740
Event: 417.988 Thread 0x0000027e69963980 Thread added: 0x0000027e69d120b0
Event: 417.990 Thread 0x0000027e69963980 Thread added: 0x0000027e69d14180
Event: 417.991 Thread 0x0000027e69963980 Thread added: 0x0000027e69d12dd0
Event: 417.992 Thread 0x0000027e69963980 Thread added: 0x0000027e69d14810
Event: 417.993 Thread 0x0000027e69963980 Thread added: 0x0000027e6a4ee330
Event: 417.993 Thread 0x0000027e69963980 Thread added: 0x0000027e6a4ee9c0
Event: 417.994 Thread 0x0000027e69963980 Thread added: 0x0000027e6a4ec8f0


Dynamic libraries:
0x00007ff79bf90000 - 0x00007ff79bf9e000 	C:\Users\AJI\.vscode\extensions\redhat.java-1.56.0-win32-x64\jre\21.0.12.1-win32-x86_64\bin\java.exe
0x00007ffe02160000 - 0x00007ffe023c7000 	C:\WINDOWS\SYSTEM32\ntdll.dll
0x00007ffe003b0000 - 0x00007ffe0047b000 	C:\WINDOWS\System32\KERNEL32.DLL
0x00007ffdff6f0000 - 0x00007ffdffaf2000 	C:\WINDOWS\System32\KERNELBASE.dll
0x00007ffdff410000 - 0x00007ffdff55c000 	C:\WINDOWS\System32\ucrtbase.dll
0x00007ffd821c0000 - 0x00007ffd821d8000 	C:\Users\AJI\.vscode\extensions\redhat.java-1.56.0-win32-x64\jre\21.0.12.1-win32-x86_64\bin\jli.dll
0x00007ffe019a0000 - 0x00007ffe01b6f000 	C:\WINDOWS\System32\USER32.dll
0x00007ffdff570000 - 0x00007ffdff597000 	C:\WINDOWS\System32\win32u.dll
0x00007ffe01970000 - 0x00007ffe0199b000 	C:\WINDOWS\System32\GDI32.dll
0x00007ffdffc90000 - 0x00007ffdffdb9000 	C:\WINDOWS\System32\gdi32full.dll
0x00007ffdff360000 - 0x00007ffdff403000 	C:\WINDOWS\System32\msvcp_win.dll
0x00007ffddfe30000 - 0x00007ffde00c0000 	C:\WINDOWS\WinSxS\amd64_microsoft.windows.common-controls_6595b64144ccf1df_6.0.26100.9278_none_3e0d1ba8e3303201\COMCTL32.dll
0x00007ffe018c0000 - 0x00007ffe01969000 	C:\WINDOWS\System32\msvcrt.dll
0x00007ffdc0f00000 - 0x00007ffdc0f1e000 	C:\Users\AJI\.vscode\extensions\redhat.java-1.56.0-win32-x64\jre\21.0.12.1-win32-x86_64\bin\VCRUNTIME140.dll
0x00007ffe01b90000 - 0x00007ffe01bc1000 	C:\WINDOWS\System32\IMM32.DLL
0x00007ffdd7ca0000 - 0x00007ffdd7cac000 	C:\Users\AJI\.vscode\extensions\redhat.java-1.56.0-win32-x64\jre\21.0.12.1-win32-x86_64\bin\vcruntime140_1.dll
0x00007ffd7e7f0000 - 0x00007ffd7e87d000 	C:\Users\AJI\.vscode\extensions\redhat.java-1.56.0-win32-x64\jre\21.0.12.1-win32-x86_64\bin\msvcp140.dll
0x00007ffcef0f0000 - 0x00007ffcefe92000 	C:\Users\AJI\.vscode\extensions\redhat.java-1.56.0-win32-x64\jre\21.0.12.1-win32-x86_64\bin\server\jvm.dll
0x00007ffe002e0000 - 0x00007ffe0039c000 	C:\WINDOWS\System32\ADVAPI32.dll
0x00007ffe00230000 - 0x00007ffe002d9000 	C:\WINDOWS\System32\sechost.dll
0x00007ffdfff30000 - 0x00007ffe00048000 	C:\WINDOWS\System32\RPCRT4.dll
0x00007ffe01720000 - 0x00007ffe017a0000 	C:\WINDOWS\System32\WS2_32.dll
0x00007ffdff1c0000 - 0x00007ffdff21e000 	C:\WINDOWS\SYSTEM32\POWRPROF.dll
0x00007ffdf5020000 - 0x00007ffdf502b000 	C:\WINDOWS\SYSTEM32\VERSION.dll
0x00007ffdfb560000 - 0x00007ffdfb596000 	C:\WINDOWS\SYSTEM32\WINMM.dll
0x00007ffdff1a0000 - 0x00007ffdff1b5000 	C:\WINDOWS\SYSTEM32\UMPDC.dll
0x00007ffdfdf70000 - 0x00007ffdfdf8b000 	C:\WINDOWS\SYSTEM32\kernel.appcore.dll
0x00007ffdd7be0000 - 0x00007ffdd7bea000 	C:\Users\AJI\.vscode\extensions\redhat.java-1.56.0-win32-x64\jre\21.0.12.1-win32-x86_64\bin\jimage.dll
0x00007ffdfc940000 - 0x00007ffdfcb8c000 	C:\WINDOWS\SYSTEM32\DBGHELP.DLL
0x00007ffe00d20000 - 0x00007ffe010a5000 	C:\WINDOWS\System32\combase.dll
0x00007ffe011b0000 - 0x00007ffe01289000 	C:\WINDOWS\System32\OLEAUT32.dll
0x00007ffdde450000 - 0x00007ffdde48b000 	C:\WINDOWS\SYSTEM32\dbgcore.DLL
0x00007ffdffdc0000 - 0x00007ffdffe6c000 	C:\WINDOWS\System32\bcryptPrimitives.dll
0x00007ffdd70d0000 - 0x00007ffdd70df000 	C:\Users\AJI\.vscode\extensions\redhat.java-1.56.0-win32-x64\jre\21.0.12.1-win32-x86_64\bin\instrument.dll
0x00007ffd7fbb0000 - 0x00007ffd7fbd0000 	C:\Users\AJI\.vscode\extensions\redhat.java-1.56.0-win32-x64\jre\21.0.12.1-win32-x86_64\bin\java.dll
0x00007ffe00580000 - 0x00007ffe00d18000 	C:\WINDOWS\System32\SHELL32.dll
0x00007ffdfcd80000 - 0x00007ffdfd62e000 	C:\WINDOWS\SYSTEM32\windows.storage.dll
0x00007ffe01320000 - 0x00007ffe0141b000 	C:\WINDOWS\System32\SHCORE.dll
0x00007ffe010b0000 - 0x00007ffe01116000 	C:\WINDOWS\System32\shlwapi.dll
0x00007ffdff280000 - 0x00007ffdff2a9000 	C:\WINDOWS\SYSTEM32\profapi.dll
0x00007ffd7fb90000 - 0x00007ffd7fba8000 	C:\Users\AJI\.vscode\extensions\redhat.java-1.56.0-win32-x64\jre\21.0.12.1-win32-x86_64\bin\zip.dll
0x00007ffdd7b20000 - 0x00007ffdd7b30000 	C:\Users\AJI\.vscode\extensions\redhat.java-1.56.0-win32-x64\jre\21.0.12.1-win32-x86_64\bin\net.dll
0x00007ffdf8730000 - 0x00007ffdf885a000 	C:\WINDOWS\SYSTEM32\WINHTTP.dll
0x00007ffdfe5f0000 - 0x00007ffdfe65c000 	C:\WINDOWS\system32\mswsock.dll
0x00007ffd7e7d0000 - 0x00007ffd7e7e6000 	C:\Users\AJI\.vscode\extensions\redhat.java-1.56.0-win32-x64\jre\21.0.12.1-win32-x86_64\bin\nio.dll
0x00007ffdd1b60000 - 0x00007ffdd1b70000 	C:\Users\AJI\.vscode\extensions\redhat.java-1.56.0-win32-x64\jre\21.0.12.1-win32-x86_64\bin\verify.dll
0x00007ffd7fce0000 - 0x00007ffd7fd07000 	C:\Users\AJI\.gradle\native\1def1411415f61bf3af743bc5b6707747c0891f09f0c88961ee8f79bc544acac\windows-amd64\native-platform.dll
0x00007ffcf9e70000 - 0x00007ffcf9ee7000 	C:\Users\AJI\.gradle\native\0.2.8\x86_64-windows-gnu\gradle-fileevents.dll
0x00007ffdd17c0000 - 0x00007ffdd17ca000 	C:\Users\AJI\.vscode\extensions\redhat.java-1.56.0-win32-x64\jre\21.0.12.1-win32-x86_64\bin\management.dll
0x00007ffdd0ce0000 - 0x00007ffdd0cec000 	C:\Users\AJI\.vscode\extensions\redhat.java-1.56.0-win32-x64\jre\21.0.12.1-win32-x86_64\bin\management_ext.dll
0x00007ffe01b80000 - 0x00007ffe01b88000 	C:\WINDOWS\System32\PSAPI.DLL
0x00007ffdfd9b0000 - 0x00007ffdfd9e3000 	C:\WINDOWS\SYSTEM32\IPHLPAPI.DLL
0x00007ffdfff00000 - 0x00007ffdfff0a000 	C:\WINDOWS\System32\NSI.dll
0x00007ffdd0ba0000 - 0x00007ffdd0ba9000 	C:\Users\AJI\.vscode\extensions\redhat.java-1.56.0-win32-x64\jre\21.0.12.1-win32-x86_64\bin\extnet.dll
0x00007ffdfe8e0000 - 0x00007ffdfe8fb000 	C:\WINDOWS\SYSTEM32\CRYPTSP.dll
0x00007ffdfdf90000 - 0x00007ffdfdfc9000 	C:\WINDOWS\system32\rsaenh.dll
0x00007ffdfe6a0000 - 0x00007ffdfe6d4000 	C:\WINDOWS\SYSTEM32\USERENV.dll
0x00007ffdff250000 - 0x00007ffdff27a000 	C:\WINDOWS\SYSTEM32\bcrypt.dll
0x00007ffdfe900000 - 0x00007ffdfe90c000 	C:\WINDOWS\SYSTEM32\CRYPTBASE.dll
0x00007ffdd0640000 - 0x00007ffdd064e000 	C:\Users\AJI\.vscode\extensions\redhat.java-1.56.0-win32-x64\jre\21.0.12.1-win32-x86_64\bin\sunmscapi.dll
0x00007ffdffb00000 - 0x00007ffdffc7e000 	C:\WINDOWS\System32\CRYPT32.dll
0x00007ffdfeb20000 - 0x00007ffdfeb50000 	C:\WINDOWS\SYSTEM32\ncrypt.dll
0x00007ffdfead0000 - 0x00007ffdfeb0f000 	C:\WINDOWS\SYSTEM32\NTASN1.dll
0x00007ffdd4f00000 - 0x00007ffdd4f08000 	C:\WINDOWS\system32\wshunix.dll

JVMTI agents:
C:\Users\AJI\.gradle\wrapper\dists\gradle-9.1.0-all\7wzd0jkjit61aq2p43wpjgij9\gradle-9.1.0\lib\agents\gradle-instrumentation-agent-9.1.0.jar path:C:\Users\AJI\.vscode\extensions\redhat.java-1.56.0-win32-x64\jre\21.0.12.1-win32-x86_64\bin\instrument.dll, loaded, initialized, instrumentlib options:none

dbghelp: loaded successfully - version: 4.0.5 - missing functions: none
symbol engine: initialized successfully - sym options: 0x614 - pdb path: .;C:\Users\AJI\.vscode\extensions\redhat.java-1.56.0-win32-x64\jre\21.0.12.1-win32-x86_64\bin;C:\WINDOWS\SYSTEM32;C:\WINDOWS\WinSxS\amd64_microsoft.windows.common-controls_6595b64144ccf1df_6.0.26100.9278_none_3e0d1ba8e3303201;C:\Users\AJI\.vscode\extensions\redhat.java-1.56.0-win32-x64\jre\21.0.12.1-win32-x86_64\bin\server;C:\Users\AJI\.gradle\native\1def1411415f61bf3af743bc5b6707747c0891f09f0c88961ee8f79bc544acac\windows-amd64;C:\Users\AJI\.gradle\native\0.2.8\x86_64-windows-gnu

VM Arguments:
jvm_args: --add-opens=java.base/java.lang=ALL-UNNAMED --add-opens=java.base/java.lang.invoke=ALL-UNNAMED --add-opens=java.base/java.util=ALL-UNNAMED --add-opens=java.prefs/java.util.prefs=ALL-UNNAMED --add-exports=jdk.compiler/com.sun.tools.javac.api=ALL-UNNAMED --add-exports=jdk.compiler/com.sun.tools.javac.util=ALL-UNNAMED --add-opens=java.base/java.util=ALL-UNNAMED --add-opens=java.prefs/java.util.prefs=ALL-UNNAMED --add-opens=java.base/java.nio.charset=ALL-UNNAMED --add-opens=java.base/java.net=ALL-UNNAMED --add-opens=java.base/java.util.concurrent=ALL-UNNAMED --add-opens=java.base/java.util.concurrent.atomic=ALL-UNNAMED --add-opens=java.xml/javax.xml.namespace=ALL-UNNAMED --add-opens=java.base/java.time=ALL-UNNAMED -XX:MaxMetaspaceSize=4G -XX:ReservedCodeCacheSize=512m -XX:+HeapDumpOnOutOfMemoryError -Xmx8G -Dfile.encoding=UTF-8 -Duser.country=IN -Duser.language=en -Duser.variant -javaagent:C:\Users\AJI\.gradle\wrapper\dists\gradle-9.1.0-all\7wzd0jkjit61aq2p43wpjgij9\gradle-9.1.0\lib\agents\gradle-instrumentation-agent-9.1.0.jar 
java_command: org.gradle.launcher.daemon.bootstrap.GradleDaemon 9.1.0
java_class_path (initial): C:\Users\AJI\.gradle\wrapper\dists\gradle-9.1.0-all\7wzd0jkjit61aq2p43wpjgij9\gradle-9.1.0\lib\gradle-daemon-main-9.1.0.jar
Launcher Type: SUN_STANDARD

[Global flags]
     intx CICompilerCount                          = 12                                        {product} {ergonomic}
     uint ConcGCThreads                            = 4                                         {product} {ergonomic}
     uint G1ConcRefinementThreads                  = 15                                        {product} {ergonomic}
   size_t G1HeapRegionSize                         = 4194304                                   {product} {ergonomic}
    uintx GCDrainStackTargetSize                   = 64                                        {product} {ergonomic}
     bool HeapDumpOnOutOfMemoryError               = true                                   {manageable} {command line}
   size_t InitialHeapSize                          = 264241152                                 {product} {ergonomic}
   size_t MarkStackSize                            = 4194304                                   {product} {ergonomic}
   size_t MaxHeapSize                              = 8589934592                                {product} {command line}
   size_t MaxMetaspaceSize                         = 4294967296                                {product} {command line}
   size_t MaxNewSize                               = 5150605312                                {product} {ergonomic}
   size_t MinHeapDeltaBytes                        = 4194304                                   {product} {ergonomic}
   size_t MinHeapSize                              = 8388608                                   {product} {ergonomic}
    uintx NonNMethodCodeHeapSize                   = 7602480                                {pd product} {ergonomic}
    uintx NonProfiledCodeHeapSize                  = 264634216                              {pd product} {ergonomic}
    uintx ProfiledCodeHeapSize                     = 264634216                              {pd product} {ergonomic}
    uintx ReservedCodeCacheSize                    = 536870912                              {pd product} {command line}
     bool SegmentedCodeCache                       = true                                      {product} {ergonomic}
   size_t SoftMaxHeapSize                          = 8589934592                             {manageable} {ergonomic}
     bool UseCompressedOops                        = true                           {product lp64_product} {ergonomic}
     bool UseG1GC                                  = true                                      {product} {ergonomic}
     bool UseLargePagesIndividualAllocation        = false                                  {pd product} {ergonomic}

Logging:
Log output configuration:
 #0: stdout all=warning uptime,level,tags foldmultilines=false
 #1: stderr all=off uptime,level,tags foldmultilines=false

Release file:
JAVA_VERSION="21.0.12.1" 
MODULES="java.base java.compiler java.datatransfer java.xml java.prefs java.desktop java.instrument java.logging java.management java.security.sasl java.naming java.rmi java.management.rmi java.net.http java.scripting java.security.jgss java.transaction.xa java.sql java.sql.rowset java.xml.crypto java.se java.smartcardio jdk.accessibility jdk.internal.jvmstat jdk.attach jdk.charsets jdk.internal.opt jdk.zipfs jdk.compiler jdk.crypto.ec jdk.crypto.cryptoki jdk.crypto.mscapi jdk.dynalink jdk.internal.ed jdk.editpad jdk.hotspot.agent jdk.httpserver jdk.internal.le jdk.internal.vm.ci jdk.internal.vm.compiler jdk.internal.vm.compiler.management jdk.jartool jdk.javadoc jdk.jcmd jdk.management jdk.management.agent jdk.jconsole jdk.jdeps jdk.jdwp.agent jdk.jdi jdk.jfr jdk.jshell jdk.jsobject jdk.jstatd jdk.localedata jdk.management.jfr jdk.naming.dns jdk.naming.rmi jdk.net jdk.nio.mapmode jdk.random jdk.sctp jdk.security.auth jdk.security.jgss jdk.unsupported jdk.unsupported.desktop jdk.xml.dom" 

Environment Variables:
JAVA_HOME=C:\Program Files\Java\jdk-17
PATH=C:\Python314\Scripts\;C:\Python314\;C:\Program Files\Eclipse Adoptium\jdk-25.0.3.9-hotspot\bin;C:\Program Files\Microsoft\jdk-11.0.16.101-hotspot\bin;C:\WINDOWS\system32;C:\WINDOWS;C:\WINDOWS\System32\Wbem;C:\WINDOWS\System32\WindowsPowerShell\v1.0\;C:\WINDOWS\System32\OpenSSH\;C:\Program Files\dotnet\;C:\MinGW\bin;C:\ProgramData\chocolatey\bin;C:\Users\AJI\AppData\Local\Pub\Cache\bin;C:\Program Files\Java\jdk-17\bin;d:\cursor\resources\app\bin;C:\Users\AJI\develop\flutter\bin;C:\Users\AJI\.local\bin;D:\node\node_modules\npm\bin;D:\node\;C:\Program Files\nodejs\;C:\Program Files\nodejs\node_modules\npm\bin;C:\Users\AJI\Documents\MONGO\mongosh-2.9.2-win32-x64\bin;C:\xampp\php;C:\Program Files\Git\cmd;C:\Users\AJI\AppData\Local\Programs\Python\Python312\Scripts\;C:\Users\AJI\AppData\Local\Programs\Python\Python312\;C:\Users\AJI\.local\bin;C:\Users\AJI\AppData\Local\Microsoft\WindowsApps;D:\IntelliJ IDEA Community Edition 2023.1.5\bin;;C:\mingw64\bin;C:\Users\AJI\.dotnet\tools;C:\Users\AJI\Documents\flutter_windows_3.13.4-stable\flutter\bin;C:\Users\AJI\AppData\Local\Pub\Cache\bin;D:\flutter_pub_cache;C:\Users\AJI\AppData\Local\Android\Sdk;C:\Program Files\Java\jdk-17\bin;D:\rider\JetBrains Rider 2024.3.7\bin;;D:\Program Files\Microsoft VS Code\bin;D:\freelanceing\cursor\resources\app\bin;C:\Users\AJI\AppData\Local\Programs\Microsoft VS Code\bin;C:\Users\AJI\AppData\Local\Programs\cursor\resources\app\bin;C:\Users\AJI\AppData\Roaming\npm
USERNAME=AJI
OS=Windows_NT
PROCESSOR_IDENTIFIER=Intel64 Family 6 Model 154 Stepping 3, GenuineIntel
TMP=C:\Users\AJI\AppData\Local\Temp
TEMP=C:\Users\AJI\AppData\Local\Temp




Periodic native trim disabled

---------------  S Y S T E M  ---------------

OS:
 Windows 11 , 64 bit Build 26100 (10.0.26100.9444)
OS uptime: 0 days 0:15 hours
Hyper-V role detected

CPU: total 20 (initial active 20) (10 cores per cpu, 2 threads per core) family 6 model 154 stepping 3 microcode 0x43b, cx8, cmov, fxsr, ht, mmx, 3dnowpref, sse, sse2, sse3, ssse3, sse4.1, sse4.2, popcnt, lzcnt, tsc, tscinvbit, avx, avx2, aes, erms, clmul, bmi1, bmi2, adx, sha, fma, vzeroupper, clflush, clflushopt, clwb, hv, serialize, rdtscp, rdpid, fsrm, f16c, cet_ibt, cet_ss
Processor Information for processor 0
  Max Mhz: 2300, Current Mhz: 2300, Mhz Limit: 2300
Processor Information for processor 1
  Max Mhz: 2300, Current Mhz: 2300, Mhz Limit: 2300
Processor Information for processor 2
  Max Mhz: 2300, Current Mhz: 2300, Mhz Limit: 2300
Processor Information for processor 3
  Max Mhz: 2300, Current Mhz: 2300, Mhz Limit: 2300
Processor Information for processor 4
  Max Mhz: 2300, Current Mhz: 2300, Mhz Limit: 2300
Processor Information for processor 5
  Max Mhz: 2300, Current Mhz: 2300, Mhz Limit: 2300
Processor Information for processor 6
  Max Mhz: 2300, Current Mhz: 2300, Mhz Limit: 2300
Processor Information for processor 7
  Max Mhz: 2300, Current Mhz: 2300, Mhz Limit: 2300
Processor Information for processor 8
  Max Mhz: 2300, Current Mhz: 2300, Mhz Limit: 2300
Processor Information for processor 9
  Max Mhz: 2300, Current Mhz: 2300, Mhz Limit: 2300
Processor Information for processor 10
  Max Mhz: 2300, Current Mhz: 2300, Mhz Limit: 2300
Processor Information for processor 11
  Max Mhz: 2300, Current Mhz: 2300, Mhz Limit: 2300
Processor Information for processor 12
  Max Mhz: 2300, Current Mhz: 2300, Mhz Limit: 2300
Processor Information for processor 13
  Max Mhz: 2300, Current Mhz: 1488, Mhz Limit: 2300
Processor Information for processor 14
  Max Mhz: 2300, Current Mhz: 2300, Mhz Limit: 2300
Processor Information for processor 15
  Max Mhz: 2300, Current Mhz: 1488, Mhz Limit: 2300
Processor Information for processor 16
  Max Mhz: 2300, Current Mhz: 2300, Mhz Limit: 2300
Processor Information for processor 17
  Max Mhz: 2300, Current Mhz: 1488, Mhz Limit: 2300
Processor Information for processor 18
  Max Mhz: 2300, Current Mhz: 1488, Mhz Limit: 2300
Processor Information for processor 19
  Max Mhz: 2300, Current Mhz: 1488, Mhz Limit: 2300

Memory: 4k page, system-wide physical 16068M (67M free)
TotalPageFile size 65220M (AvailPageFile size 29M)
current process WorkingSet (physical memory assigned to process): 198M, peak: 269M
current process commit charge ("private bytes"): 339M, peak: 451M

vm_info: OpenJDK 64-Bit Server VM (21.0.12.1+1-LTS) for windows-amd64 JRE (21.0.12.1+1-LTS), built on 2026-08-18T00:00:00Z by "admin" with MS VC++ 17.12 (VS2022)

END.
