#
# There is insufficient memory for the Java Runtime Environment to continue.
# Native memory allocation (malloc) failed to allocate 470896 bytes. Error detail: Chunk::new
# Possible reasons:
#   The system is out of physical RAM or swap space
#   This process is running with CompressedOops enabled, and the Java Heap may be blocking the growth of the native heap
# Possible solutions:
#   Reduce memory load on the system
#   Increase physical memory or swap space
#   Check if swap backing store is full
#   Decrease Java heap size (-Xmx/-Xms)
#   Decrease number of Java threads
#   Decrease Java thread stack sizes (-Xss)
#   Set larger code cache with -XX:ReservedCodeCacheSize=
#   JVM is running with Zero Based Compressed Oops mode in which the Java heap is
#     placed in the first 32GB address space. The Java Heap base address is the
#     maximum limit for the native heap growth. Please use -XX:HeapBaseMinAddress
#     to set the Java Heap base and to place the Java Heap above 32GB virtual address.
# This output file may be truncated or incomplete.
#
#  Out of Memory Error (arena.cpp:168), pid=78680, tid=55508
#
# JRE version: OpenJDK Runtime Environment Temurin-21.0.12.1+1 (21.0.12.1+1) (build 21.0.12.1+1-LTS)
# Java VM: OpenJDK 64-Bit Server VM Temurin-21.0.12.1+1 (21.0.12.1+1-LTS, mixed mode, sharing, tiered, compressed oops, compressed class ptrs, g1 gc, windows-amd64)
# No core dump will be written. Minidumps are not enabled by default on client versions of Windows
#

---------------  S U M M A R Y ------------

Command Line: --add-opens=java.base/java.lang=ALL-UNNAMED --add-opens=java.base/java.lang.invoke=ALL-UNNAMED --add-opens=java.base/java.util=ALL-UNNAMED --add-opens=java.prefs/java.util.prefs=ALL-UNNAMED --add-exports=jdk.compiler/com.sun.tools.javac.api=ALL-UNNAMED --add-exports=jdk.compiler/com.sun.tools.javac.util=ALL-UNNAMED --add-opens=java.base/java.util=ALL-UNNAMED --add-opens=java.prefs/java.util.prefs=ALL-UNNAMED --add-opens=java.base/java.nio.charset=ALL-UNNAMED --add-opens=java.base/java.net=ALL-UNNAMED --add-opens=java.base/java.util.concurrent=ALL-UNNAMED --add-opens=java.base/java.util.concurrent.atomic=ALL-UNNAMED --add-opens=java.xml/javax.xml.namespace=ALL-UNNAMED --add-opens=java.base/java.time=ALL-UNNAMED -XX:MaxMetaspaceSize=4G -XX:ReservedCodeCacheSize=512m -XX:+HeapDumpOnOutOfMemoryError -Xmx8G -Dfile.encoding=UTF-8 -Duser.country=IN -Duser.language=en -Duser.variant -javaagent:C:\Users\AJI\.gradle\wrapper\dists\gradle-9.1.0-all\7wzd0jkjit61aq2p43wpjgij9\gradle-9.1.0\lib\agents\gradle-instrumentation-agent-9.1.0.jar org.gradle.launcher.daemon.bootstrap.GradleDaemon 9.1.0

Host: 12th Gen Intel(R) Core(TM) i7-12700H, 20 cores, 15G,  Windows 11 , 64 bit Build 26100 (10.0.26100.9444)
Time: Thu Sep 17 09:17:50 2026 India Standard Time elapsed time: 94.995886 seconds (0d 0h 1m 34s)

---------------  T H R E A D  ---------------

Current thread (0x000001e6d5ad4a70):  JavaThread "C2 CompilerThread0" daemon [_thread_in_native, id=55508, stack(0x000000ab81a00000,0x000000ab81b00000) (1024K)]


Current CompileTask:
C2:94995 4754   !   4       java.util.concurrent.locks.AbstractQueuedSynchronizer::acquire (424 bytes)

Stack: [0x000000ab81a00000,0x000000ab81b00000]
Native frames: (J=compiled Java code, j=interpreted, Vv=VM code, C=native code)
V  [jvm.dll+0x6d83e9]
V  [jvm.dll+0x8b5736]
V  [jvm.dll+0x8b7cee]
V  [jvm.dll+0x8b83d3]
V  [jvm.dll+0x284596]
V  [jvm.dll+0xc685d]
V  [jvm.dll+0xc6da1]
V  [jvm.dll+0x3bf151]
V  [jvm.dll+0x38b6d2]
V  [jvm.dll+0x38ab1a]
V  [jvm.dll+0x24c700]
V  [jvm.dll+0x24bce0]
V  [jvm.dll+0x1cb4ae]
V  [jvm.dll+0x25baad]
V  [jvm.dll+0x25a03a]
V  [jvm.dll+0x3f8aae]
V  [jvm.dll+0x8600cd]
V  [jvm.dll+0x6d6c1d]
C  [ucrtbase.dll+0x2cd30]
C  [KERNEL32.DLL+0x2cd87]
C  [ntdll.dll+0xacaec]


---------------  P R O C E S S  ---------------

Threads class SMR info:
_java_thread_list=0x000001e71fa09060, length=32, elements={
0x000001e6a7950e70, 0x000001e6d5acaea0, 0x000001e6d5acb900, 0x000001e6d5ad06e0,
0x000001e6d5ad52d0, 0x000001e6d5ad3150, 0x000001e6d5ad3ce0, 0x000001e6d5ad4a70,
0x000001e6d5adf220, 0x000001e6d8d4b8f0, 0x000001e6d8e30680, 0x000001e71f767790,
0x000001e71f830730, 0x000001e71f8c78b0, 0x000001e71f9aa320, 0x000001e71fa29c20,
0x000001e71fbe0210, 0x000001e71f99cfa0, 0x000001e71f99e350, 0x000001e71f99d630,
0x000001e71f99dcc0, 0x000001e71f99fd90, 0x000001e71f99e9e0, 0x000001e71f99f700,
0x000001e7219bf0d0, 0x000001e7219bc970, 0x000001e7219be3b0, 0x000001e7219bbc50,
0x000001e7219bc2e0, 0x000001e7219bf760, 0x000001e7219bd000, 0x000001e7219bfdf0
}

Java Threads: ( => current thread )
  0x000001e6a7950e70 JavaThread "main"                              [_thread_blocked, id=6456, stack(0x000000ab80c00000,0x000000ab80d00000) (1024K)]
  0x000001e6d5acaea0 JavaThread "Reference Handler"          daemon [_thread_blocked, id=61204, stack(0x000000ab81400000,0x000000ab81500000) (1024K)]
  0x000001e6d5acb900 JavaThread "Finalizer"                  daemon [_thread_blocked, id=25376, stack(0x000000ab81500000,0x000000ab81600000) (1024K)]
  0x000001e6d5ad06e0 JavaThread "Signal Dispatcher"          daemon [_thread_blocked, id=73472, stack(0x000000ab81600000,0x000000ab81700000) (1024K)]
  0x000001e6d5ad52d0 JavaThread "Attach Listener"            daemon [_thread_blocked, id=77908, stack(0x000000ab81700000,0x000000ab81800000) (1024K)]
  0x000001e6d5ad3150 JavaThread "Service Thread"             daemon [_thread_blocked, id=77404, stack(0x000000ab81800000,0x000000ab81900000) (1024K)]
  0x000001e6d5ad3ce0 JavaThread "Monitor Deflation Thread"   daemon [_thread_blocked, id=77960, stack(0x000000ab81900000,0x000000ab81a00000) (1024K)]
=>0x000001e6d5ad4a70 JavaThread "C2 CompilerThread0"         daemon [_thread_in_native, id=55508, stack(0x000000ab81a00000,0x000000ab81b00000) (1024K)]
  0x000001e6d5adf220 JavaThread "C1 CompilerThread0"         daemon [_thread_blocked, id=74788, stack(0x000000ab81b00000,0x000000ab81c00000) (1024K)]
  0x000001e6d8d4b8f0 JavaThread "Common-Cleaner"             daemon [_thread_blocked, id=66972, stack(0x000000ab81c00000,0x000000ab81d00000) (1024K)]
  0x000001e6d8e30680 JavaThread "Notification Thread"        daemon [_thread_blocked, id=33600, stack(0x000000ab81d00000,0x000000ab81e00000) (1024K)]
  0x000001e71f767790 JavaThread "Daemon health stats"               [_thread_blocked, id=52532, stack(0x000000ab82700000,0x000000ab82800000) (1024K)]
  0x000001e71f830730 JavaThread "Incoming local TCP Connector on port 44558"        [_thread_in_native, id=45360, stack(0x000000ab82800000,0x000000ab82900000) (1024K)]
  0x000001e71f8c78b0 JavaThread "Daemon periodic checks"            [_thread_blocked, id=47860, stack(0x000000ab82900000,0x000000ab82a00000) (1024K)]
  0x000001e71f9aa320 JavaThread "Daemon"                            [_thread_blocked, id=34836, stack(0x000000ab82a00000,0x000000ab82b00000) (1024K)]
  0x000001e71fa29c20 JavaThread "Handler for socket connection from /127.0.0.1:44558 to /127.0.0.1:44559"        [_thread_in_native, id=34920, stack(0x000000ab82b00000,0x000000ab82c00000) (1024K)]
  0x000001e71fbe0210 JavaThread "Cancel handler"                    [_thread_blocked, id=34928, stack(0x000000ab82c00000,0x000000ab82d00000) (1024K)]
  0x000001e71f99cfa0 JavaThread "Daemon worker"                     [_thread_blocked, id=34832, stack(0x000000ab82d00000,0x000000ab82e00000) (1024K)]
  0x000001e71f99e350 JavaThread "Asynchronous log dispatcher for DefaultDaemonConnection: socket connection from /127.0.0.1:44558 to /127.0.0.1:44559"        [_thread_blocked, id=75852, stack(0x000000ab82e00000,0x000000ab82f00000) (1024K)]
  0x000001e71f99d630 JavaThread "Stdin handler"                     [_thread_blocked, id=38632, stack(0x000000ab82f00000,0x000000ab83000000) (1024K)]
  0x000001e71f99dcc0 JavaThread "Daemon client event forwarder"        [_thread_blocked, id=77840, stack(0x000000ab83000000,0x000000ab83100000) (1024K)]
  0x000001e71f99fd90 JavaThread "Cache worker for journal cache (C:\Users\AJI\.gradle\caches\journal-1)"        [_thread_blocked, id=5840, stack(0x000000ab83100000,0x000000ab83200000) (1024K)]
  0x000001e71f99e9e0 JavaThread "File lock request listener"        [_thread_in_native, id=54276, stack(0x000000ab83200000,0x000000ab83300000) (1024K)]
  0x000001e71f99f700 JavaThread "Cache worker for file hash cache (C:\Users\AJI\.gradle\caches\9.1.0\fileHashes)"        [_thread_blocked, id=62564, stack(0x000000ab83300000,0x000000ab83400000) (1024K)]
  0x000001e7219bf0d0 JavaThread "Cache worker for file hash cache (C:\Users\AJI\Documents\Gostriders\gostriders\android\.gradle\9.1.0\fileHashes)"        [_thread_blocked, id=48940, stack(0x000000ab83e00000,0x000000ab83f00000) (1024K)]
  0x000001e7219bc970 JavaThread "Cache worker for Build Output Cleanup Cache (C:\Users\AJI\Documents\Gostriders\gostriders\android\.gradle\buildOutputCleanup)"        [_thread_blocked, id=27908, stack(0x000000ab83f00000,0x000000ab84000000) (1024K)]
  0x000001e7219be3b0 JavaThread "File watcher server"        daemon [_thread_in_native, id=75244, stack(0x000000ab84000000,0x000000ab84100000) (1024K)]
  0x000001e7219bbc50 JavaThread "File watcher consumer"      daemon [_thread_blocked, id=68836, stack(0x000000ab84100000,0x000000ab84200000) (1024K)]
  0x000001e7219bc2e0 JavaThread "Cache worker for checksums cache (C:\Users\AJI\Documents\Gostriders\gostriders\android\.gradle\9.1.0\checksums)"        [_thread_blocked, id=41828, stack(0x000000ab84200000,0x000000ab84300000) (1024K)]
  0x000001e7219bf760 JavaThread "Cache worker for file content cache (C:\Users\AJI\.gradle\caches\9.1.0\fileContent)"        [_thread_blocked, id=36084, stack(0x000000ab84300000,0x000000ab84400000) (1024K)]
  0x000001e7219bd000 JavaThread "Cache worker for cache directory md-supplier (C:\Users\AJI\.gradle\caches\9.1.0\md-supplier)"        [_thread_blocked, id=78800, stack(0x000000ab84400000,0x000000ab84500000) (1024K)]
  0x000001e7219bfdf0 JavaThread "Cache worker for cache directory md-rule (C:\Users\AJI\.gradle\caches\9.1.0\md-rule)"        [_thread_blocked, id=36040, stack(0x000000ab84500000,0x000000ab84600000) (1024K)]
Total: 32

Other Threads:
  0x000001e6d5ab0980 VMThread "VM Thread"                           [id=70032, stack(0x000000ab81300000,0x000000ab81400000) (1024K)]
  0x000001e6d8ba19e0 WatcherThread "VM Periodic Task Thread"        [id=56884, stack(0x000000ab81200000,0x000000ab81300000) (1024K)]
  0x000001e6a79fda20 WorkerThread "GC Thread#0"                     [id=77596, stack(0x000000ab80d00000,0x000000ab80e00000) (1024K)]
  0x000001e6d8e33350 WorkerThread "GC Thread#1"                     [id=66732, stack(0x000000ab81f00000,0x000000ab82000000) (1024K)]
  0x000001e6d8e33700 WorkerThread "GC Thread#2"                     [id=35472, stack(0x000000ab82000000,0x000000ab82100000) (1024K)]
  0x000001e6d8ee3590 WorkerThread "GC Thread#3"                     [id=43644, stack(0x000000ab82100000,0x000000ab82200000) (1024K)]
  0x000001e6d8ee3940 WorkerThread "GC Thread#4"                     [id=77828, stack(0x000000ab82200000,0x000000ab82300000) (1024K)]
  0x000001e6d8ee3cf0 WorkerThread "GC Thread#5"                     [id=43144, stack(0x000000ab82300000,0x000000ab82400000) (1024K)]
  0x000001e72179f830 WorkerThread "GC Thread#6"                     [id=70648, stack(0x000000ab82400000,0x000000ab82500000) (1024K)]
  0x000001e72179fbe0 WorkerThread "GC Thread#7"                     [id=41020, stack(0x000000ab82600000,0x000000ab82700000) (1024K)]
  0x000001e6d8c0f180 WorkerThread "GC Thread#8"                     [id=39576, stack(0x000000ab83400000,0x000000ab83500000) (1024K)]
  0x000001e71fa49080 WorkerThread "GC Thread#9"                     [id=53496, stack(0x000000ab83500000,0x000000ab83600000) (1024K)]
  0x000001e71fa49430 WorkerThread "GC Thread#10"                    [id=6540, stack(0x000000ab83600000,0x000000ab83700000) (1024K)]
  0x000001e71fa481c0 WorkerThread "GC Thread#11"                    [id=70144, stack(0x000000ab83700000,0x000000ab83800000) (1024K)]
  0x000001e71fa48920 WorkerThread "GC Thread#12"                    [id=78276, stack(0x000000ab83800000,0x000000ab83900000) (1024K)]
  0x000001e71fa47a60 WorkerThread "GC Thread#13"                    [id=71828, stack(0x000000ab83900000,0x000000ab83a00000) (1024K)]
  0x000001e71fa47e10 WorkerThread "GC Thread#14"                    [id=78188, stack(0x000000ab83a00000,0x000000ab83b00000) (1024K)]
  0x000001e6d5924090 ConcurrentGCThread "G1 Main Marker"            [id=50576, stack(0x000000ab80e00000,0x000000ab80f00000) (1024K)]
  0x000001e6d5924ab0 WorkerThread "G1 Conc#0"                       [id=71880, stack(0x000000ab80f00000,0x000000ab81000000) (1024K)]
  0x000001e720221d90 WorkerThread "G1 Conc#1"                       [id=74956, stack(0x000000ab83b00000,0x000000ab83c00000) (1024K)]
  0x000001e720222c50 WorkerThread "G1 Conc#2"                       [id=75304, stack(0x000000ab83c00000,0x000000ab83d00000) (1024K)]
  0x000001e720220010 WorkerThread "G1 Conc#3"                       [id=58236, stack(0x000000ab83d00000,0x000000ab83e00000) (1024K)]
  0x000001e6d59e9840 ConcurrentGCThread "G1 Refine#0"               [id=47684, stack(0x000000ab81000000,0x000000ab81100000) (1024K)]
  0x000001e6d59eb180 ConcurrentGCThread "G1 Service"                [id=49616, stack(0x000000ab81100000,0x000000ab81200000) (1024K)]
Total: 24

Threads with active compile tasks:
C2 CompilerThread0  95043 4754   !   4       java.util.concurrent.locks.AbstractQueuedSynchronizer::acquire (424 bytes)
Total: 1

VM state: not at safepoint (normal execution)

VM Mutex/Monitor currently owned by a thread: None

Heap address: 0x0000000600000000, size: 8192 MB, Compressed Oops mode: Zero based, Oop shift amount: 3

CDS archive(s) mapped at: [0x000001e6d9000000-0x000001e6d9ba0000-0x000001e6d9ba0000), size 12189696, SharedBaseAddress: 0x000001e6d9000000, ArchiveRelocationMode: 1.
Compressed class space mapped at: 0x000001e6da000000-0x000001e71a000000, reserved size: 1073741824
Narrow klass base: 0x000001e6d9000000, Narrow klass shift: 0, Narrow klass range: 0x100000000

GC Precious Log:
 CardTable entry size: 512
 Card Set container configuration: InlinePtr #cards 4 size 8 Array Of Cards #cards 32 size 80 Howl #buckets 8 coarsen threshold 7372 Howl Bitmap #cards 1024 size 144 coarsen threshold 921 Card regions per heap region 1 cards per card region 8192
 CPUs: 20 total, 20 available
 Memory: 16068M
 Large Page Support: Disabled
 NUMA Support: Disabled
 Compressed Oops: Enabled (Zero based)
 Heap Region Size: 4M
 Heap Min Capacity: 8M
 Heap Initial Capacity: 252M
 Heap Max Capacity: 8G
 Pre-touch: Disabled
 Parallel Workers: 15
 Concurrent Workers: 4
 Concurrent Refinement Workers: 15
 Periodic GC: Disabled

Heap:
 garbage-first heap   total 102400K, used 80138K [0x0000000600000000, 0x0000000800000000)
  region size 4096K, 14 young (57344K), 1 survivors (4096K)
 Metaspace       used 36936K, committed 38400K, reserved 1114112K
  class space    used 5308K, committed 6016K, reserved 1048576K

Heap Regions: E=young(eden), S=young(survivor), O=old, HS=humongous(starts), HC=humongous(continues), CS=collection set, F=free, TAMS=top-at-mark-start, PB=parsable bottom
|   0|0x0000000600000000, 0x0000000600400000, 0x0000000600400000|100%|HS|  |TAMS 0x0000000600000000| PB 0x0000000600000000| Complete 
|   1|0x0000000600400000, 0x0000000600800000, 0x0000000600800000|100%| O|  |TAMS 0x0000000600400000| PB 0x0000000600400000| Untracked 
|   2|0x0000000600800000, 0x0000000600bd6d70, 0x0000000600c00000| 95%| O|  |TAMS 0x0000000600800000| PB 0x0000000600800000| Untracked 
|   3|0x0000000600c00000, 0x0000000600ebd450, 0x0000000601000000| 68%| O|  |TAMS 0x0000000600c00000| PB 0x0000000600c00000| Untracked 
|   4|0x0000000601000000, 0x0000000601000000, 0x0000000601400000|  0%| F|  |TAMS 0x0000000601000000| PB 0x0000000601000000| Untracked 
|   5|0x0000000601400000, 0x0000000601400000, 0x0000000601800000|  0%| F|  |TAMS 0x0000000601400000| PB 0x0000000601400000| Untracked 
|   6|0x0000000601800000, 0x0000000601800000, 0x0000000601c00000|  0%| F|  |TAMS 0x0000000601800000| PB 0x0000000601800000| Untracked 
|   7|0x0000000601c00000, 0x0000000601c00000, 0x0000000602000000|  0%| F|  |TAMS 0x0000000601c00000| PB 0x0000000601c00000| Untracked 
|   8|0x0000000602000000, 0x00000006023af1f8, 0x0000000602400000| 92%| E|  |TAMS 0x0000000602000000| PB 0x0000000602000000| Complete 
|   9|0x0000000602400000, 0x0000000602800000, 0x0000000602800000|100%| E|CS|TAMS 0x0000000602400000| PB 0x0000000602400000| Complete 
|  10|0x0000000602800000, 0x0000000602c00000, 0x0000000602c00000|100%| E|CS|TAMS 0x0000000602800000| PB 0x0000000602800000| Complete 
|  11|0x0000000602c00000, 0x0000000603000000, 0x0000000603000000|100%| E|CS|TAMS 0x0000000602c00000| PB 0x0000000602c00000| Complete 
|  12|0x0000000603000000, 0x0000000603400000, 0x0000000603400000|100%| E|CS|TAMS 0x0000000603000000| PB 0x0000000603000000| Complete 
|  13|0x0000000603400000, 0x0000000603800000, 0x0000000603800000|100%| E|CS|TAMS 0x0000000603400000| PB 0x0000000603400000| Complete 
|  14|0x0000000603800000, 0x0000000603c00000, 0x0000000603c00000|100%| E|CS|TAMS 0x0000000603800000| PB 0x0000000603800000| Complete 
|  15|0x0000000603c00000, 0x0000000604000000, 0x0000000604000000|100%| E|CS|TAMS 0x0000000603c00000| PB 0x0000000603c00000| Complete 
|  16|0x0000000604000000, 0x0000000604400000, 0x0000000604400000|100%| E|CS|TAMS 0x0000000604000000| PB 0x0000000604000000| Complete 
|  17|0x0000000604400000, 0x0000000604800000, 0x0000000604800000|100%| E|CS|TAMS 0x0000000604400000| PB 0x0000000604400000| Complete 
|  52|0x000000060d000000, 0x000000060d400000, 0x000000060d400000|100%| E|CS|TAMS 0x000000060d000000| PB 0x000000060d000000| Complete 
|  53|0x000000060d400000, 0x000000060d800000, 0x000000060d800000|100%| E|CS|TAMS 0x000000060d400000| PB 0x000000060d400000| Complete 
|  54|0x000000060d800000, 0x000000060dbae940, 0x000000060dc00000| 92%| S|CS|TAMS 0x000000060d800000| PB 0x000000060d800000| Complete 
|  62|0x000000060f800000, 0x000000060fc00000, 0x000000060fc00000|100%| E|CS|TAMS 0x000000060f800000| PB 0x000000060f800000| Complete 
|2045|0x00000007ff400000, 0x00000007ff800000, 0x00000007ff800000|100%| O|Cm|TAMS 0x00000007ff400000| PB 0x00000007ff400000| Complete 
|2046|0x00000007ff800000, 0x00000007ffc00000, 0x00000007ffc00000|100%| O|  |TAMS 0x00000007ff800000| PB 0x00000007ff800000| Untracked 
|2047|0x00000007ffc00000, 0x0000000800000000, 0x0000000800000000|100%| O|  |TAMS 0x00000007ffc00000| PB 0x00000007ffc00000| Untracked 

Card table byte_map: [0x000001e6cc810000,0x000001e6cd810000] _byte_map_base: 0x000001e6c9810000

Marking Bits: (CMBitMap*) 0x000001e6a79fe040
 Bits: [0x000001e6cd810000, 0x000001e6d5810000)

Polling page: 0x000001e6a5790000

Metaspace:

Usage:
  Non-class:     30.89 MB used.
      Class:      5.18 MB used.
       Both:     36.07 MB used.

Virtual space:
  Non-class space:       64.00 MB reserved,      31.62 MB ( 49%) committed,  1 nodes.
      Class space:        1.00 GB reserved,       5.88 MB ( <1%) committed,  1 nodes.
             Both:        1.06 GB reserved,      37.50 MB (  3%) committed. 

Chunk freelists:
   Non-Class:  300.00 KB
       Class:  9.92 MB
        Both:  10.21 MB

MaxMetaspaceSize: 4.00 GB
CompressedClassSpaceSize: 1.00 GB
Initial GC threshold: 21.00 MB
Current GC threshold: 58.75 MB
CDS: on
 - commit_granule_bytes: 65536.
 - commit_granule_words: 8192.
 - virtual_space_node_default_size: 8388608.
 - enlarge_chunks_in_place: 1.
 - use_allocation_guard: 0.


Internal statistics:

num_allocs_failed_limit: 6.
num_arena_births: 2474.
num_arena_deaths: 0.
num_vsnodes_births: 2.
num_vsnodes_deaths: 0.
num_space_committed: 600.
num_space_uncommitted: 0.
num_chunks_returned_to_freelist: 6.
num_chunks_taken_from_freelist: 4196.
num_chunk_merges: 3.
num_chunk_splits: 2769.
num_chunks_enlarged: 1720.
num_inconsistent_stats: 0.

CodeHeap 'non-profiled nmethods': size=258432Kb used=2382Kb max_used=2437Kb free=256049Kb
 bounds [0x000001e6baef0000, 0x000001e6bb160000, 0x000001e6cab50000]
CodeHeap 'profiled nmethods': size=258368Kb used=8157Kb max_used=8557Kb free=250211Kb
 bounds [0x000001e6aab50000, 0x000001e6ab3b0000, 0x000001e6ba7a0000]
CodeHeap 'non-nmethods': size=7488Kb used=1824Kb max_used=3136Kb free=5663Kb
 bounds [0x000001e6ba7a0000, 0x000001e6baac0000, 0x000001e6baef0000]
CodeCache: size=524288Kb, used=12363Kb, max_used=14130Kb, free=511923Kb
 total_blobs=4946, nmethods=4252, adapters=597, full_count=0
Compilation: enabled, stopped_count=0, restarted_count=0

Compilation events (20 events):
Event: 91.298 Thread 0x000001e6d5ad4a70 nmethod 4744 0x000001e6baf3b890 code [0x000001e6baf3bb80, 0x000001e6baf3d060]
Event: 91.484 Thread 0x000001e6d5adf220 4745       3       org.gradle.internal.time.MonotonicClock::getCurrentTime (70 bytes)
Event: 91.486 Thread 0x000001e6d5adf220 nmethod 4745 0x000001e6aab83610 code [0x000001e6aab83820, 0x000001e6aab83c00]
Event: 91.486 Thread 0x000001e6d5adf220 4746       3       org.gradle.internal.time.MonotonicClock::syncIsDue (28 bytes)
Event: 91.486 Thread 0x000001e6d5adf220 nmethod 4746 0x000001e6aab83190 code [0x000001e6aab83340, 0x000001e6aab83518]
Event: 91.486 Thread 0x000001e6d5adf220 4747       3       org.gradle.internal.time.MonotonicClock::advance (33 bytes)
Event: 91.486 Thread 0x000001e6d5adf220 nmethod 4747 0x000001e6aab82c10 code [0x000001e6aab82de0, 0x000001e6aab83080]
Event: 91.973 Thread 0x000001e6d5adf220 4748       3       java.lang.Byte::toUnsignedInt (6 bytes)
Event: 91.973 Thread 0x000001e6d5adf220 nmethod 4748 0x000001e6aac2f990 code [0x000001e6aac2fb20, 0x000001e6aac2fc18]
Event: 93.029 Thread 0x000001e6d5adf220 4749       3       java.lang.ThreadLocal$ThreadLocalMap::cleanSomeSlots (61 bytes)
Event: 93.031 Thread 0x000001e6d5adf220 nmethod 4749 0x000001e6aab82310 code [0x000001e6aab82500, 0x000001e6aab82a00]
Event: 93.386 Thread 0x000001e6d5ad4a70 4750   !   4       java.util.concurrent.LinkedBlockingQueue::poll (128 bytes)
Event: 93.397 Thread 0x000001e6d5ad4a70 nmethod 4750 0x000001e6baf75010 code [0x000001e6baf75240, 0x000001e6baf75b50]
Event: 93.401 Thread 0x000001e6d5ad4a70 4751       4       org.gradle.launcher.daemon.server.exec.DaemonConnectionBackedEventConsumer$ForwardEvents::moreMessagesToSend (35 bytes)
Event: 93.403 Thread 0x000001e6d5ad4a70 nmethod 4751 0x000001e6bafdee10 code [0x000001e6bafdefa0, 0x000001e6bafdf070]
Event: 93.403 Thread 0x000001e6d5ad4a70 4752   !   4       org.gradle.launcher.daemon.server.exec.DaemonConnectionBackedEventConsumer$ForwardEvents::getNextEvent (27 bytes)
Event: 93.417 Thread 0x000001e6d5ad4a70 nmethod 4752 0x000001e6baf73d10 code [0x000001e6baf73f60, 0x000001e6baf74940]
Event: 93.478 Thread 0x000001e6d5adf220 4753       1       org.gradle.internal.concurrent.AbstractManagedExecutor::access$100 (5 bytes)
Event: 93.487 Thread 0x000001e6d5adf220 nmethod 4753 0x000001e6bafdea90 code [0x000001e6bafdec20, 0x000001e6bafdecd0]
Event: 94.962 Thread 0x000001e6d5ad4a70 4754   !   4       java.util.concurrent.locks.AbstractQueuedSynchronizer::acquire (424 bytes)

GC Heap History (14 events):
Event: 0.292 GC heap before
{Heap before GC invocations=0 (full 0):
 garbage-first heap   total 258048K, used 20480K [0x0000000600000000, 0x0000000800000000)
  region size 4096K, 5 young (20480K), 0 survivors (0K)
 Metaspace       used 877K, committed 1024K, reserved 1114112K
  class space    used 71K, committed 128K, reserved 1048576K
}
Event: 0.298 GC heap after
{Heap after GC invocations=1 (full 0):
 garbage-first heap   total 258048K, used 1440K [0x0000000600000000, 0x0000000800000000)
  region size 4096K, 1 young (4096K), 1 survivors (4096K)
 Metaspace       used 877K, committed 1024K, reserved 1114112K
  class space    used 71K, committed 128K, reserved 1048576K
}
Event: 1.390 GC heap before
{Heap before GC invocations=1 (full 0):
 garbage-first heap   total 258048K, used 46496K [0x0000000600000000, 0x0000000800000000)
  region size 4096K, 11 young (45056K), 1 survivors (4096K)
 Metaspace       used 4612K, committed 4800K, reserved 1114112K
  class space    used 584K, committed 704K, reserved 1048576K
}
Event: 1.395 GC heap after
{Heap after GC invocations=2 (full 0):
 garbage-first heap   total 258048K, used 11526K [0x0000000600000000, 0x0000000800000000)
  region size 4096K, 2 young (8192K), 2 survivors (8192K)
 Metaspace       used 4612K, committed 4800K, reserved 1114112K
  class space    used 584K, committed 704K, reserved 1048576K
}
Event: 8.307 GC heap before
{Heap before GC invocations=2 (full 0):
 garbage-first heap   total 258048K, used 118022K [0x0000000600000000, 0x0000000800000000)
  region size 4096K, 29 young (118784K), 2 survivors (8192K)
 Metaspace       used 16500K, committed 16960K, reserved 1114112K
  class space    used 2278K, committed 2496K, reserved 1048576K
}
Event: 8.318 GC heap after
{Heap after GC invocations=3 (full 0):
 garbage-first heap   total 258048K, used 21605K [0x0000000600000000, 0x0000000800000000)
  region size 4096K, 4 young (16384K), 4 survivors (16384K)
 Metaspace       used 16500K, committed 16960K, reserved 1114112K
  class space    used 2278K, committed 2496K, reserved 1048576K
}
Event: 9.451 GC heap before
{Heap before GC invocations=3 (full 0):
 garbage-first heap   total 258048K, used 46181K [0x0000000600000000, 0x0000000800000000)
  region size 4096K, 12 young (49152K), 4 survivors (16384K)
 Metaspace       used 20883K, committed 21504K, reserved 1114112K
  class space    used 2893K, committed 3200K, reserved 1048576K
}
Event: 9.458 GC heap after
{Heap after GC invocations=4 (full 0):
 garbage-first heap   total 258048K, used 23866K [0x0000000600000000, 0x0000000800000000)
  region size 4096K, 3 young (12288K), 3 survivors (12288K)
 Metaspace       used 20883K, committed 21504K, reserved 1114112K
  class space    used 2893K, committed 3200K, reserved 1048576K
}
Event: 11.795 GC heap before
{Heap before GC invocations=5 (full 0):
 garbage-first heap   total 81920K, used 81210K [0x0000000600000000, 0x0000000800000000)
  region size 4096K, 17 young (69632K), 3 survivors (12288K)
 Metaspace       used 27988K, committed 29056K, reserved 1114112K
  class space    used 4018K, committed 4544K, reserved 1048576K
}
Event: 11.803 GC heap after
{Heap after GC invocations=6 (full 0):
 garbage-first heap   total 102400K, used 27518K [0x0000000600000000, 0x0000000800000000)
  region size 4096K, 2 young (8192K), 2 survivors (8192K)
 Metaspace       used 27988K, committed 29056K, reserved 1114112K
  class space    used 4018K, committed 4544K, reserved 1048576K
}
Event: 13.686 GC heap before
{Heap before GC invocations=6 (full 0):
 garbage-first heap   total 102400K, used 72574K [0x0000000600000000, 0x0000000800000000)
  region size 4096K, 14 young (57344K), 2 survivors (8192K)
 Metaspace       used 34264K, committed 35584K, reserved 1114112K
  class space    used 4921K, committed 5568K, reserved 1048576K
}
Event: 13.691 GC heap after
{Heap after GC invocations=7 (full 0):
 garbage-first heap   total 102400K, used 30590K [0x0000000600000000, 0x0000000800000000)
  region size 4096K, 2 young (8192K), 2 survivors (8192K)
 Metaspace       used 34264K, committed 35584K, reserved 1114112K
  class space    used 4921K, committed 5568K, reserved 1048576K
}
Event: 13.839 GC heap before
{Heap before GC invocations=7 (full 0):
 garbage-first heap   total 102400K, used 30590K [0x0000000600000000, 0x0000000800000000)
  region size 4096K, 3 young (12288K), 2 survivors (8192K)
 Metaspace       used 34731K, committed 35968K, reserved 1114112K
  class space    used 4960K, committed 5568K, reserved 1048576K
}
Event: 13.843 GC heap after
{Heap after GC invocations=8 (full 0):
 garbage-first heap   total 102400K, used 30986K [0x0000000600000000, 0x0000000800000000)
  region size 4096K, 1 young (4096K), 1 survivors (4096K)
 Metaspace       used 34731K, committed 35968K, reserved 1114112K
  class space    used 4960K, committed 5568K, reserved 1048576K
}

Dll operation events (20 events):
Event: 0.089 Attempting to load shared library C:\Users\AJI\.vscode\extensions\redhat.java-1.56.0-win32-x64\jre\21.0.12.1-win32-x86_64\bin\nio.dll
Event: 0.090 Loaded shared library C:\Users\AJI\.vscode\extensions\redhat.java-1.56.0-win32-x64\jre\21.0.12.1-win32-x86_64\bin\nio.dll
Event: 0.092 Attempting to load shared library C:\Users\AJI\.vscode\extensions\redhat.java-1.56.0-win32-x64\jre\21.0.12.1-win32-x86_64\bin\zip.dll
Event: 0.092 Loaded shared library C:\Users\AJI\.vscode\extensions\redhat.java-1.56.0-win32-x64\jre\21.0.12.1-win32-x86_64\bin\zip.dll
Event: 0.317 Attempting to load shared library C:\Users\AJI\.vscode\extensions\redhat.java-1.56.0-win32-x64\jre\21.0.12.1-win32-x86_64\bin\jimage.dll
Event: 0.317 Loaded shared library C:\Users\AJI\.vscode\extensions\redhat.java-1.56.0-win32-x64\jre\21.0.12.1-win32-x86_64\bin\jimage.dll
Event: 0.644 Attempting to load shared library C:\Users\AJI\.vscode\extensions\redhat.java-1.56.0-win32-x64\jre\21.0.12.1-win32-x86_64\bin\verify.dll
Event: 0.644 Loaded shared library C:\Users\AJI\.vscode\extensions\redhat.java-1.56.0-win32-x64\jre\21.0.12.1-win32-x86_64\bin\verify.dll
Event: 0.739 Attempting to load shared library C:\Users\AJI\.gradle\native\1def1411415f61bf3af743bc5b6707747c0891f09f0c88961ee8f79bc544acac\windows-amd64\native-platform.dll
Event: 0.740 Loaded shared library C:\Users\AJI\.gradle\native\1def1411415f61bf3af743bc5b6707747c0891f09f0c88961ee8f79bc544acac\windows-amd64\native-platform.dll
Event: 0.754 Attempting to load shared library C:\Users\AJI\.gradle\native\0.2.8\x86_64-windows-gnu\gradle-fileevents.dll
Event: 0.755 Loaded shared library C:\Users\AJI\.gradle\native\0.2.8\x86_64-windows-gnu\gradle-fileevents.dll
Event: 2.413 Attempting to load shared library C:\Users\AJI\.vscode\extensions\redhat.java-1.56.0-win32-x64\jre\21.0.12.1-win32-x86_64\bin\management.dll
Event: 2.414 Loaded shared library C:\Users\AJI\.vscode\extensions\redhat.java-1.56.0-win32-x64\jre\21.0.12.1-win32-x86_64\bin\management.dll
Event: 2.417 Attempting to load shared library C:\Users\AJI\.vscode\extensions\redhat.java-1.56.0-win32-x64\jre\21.0.12.1-win32-x86_64\bin\management_ext.dll
Event: 2.418 Loaded shared library C:\Users\AJI\.vscode\extensions\redhat.java-1.56.0-win32-x64\jre\21.0.12.1-win32-x86_64\bin\management_ext.dll
Event: 2.692 Attempting to load shared library C:\Users\AJI\.vscode\extensions\redhat.java-1.56.0-win32-x64\jre\21.0.12.1-win32-x86_64\bin\extnet.dll
Event: 2.695 Loaded shared library C:\Users\AJI\.vscode\extensions\redhat.java-1.56.0-win32-x64\jre\21.0.12.1-win32-x86_64\bin\extnet.dll
Event: 3.021 Attempting to load shared library C:\Users\AJI\.vscode\extensions\redhat.java-1.56.0-win32-x64\jre\21.0.12.1-win32-x86_64\bin\sunmscapi.dll
Event: 3.024 Loaded shared library C:\Users\AJI\.vscode\extensions\redhat.java-1.56.0-win32-x64\jre\21.0.12.1-win32-x86_64\bin\sunmscapi.dll

Deoptimization events (20 events):
Event: 32.965 Thread 0x000001e71f99f700 Uncommon trap: trap_request=0xffffffc6 fr.pc=0x000001e6bb136a44 relative=0x0000000000000bc4
Event: 32.965 Thread 0x000001e71f99f700 Uncommon trap: reason=bimorphic_or_optimized_type_check action=maybe_recompile pc=0x000001e6bb136a44 method=java.io.BufferedInputStream.implRead([BII)I @ 100 c2
Event: 32.965 Thread 0x000001e71f99f700 DEOPT PACKING pc=0x000001e6bb136a44 sp=0x000000ab833fdfe0
Event: 32.965 Thread 0x000001e71f99f700 DEOPT UNPACKING pc=0x000001e6ba7f4422 sp=0x000000ab833fdfc8 mode 2
Event: 32.997 Thread 0x000001e71f99f700 Uncommon trap: trap_request=0xffffffc6 fr.pc=0x000001e6bb136a44 relative=0x0000000000000bc4
Event: 32.997 Thread 0x000001e71f99f700 Uncommon trap: reason=bimorphic_or_optimized_type_check action=maybe_recompile pc=0x000001e6bb136a44 method=java.io.BufferedInputStream.implRead([BII)I @ 100 c2
Event: 32.997 Thread 0x000001e71f99f700 DEOPT PACKING pc=0x000001e6bb136a44 sp=0x000000ab833fe090
Event: 32.997 Thread 0x000001e71f99f700 DEOPT UNPACKING pc=0x000001e6ba7f4422 sp=0x000000ab833fe058 mode 2
Event: 33.003 Thread 0x000001e71f99f700 Uncommon trap: trap_request=0xffffffc6 fr.pc=0x000001e6bb136a44 relative=0x0000000000000bc4
Event: 33.003 Thread 0x000001e71f99f700 Uncommon trap: reason=bimorphic_or_optimized_type_check action=maybe_recompile pc=0x000001e6bb136a44 method=java.io.BufferedInputStream.implRead([BII)I @ 100 c2
Event: 33.003 Thread 0x000001e71f99f700 DEOPT PACKING pc=0x000001e6bb136a44 sp=0x000000ab833fe190
Event: 33.003 Thread 0x000001e71f99f700 DEOPT UNPACKING pc=0x000001e6ba7f4422 sp=0x000000ab833fe158 mode 2
Event: 33.005 Thread 0x000001e71f99f700 Uncommon trap: trap_request=0xffffffc6 fr.pc=0x000001e6bb136a44 relative=0x0000000000000bc4
Event: 33.005 Thread 0x000001e71f99f700 Uncommon trap: reason=bimorphic_or_optimized_type_check action=maybe_recompile pc=0x000001e6bb136a44 method=java.io.BufferedInputStream.implRead([BII)I @ 100 c2
Event: 33.005 Thread 0x000001e71f99f700 DEOPT PACKING pc=0x000001e6bb136a44 sp=0x000000ab833fe190
Event: 33.005 Thread 0x000001e71f99f700 DEOPT UNPACKING pc=0x000001e6ba7f4422 sp=0x000000ab833fe158 mode 2
Event: 33.140 Thread 0x000001e71f99fd90 Uncommon trap: trap_request=0xffffff45 fr.pc=0x000001e6bb0cbc3c relative=0x00000000000007dc
Event: 33.140 Thread 0x000001e71f99fd90 Uncommon trap: reason=unstable_if action=reinterpret pc=0x000001e6bb0cbc3c method=java.io.BufferedOutputStream.write([BII)V @ 4 c2
Event: 33.140 Thread 0x000001e71f99fd90 DEOPT PACKING pc=0x000001e6bb0cbc3c sp=0x000000ab831fe270
Event: 33.140 Thread 0x000001e71f99fd90 DEOPT UNPACKING pc=0x000001e6ba7f4422 sp=0x000000ab831fe240 mode 2

Classes loaded (20 events):
Event: 14.059 Loading class sun/nio/fs/WindowsChannelFactory
Event: 14.059 Loading class sun/nio/fs/WindowsChannelFactory done
Event: 14.059 Loading class sun/nio/fs/WindowsChannelFactory$1
Event: 14.059 Loading class sun/nio/fs/WindowsChannelFactory$1 done
Event: 14.059 Loading class sun/nio/fs/WindowsChannelFactory$Flags
Event: 14.059 Loading class sun/nio/fs/WindowsChannelFactory$Flags done
Event: 14.060 Loading class sun/nio/fs/WindowsChannelFactory$2
Event: 14.060 Loading class sun/nio/fs/WindowsChannelFactory$2 done
Event: 14.060 Loading class sun/nio/fs/WindowsException
Event: 14.060 Loading class sun/nio/fs/WindowsException done
Event: 14.060 Loading class java/nio/file/FileAlreadyExistsException
Event: 14.060 Loading class java/nio/file/FileAlreadyExistsException done
Event: 14.061 Loading class java/nio/file/AccessMode
Event: 14.061 Loading class java/nio/file/AccessMode done
Event: 14.096 Loading class java/util/Collections$SynchronizedRandomAccessList
Event: 14.097 Loading class java/util/Collections$SynchronizedList
Event: 14.097 Loading class java/util/Collections$SynchronizedList done
Event: 14.097 Loading class java/util/Collections$SynchronizedRandomAccessList done
Event: 32.975 Loading class java/nio/charset/CharacterCodingException
Event: 32.975 Loading class java/nio/charset/CharacterCodingException done

Classes unloaded (0 events):
No events

Classes redefined (0 events):
No events

Internal exceptions (20 events):
Event: 14.005 Thread 0x000001e71f99cfa0 Exception <a 'java/lang/ClassNotFoundException'{0x000000060fa42da0}: groovy/lang/GroovyObjectSupportCustomizer> (0x000000060fa42da0) 
thrown [s\src\hotspot\share\classfile\systemDictionary.cpp, line 313]
Event: 14.010 Thread 0x000001e71f99cfa0 Exception <a 'java/lang/ClassNotFoundException'{0x000000060fa5db20}: org/gradle/internal/extensibility/DefaultExtraPropertiesExtensionCustomizer> (0x000000060fa5db20) 
thrown [s\src\hotspot\share\classfile\systemDictionary.cpp, line 313]
Event: 14.027 Thread 0x000001e71f99cfa0 Exception <a 'java/lang/IncompatibleClassChangeError'{0x000000060fa7b880}: Found class java.lang.Object, but interface was expected> (0x000000060fa7b880) 
thrown [s\src\hotspot\share\interpreter\linkResolver.cpp, line 840]
Event: 14.060 Thread 0x000001e71f99cfa0 Exception <a 'sun/nio/fs/WindowsException'{0x000000060fb41480}> (0x000000060fb41480) 
thrown [s\src\hotspot\share\prims\jni.cpp, line 520]
Event: 14.061 Thread 0x000001e71f99cfa0 Exception <a 'sun/nio/fs/WindowsException'{0x000000060fb431b0}> (0x000000060fb431b0) 
thrown [s\src\hotspot\share\prims\jni.cpp, line 520]
Event: 14.062 Thread 0x000001e71f99cfa0 Exception <a 'sun/nio/fs/WindowsException'{0x000000060fb44658}> (0x000000060fb44658) 
thrown [s\src\hotspot\share\prims\jni.cpp, line 520]
Event: 14.062 Thread 0x000001e71f99cfa0 Exception <a 'sun/nio/fs/WindowsException'{0x000000060fb45b30}> (0x000000060fb45b30) 
thrown [s\src\hotspot\share\prims\jni.cpp, line 520]
Event: 14.087 Thread 0x000001e71f99cfa0 Exception <a 'java/lang/NoSuchMethodError'{0x000000060d44d9e8}: 'java.lang.Object java.lang.invoke.Invokers$Holder.invoker(java.lang.Object, java.lang.Object, java.lang.Object, java.lang.Object, java.lang.Object, java.lang.Object)'> (0x000000060d44d9e8) 
thrown [s\src\hotspot\share\interpreter\linkResolver.cpp, line 773]
Event: 14.464 Thread 0x000001e71f99cfa0 Exception <a 'java/lang/NoSuchMethodError'{0x000000060d505900}: 'java.lang.Object java.lang.invoke.Invokers$Holder.invoker(java.lang.Object, java.lang.Object, java.lang.Object, java.lang.Object, java.lang.Object, java.lang.Object, java.lang.Object, java.lang.Object, java.lang.Object, java.lang.Object, java.lang.Object, java.lang.Object, java.lang.Object, java.lang.Object, java.lang.Object, java.lang.Object, java.lang.Object, java.lang.Object, java.lang.Object, java.lang.Object, java.lang.Object, java.lang.
Event: 14.465 Thread 0x000001e71f99cfa0 Exception <a 'java/lang/NoSuchMethodError'{0x000000060d50c218}: 'java.lang.Object java.lang.invoke.DelegatingMethodHandle$Holder.delegate(java.lang.Object, java.lang.Object, java.lang.Object, java.lang.Object, java.lang.Object, java.lang.Object, java.lang.Object, java.lang.Object, java.lang.Object, java.lang.Object, java.lang.Object, java.lang.Object, java.lang.Object, java.lang.Object, java.lang.Object, java.lang.Object, java.lang.Object, java.lang.Object, java.lang.Object, java.lang.Object, java.lang.Obj
Event: 14.600 Thread 0x000001e71f99cfa0 Exception <a 'java/lang/NoSuchMethodError'{0x000000060d027fa8}: 'java.lang.Object java.lang.invoke.DirectMethodHandle$Holder.newInvokeSpecial(java.lang.Object, java.lang.Object, java.lang.Object, java.lang.Object, java.lang.Object, java.lang.Object, int)'> (0x000000060d027fa8) 
thrown [s\src\hotspot\share\interpreter\linkResolver.cpp, line 773]
Event: 14.600 Thread 0x000001e71f99cfa0 Exception <a 'java/lang/NoSuchMethodError'{0x000000060d02cf30}: 'java.lang.Object java.lang.invoke.DirectMethodHandle$Holder.invokeSpecial(java.lang.Object, java.lang.Object, java.lang.Object, java.lang.Object, java.lang.Object, java.lang.Object, java.lang.Object, int)'> (0x000000060d02cf30) 
thrown [s\src\hotspot\share\interpreter\linkResolver.cpp, line 773]
Event: 14.942 Thread 0x000001e71f99cfa0 Exception <a 'java/lang/IncompatibleClassChangeError'{0x000000060335b6a0}: Found class java.lang.Object, but interface was expected> (0x000000060335b6a0) 
thrown [s\src\hotspot\share\interpreter\linkResolver.cpp, line 840]
Event: 14.973 Thread 0x000001e71f99cfa0 Exception <a 'java/lang/NoSuchMethodError'{0x0000000602c32e80}: 'java.lang.Object java.lang.invoke.DirectMethodHandle$Holder.newInvokeSpecial(java.lang.Object, java.lang.Object, long)'> (0x0000000602c32e80) 
thrown [s\src\hotspot\share\interpreter\linkResolver.cpp, line 773]
Event: 14.973 Thread 0x000001e71f99cfa0 Exception <a 'java/lang/NoSuchMethodError'{0x0000000602c37718}: 'java.lang.Object java.lang.invoke.Invokers$Holder.linkToTargetMethod(java.lang.Object, long, java.lang.Object)'> (0x0000000602c37718) 
thrown [s\src\hotspot\share\interpreter\linkResolver.cpp, line 773]
Event: 32.961 Thread 0x000001e71f99f700 Implicit null exception at 0x000001e6baf54ee1 to 0x000001e6baf55578
Event: 32.994 Thread 0x000001e71f99cfa0 Exception <a 'java/lang/NoSuchMethodError'{0x0000000602995b48}: 'int java.lang.invoke.DirectMethodHandle$Holder.invokeInterface(java.lang.Object, java.lang.Object)'> (0x0000000602995b48) 
thrown [s\src\hotspot\share\interpreter\linkResolver.cpp, line 773]
Event: 33.038 Thread 0x000001e71f99cfa0 Exception <a 'java/lang/NoSuchMethodError'{0x0000000602b2df68}: 'java.lang.Object java.lang.invoke.DirectMethodHandle$Holder.newInvokeSpecial(java.lang.Object, java.lang.Object, int, java.lang.Object, java.lang.Object, java.lang.Object, java.lang.Object)'> (0x0000000602b2df68) 
thrown [s\src\hotspot\share\interpreter\linkResolver.cpp, line 773]
Event: 33.038 Thread 0x000001e71f99cfa0 Exception <a 'java/lang/NoSuchMethodError'{0x0000000602b36798}: 'java.lang.Object java.lang.invoke.Invokers$Holder.linkToTargetMethod(java.lang.Object, int, java.lang.Object, java.lang.Object, java.lang.Object, java.lang.Object, java.lang.Object)'> (0x0000000602b36798) 
thrown [s\src\hotspot\share\interpreter\linkResolver.cpp, line 773]
Event: 33.140 Thread 0x000001e71f99fd90 Implicit null exception at 0x000001e6bb0cb4af to 0x000001e6bb0cbc1c

ZGC Phase Switch (0 events):
No events

VM Operations (20 events):
Event: 60.220 Executing non-safepoint VM operation: HandshakeAllThreads (HandshakeForDeflation)
Event: 60.220 Executing non-safepoint VM operation: HandshakeAllThreads (HandshakeForDeflation) done
Event: 60.220 Executing non-safepoint VM operation: RendezvousGCThreads
Event: 60.220 Executing non-safepoint VM operation: RendezvousGCThreads done
Event: 62.254 Executing safepoint VM operation: Cleanup
Event: 62.254 Executing safepoint VM operation: Cleanup done
Event: 63.265 Executing safepoint VM operation: Cleanup
Event: 63.265 Executing safepoint VM operation: Cleanup done
Event: 73.331 Executing safepoint VM operation: Cleanup
Event: 73.331 Executing safepoint VM operation: Cleanup done
Event: 74.343 Executing safepoint VM operation: Cleanup
Event: 74.343 Executing safepoint VM operation: Cleanup done
Event: 75.358 Executing safepoint VM operation: Cleanup
Event: 75.358 Executing safepoint VM operation: Cleanup done
Event: 82.422 Executing safepoint VM operation: Cleanup
Event: 82.423 Executing safepoint VM operation: Cleanup done
Event: 83.427 Executing safepoint VM operation: Cleanup
Event: 83.427 Executing safepoint VM operation: Cleanup done
Event: 93.523 Executing safepoint VM operation: Cleanup
Event: 93.523 Executing safepoint VM operation: Cleanup done

Memory protections (0 events):
No events

Nmethod flushes (20 events):
Event: 13.861 Thread 0x000001e6d5ab0980 flushing  nmethod 0x000001e6aacc2e90
Event: 13.861 Thread 0x000001e6d5ab0980 flushing  nmethod 0x000001e6aad34510
Event: 13.861 Thread 0x000001e6d5ab0980 flushing  nmethod 0x000001e6aad38190
Event: 13.861 Thread 0x000001e6d5ab0980 flushing  nmethod 0x000001e6aad38d90
Event: 13.861 Thread 0x000001e6d5ab0980 flushing  nmethod 0x000001e6aad3cb10
Event: 13.861 Thread 0x000001e6d5ab0980 flushing  nmethod 0x000001e6aad9dc90
Event: 13.861 Thread 0x000001e6d5ab0980 flushing  nmethod 0x000001e6aad9ef90
Event: 13.861 Thread 0x000001e6d5ab0980 flushing  nmethod 0x000001e6aacd7410
Event: 13.861 Thread 0x000001e6d5ab0980 flushing  nmethod 0x000001e6aad2bf10
Event: 13.861 Thread 0x000001e6d5ab0980 flushing  nmethod 0x000001e6aad2cd10
Event: 13.861 Thread 0x000001e6d5ab0980 flushing  nmethod 0x000001e6aad2d710
Event: 13.861 Thread 0x000001e6d5ab0980 flushing  nmethod 0x000001e6aad2db90
Event: 13.861 Thread 0x000001e6d5ab0980 flushing  nmethod 0x000001e6aad2e910
Event: 13.861 Thread 0x000001e6d5ab0980 flushing  nmethod 0x000001e6ab019a10
Event: 13.861 Thread 0x000001e6d5ab0980 flushing  nmethod 0x000001e6ab01e410
Event: 13.861 Thread 0x000001e6d5ab0980 flushing  nmethod 0x000001e6ab01e990
Event: 13.861 Thread 0x000001e6d5ab0980 flushing  nmethod 0x000001e6ab01ee90
Event: 13.861 Thread 0x000001e6d5ab0980 flushing  nmethod 0x000001e6ab01f510
Event: 13.861 Thread 0x000001e6d5ab0980 flushing  nmethod 0x000001e6aad7ea10
Event: 13.861 Thread 0x000001e6d5ab0980 flushing  nmethod 0x000001e6ab058010

Events (20 events):
Event: 3.759 Thread 0x000001e71f99cfa0 Thread added: 0x000001e71f99e9e0
Event: 3.867 Thread 0x000001e6d5adf8f0 Thread exited: 0x000001e6d5adf8f0
Event: 3.886 Thread 0x000001e71f99e9e0 Thread added: 0x000001e71f99f070
Event: 3.952 Thread 0x000001e71f99cfa0 Thread added: 0x000001e71f99f700
Event: 4.528 Thread 0x000001e6d5ae0d60 Thread exited: 0x000001e6d5ae0d60
Event: 7.609 Thread 0x000001e6d5add6e0 Thread added: 0x000001e6d5ae0d60
Event: 7.789 Thread 0x000001e6d5ae0d60 Thread exited: 0x000001e6d5ae0d60
Event: 8.211 Thread 0x000001e6d5ade480 Thread exited: 0x000001e6d5ade480
Event: 10.270 Thread 0x000001e71f99cfa0 Thread added: 0x000001e7219bf0d0
Event: 10.309 Thread 0x000001e71f99cfa0 Thread added: 0x000001e7219bc970
Event: 10.946 Thread 0x000001e71f99cfa0 Thread added: 0x000001e7219be3b0
Event: 10.960 Thread 0x000001e71f99cfa0 Thread added: 0x000001e7219bbc50
Event: 11.828 Thread 0x000001e71f99cfa0 Thread added: 0x000001e7219bc2e0
Event: 11.921 Thread 0x000001e71f99cfa0 Thread added: 0x000001e7219bf760
Event: 12.835 Thread 0x000001e71f99cfa0 Thread added: 0x000001e7219bd000
Event: 12.942 Thread 0x000001e71f99cfa0 Thread added: 0x000001e7219bfdf0
Event: 16.020 Thread 0x000001e6d5add6e0 Thread exited: 0x000001e6d5add6e0
Event: 33.030 Thread 0x000001e6d5adf220 Thread added: 0x000001e6d5adeb50
Event: 33.263 Thread 0x000001e6d5adeb50 Thread exited: 0x000001e6d5adeb50
Event: 93.232 Thread 0x000001e71f99f070 Thread exited: 0x000001e71f99f070


Dynamic libraries:
0x00007ff79bf90000 - 0x00007ff79bf9e000 	C:\Users\AJI\.vscode\extensions\redhat.java-1.56.0-win32-x64\jre\21.0.12.1-win32-x86_64\bin\java.exe
0x00007ffe02160000 - 0x00007ffe023c7000 	C:\WINDOWS\SYSTEM32\ntdll.dll
0x00007ffe003b0000 - 0x00007ffe0047b000 	C:\WINDOWS\System32\KERNEL32.DLL
0x00007ffdff6f0000 - 0x00007ffdffaf2000 	C:\WINDOWS\System32\KERNELBASE.dll
0x00007ffdff410000 - 0x00007ffdff55c000 	C:\WINDOWS\System32\ucrtbase.dll
0x00007ffd821c0000 - 0x00007ffd821d8000 	C:\Users\AJI\.vscode\extensions\redhat.java-1.56.0-win32-x64\jre\21.0.12.1-win32-x86_64\bin\jli.dll
0x00007ffdc0f00000 - 0x00007ffdc0f1e000 	C:\Users\AJI\.vscode\extensions\redhat.java-1.56.0-win32-x64\jre\21.0.12.1-win32-x86_64\bin\VCRUNTIME140.dll
0x00007ffe019a0000 - 0x00007ffe01b6f000 	C:\WINDOWS\System32\USER32.dll
0x00007ffddfe30000 - 0x00007ffde00c0000 	C:\WINDOWS\WinSxS\amd64_microsoft.windows.common-controls_6595b64144ccf1df_6.0.26100.9278_none_3e0d1ba8e3303201\COMCTL32.dll
0x00007ffdff570000 - 0x00007ffdff597000 	C:\WINDOWS\System32\win32u.dll
0x00007ffe018c0000 - 0x00007ffe01969000 	C:\WINDOWS\System32\msvcrt.dll
0x00007ffe01970000 - 0x00007ffe0199b000 	C:\WINDOWS\System32\GDI32.dll
0x00007ffdffc90000 - 0x00007ffdffdb9000 	C:\WINDOWS\System32\gdi32full.dll
0x00007ffdff360000 - 0x00007ffdff403000 	C:\WINDOWS\System32\msvcp_win.dll
0x00007ffe01b90000 - 0x00007ffe01bc1000 	C:\WINDOWS\System32\IMM32.DLL
0x00007ffdd7ca0000 - 0x00007ffdd7cac000 	C:\Users\AJI\.vscode\extensions\redhat.java-1.56.0-win32-x64\jre\21.0.12.1-win32-x86_64\bin\vcruntime140_1.dll
0x00007ffd7e7f0000 - 0x00007ffd7e87d000 	C:\Users\AJI\.vscode\extensions\redhat.java-1.56.0-win32-x64\jre\21.0.12.1-win32-x86_64\bin\msvcp140.dll
0x00007ffcef0f0000 - 0x00007ffcefe92000 	C:\Users\AJI\.vscode\extensions\redhat.java-1.56.0-win32-x64\jre\21.0.12.1-win32-x86_64\bin\server\jvm.dll
0x00007ffe002e0000 - 0x00007ffe0039c000 	C:\WINDOWS\System32\ADVAPI32.dll
0x00007ffe00230000 - 0x00007ffe002d9000 	C:\WINDOWS\System32\sechost.dll
0x00007ffdfff30000 - 0x00007ffe00048000 	C:\WINDOWS\System32\RPCRT4.dll
0x00007ffe01720000 - 0x00007ffe017a0000 	C:\WINDOWS\System32\WS2_32.dll
0x00007ffdff1c0000 - 0x00007ffdff21e000 	C:\WINDOWS\SYSTEM32\POWRPROF.dll
0x00007ffdfb560000 - 0x00007ffdfb596000 	C:\WINDOWS\SYSTEM32\WINMM.dll
0x00007ffdf5020000 - 0x00007ffdf502b000 	C:\WINDOWS\SYSTEM32\VERSION.dll
0x00007ffdff1a0000 - 0x00007ffdff1b5000 	C:\WINDOWS\SYSTEM32\UMPDC.dll
0x00007ffdfdf70000 - 0x00007ffdfdf8b000 	C:\WINDOWS\SYSTEM32\kernel.appcore.dll
0x00007ffdd7be0000 - 0x00007ffdd7bea000 	C:\Users\AJI\.vscode\extensions\redhat.java-1.56.0-win32-x64\jre\21.0.12.1-win32-x86_64\bin\jimage.dll
0x00007ffdfc940000 - 0x00007ffdfcb8c000 	C:\WINDOWS\SYSTEM32\DBGHELP.DLL
0x00007ffe00d20000 - 0x00007ffe010a5000 	C:\WINDOWS\System32\combase.dll
0x00007ffe011b0000 - 0x00007ffe01289000 	C:\WINDOWS\System32\OLEAUT32.dll
0x00007ffdde450000 - 0x00007ffdde48b000 	C:\WINDOWS\SYSTEM32\dbgcore.DLL
0x00007ffdffdc0000 - 0x00007ffdffe6c000 	C:\WINDOWS\System32\bcryptPrimitives.dll
0x00007ffdd70d0000 - 0x00007ffdd70df000 	C:\Users\AJI\.vscode\extensions\redhat.java-1.56.0-win32-x64\jre\21.0.12.1-win32-x86_64\bin\instrument.dll
0x00007ffd7fbb0000 - 0x00007ffd7fbd0000 	C:\Users\AJI\.vscode\extensions\redhat.java-1.56.0-win32-x64\jre\21.0.12.1-win32-x86_64\bin\java.dll
0x00007ffe00580000 - 0x00007ffe00d18000 	C:\WINDOWS\System32\SHELL32.dll
0x00007ffdfcd80000 - 0x00007ffdfd62e000 	C:\WINDOWS\SYSTEM32\windows.storage.dll
0x00007ffe01320000 - 0x00007ffe0141b000 	C:\WINDOWS\System32\SHCORE.dll
0x00007ffe010b0000 - 0x00007ffe01116000 	C:\WINDOWS\System32\shlwapi.dll
0x00007ffdff280000 - 0x00007ffdff2a9000 	C:\WINDOWS\SYSTEM32\profapi.dll
0x00007ffd7fb90000 - 0x00007ffd7fba8000 	C:\Users\AJI\.vscode\extensions\redhat.java-1.56.0-win32-x64\jre\21.0.12.1-win32-x86_64\bin\zip.dll
0x00007ffdd7b20000 - 0x00007ffdd7b30000 	C:\Users\AJI\.vscode\extensions\redhat.java-1.56.0-win32-x64\jre\21.0.12.1-win32-x86_64\bin\net.dll
0x00007ffdf8730000 - 0x00007ffdf885a000 	C:\WINDOWS\SYSTEM32\WINHTTP.dll
0x00007ffdfe5f0000 - 0x00007ffdfe65c000 	C:\WINDOWS\system32\mswsock.dll
0x00007ffd7e7d0000 - 0x00007ffd7e7e6000 	C:\Users\AJI\.vscode\extensions\redhat.java-1.56.0-win32-x64\jre\21.0.12.1-win32-x86_64\bin\nio.dll
0x00007ffdd1b60000 - 0x00007ffdd1b70000 	C:\Users\AJI\.vscode\extensions\redhat.java-1.56.0-win32-x64\jre\21.0.12.1-win32-x86_64\bin\verify.dll
0x00007ffd7fce0000 - 0x00007ffd7fd07000 	C:\Users\AJI\.gradle\native\1def1411415f61bf3af743bc5b6707747c0891f09f0c88961ee8f79bc544acac\windows-amd64\native-platform.dll
0x00007ffcf9e70000 - 0x00007ffcf9ee7000 	C:\Users\AJI\.gradle\native\0.2.8\x86_64-windows-gnu\gradle-fileevents.dll
0x00007ffdd17c0000 - 0x00007ffdd17ca000 	C:\Users\AJI\.vscode\extensions\redhat.java-1.56.0-win32-x64\jre\21.0.12.1-win32-x86_64\bin\management.dll
0x00007ffdd0ce0000 - 0x00007ffdd0cec000 	C:\Users\AJI\.vscode\extensions\redhat.java-1.56.0-win32-x64\jre\21.0.12.1-win32-x86_64\bin\management_ext.dll
0x00007ffe01b80000 - 0x00007ffe01b88000 	C:\WINDOWS\System32\PSAPI.DLL
0x00007ffdfd9b0000 - 0x00007ffdfd9e3000 	C:\WINDOWS\SYSTEM32\IPHLPAPI.DLL
0x00007ffdfff00000 - 0x00007ffdfff0a000 	C:\WINDOWS\System32\NSI.dll
0x00007ffdd0ba0000 - 0x00007ffdd0ba9000 	C:\Users\AJI\.vscode\extensions\redhat.java-1.56.0-win32-x64\jre\21.0.12.1-win32-x86_64\bin\extnet.dll
0x00007ffdfe8e0000 - 0x00007ffdfe8fb000 	C:\WINDOWS\SYSTEM32\CRYPTSP.dll
0x00007ffdfdf90000 - 0x00007ffdfdfc9000 	C:\WINDOWS\system32\rsaenh.dll
0x00007ffdfe6a0000 - 0x00007ffdfe6d4000 	C:\WINDOWS\SYSTEM32\USERENV.dll
0x00007ffdff250000 - 0x00007ffdff27a000 	C:\WINDOWS\SYSTEM32\bcrypt.dll
0x00007ffdfe900000 - 0x00007ffdfe90c000 	C:\WINDOWS\SYSTEM32\CRYPTBASE.dll
0x00007ffdd0640000 - 0x00007ffdd064e000 	C:\Users\AJI\.vscode\extensions\redhat.java-1.56.0-win32-x64\jre\21.0.12.1-win32-x86_64\bin\sunmscapi.dll
0x00007ffdffb00000 - 0x00007ffdffc7e000 	C:\WINDOWS\System32\CRYPT32.dll
0x00007ffdfeb20000 - 0x00007ffdfeb50000 	C:\WINDOWS\SYSTEM32\ncrypt.dll
0x00007ffdfead0000 - 0x00007ffdfeb0f000 	C:\WINDOWS\SYSTEM32\NTASN1.dll
0x00007ffdd4f00000 - 0x00007ffdd4f08000 	C:\WINDOWS\system32\wshunix.dll

JVMTI agents:
C:\Users\AJI\.gradle\wrapper\dists\gradle-9.1.0-all\7wzd0jkjit61aq2p43wpjgij9\gradle-9.1.0\lib\agents\gradle-instrumentation-agent-9.1.0.jar path:C:\Users\AJI\.vscode\extensions\redhat.java-1.56.0-win32-x64\jre\21.0.12.1-win32-x86_64\bin\instrument.dll, loaded, initialized, instrumentlib options:none

dbghelp: loaded successfully - version: 4.0.5 - missing functions: none
symbol engine: initialized successfully - sym options: 0x614 - pdb path: .;C:\Users\AJI\.vscode\extensions\redhat.java-1.56.0-win32-x64\jre\21.0.12.1-win32-x86_64\bin;C:\WINDOWS\SYSTEM32;C:\WINDOWS\WinSxS\amd64_microsoft.windows.common-controls_6595b64144ccf1df_6.0.26100.9278_none_3e0d1ba8e3303201;C:\Users\AJI\.vscode\extensions\redhat.java-1.56.0-win32-x64\jre\21.0.12.1-win32-x86_64\bin\server;C:\Users\AJI\.gradle\native\1def1411415f61bf3af743bc5b6707747c0891f09f0c88961ee8f79bc544acac\windows-amd64;C:\Users\AJI\.gradle\native\0.2.8\x86_64-windows-gnu

VM Arguments:
jvm_args: --add-opens=java.base/java.lang=ALL-UNNAMED --add-opens=java.base/java.lang.invoke=ALL-UNNAMED --add-opens=java.base/java.util=ALL-UNNAMED --add-opens=java.prefs/java.util.prefs=ALL-UNNAMED --add-exports=jdk.compiler/com.sun.tools.javac.api=ALL-UNNAMED --add-exports=jdk.compiler/com.sun.tools.javac.util=ALL-UNNAMED --add-opens=java.base/java.util=ALL-UNNAMED --add-opens=java.prefs/java.util.prefs=ALL-UNNAMED --add-opens=java.base/java.nio.charset=ALL-UNNAMED --add-opens=java.base/java.net=ALL-UNNAMED --add-opens=java.base/java.util.concurrent=ALL-UNNAMED --add-opens=java.base/java.util.concurrent.atomic=ALL-UNNAMED --add-opens=java.xml/javax.xml.namespace=ALL-UNNAMED --add-opens=java.base/java.time=ALL-UNNAMED -XX:MaxMetaspaceSize=4G -XX:ReservedCodeCacheSize=512m -XX:+HeapDumpOnOutOfMemoryError -Xmx8G -Dfile.encoding=UTF-8 -Duser.country=IN -Duser.language=en -Duser.variant -javaagent:C:\Users\AJI\.gradle\wrapper\dists\gradle-9.1.0-all\7wzd0jkjit61aq2p43wpjgij9\gradle-9.1.0\lib\agents\gradle-instrumentation-agent-9.1.0.jar 
java_command: org.gradle.launcher.daemon.bootstrap.GradleDaemon 9.1.0
java_class_path (initial): C:\Users\AJI\.gradle\wrapper\dists\gradle-9.1.0-all\7wzd0jkjit61aq2p43wpjgij9\gradle-9.1.0\lib\gradle-daemon-main-9.1.0.jar
Launcher Type: SUN_STANDARD

[Global flags]
     intx CICompilerCount                          = 12                                        {product} {ergonomic}
     uint ConcGCThreads                            = 4                                         {product} {ergonomic}
     uint G1ConcRefinementThreads                  = 15                                        {product} {ergonomic}
   size_t G1HeapRegionSize                         = 4194304                                   {product} {ergonomic}
    uintx GCDrainStackTargetSize                   = 64                                        {product} {ergonomic}
     bool HeapDumpOnOutOfMemoryError               = true                                   {manageable} {command line}
   size_t InitialHeapSize                          = 264241152                                 {product} {ergonomic}
   size_t MarkStackSize                            = 4194304                                   {product} {ergonomic}
   size_t MaxHeapSize                              = 8589934592                                {product} {command line}
   size_t MaxMetaspaceSize                         = 4294967296                                {product} {command line}
   size_t MaxNewSize                               = 5150605312                                {product} {ergonomic}
   size_t MinHeapDeltaBytes                        = 4194304                                   {product} {ergonomic}
   size_t MinHeapSize                              = 8388608                                   {product} {ergonomic}
    uintx NonNMethodCodeHeapSize                   = 7602480                                {pd product} {ergonomic}
    uintx NonProfiledCodeHeapSize                  = 264634216                              {pd product} {ergonomic}
    uintx ProfiledCodeHeapSize                     = 264634216                              {pd product} {ergonomic}
    uintx ReservedCodeCacheSize                    = 536870912                              {pd product} {command line}
     bool SegmentedCodeCache                       = true                                      {product} {ergonomic}
   size_t SoftMaxHeapSize                          = 8589934592                             {manageable} {ergonomic}
     bool UseCompressedOops                        = true                           {product lp64_product} {ergonomic}
     bool UseG1GC                                  = true                                      {product} {ergonomic}
     bool UseLargePagesIndividualAllocation        = false                                  {pd product} {ergonomic}

Logging:
Log output configuration:
 #0: stdout all=warning uptime,level,tags foldmultilines=false
 #1: stderr all=off uptime,level,tags foldmultilines=false

Release file:
JAVA_VERSION="21.0.12.1" 
MODULES="java.base java.compiler java.datatransfer java.xml java.prefs java.desktop java.instrument java.logging java.management java.security.sasl java.naming java.rmi java.management.rmi java.net.http java.scripting java.security.jgss java.transaction.xa java.sql java.sql.rowset java.xml.crypto java.se java.smartcardio jdk.accessibility jdk.internal.jvmstat jdk.attach jdk.charsets jdk.internal.opt jdk.zipfs jdk.compiler jdk.crypto.ec jdk.crypto.cryptoki jdk.crypto.mscapi jdk.dynalink jdk.internal.ed jdk.editpad jdk.hotspot.agent jdk.httpserver jdk.internal.le jdk.internal.vm.ci jdk.internal.vm.compiler jdk.internal.vm.compiler.management jdk.jartool jdk.javadoc jdk.jcmd jdk.management jdk.management.agent jdk.jconsole jdk.jdeps jdk.jdwp.agent jdk.jdi jdk.jfr jdk.jshell jdk.jsobject jdk.jstatd jdk.localedata jdk.management.jfr jdk.naming.dns jdk.naming.rmi jdk.net jdk.nio.mapmode jdk.random jdk.sctp jdk.security.auth jdk.security.jgss jdk.unsupported jdk.unsupported.desktop jdk.xml.dom" 

Environment Variables:
JAVA_HOME=C:\Program Files\Java\jdk-17
PATH=C:\Python314\Scripts\;C:\Python314\;C:\Program Files\Eclipse Adoptium\jdk-25.0.3.9-hotspot\bin;C:\Program Files\Microsoft\jdk-11.0.16.101-hotspot\bin;C:\WINDOWS\system32;C:\WINDOWS;C:\WINDOWS\System32\Wbem;C:\WINDOWS\System32\WindowsPowerShell\v1.0\;C:\WINDOWS\System32\OpenSSH\;C:\Program Files\dotnet\;C:\MinGW\bin;C:\ProgramData\chocolatey\bin;C:\Users\AJI\AppData\Local\Pub\Cache\bin;C:\Program Files\Java\jdk-17\bin;d:\cursor\resources\app\bin;C:\Users\AJI\develop\flutter\bin;C:\Users\AJI\.local\bin;D:\node\node_modules\npm\bin;D:\node\;C:\Program Files\nodejs\;C:\Program Files\nodejs\node_modules\npm\bin;C:\Users\AJI\Documents\MONGO\mongosh-2.9.2-win32-x64\bin;C:\xampp\php;C:\Program Files\Git\cmd;C:\Users\AJI\AppData\Local\Programs\Python\Python312\Scripts\;C:\Users\AJI\AppData\Local\Programs\Python\Python312\;C:\Users\AJI\.local\bin;C:\Users\AJI\AppData\Local\Microsoft\WindowsApps;D:\IntelliJ IDEA Community Edition 2023.1.5\bin;;C:\mingw64\bin;C:\Users\AJI\.dotnet\tools;C:\Users\AJI\Documents\flutter_windows_3.13.4-stable\flutter\bin;C:\Users\AJI\AppData\Local\Pub\Cache\bin;D:\flutter_pub_cache;C:\Users\AJI\AppData\Local\Android\Sdk;C:\Program Files\Java\jdk-17\bin;D:\rider\JetBrains Rider 2024.3.7\bin;;D:\Program Files\Microsoft VS Code\bin;D:\freelanceing\cursor\resources\app\bin;C:\Users\AJI\AppData\Local\Programs\Microsoft VS Code\bin;C:\Users\AJI\AppData\Local\Programs\cursor\resources\app\bin;C:\Users\AJI\AppData\Roaming\npm
USERNAME=AJI
OS=Windows_NT
PROCESSOR_IDENTIFIER=Intel64 Family 6 Model 154 Stepping 3, GenuineIntel
TMP=C:\Users\AJI\AppData\Local\Temp
TEMP=C:\Users\AJI\AppData\Local\Temp




Periodic native trim disabled

---------------  S Y S T E M  ---------------

OS:
 Windows 11 , 64 bit Build 26100 (10.0.26100.9444)
OS uptime: 0 days 0:16 hours
Hyper-V role detected

CPU: total 20 (initial active 20) (10 cores per cpu, 2 threads per core) family 6 model 154 stepping 3 microcode 0x43b, cx8, cmov, fxsr, ht, mmx, 3dnowpref, sse, sse2, sse3, ssse3, sse4.1, sse4.2, popcnt, lzcnt, tsc, tscinvbit, avx, avx2, aes, erms, clmul, bmi1, bmi2, adx, sha, fma, vzeroupper, clflush, clflushopt, clwb, hv, serialize, rdtscp, rdpid, fsrm, f16c, cet_ibt, cet_ss
Processor Information for processor 0
  Max Mhz: 2300, Current Mhz: 2300, Mhz Limit: 2300
Processor Information for processor 1
  Max Mhz: 2300, Current Mhz: 2300, Mhz Limit: 2300
Processor Information for processor 2
  Max Mhz: 2300, Current Mhz: 2300, Mhz Limit: 2300
Processor Information for processor 3
  Max Mhz: 2300, Current Mhz: 2300, Mhz Limit: 2300
Processor Information for processor 4
  Max Mhz: 2300, Current Mhz: 2300, Mhz Limit: 2300
Processor Information for processor 5
  Max Mhz: 2300, Current Mhz: 2300, Mhz Limit: 2300
Processor Information for processor 6
  Max Mhz: 2300, Current Mhz: 2300, Mhz Limit: 2300
Processor Information for processor 7
  Max Mhz: 2300, Current Mhz: 2300, Mhz Limit: 2300
Processor Information for processor 8
  Max Mhz: 2300, Current Mhz: 2300, Mhz Limit: 2300
Processor Information for processor 9
  Max Mhz: 2300, Current Mhz: 2300, Mhz Limit: 2300
Processor Information for processor 10
  Max Mhz: 2300, Current Mhz: 2300, Mhz Limit: 2300
Processor Information for processor 11
  Max Mhz: 2300, Current Mhz: 2300, Mhz Limit: 2300
Processor Information for processor 12
  Max Mhz: 2300, Current Mhz: 2300, Mhz Limit: 2300
Processor Information for processor 13
  Max Mhz: 2300, Current Mhz: 2300, Mhz Limit: 2300
Processor Information for processor 14
  Max Mhz: 2300, Current Mhz: 2300, Mhz Limit: 2300
Processor Information for processor 15
  Max Mhz: 2300, Current Mhz: 2300, Mhz Limit: 2300
Processor Information for processor 16
  Max Mhz: 2300, Current Mhz: 1488, Mhz Limit: 2300
Processor Information for processor 17
  Max Mhz: 2300, Current Mhz: 2300, Mhz Limit: 2300
Processor Information for processor 18
  Max Mhz: 2300, Current Mhz: 2300, Mhz Limit: 2300
Processor Information for processor 19
  Max Mhz: 2300, Current Mhz: 2300, Mhz Limit: 2300

Memory: 4k page, system-wide physical 16068M (311M free)
TotalPageFile size 65220M (AvailPageFile size 0M)
current process WorkingSet (physical memory assigned to process): 31M, peak: 261M
current process commit charge ("private bytes"): 291M, peak: 436M

vm_info: OpenJDK 64-Bit Server VM (21.0.12.1+1-LTS) for windows-amd64 JRE (21.0.12.1+1-LTS), built on 2026-08-18T00:00:00Z by "admin" with MS VC++ 17.12 (VS2022)

END.
