#
# There is insufficient memory for the Java Runtime Environment to continue.
# Native memory allocation (malloc) failed to allocate 32744 bytes. Error detail: Chunk::new
# Possible reasons:
#   The system is out of physical RAM or swap space
#   This process is running with CompressedOops enabled, and the Java Heap may be blocking the growth of the native heap
# Possible solutions:
#   Reduce memory load on the system
#   Increase physical memory or swap space
#   Check if swap backing store is full
#   Decrease Java heap size (-Xmx/-Xms)
#   Decrease number of Java threads
#   Decrease Java thread stack sizes (-Xss)
#   Set larger code cache with -XX:ReservedCodeCacheSize=
#   JVM is running with Zero Based Compressed Oops mode in which the Java heap is
#     placed in the first 32GB address space. The Java Heap base address is the
#     maximum limit for the native heap growth. Please use -XX:HeapBaseMinAddress
#     to set the Java Heap base and to place the Java Heap above 32GB virtual address.
# This output file may be truncated or incomplete.
#
#  Out of Memory Error (arena.cpp:168), pid=70048, tid=6684
#
# JRE version: OpenJDK Runtime Environment Temurin-21.0.12.1+1 (21.0.12.1+1) (build 21.0.12.1+1-LTS)
# Java VM: OpenJDK 64-Bit Server VM Temurin-21.0.12.1+1 (21.0.12.1+1-LTS, mixed mode, sharing, tiered, compressed oops, compressed class ptrs, g1 gc, windows-amd64)
# No core dump will be written. Minidumps are not enabled by default on client versions of Windows
#

---------------  S U M M A R Y ------------

Command Line: --add-opens=java.base/java.lang=ALL-UNNAMED --add-opens=java.base/java.lang.invoke=ALL-UNNAMED --add-opens=java.base/java.util=ALL-UNNAMED --add-opens=java.prefs/java.util.prefs=ALL-UNNAMED --add-exports=jdk.compiler/com.sun.tools.javac.api=ALL-UNNAMED --add-exports=jdk.compiler/com.sun.tools.javac.util=ALL-UNNAMED --add-opens=java.base/java.util=ALL-UNNAMED --add-opens=java.prefs/java.util.prefs=ALL-UNNAMED --add-opens=java.base/java.nio.charset=ALL-UNNAMED --add-opens=java.base/java.net=ALL-UNNAMED --add-opens=java.base/java.util.concurrent=ALL-UNNAMED --add-opens=java.base/java.util.concurrent.atomic=ALL-UNNAMED --add-opens=java.xml/javax.xml.namespace=ALL-UNNAMED --add-opens=java.base/java.time=ALL-UNNAMED -XX:MaxMetaspaceSize=4G -XX:ReservedCodeCacheSize=512m -XX:+HeapDumpOnOutOfMemoryError -Xmx8G -Dfile.encoding=UTF-8 -Duser.country=IN -Duser.language=en -Duser.variant -javaagent:C:\Users\AJI\.gradle\wrapper\dists\gradle-9.1.0-all\7wzd0jkjit61aq2p43wpjgij9\gradle-9.1.0\lib\agents\gradle-instrumentation-agent-9.1.0.jar org.gradle.launcher.daemon.bootstrap.GradleDaemon 9.1.0

Host: 12th Gen Intel(R) Core(TM) i7-12700H, 20 cores, 15G,  Windows 11 , 64 bit Build 26100 (10.0.26100.9444)
Time: Thu Sep 17 09:16:41 2026 India Standard Time elapsed time: 98.156973 seconds (0d 0h 1m 38s)

---------------  T H R E A D  ---------------

Current thread (0x000001c9d988e1c0):  JavaThread "C2 CompilerThread0" daemon [_thread_in_native, id=6684, stack(0x0000009a98600000,0x0000009a98700000) (1024K)]


Current CompileTask:
C2:98157 4788       4       java.util.concurrent.locks.AbstractQueuedSynchronizer$ConditionObject::awaitNanos (202 bytes)

Stack: [0x0000009a98600000,0x0000009a98700000]
Native frames: (J=compiled Java code, j=interpreted, Vv=VM code, C=native code)
V  [jvm.dll+0x6d83e9]
V  [jvm.dll+0x8b5736]
V  [jvm.dll+0x8b7cee]
V  [jvm.dll+0x8b83d3]
V  [jvm.dll+0x284596]
V  [jvm.dll+0xc685d]
V  [jvm.dll+0xc6da1]
V  [jvm.dll+0x6fdf17]
V  [jvm.dll+0x24da2a]
V  [jvm.dll+0x24bbe6]
V  [jvm.dll+0x1cb4ae]
V  [jvm.dll+0x25baad]
V  [jvm.dll+0x25a03a]
V  [jvm.dll+0x3f8aae]
V  [jvm.dll+0x8600cd]
V  [jvm.dll+0x6d6c1d]
C  [ucrtbase.dll+0x2cd30]
C  [KERNEL32.DLL+0x2cd87]
C  [ntdll.dll+0xacaec]


---------------  P R O C E S S  ---------------

Threads class SMR info:
_java_thread_list=0x000001ca1fb593c0, length=33, elements={
0x000001c9a8662920, 0x000001c9d9883c50, 0x000001c9d98854d0, 0x000001c9d988ad70,
0x000001c9d988b7d0, 0x000001c9d988c230, 0x000001c9d988cc90, 0x000001c9d988e1c0,
0x000001c9d98fe760, 0x000001c9d9a4b850, 0x000001c9d9b60080, 0x000001ca20730f30,
0x000001ca206fecc0, 0x000001ca20761c90, 0x000001ca209ca710, 0x000001ca209ceea0,
0x000001ca2098fb30, 0x000001ca209a45b0, 0x000001ca209a6680, 0x000001ca209a52d0,
0x000001ca209a3f20, 0x000001ca209a4c40, 0x000001ca209a5960, 0x000001ca209a5ff0,
0x000001ca209a6d10, 0x000001ca217397a0, 0x000001ca21738a80, 0x000001ca21739110,
0x000001ca217383f0, 0x000001ca2173a4c0, 0x000001ca2173ab50, 0x000001ca217376d0,
0x000001ca2173b1e0
}

Java Threads: ( => current thread )
  0x000001c9a8662920 JavaThread "main"                              [_thread_blocked, id=73820, stack(0x0000009a97800000,0x0000009a97900000) (1024K)]
  0x000001c9d9883c50 JavaThread "Reference Handler"          daemon [_thread_blocked, id=67728, stack(0x0000009a98000000,0x0000009a98100000) (1024K)]
  0x000001c9d98854d0 JavaThread "Finalizer"                  daemon [_thread_blocked, id=73648, stack(0x0000009a98100000,0x0000009a98200000) (1024K)]
  0x000001c9d988ad70 JavaThread "Signal Dispatcher"          daemon [_thread_blocked, id=73816, stack(0x0000009a98200000,0x0000009a98300000) (1024K)]
  0x000001c9d988b7d0 JavaThread "Attach Listener"            daemon [_thread_blocked, id=73780, stack(0x0000009a98300000,0x0000009a98400000) (1024K)]
  0x000001c9d988c230 JavaThread "Service Thread"             daemon [_thread_blocked, id=74152, stack(0x0000009a98400000,0x0000009a98500000) (1024K)]
  0x000001c9d988cc90 JavaThread "Monitor Deflation Thread"   daemon [_thread_blocked, id=73812, stack(0x0000009a98500000,0x0000009a98600000) (1024K)]
=>0x000001c9d988e1c0 JavaThread "C2 CompilerThread0"         daemon [_thread_in_native, id=6684, stack(0x0000009a98600000,0x0000009a98700000) (1024K)]
  0x000001c9d98fe760 JavaThread "C1 CompilerThread0"         daemon [_thread_blocked, id=74280, stack(0x0000009a98700000,0x0000009a98800000) (1024K)]
  0x000001c9d9a4b850 JavaThread "Common-Cleaner"             daemon [_thread_blocked, id=53864, stack(0x0000009a98800000,0x0000009a98900000) (1024K)]
  0x000001c9d9b60080 JavaThread "Notification Thread"        daemon [_thread_blocked, id=61688, stack(0x0000009a98900000,0x0000009a98a00000) (1024K)]
  0x000001ca20730f30 JavaThread "Daemon health stats"               [_thread_blocked, id=39136, stack(0x0000009a98f00000,0x0000009a99000000) (1024K)]
  0x000001ca206fecc0 JavaThread "Incoming local TCP Connector on port 44483"        [_thread_in_native, id=76144, stack(0x0000009a99400000,0x0000009a99500000) (1024K)]
  0x000001ca20761c90 JavaThread "Daemon periodic checks"            [_thread_blocked, id=44516, stack(0x0000009a99500000,0x0000009a99600000) (1024K)]
  0x000001ca209ca710 JavaThread "Daemon"                            [_thread_blocked, id=57480, stack(0x0000009a99600000,0x0000009a99700000) (1024K)]
  0x000001ca209ceea0 JavaThread "Handler for socket connection from /127.0.0.1:44483 to /127.0.0.1:44484"        [_thread_in_native, id=68472, stack(0x0000009a99700000,0x0000009a99800000) (1024K)]
  0x000001ca2098fb30 JavaThread "Cancel handler"                    [_thread_blocked, id=70100, stack(0x0000009a99800000,0x0000009a99900000) (1024K)]
  0x000001ca209a45b0 JavaThread "Daemon worker"                     [_thread_blocked, id=61104, stack(0x0000009a99900000,0x0000009a99a00000) (1024K)]
  0x000001ca209a6680 JavaThread "Asynchronous log dispatcher for DefaultDaemonConnection: socket connection from /127.0.0.1:44483 to /127.0.0.1:44484"        [_thread_blocked, id=72184, stack(0x0000009a99a00000,0x0000009a99b00000) (1024K)]
  0x000001ca209a52d0 JavaThread "Stdin handler"                     [_thread_blocked, id=15004, stack(0x0000009a99b00000,0x0000009a99c00000) (1024K)]
  0x000001ca209a3f20 JavaThread "Daemon client event forwarder"        [_thread_blocked, id=66448, stack(0x0000009a99c00000,0x0000009a99d00000) (1024K)]
  0x000001ca209a4c40 JavaThread "Cache worker for journal cache (C:\Users\AJI\.gradle\caches\journal-1)"        [_thread_blocked, id=75020, stack(0x0000009a99d00000,0x0000009a99e00000) (1024K)]
  0x000001ca209a5960 JavaThread "File lock request listener"        [_thread_in_native, id=3080, stack(0x0000009a99e00000,0x0000009a99f00000) (1024K)]
  0x000001ca209a5ff0 JavaThread "File lock release action executor"        [_thread_blocked, id=74924, stack(0x0000009a99f00000,0x0000009a9a000000) (1024K)]
  0x000001ca209a6d10 JavaThread "Cache worker for file hash cache (C:\Users\AJI\.gradle\caches\9.1.0\fileHashes)"        [_thread_blocked, id=73492, stack(0x0000009a9a000000,0x0000009a9a100000) (1024K)]
  0x000001ca217397a0 JavaThread "Cache worker for file hash cache (C:\Users\AJI\Documents\Gostriders\gostriders\android\.gradle\9.1.0\fileHashes)"        [_thread_blocked, id=53220, stack(0x0000009a9a900000,0x0000009a9aa00000) (1024K)]
  0x000001ca21738a80 JavaThread "Cache worker for Build Output Cleanup Cache (C:\Users\AJI\Documents\Gostriders\gostriders\android\.gradle\buildOutputCleanup)"        [_thread_blocked, id=58148, stack(0x0000009a9aa00000,0x0000009a9ab00000) (1024K)]
  0x000001ca21739110 JavaThread "File watcher server"        daemon [_thread_in_native, id=53416, stack(0x0000009a9ab00000,0x0000009a9ac00000) (1024K)]
  0x000001ca217383f0 JavaThread "File watcher consumer"      daemon [_thread_blocked, id=9480, stack(0x0000009a9ac00000,0x0000009a9ad00000) (1024K)]
  0x000001ca2173a4c0 JavaThread "Cache worker for checksums cache (C:\Users\AJI\Documents\Gostriders\gostriders\android\.gradle\9.1.0\checksums)"        [_thread_blocked, id=56068, stack(0x0000009a9ad00000,0x0000009a9ae00000) (1024K)]
  0x000001ca2173ab50 JavaThread "Cache worker for file content cache (C:\Users\AJI\.gradle\caches\9.1.0\fileContent)"        [_thread_blocked, id=42284, stack(0x0000009a9ae00000,0x0000009a9af00000) (1024K)]
  0x000001ca217376d0 JavaThread "Cache worker for cache directory md-supplier (C:\Users\AJI\.gradle\caches\9.1.0\md-supplier)"        [_thread_blocked, id=55456, stack(0x0000009a9af00000,0x0000009a9b000000) (1024K)]
  0x000001ca2173b1e0 JavaThread "Cache worker for cache directory md-rule (C:\Users\AJI\.gradle\caches\9.1.0\md-rule)"        [_thread_blocked, id=54640, stack(0x0000009a9b000000,0x0000009a9b100000) (1024K)]
Total: 33

Other Threads:
  0x000001c9d683e1d0 VMThread "VM Thread"                           [id=74244, stack(0x0000009a97f00000,0x0000009a98000000) (1024K)]
  0x000001c9d68347a0 WatcherThread "VM Periodic Task Thread"        [id=77116, stack(0x0000009a97e00000,0x0000009a97f00000) (1024K)]
  0x000001c9a870c4b0 WorkerThread "GC Thread#0"                     [id=36968, stack(0x0000009a97900000,0x0000009a97a00000) (1024K)]
  0x000001c9d9bada60 WorkerThread "GC Thread#1"                     [id=51252, stack(0x0000009a98a00000,0x0000009a98b00000) (1024K)]
  0x000001c9d9bb2df0 WorkerThread "GC Thread#2"                     [id=65172, stack(0x0000009a98b00000,0x0000009a98c00000) (1024K)]
  0x000001c9d9bb31a0 WorkerThread "GC Thread#3"                     [id=36808, stack(0x0000009a98c00000,0x0000009a98d00000) (1024K)]
  0x000001c9d9bb3550 WorkerThread "GC Thread#4"                     [id=41524, stack(0x0000009a98d00000,0x0000009a98e00000) (1024K)]
  0x000001c9d9ba3d40 WorkerThread "GC Thread#5"                     [id=62828, stack(0x0000009a98e00000,0x0000009a98f00000) (1024K)]
  0x000001ca2074c5f0 WorkerThread "GC Thread#6"                     [id=49352, stack(0x0000009a99000000,0x0000009a99100000) (1024K)]
  0x000001ca20750670 WorkerThread "GC Thread#7"                     [id=69800, stack(0x0000009a99100000,0x0000009a99200000) (1024K)]
  0x000001ca20750a20 WorkerThread "GC Thread#8"                     [id=8048, stack(0x0000009a99200000,0x0000009a99300000) (1024K)]
  0x000001ca20751d90 WorkerThread "GC Thread#9"                     [id=76064, stack(0x0000009a99300000,0x0000009a99400000) (1024K)]
  0x000001ca20753000 WorkerThread "GC Thread#10"                    [id=77312, stack(0x0000009a9a100000,0x0000009a9a200000) (1024K)]
  0x000001ca211efe60 WorkerThread "GC Thread#11"                    [id=4624, stack(0x0000009a9a200000,0x0000009a9a300000) (1024K)]
  0x000001ca211ee0e0 WorkerThread "GC Thread#12"                    [id=56992, stack(0x0000009a9a300000,0x0000009a9a400000) (1024K)]
  0x000001ca211ef700 WorkerThread "GC Thread#13"                    [id=72328, stack(0x0000009a9a400000,0x0000009a9a500000) (1024K)]
  0x000001ca211edd30 WorkerThread "GC Thread#14"                    [id=53424, stack(0x0000009a9a500000,0x0000009a9a600000) (1024K)]
  0x000001c9a871dbc0 ConcurrentGCThread "G1 Main Marker"            [id=2568, stack(0x0000009a97a00000,0x0000009a97b00000) (1024K)]
  0x000001c9a871e5e0 WorkerThread "G1 Conc#0"                       [id=73680, stack(0x0000009a97b00000,0x0000009a97c00000) (1024K)]
  0x000001ca211efab0 WorkerThread "G1 Conc#1"                       [id=77456, stack(0x0000009a9a600000,0x0000009a9a700000) (1024K)]
  0x000001ca211ee490 WorkerThread "G1 Conc#2"                       [id=58740, stack(0x0000009a9a700000,0x0000009a9a800000) (1024K)]
  0x000001ca211f0970 WorkerThread "G1 Conc#3"                       [id=58760, stack(0x0000009a9a800000,0x0000009a9a900000) (1024K)]
  0x000001c9d6700ae0 ConcurrentGCThread "G1 Refine#0"               [id=37864, stack(0x0000009a97c00000,0x0000009a97d00000) (1024K)]
  0x000001c9d6701570 ConcurrentGCThread "G1 Service"                [id=74276, stack(0x0000009a97d00000,0x0000009a97e00000) (1024K)]
Total: 24

Threads with active compile tasks:
C2 CompilerThread0  98196 4788       4       java.util.concurrent.locks.AbstractQueuedSynchronizer$ConditionObject::awaitNanos (202 bytes)
Total: 1

VM state: not at safepoint (normal execution)

VM Mutex/Monitor currently owned by a thread: None

Heap address: 0x0000000600000000, size: 8192 MB, Compressed Oops mode: Zero based, Oop shift amount: 3

CDS archive(s) mapped at: [0x000001c9da000000-0x000001c9daba0000-0x000001c9daba0000), size 12189696, SharedBaseAddress: 0x000001c9da000000, ArchiveRelocationMode: 1.
Compressed class space mapped at: 0x000001c9db000000-0x000001ca1b000000, reserved size: 1073741824
Narrow klass base: 0x000001c9da000000, Narrow klass shift: 0, Narrow klass range: 0x100000000

GC Precious Log:
 CardTable entry size: 512
 Card Set container configuration: InlinePtr #cards 4 size 8 Array Of Cards #cards 32 size 80 Howl #buckets 8 coarsen threshold 7372 Howl Bitmap #cards 1024 size 144 coarsen threshold 921 Card regions per heap region 1 cards per card region 8192
 CPUs: 20 total, 20 available
 Memory: 16068M
 Large Page Support: Disabled
 NUMA Support: Disabled
 Compressed Oops: Enabled (Zero based)
 Heap Region Size: 4M
 Heap Min Capacity: 8M
 Heap Initial Capacity: 252M
 Heap Max Capacity: 8G
 Pre-touch: Disabled
 Parallel Workers: 15
 Concurrent Workers: 4
 Concurrent Refinement Workers: 15
 Periodic GC: Disabled

Heap:
 garbage-first heap   total 159744K, used 32354K [0x0000000600000000, 0x0000000800000000)
  region size 4096K, 3 young (12288K), 2 survivors (8192K)
 Metaspace       used 36927K, committed 38336K, reserved 1114112K
  class space    used 5308K, committed 5952K, reserved 1048576K

Heap Regions: E=young(eden), S=young(survivor), O=old, HS=humongous(starts), HC=humongous(continues), CS=collection set, F=free, TAMS=top-at-mark-start, PB=parsable bottom
|   0|0x0000000600000000, 0x0000000600400000, 0x0000000600400000|100%|HS|  |TAMS 0x0000000600000000| PB 0x0000000600000000| Complete 
|   1|0x0000000600400000, 0x0000000600800000, 0x0000000600800000|100%| O|  |TAMS 0x0000000600400000| PB 0x0000000600400000| Untracked 
|   2|0x0000000600800000, 0x0000000600aa0528, 0x0000000600c00000| 65%| O|  |TAMS 0x0000000600800000| PB 0x0000000600800000| Untracked 
|   3|0x0000000600c00000, 0x0000000601000000, 0x0000000601000000|100%| O|  |TAMS 0x0000000600c00000| PB 0x0000000600c00000| Untracked 
|   4|0x0000000601000000, 0x0000000601400000, 0x0000000601400000|100%| O|  |TAMS 0x0000000601000000| PB 0x0000000601000000| Untracked 
|   5|0x0000000601400000, 0x0000000601400000, 0x0000000601800000|  0%| F|  |TAMS 0x0000000601400000| PB 0x0000000601400000| Untracked 
|   6|0x0000000601800000, 0x0000000601800000, 0x0000000601c00000|  0%| F|  |TAMS 0x0000000601800000| PB 0x0000000601800000| Untracked 
|   7|0x0000000601c00000, 0x0000000601cf8430, 0x0000000602000000| 24%| S|CS|TAMS 0x0000000601c00000| PB 0x0000000601c00000| Complete 
|   8|0x0000000602000000, 0x0000000602400000, 0x0000000602400000|100%| S|CS|TAMS 0x0000000602000000| PB 0x0000000602000000| Complete 
|   9|0x0000000602400000, 0x0000000602400000, 0x0000000602800000|  0%| F|  |TAMS 0x0000000602400000| PB 0x0000000602400000| Untracked 
|  10|0x0000000602800000, 0x0000000602800000, 0x0000000602c00000|  0%| F|  |TAMS 0x0000000602800000| PB 0x0000000602800000| Untracked 
|  11|0x0000000602c00000, 0x0000000602c00000, 0x0000000603000000|  0%| F|  |TAMS 0x0000000602c00000| PB 0x0000000602c00000| Untracked 
|  12|0x0000000603000000, 0x0000000603000000, 0x0000000603400000|  0%| F|  |TAMS 0x0000000603000000| PB 0x0000000603000000| Untracked 
|  13|0x0000000603400000, 0x0000000603400000, 0x0000000603800000|  0%| F|  |TAMS 0x0000000603400000| PB 0x0000000603400000| Untracked 
|  14|0x0000000603800000, 0x0000000603800000, 0x0000000603c00000|  0%| F|  |TAMS 0x0000000603800000| PB 0x0000000603800000| Untracked 
|  15|0x0000000603c00000, 0x0000000603c00000, 0x0000000604000000|  0%| F|  |TAMS 0x0000000603c00000| PB 0x0000000603c00000| Untracked 
|  16|0x0000000604000000, 0x0000000604000000, 0x0000000604400000|  0%| F|  |TAMS 0x0000000604000000| PB 0x0000000604000000| Untracked 
|  17|0x0000000604400000, 0x0000000604400000, 0x0000000604800000|  0%| F|  |TAMS 0x0000000604400000| PB 0x0000000604400000| Untracked 
|  18|0x0000000604800000, 0x0000000604800000, 0x0000000604c00000|  0%| F|  |TAMS 0x0000000604800000| PB 0x0000000604800000| Untracked 
|  19|0x0000000604c00000, 0x0000000604c00000, 0x0000000605000000|  0%| F|  |TAMS 0x0000000604c00000| PB 0x0000000604c00000| Untracked 
|  20|0x0000000605000000, 0x0000000605000000, 0x0000000605400000|  0%| F|  |TAMS 0x0000000605000000| PB 0x0000000605000000| Untracked 
|  21|0x0000000605400000, 0x0000000605400000, 0x0000000605800000|  0%| F|  |TAMS 0x0000000605400000| PB 0x0000000605400000| Untracked 
|  22|0x0000000605800000, 0x0000000605800000, 0x0000000605c00000|  0%| F|  |TAMS 0x0000000605800000| PB 0x0000000605800000| Untracked 
|  23|0x0000000605c00000, 0x0000000605c00000, 0x0000000606000000|  0%| F|  |TAMS 0x0000000605c00000| PB 0x0000000605c00000| Untracked 
|  24|0x0000000606000000, 0x0000000606000000, 0x0000000606400000|  0%| F|  |TAMS 0x0000000606000000| PB 0x0000000606000000| Untracked 
|  25|0x0000000606400000, 0x0000000606400000, 0x0000000606800000|  0%| F|  |TAMS 0x0000000606400000| PB 0x0000000606400000| Untracked 
|  26|0x0000000606800000, 0x0000000606800000, 0x0000000606c00000|  0%| F|  |TAMS 0x0000000606800000| PB 0x0000000606800000| Untracked 
|  27|0x0000000606c00000, 0x0000000606c00000, 0x0000000607000000|  0%| F|  |TAMS 0x0000000606c00000| PB 0x0000000606c00000| Untracked 
|  28|0x0000000607000000, 0x0000000607000000, 0x0000000607400000|  0%| F|  |TAMS 0x0000000607000000| PB 0x0000000607000000| Untracked 
|  29|0x0000000607400000, 0x0000000607400000, 0x0000000607800000|  0%| F|  |TAMS 0x0000000607400000| PB 0x0000000607400000| Untracked 
|  30|0x0000000607800000, 0x0000000607800000, 0x0000000607c00000|  0%| F|  |TAMS 0x0000000607800000| PB 0x0000000607800000| Untracked 
|  31|0x0000000607c00000, 0x0000000607c00000, 0x0000000608000000|  0%| F|  |TAMS 0x0000000607c00000| PB 0x0000000607c00000| Untracked 
|  32|0x0000000608000000, 0x0000000608000000, 0x0000000608400000|  0%| F|  |TAMS 0x0000000608000000| PB 0x0000000608000000| Untracked 
|  37|0x0000000609400000, 0x0000000609400000, 0x0000000609800000|  0%| F|  |TAMS 0x0000000609400000| PB 0x0000000609400000| Untracked 
|  38|0x0000000609800000, 0x0000000609800000, 0x0000000609c00000|  0%| F|  |TAMS 0x0000000609800000| PB 0x0000000609800000| Untracked 
|  39|0x0000000609c00000, 0x0000000609c00000, 0x000000060a000000|  0%| F|  |TAMS 0x0000000609c00000| PB 0x0000000609c00000| Untracked 
|  62|0x000000060f800000, 0x000000060f8c6fb8, 0x000000060fc00000| 19%| E|  |TAMS 0x000000060f800000| PB 0x000000060f800000| Complete 
|2046|0x00000007ff800000, 0x00000007ffc00000, 0x00000007ffc00000|100%| O|  |TAMS 0x00000007ff800000| PB 0x00000007ff800000| Untracked 
|2047|0x00000007ffc00000, 0x0000000800000000, 0x0000000800000000|100%| O|  |TAMS 0x00000007ffc00000| PB 0x00000007ffc00000| Untracked 

Card table byte_map: [0x000001c9cd530000,0x000001c9ce530000] _byte_map_base: 0x000001c9ca530000

Marking Bits: (CMBitMap*) 0x000001c9a870cad0
 Bits: [0x000001c9ce530000, 0x000001c9d6530000)

Polling page: 0x000001c9a6440000

Metaspace:

Usage:
  Non-class:     30.88 MB used.
      Class:      5.18 MB used.
       Both:     36.06 MB used.

Virtual space:
  Non-class space:       64.00 MB reserved,      31.62 MB ( 49%) committed,  1 nodes.
      Class space:        1.00 GB reserved,       5.81 MB ( <1%) committed,  1 nodes.
             Both:        1.06 GB reserved,      37.44 MB (  3%) committed. 

Chunk freelists:
   Non-Class:  304.00 KB
       Class:  10.07 MB
        Both:  10.36 MB

MaxMetaspaceSize: 4.00 GB
CompressedClassSpaceSize: 1.00 GB
Initial GC threshold: 21.00 MB
Current GC threshold: 59.00 MB
CDS: on
 - commit_granule_bytes: 65536.
 - commit_granule_words: 8192.
 - virtual_space_node_default_size: 8388608.
 - enlarge_chunks_in_place: 1.
 - use_allocation_guard: 0.


Internal statistics:

num_allocs_failed_limit: 6.
num_arena_births: 2450.
num_arena_deaths: 0.
num_vsnodes_births: 2.
num_vsnodes_deaths: 0.
num_space_committed: 599.
num_space_uncommitted: 0.
num_chunks_returned_to_freelist: 6.
num_chunks_taken_from_freelist: 4238.
num_chunk_merges: 6.
num_chunk_splits: 2745.
num_chunks_enlarged: 1653.
num_inconsistent_stats: 0.

CodeHeap 'non-profiled nmethods': size=258432Kb used=2317Kb max_used=2419Kb free=256114Kb
 bounds [0x000001c9bbc00000, 0x000001c9bbe70000, 0x000001c9cb860000]
CodeHeap 'profiled nmethods': size=258368Kb used=8151Kb max_used=8853Kb free=250216Kb
 bounds [0x000001c9ab860000, 0x000001c9ac120000, 0x000001c9bb4b0000]
CodeHeap 'non-nmethods': size=7488Kb used=1821Kb max_used=1866Kb free=5666Kb
 bounds [0x000001c9bb4b0000, 0x000001c9bb720000, 0x000001c9bbc00000]
CodeCache: size=524288Kb, used=12289Kb, max_used=13138Kb, free=511996Kb
 total_blobs=4939, nmethods=4246, adapters=597, full_count=0
Compilation: enabled, stopped_count=0, restarted_count=0

Compilation events (20 events):
Event: 87.214 Thread 0x000001c9d988e1c0 nmethod 4778 0x000001c9bbd00e90 code [0x000001c9bbd010a0, 0x000001c9bbd019c0]
Event: 88.325 Thread 0x000001c9d988e1c0 4779       4       org.gradle.launcher.daemon.context.DefaultDaemonContext$Serializer::read (229 bytes)
Event: 88.580 Thread 0x000001c9d988e1c0 nmethod 4779 0x000001c9bbe5cd90 code [0x000001c9bbe5d620, 0x000001c9bbe64f68]
Event: 88.581 Thread 0x000001c9d988e1c0 4780       4       java.lang.Long::valueOf (40 bytes)
Event: 88.582 Thread 0x000001c9d988e1c0 nmethod 4780 0x000001c9bbc2e010 code [0x000001c9bbc2e1a0, 0x000001c9bbc2e2b8]
Event: 90.204 Thread 0x000001c9d98fe760 4781       3       java.util.HashMap$Values::spliterator (16 bytes)
Event: 90.205 Thread 0x000001c9d98fe760 nmethod 4781 0x000001c9abdb1b90 code [0x000001c9abdb1d40, 0x000001c9abdb1f08]
Event: 90.205 Thread 0x000001c9d98fe760 4782       3       java.util.HashMap$ValueSpliterator::<init> (12 bytes)
Event: 90.205 Thread 0x000001c9d98fe760 nmethod 4782 0x000001c9abdb1690 code [0x000001c9abdb1840, 0x000001c9abdb1a78]
Event: 90.205 Thread 0x000001c9d98fe760 4783       3       java.util.HashMap$HashMapSpliterator::estimateSize (11 bytes)
Event: 90.205 Thread 0x000001c9d98fe760 nmethod 4783 0x000001c9abaaa990 code [0x000001c9abaaab40, 0x000001c9abaaac90]
Event: 90.205 Thread 0x000001c9d98fe760 4784       3       java.util.concurrent.ThreadPoolExecutor::workerCountOf (5 bytes)
Event: 90.205 Thread 0x000001c9d98fe760 nmethod 4784 0x000001c9abaf9890 code [0x000001c9abaf9a20, 0x000001c9abaf9b18]
Event: 96.204 Thread 0x000001c9d98fe760 4785       3       org.gradle.internal.time.MonotonicClock::getCurrentTime (70 bytes)
Event: 96.205 Thread 0x000001c9d98fe760 nmethod 4785 0x000001c9ab92c310 code [0x000001c9ab92c520, 0x000001c9ab92c900]
Event: 96.205 Thread 0x000001c9d98fe760 4786       3       org.gradle.internal.time.MonotonicClock::syncIsDue (28 bytes)
Event: 96.205 Thread 0x000001c9d98fe760 nmethod 4786 0x000001c9abdb0f90 code [0x000001c9abdb1140, 0x000001c9abdb1318]
Event: 96.206 Thread 0x000001c9d98fe760 4787       3       org.gradle.internal.time.MonotonicClock::advance (33 bytes)
Event: 96.206 Thread 0x000001c9d98fe760 nmethod 4787 0x000001c9ab92bd90 code [0x000001c9ab92bf60, 0x000001c9ab92c200]
Event: 98.145 Thread 0x000001c9d988e1c0 4788       4       java.util.concurrent.locks.AbstractQueuedSynchronizer$ConditionObject::awaitNanos (202 bytes)

GC Heap History (16 events):
Event: 0.998 GC heap before
{Heap before GC invocations=0 (full 0):
 garbage-first heap   total 258048K, used 20480K [0x0000000600000000, 0x0000000800000000)
  region size 4096K, 5 young (20480K), 0 survivors (0K)
 Metaspace       used 879K, committed 1024K, reserved 1114112K
  class space    used 71K, committed 128K, reserved 1048576K
}
Event: 1.216 GC heap after
{Heap after GC invocations=1 (full 0):
 garbage-first heap   total 258048K, used 1440K [0x0000000600000000, 0x0000000800000000)
  region size 4096K, 1 young (4096K), 1 survivors (4096K)
 Metaspace       used 879K, committed 1024K, reserved 1114112K
  class space    used 71K, committed 128K, reserved 1048576K
}
Event: 4.619 GC heap before
{Heap before GC invocations=1 (full 0):
 garbage-first heap   total 258048K, used 42400K [0x0000000600000000, 0x0000000800000000)
  region size 4096K, 11 young (45056K), 1 survivors (4096K)
 Metaspace       used 4592K, committed 4800K, reserved 1114112K
  class space    used 583K, committed 704K, reserved 1048576K
}
Event: 4.669 GC heap after
{Heap after GC invocations=2 (full 0):
 garbage-first heap   total 258048K, used 11445K [0x0000000600000000, 0x0000000800000000)
  region size 4096K, 2 young (8192K), 2 survivors (8192K)
 Metaspace       used 4592K, committed 4800K, reserved 1114112K
  class space    used 583K, committed 704K, reserved 1048576K
}
Event: 8.091 GC heap before
{Heap before GC invocations=2 (full 0):
 garbage-first heap   total 258048K, used 72885K [0x0000000600000000, 0x0000000800000000)
  region size 4096K, 17 young (69632K), 2 survivors (8192K)
 Metaspace       used 8712K, committed 9024K, reserved 1114112K
  class space    used 1189K, committed 1344K, reserved 1048576K
}
Event: 8.101 GC heap after
{Heap after GC invocations=3 (full 0):
 garbage-first heap   total 258048K, used 18994K [0x0000000600000000, 0x0000000800000000)
  region size 4096K, 2 young (8192K), 2 survivors (8192K)
 Metaspace       used 8712K, committed 9024K, reserved 1114112K
  class space    used 1189K, committed 1344K, reserved 1048576K
}
Event: 39.579 GC heap before
{Heap before GC invocations=3 (full 0):
 garbage-first heap   total 258048K, used 96818K [0x0000000600000000, 0x0000000800000000)
  region size 4096K, 23 young (94208K), 2 survivors (8192K)
 Metaspace       used 20908K, committed 21504K, reserved 1114112K
  class space    used 2894K, committed 3200K, reserved 1048576K
}
Event: 39.645 GC heap after
{Heap after GC invocations=4 (full 0):
 garbage-first heap   total 258048K, used 23344K [0x0000000600000000, 0x0000000800000000)
  region size 4096K, 3 young (12288K), 3 survivors (12288K)
 Metaspace       used 20908K, committed 21504K, reserved 1114112K
  class space    used 2894K, committed 3200K, reserved 1048576K
}
Event: 42.468 GC heap before
{Heap before GC invocations=5 (full 0):
 garbage-first heap   total 81920K, used 80688K [0x0000000600000000, 0x0000000800000000)
  region size 4096K, 17 young (69632K), 3 survivors (12288K)
 Metaspace       used 28070K, committed 29120K, reserved 1114112K
  class space    used 4026K, committed 4544K, reserved 1048576K
}
Event: 42.478 GC heap after
{Heap after GC invocations=6 (full 0):
 garbage-first heap   total 98304K, used 26484K [0x0000000600000000, 0x0000000800000000)
  region size 4096K, 2 young (8192K), 2 survivors (8192K)
 Metaspace       used 28070K, committed 29120K, reserved 1114112K
  class space    used 4026K, committed 4544K, reserved 1048576K
}
Event: 45.176 GC heap before
{Heap before GC invocations=6 (full 0):
 garbage-first heap   total 98304K, used 75636K [0x0000000600000000, 0x0000000800000000)
  region size 4096K, 14 young (57344K), 2 survivors (8192K)
 Metaspace       used 34424K, committed 35712K, reserved 1114112K
  class space    used 4932K, committed 5568K, reserved 1048576K
}
Event: 45.185 GC heap after
{Heap after GC invocations=7 (full 0):
 garbage-first heap   total 98304K, used 30218K [0x0000000600000000, 0x0000000800000000)
  region size 4096K, 2 young (8192K), 2 survivors (8192K)
 Metaspace       used 34424K, committed 35712K, reserved 1114112K
  class space    used 4932K, committed 5568K, reserved 1048576K
}
Event: 45.328 GC heap before
{Heap before GC invocations=7 (full 0):
 garbage-first heap   total 98304K, used 30218K [0x0000000600000000, 0x0000000800000000)
  region size 4096K, 3 young (12288K), 2 survivors (8192K)
 Metaspace       used 34705K, committed 35968K, reserved 1114112K
  class space    used 4959K, committed 5568K, reserved 1048576K
}
Event: 45.333 GC heap after
{Heap after GC invocations=8 (full 0):
 garbage-first heap   total 98304K, used 30884K [0x0000000600000000, 0x0000000800000000)
  region size 4096K, 1 young (4096K), 1 survivors (4096K)
 Metaspace       used 34705K, committed 35968K, reserved 1114112K
  class space    used 4959K, committed 5568K, reserved 1048576K
}
Event: 95.818 GC heap before
{Heap before GC invocations=9 (full 0):
 garbage-first heap   total 98304K, used 80036K [0x0000000600000000, 0x0000000800000000)
  region size 4096K, 13 young (53248K), 1 survivors (4096K)
 Metaspace       used 36925K, committed 38336K, reserved 1114112K
  class space    used 5308K, committed 5952K, reserved 1048576K
}
Event: 95.840 GC heap after
{Heap after GC invocations=10 (full 0):
 garbage-first heap   total 159744K, used 32354K [0x0000000600000000, 0x0000000800000000)
  region size 4096K, 2 young (8192K), 2 survivors (8192K)
 Metaspace       used 36925K, committed 38336K, reserved 1114112K
  class space    used 5308K, committed 5952K, reserved 1048576K
}

Dll operation events (20 events):
Event: 0.212 Attempting to load shared library C:\Users\AJI\.vscode\extensions\redhat.java-1.56.0-win32-x64\jre\21.0.12.1-win32-x86_64\bin\nio.dll
Event: 0.213 Loaded shared library C:\Users\AJI\.vscode\extensions\redhat.java-1.56.0-win32-x64\jre\21.0.12.1-win32-x86_64\bin\nio.dll
Event: 0.218 Attempting to load shared library C:\Users\AJI\.vscode\extensions\redhat.java-1.56.0-win32-x64\jre\21.0.12.1-win32-x86_64\bin\zip.dll
Event: 0.218 Loaded shared library C:\Users\AJI\.vscode\extensions\redhat.java-1.56.0-win32-x64\jre\21.0.12.1-win32-x86_64\bin\zip.dll
Event: 1.233 Attempting to load shared library C:\Users\AJI\.vscode\extensions\redhat.java-1.56.0-win32-x64\jre\21.0.12.1-win32-x86_64\bin\jimage.dll
Event: 1.233 Loaded shared library C:\Users\AJI\.vscode\extensions\redhat.java-1.56.0-win32-x64\jre\21.0.12.1-win32-x86_64\bin\jimage.dll
Event: 2.611 Attempting to load shared library C:\Users\AJI\.vscode\extensions\redhat.java-1.56.0-win32-x64\jre\21.0.12.1-win32-x86_64\bin\verify.dll
Event: 2.620 Loaded shared library C:\Users\AJI\.vscode\extensions\redhat.java-1.56.0-win32-x64\jre\21.0.12.1-win32-x86_64\bin\verify.dll
Event: 2.775 Attempting to load shared library C:\Users\AJI\.gradle\native\1def1411415f61bf3af743bc5b6707747c0891f09f0c88961ee8f79bc544acac\windows-amd64\native-platform.dll
Event: 2.791 Loaded shared library C:\Users\AJI\.gradle\native\1def1411415f61bf3af743bc5b6707747c0891f09f0c88961ee8f79bc544acac\windows-amd64\native-platform.dll
Event: 2.849 Attempting to load shared library C:\Users\AJI\.gradle\native\0.2.8\x86_64-windows-gnu\gradle-fileevents.dll
Event: 2.851 Loaded shared library C:\Users\AJI\.gradle\native\0.2.8\x86_64-windows-gnu\gradle-fileevents.dll
Event: 7.115 Attempting to load shared library C:\Users\AJI\.vscode\extensions\redhat.java-1.56.0-win32-x64\jre\21.0.12.1-win32-x86_64\bin\management.dll
Event: 7.117 Loaded shared library C:\Users\AJI\.vscode\extensions\redhat.java-1.56.0-win32-x64\jre\21.0.12.1-win32-x86_64\bin\management.dll
Event: 7.124 Attempting to load shared library C:\Users\AJI\.vscode\extensions\redhat.java-1.56.0-win32-x64\jre\21.0.12.1-win32-x86_64\bin\management_ext.dll
Event: 7.127 Loaded shared library C:\Users\AJI\.vscode\extensions\redhat.java-1.56.0-win32-x64\jre\21.0.12.1-win32-x86_64\bin\management_ext.dll
Event: 7.897 Attempting to load shared library C:\Users\AJI\.vscode\extensions\redhat.java-1.56.0-win32-x64\jre\21.0.12.1-win32-x86_64\bin\extnet.dll
Event: 7.898 Loaded shared library C:\Users\AJI\.vscode\extensions\redhat.java-1.56.0-win32-x64\jre\21.0.12.1-win32-x86_64\bin\extnet.dll
Event: 8.276 Attempting to load shared library C:\Users\AJI\.vscode\extensions\redhat.java-1.56.0-win32-x64\jre\21.0.12.1-win32-x86_64\bin\sunmscapi.dll
Event: 8.281 Loaded shared library C:\Users\AJI\.vscode\extensions\redhat.java-1.56.0-win32-x64\jre\21.0.12.1-win32-x86_64\bin\sunmscapi.dll

Deoptimization events (20 events):
Event: 57.257 Thread 0x000001ca209a6d10 Uncommon trap: trap_request=0xffffffc6 fr.pc=0x000001c9bbd64854 relative=0x00000000000008f4
Event: 57.257 Thread 0x000001ca209a6d10 Uncommon trap: reason=bimorphic_or_optimized_type_check action=maybe_recompile pc=0x000001c9bbd64854 method=java.io.DataInputStream.readFully([BII)V @ 30 c2
Event: 57.257 Thread 0x000001ca209a6d10 DEOPT PACKING pc=0x000001c9bbd64854 sp=0x0000009a9a0fe320
Event: 57.257 Thread 0x000001ca209a6d10 DEOPT UNPACKING pc=0x000001c9bb504422 sp=0x0000009a9a0fe2d8 mode 2
Event: 57.266 Thread 0x000001ca209a6d10 Uncommon trap: trap_request=0xffffffc6 fr.pc=0x000001c9bbe45fcc relative=0x0000000000000bcc
Event: 57.266 Thread 0x000001ca209a6d10 Uncommon trap: reason=bimorphic_or_optimized_type_check action=maybe_recompile pc=0x000001c9bbe45fcc method=java.io.BufferedInputStream.implRead([BII)I @ 100 c2
Event: 57.266 Thread 0x000001ca209a6d10 DEOPT PACKING pc=0x000001c9bbe45fcc sp=0x0000009a9a0fe230
Event: 57.267 Thread 0x000001ca209a6d10 DEOPT UNPACKING pc=0x000001c9bb504422 sp=0x0000009a9a0fe1f8 mode 2
Event: 57.299 Thread 0x000001ca209a6d10 Uncommon trap: trap_request=0xffffffc6 fr.pc=0x000001c9bbe45fcc relative=0x0000000000000bcc
Event: 57.299 Thread 0x000001ca209a6d10 Uncommon trap: reason=bimorphic_or_optimized_type_check action=maybe_recompile pc=0x000001c9bbe45fcc method=java.io.BufferedInputStream.implRead([BII)I @ 100 c2
Event: 57.299 Thread 0x000001ca209a6d10 DEOPT PACKING pc=0x000001c9bbe45fcc sp=0x0000009a9a0fe390
Event: 57.299 Thread 0x000001ca209a6d10 DEOPT UNPACKING pc=0x000001c9bb504422 sp=0x0000009a9a0fe358 mode 2
Event: 57.307 Thread 0x000001ca209a6d10 Uncommon trap: trap_request=0xffffffc6 fr.pc=0x000001c9bbe45fcc relative=0x0000000000000bcc
Event: 57.307 Thread 0x000001ca209a6d10 Uncommon trap: reason=bimorphic_or_optimized_type_check action=maybe_recompile pc=0x000001c9bbe45fcc method=java.io.BufferedInputStream.implRead([BII)I @ 100 c2
Event: 57.307 Thread 0x000001ca209a6d10 DEOPT PACKING pc=0x000001c9bbe45fcc sp=0x0000009a9a0fe390
Event: 57.307 Thread 0x000001ca209a6d10 DEOPT UNPACKING pc=0x000001c9bb504422 sp=0x0000009a9a0fe358 mode 2
Event: 57.310 Thread 0x000001ca209a6d10 Uncommon trap: trap_request=0xffffffc6 fr.pc=0x000001c9bbe45fcc relative=0x0000000000000bcc
Event: 57.310 Thread 0x000001ca209a6d10 Uncommon trap: reason=bimorphic_or_optimized_type_check action=maybe_recompile pc=0x000001c9bbe45fcc method=java.io.BufferedInputStream.implRead([BII)I @ 100 c2
Event: 57.310 Thread 0x000001ca209a6d10 DEOPT PACKING pc=0x000001c9bbe45fcc sp=0x0000009a9a0fe390
Event: 57.310 Thread 0x000001ca209a6d10 DEOPT UNPACKING pc=0x000001c9bb504422 sp=0x0000009a9a0fe358 mode 2

Classes loaded (20 events):
Event: 45.735 Loading class sun/nio/fs/WindowsChannelFactory
Event: 45.736 Loading class sun/nio/fs/WindowsChannelFactory done
Event: 45.736 Loading class sun/nio/fs/WindowsChannelFactory$1
Event: 45.736 Loading class sun/nio/fs/WindowsChannelFactory$1 done
Event: 45.736 Loading class sun/nio/fs/WindowsChannelFactory$Flags
Event: 45.736 Loading class sun/nio/fs/WindowsChannelFactory$Flags done
Event: 45.736 Loading class sun/nio/fs/WindowsChannelFactory$2
Event: 45.736 Loading class sun/nio/fs/WindowsChannelFactory$2 done
Event: 45.737 Loading class sun/nio/fs/WindowsException
Event: 45.737 Loading class sun/nio/fs/WindowsException done
Event: 45.737 Loading class java/nio/file/FileAlreadyExistsException
Event: 45.738 Loading class java/nio/file/FileAlreadyExistsException done
Event: 45.748 Loading class java/nio/file/AccessMode
Event: 45.748 Loading class java/nio/file/AccessMode done
Event: 45.810 Loading class java/util/Collections$SynchronizedRandomAccessList
Event: 45.810 Loading class java/util/Collections$SynchronizedList
Event: 45.810 Loading class java/util/Collections$SynchronizedList done
Event: 45.810 Loading class java/util/Collections$SynchronizedRandomAccessList done
Event: 57.272 Loading class java/nio/charset/CharacterCodingException
Event: 57.272 Loading class java/nio/charset/CharacterCodingException done

Classes unloaded (0 events):
No events

Classes redefined (0 events):
No events

Internal exceptions (20 events):
Event: 45.609 Thread 0x000001ca209a45b0 Exception <a 'java/lang/ClassNotFoundException'{0x000000060fa58910}: groovy/lang/GroovyObjectSupportCustomizer> (0x000000060fa58910) 
thrown [s\src\hotspot\share\classfile\systemDictionary.cpp, line 313]
Event: 45.623 Thread 0x000001ca209a45b0 Exception <a 'java/lang/ClassNotFoundException'{0x000000060fa73690}: org/gradle/internal/extensibility/DefaultExtraPropertiesExtensionCustomizer> (0x000000060fa73690) 
thrown [s\src\hotspot\share\classfile\systemDictionary.cpp, line 313]
Event: 45.638 Thread 0x000001ca209a45b0 Exception <a 'java/lang/IncompatibleClassChangeError'{0x000000060fa910a8}: Found class java.lang.Object, but interface was expected> (0x000000060fa910a8) 
thrown [s\src\hotspot\share\interpreter\linkResolver.cpp, line 840]
Event: 45.737 Thread 0x000001ca209a45b0 Exception <a 'sun/nio/fs/WindowsException'{0x000000060fb563c8}> (0x000000060fb563c8) 
thrown [s\src\hotspot\share\prims\jni.cpp, line 520]
Event: 45.750 Thread 0x000001ca209a45b0 Exception <a 'sun/nio/fs/WindowsException'{0x000000060fb580f8}> (0x000000060fb580f8) 
thrown [s\src\hotspot\share\prims\jni.cpp, line 520]
Event: 45.751 Thread 0x000001ca209a45b0 Exception <a 'sun/nio/fs/WindowsException'{0x000000060fb595a0}> (0x000000060fb595a0) 
thrown [s\src\hotspot\share\prims\jni.cpp, line 520]
Event: 45.752 Thread 0x000001ca209a45b0 Exception <a 'sun/nio/fs/WindowsException'{0x000000060fb5aa78}> (0x000000060fb5aa78) 
thrown [s\src\hotspot\share\prims\jni.cpp, line 520]
Event: 45.795 Thread 0x000001ca209a45b0 Exception <a 'java/lang/NoSuchMethodError'{0x0000000609861fd8}: 'java.lang.Object java.lang.invoke.Invokers$Holder.invoker(java.lang.Object, java.lang.Object, java.lang.Object, java.lang.Object, java.lang.Object, java.lang.Object)'> (0x0000000609861fd8) 
thrown [s\src\hotspot\share\interpreter\linkResolver.cpp, line 773]
Event: 55.964 Thread 0x000001ca209a45b0 Exception <a 'java/lang/NoSuchMethodError'{0x0000000609bb0e18}: 'java.lang.Object java.lang.invoke.Invokers$Holder.invoker(java.lang.Object, java.lang.Object, java.lang.Object, java.lang.Object, java.lang.Object, java.lang.Object, java.lang.Object, java.lang.Object, java.lang.Object, java.lang.Object, java.lang.Object, java.lang.Object, java.lang.Object, java.lang.Object, java.lang.Object, java.lang.Object, java.lang.Object, java.lang.Object, java.lang.Object, java.lang.Object, java.lang.Object, java.lang.
Event: 55.964 Thread 0x000001ca209a45b0 Exception <a 'java/lang/NoSuchMethodError'{0x0000000609bb7730}: 'java.lang.Object java.lang.invoke.DelegatingMethodHandle$Holder.delegate(java.lang.Object, java.lang.Object, java.lang.Object, java.lang.Object, java.lang.Object, java.lang.Object, java.lang.Object, java.lang.Object, java.lang.Object, java.lang.Object, java.lang.Object, java.lang.Object, java.lang.Object, java.lang.Object, java.lang.Object, java.lang.Object, java.lang.Object, java.lang.Object, java.lang.Object, java.lang.Object, java.lang.Obj
Event: 56.037 Thread 0x000001ca209a45b0 Exception <a 'java/lang/NoSuchMethodError'{0x0000000609681018}: 'java.lang.Object java.lang.invoke.DirectMethodHandle$Holder.newInvokeSpecial(java.lang.Object, java.lang.Object, java.lang.Object, java.lang.Object, java.lang.Object, java.lang.Object, int)'> (0x0000000609681018) 
thrown [s\src\hotspot\share\interpreter\linkResolver.cpp, line 773]
Event: 56.037 Thread 0x000001ca209a45b0 Exception <a 'java/lang/NoSuchMethodError'{0x0000000609685fa0}: 'java.lang.Object java.lang.invoke.DirectMethodHandle$Holder.invokeSpecial(java.lang.Object, java.lang.Object, java.lang.Object, java.lang.Object, java.lang.Object, java.lang.Object, java.lang.Object, int)'> (0x0000000609685fa0) 
thrown [s\src\hotspot\share\interpreter\linkResolver.cpp, line 773]
Event: 56.356 Thread 0x000001ca209a45b0 Exception <a 'java/lang/IncompatibleClassChangeError'{0x0000000602dba1c0}: Found class java.lang.Object, but interface was expected> (0x0000000602dba1c0) 
thrown [s\src\hotspot\share\interpreter\linkResolver.cpp, line 840]
Event: 56.396 Thread 0x000001ca209a45b0 Exception <a 'java/lang/NoSuchMethodError'{0x0000000602e90b48}: 'java.lang.Object java.lang.invoke.DirectMethodHandle$Holder.newInvokeSpecial(java.lang.Object, java.lang.Object, long)'> (0x0000000602e90b48) 
thrown [s\src\hotspot\share\interpreter\linkResolver.cpp, line 773]
Event: 56.397 Thread 0x000001ca209a45b0 Exception <a 'java/lang/NoSuchMethodError'{0x0000000602e953e0}: 'java.lang.Object java.lang.invoke.Invokers$Holder.linkToTargetMethod(java.lang.Object, long, java.lang.Object)'> (0x0000000602e953e0) 
thrown [s\src\hotspot\share\interpreter\linkResolver.cpp, line 773]
Event: 57.257 Thread 0x000001ca209a6d10 Implicit null exception at 0x000001c9bbd7b2e1 to 0x000001c9bbd7b980
Event: 57.257 Thread 0x000001ca209a6d10 Implicit null exception at 0x000001c9bbd4e54f to 0x000001c9bbd4e8f8
Event: 57.294 Thread 0x000001ca209a45b0 Exception <a 'java/lang/NoSuchMethodError'{0x0000000602897058}: 'int java.lang.invoke.DirectMethodHandle$Holder.invokeInterface(java.lang.Object, java.lang.Object)'> (0x0000000602897058) 
thrown [s\src\hotspot\share\interpreter\linkResolver.cpp, line 773]
Event: 57.361 Thread 0x000001ca209a45b0 Exception <a 'java/lang/NoSuchMethodError'{0x00000006029f11a0}: 'java.lang.Object java.lang.invoke.DirectMethodHandle$Holder.newInvokeSpecial(java.lang.Object, java.lang.Object, int, java.lang.Object, java.lang.Object, java.lang.Object, java.lang.Object)'> (0x00000006029f11a0) 
thrown [s\src\hotspot\share\interpreter\linkResolver.cpp, line 773]
Event: 57.362 Thread 0x000001ca209a45b0 Exception <a 'java/lang/NoSuchMethodError'{0x00000006029f99d0}: 'java.lang.Object java.lang.invoke.Invokers$Holder.linkToTargetMethod(java.lang.Object, int, java.lang.Object, java.lang.Object, java.lang.Object, java.lang.Object, java.lang.Object)'> (0x00000006029f99d0) 
thrown [s\src\hotspot\share\interpreter\linkResolver.cpp, line 773]

ZGC Phase Switch (0 events):
No events

VM Operations (20 events):
Event: 59.261 Executing safepoint VM operation: Cleanup
Event: 59.261 Executing safepoint VM operation: Cleanup done
Event: 60.179 Executing non-safepoint VM operation: HandshakeAllThreads (HandshakeForDeflation)
Event: 60.179 Executing non-safepoint VM operation: HandshakeAllThreads (HandshakeForDeflation) done
Event: 60.179 Executing non-safepoint VM operation: RendezvousGCThreads
Event: 60.179 Executing non-safepoint VM operation: RendezvousGCThreads done
Event: 66.230 Executing safepoint VM operation: Cleanup
Event: 66.230 Executing safepoint VM operation: Cleanup done
Event: 67.243 Executing safepoint VM operation: Cleanup
Event: 67.243 Executing safepoint VM operation: Cleanup done
Event: 78.333 Executing safepoint VM operation: Cleanup
Event: 78.333 Executing safepoint VM operation: Cleanup done
Event: 79.346 Executing safepoint VM operation: Cleanup
Event: 79.346 Executing safepoint VM operation: Cleanup done
Event: 88.415 Executing safepoint VM operation: Cleanup
Event: 88.415 Executing safepoint VM operation: Cleanup done
Event: 90.436 Executing safepoint VM operation: Cleanup
Event: 90.436 Executing safepoint VM operation: Cleanup done
Event: 95.818 Executing safepoint VM operation: G1CollectForAllocation (G1 Evacuation Pause)
Event: 95.840 Executing safepoint VM operation: G1CollectForAllocation (G1 Evacuation Pause) done

Memory protections (0 events):
No events

Nmethod flushes (20 events):
Event: 45.370 Thread 0x000001c9d683e1d0 flushing  nmethod 0x000001c9abafde10
Event: 45.370 Thread 0x000001c9d683e1d0 flushing  nmethod 0x000001c9abb02c10
Event: 45.370 Thread 0x000001c9d683e1d0 flushing  nmethod 0x000001c9abe0fc90
Event: 45.370 Thread 0x000001c9d683e1d0 flushing  nmethod 0x000001c9abe11d10
Event: 45.370 Thread 0x000001c9d683e1d0 flushing  nmethod 0x000001c9abe2ab10
Event: 45.370 Thread 0x000001c9d683e1d0 flushing  nmethod 0x000001c9abe2db10
Event: 45.370 Thread 0x000001c9d683e1d0 flushing  nmethod 0x000001c9abe39310
Event: 45.370 Thread 0x000001c9d683e1d0 flushing  nmethod 0x000001c9abe42b90
Event: 45.370 Thread 0x000001c9d683e1d0 flushing  nmethod 0x000001c9abb6e690
Event: 45.370 Thread 0x000001c9d683e1d0 flushing  nmethod 0x000001c9abdb0f90
Event: 45.370 Thread 0x000001c9d683e1d0 flushing  nmethod 0x000001c9abdb8010
Event: 45.370 Thread 0x000001c9d683e1d0 flushing  nmethod 0x000001c9abbda210
Event: 45.370 Thread 0x000001c9d683e1d0 flushing  nmethod 0x000001c9abc14810
Event: 45.370 Thread 0x000001c9d683e1d0 flushing  nmethod 0x000001c9abc15390
Event: 45.370 Thread 0x000001c9d683e1d0 flushing  nmethod 0x000001c9abc15790
Event: 45.370 Thread 0x000001c9d683e1d0 flushing  nmethod 0x000001c9abc16810
Event: 45.370 Thread 0x000001c9d683e1d0 flushing  nmethod 0x000001c9abc16d10
Event: 45.370 Thread 0x000001c9d683e1d0 flushing  nmethod 0x000001c9abc1a290
Event: 45.370 Thread 0x000001c9d683e1d0 flushing  nmethod 0x000001c9abc1b810
Event: 45.370 Thread 0x000001c9d683e1d0 flushing  nmethod 0x000001c9abc4f710

Events (20 events):
Event: 8.349 Thread 0x000001ca209ca710 Thread added: 0x000001ca209ceea0
Event: 8.432 Thread 0x000001ca209ca710 Thread added: 0x000001ca2098fb30
Event: 8.482 Thread 0x000001ca209ca710 Thread added: 0x000001ca209a45b0
Event: 8.499 Thread 0x000001ca209a45b0 Thread added: 0x000001ca209a6680
Event: 8.505 Thread 0x000001ca209a45b0 Thread added: 0x000001ca209a52d0
Event: 8.543 Thread 0x000001ca209a45b0 Thread added: 0x000001ca209a3f20
Event: 9.839 Thread 0x000001ca209a45b0 Thread added: 0x000001ca209a4c40
Event: 9.851 Thread 0x000001ca209a45b0 Thread added: 0x000001ca209a5960
Event: 10.176 Thread 0x000001ca209a5960 Thread added: 0x000001ca209a5ff0
Event: 10.304 Thread 0x000001ca209a45b0 Thread added: 0x000001ca209a6d10
Event: 40.612 Thread 0x000001ca209a45b0 Thread added: 0x000001ca217397a0
Event: 40.766 Thread 0x000001ca209a45b0 Thread added: 0x000001ca21738a80
Event: 41.602 Thread 0x000001ca209a45b0 Thread added: 0x000001ca21739110
Event: 41.612 Thread 0x000001ca209a45b0 Thread added: 0x000001ca217383f0
Event: 42.523 Thread 0x000001ca209a45b0 Thread added: 0x000001ca2173a4c0
Event: 42.684 Thread 0x000001ca209a45b0 Thread added: 0x000001ca2173ab50
Event: 43.957 Thread 0x000001ca209a45b0 Thread added: 0x000001ca217376d0
Event: 44.095 Thread 0x000001ca209a45b0 Thread added: 0x000001ca2173b1e0
Event: 57.347 Thread 0x000001c9d98fe760 Thread added: 0x000001ca1f99df30
Event: 57.575 Thread 0x000001ca1f99df30 Thread exited: 0x000001ca1f99df30


Dynamic libraries:
0x00007ff79bf90000 - 0x00007ff79bf9e000 	C:\Users\AJI\.vscode\extensions\redhat.java-1.56.0-win32-x64\jre\21.0.12.1-win32-x86_64\bin\java.exe
0x00007ffe02160000 - 0x00007ffe023c7000 	C:\WINDOWS\SYSTEM32\ntdll.dll
0x00007ffe003b0000 - 0x00007ffe0047b000 	C:\WINDOWS\System32\KERNEL32.DLL
0x00007ffdff6f0000 - 0x00007ffdffaf2000 	C:\WINDOWS\System32\KERNELBASE.dll
0x00007ffdff410000 - 0x00007ffdff55c000 	C:\WINDOWS\System32\ucrtbase.dll
0x00007ffd821c0000 - 0x00007ffd821d8000 	C:\Users\AJI\.vscode\extensions\redhat.java-1.56.0-win32-x64\jre\21.0.12.1-win32-x86_64\bin\jli.dll
0x00007ffdc0f00000 - 0x00007ffdc0f1e000 	C:\Users\AJI\.vscode\extensions\redhat.java-1.56.0-win32-x64\jre\21.0.12.1-win32-x86_64\bin\VCRUNTIME140.dll
0x00007ffe019a0000 - 0x00007ffe01b6f000 	C:\WINDOWS\System32\USER32.dll
0x00007ffdff570000 - 0x00007ffdff597000 	C:\WINDOWS\System32\win32u.dll
0x00007ffddfe30000 - 0x00007ffde00c0000 	C:\WINDOWS\WinSxS\amd64_microsoft.windows.common-controls_6595b64144ccf1df_6.0.26100.9278_none_3e0d1ba8e3303201\COMCTL32.dll
0x00007ffe01970000 - 0x00007ffe0199b000 	C:\WINDOWS\System32\GDI32.dll
0x00007ffe018c0000 - 0x00007ffe01969000 	C:\WINDOWS\System32\msvcrt.dll
0x00007ffdffc90000 - 0x00007ffdffdb9000 	C:\WINDOWS\System32\gdi32full.dll
0x00007ffdff360000 - 0x00007ffdff403000 	C:\WINDOWS\System32\msvcp_win.dll
0x00007ffe01b90000 - 0x00007ffe01bc1000 	C:\WINDOWS\System32\IMM32.DLL
0x00007ffdd7ca0000 - 0x00007ffdd7cac000 	C:\Users\AJI\.vscode\extensions\redhat.java-1.56.0-win32-x64\jre\21.0.12.1-win32-x86_64\bin\vcruntime140_1.dll
0x00007ffd7e7f0000 - 0x00007ffd7e87d000 	C:\Users\AJI\.vscode\extensions\redhat.java-1.56.0-win32-x64\jre\21.0.12.1-win32-x86_64\bin\msvcp140.dll
0x00007ffcef0f0000 - 0x00007ffcefe92000 	C:\Users\AJI\.vscode\extensions\redhat.java-1.56.0-win32-x64\jre\21.0.12.1-win32-x86_64\bin\server\jvm.dll
0x00007ffe002e0000 - 0x00007ffe0039c000 	C:\WINDOWS\System32\ADVAPI32.dll
0x00007ffe00230000 - 0x00007ffe002d9000 	C:\WINDOWS\System32\sechost.dll
0x00007ffdfff30000 - 0x00007ffe00048000 	C:\WINDOWS\System32\RPCRT4.dll
0x00007ffe01720000 - 0x00007ffe017a0000 	C:\WINDOWS\System32\WS2_32.dll
0x00007ffdff1c0000 - 0x00007ffdff21e000 	C:\WINDOWS\SYSTEM32\POWRPROF.dll
0x00007ffdfb560000 - 0x00007ffdfb596000 	C:\WINDOWS\SYSTEM32\WINMM.dll
0x00007ffdf5020000 - 0x00007ffdf502b000 	C:\WINDOWS\SYSTEM32\VERSION.dll
0x00007ffdff1a0000 - 0x00007ffdff1b5000 	C:\WINDOWS\SYSTEM32\UMPDC.dll
0x00007ffdfdf70000 - 0x00007ffdfdf8b000 	C:\WINDOWS\SYSTEM32\kernel.appcore.dll
0x00007ffdd7be0000 - 0x00007ffdd7bea000 	C:\Users\AJI\.vscode\extensions\redhat.java-1.56.0-win32-x64\jre\21.0.12.1-win32-x86_64\bin\jimage.dll
0x00007ffdfc940000 - 0x00007ffdfcb8c000 	C:\WINDOWS\SYSTEM32\DBGHELP.DLL
0x00007ffe00d20000 - 0x00007ffe010a5000 	C:\WINDOWS\System32\combase.dll
0x00007ffe011b0000 - 0x00007ffe01289000 	C:\WINDOWS\System32\OLEAUT32.dll
0x00007ffdde450000 - 0x00007ffdde48b000 	C:\WINDOWS\SYSTEM32\dbgcore.DLL
0x00007ffdffdc0000 - 0x00007ffdffe6c000 	C:\WINDOWS\System32\bcryptPrimitives.dll
0x00007ffdd70d0000 - 0x00007ffdd70df000 	C:\Users\AJI\.vscode\extensions\redhat.java-1.56.0-win32-x64\jre\21.0.12.1-win32-x86_64\bin\instrument.dll
0x00007ffd7fbb0000 - 0x00007ffd7fbd0000 	C:\Users\AJI\.vscode\extensions\redhat.java-1.56.0-win32-x64\jre\21.0.12.1-win32-x86_64\bin\java.dll
0x00007ffe00580000 - 0x00007ffe00d18000 	C:\WINDOWS\System32\SHELL32.dll
0x00007ffdfcd80000 - 0x00007ffdfd62e000 	C:\WINDOWS\SYSTEM32\windows.storage.dll
0x00007ffe01320000 - 0x00007ffe0141b000 	C:\WINDOWS\System32\SHCORE.dll
0x00007ffe010b0000 - 0x00007ffe01116000 	C:\WINDOWS\System32\shlwapi.dll
0x00007ffdff280000 - 0x00007ffdff2a9000 	C:\WINDOWS\SYSTEM32\profapi.dll
0x00007ffd7fb90000 - 0x00007ffd7fba8000 	C:\Users\AJI\.vscode\extensions\redhat.java-1.56.0-win32-x64\jre\21.0.12.1-win32-x86_64\bin\zip.dll
0x00007ffdd7b20000 - 0x00007ffdd7b30000 	C:\Users\AJI\.vscode\extensions\redhat.java-1.56.0-win32-x64\jre\21.0.12.1-win32-x86_64\bin\net.dll
0x00007ffdf8730000 - 0x00007ffdf885a000 	C:\WINDOWS\SYSTEM32\WINHTTP.dll
0x00007ffdfe5f0000 - 0x00007ffdfe65c000 	C:\WINDOWS\system32\mswsock.dll
0x00007ffd7e7d0000 - 0x00007ffd7e7e6000 	C:\Users\AJI\.vscode\extensions\redhat.java-1.56.0-win32-x64\jre\21.0.12.1-win32-x86_64\bin\nio.dll
0x00007ffdd1b60000 - 0x00007ffdd1b70000 	C:\Users\AJI\.vscode\extensions\redhat.java-1.56.0-win32-x64\jre\21.0.12.1-win32-x86_64\bin\verify.dll
0x00007ffd7fce0000 - 0x00007ffd7fd07000 	C:\Users\AJI\.gradle\native\1def1411415f61bf3af743bc5b6707747c0891f09f0c88961ee8f79bc544acac\windows-amd64\native-platform.dll
0x00007ffcf9e70000 - 0x00007ffcf9ee7000 	C:\Users\AJI\.gradle\native\0.2.8\x86_64-windows-gnu\gradle-fileevents.dll
0x00007ffdd17c0000 - 0x00007ffdd17ca000 	C:\Users\AJI\.vscode\extensions\redhat.java-1.56.0-win32-x64\jre\21.0.12.1-win32-x86_64\bin\management.dll
0x00007ffdd0ce0000 - 0x00007ffdd0cec000 	C:\Users\AJI\.vscode\extensions\redhat.java-1.56.0-win32-x64\jre\21.0.12.1-win32-x86_64\bin\management_ext.dll
0x00007ffe01b80000 - 0x00007ffe01b88000 	C:\WINDOWS\System32\PSAPI.DLL
0x00007ffdfd9b0000 - 0x00007ffdfd9e3000 	C:\WINDOWS\SYSTEM32\IPHLPAPI.DLL
0x00007ffdfff00000 - 0x00007ffdfff0a000 	C:\WINDOWS\System32\NSI.dll
0x00007ffdd0ba0000 - 0x00007ffdd0ba9000 	C:\Users\AJI\.vscode\extensions\redhat.java-1.56.0-win32-x64\jre\21.0.12.1-win32-x86_64\bin\extnet.dll
0x00007ffdfe8e0000 - 0x00007ffdfe8fb000 	C:\WINDOWS\SYSTEM32\CRYPTSP.dll
0x00007ffdfdf90000 - 0x00007ffdfdfc9000 	C:\WINDOWS\system32\rsaenh.dll
0x00007ffdfe6a0000 - 0x00007ffdfe6d4000 	C:\WINDOWS\SYSTEM32\USERENV.dll
0x00007ffdff250000 - 0x00007ffdff27a000 	C:\WINDOWS\SYSTEM32\bcrypt.dll
0x00007ffdfe900000 - 0x00007ffdfe90c000 	C:\WINDOWS\SYSTEM32\CRYPTBASE.dll
0x00007ffdd0640000 - 0x00007ffdd064e000 	C:\Users\AJI\.vscode\extensions\redhat.java-1.56.0-win32-x64\jre\21.0.12.1-win32-x86_64\bin\sunmscapi.dll
0x00007ffdffb00000 - 0x00007ffdffc7e000 	C:\WINDOWS\System32\CRYPT32.dll
0x00007ffdfeb20000 - 0x00007ffdfeb50000 	C:\WINDOWS\SYSTEM32\ncrypt.dll
0x00007ffdfead0000 - 0x00007ffdfeb0f000 	C:\WINDOWS\SYSTEM32\NTASN1.dll
0x00007ffdd4f00000 - 0x00007ffdd4f08000 	C:\WINDOWS\system32\wshunix.dll

JVMTI agents:
C:\Users\AJI\.gradle\wrapper\dists\gradle-9.1.0-all\7wzd0jkjit61aq2p43wpjgij9\gradle-9.1.0\lib\agents\gradle-instrumentation-agent-9.1.0.jar path:C:\Users\AJI\.vscode\extensions\redhat.java-1.56.0-win32-x64\jre\21.0.12.1-win32-x86_64\bin\instrument.dll, loaded, initialized, instrumentlib options:none

dbghelp: loaded successfully - version: 4.0.5 - missing functions: none
symbol engine: initialized successfully - sym options: 0x614 - pdb path: .;C:\Users\AJI\.vscode\extensions\redhat.java-1.56.0-win32-x64\jre\21.0.12.1-win32-x86_64\bin;C:\WINDOWS\SYSTEM32;C:\WINDOWS\WinSxS\amd64_microsoft.windows.common-controls_6595b64144ccf1df_6.0.26100.9278_none_3e0d1ba8e3303201;C:\Users\AJI\.vscode\extensions\redhat.java-1.56.0-win32-x64\jre\21.0.12.1-win32-x86_64\bin\server;C:\Users\AJI\.gradle\native\1def1411415f61bf3af743bc5b6707747c0891f09f0c88961ee8f79bc544acac\windows-amd64;C:\Users\AJI\.gradle\native\0.2.8\x86_64-windows-gnu

VM Arguments:
jvm_args: --add-opens=java.base/java.lang=ALL-UNNAMED --add-opens=java.base/java.lang.invoke=ALL-UNNAMED --add-opens=java.base/java.util=ALL-UNNAMED --add-opens=java.prefs/java.util.prefs=ALL-UNNAMED --add-exports=jdk.compiler/com.sun.tools.javac.api=ALL-UNNAMED --add-exports=jdk.compiler/com.sun.tools.javac.util=ALL-UNNAMED --add-opens=java.base/java.util=ALL-UNNAMED --add-opens=java.prefs/java.util.prefs=ALL-UNNAMED --add-opens=java.base/java.nio.charset=ALL-UNNAMED --add-opens=java.base/java.net=ALL-UNNAMED --add-opens=java.base/java.util.concurrent=ALL-UNNAMED --add-opens=java.base/java.util.concurrent.atomic=ALL-UNNAMED --add-opens=java.xml/javax.xml.namespace=ALL-UNNAMED --add-opens=java.base/java.time=ALL-UNNAMED -XX:MaxMetaspaceSize=4G -XX:ReservedCodeCacheSize=512m -XX:+HeapDumpOnOutOfMemoryError -Xmx8G -Dfile.encoding=UTF-8 -Duser.country=IN -Duser.language=en -Duser.variant -javaagent:C:\Users\AJI\.gradle\wrapper\dists\gradle-9.1.0-all\7wzd0jkjit61aq2p43wpjgij9\gradle-9.1.0\lib\agents\gradle-instrumentation-agent-9.1.0.jar 
java_command: org.gradle.launcher.daemon.bootstrap.GradleDaemon 9.1.0
java_class_path (initial): C:\Users\AJI\.gradle\wrapper\dists\gradle-9.1.0-all\7wzd0jkjit61aq2p43wpjgij9\gradle-9.1.0\lib\gradle-daemon-main-9.1.0.jar
Launcher Type: SUN_STANDARD

[Global flags]
     intx CICompilerCount                          = 12                                        {product} {ergonomic}
     uint ConcGCThreads                            = 4                                         {product} {ergonomic}
     uint G1ConcRefinementThreads                  = 15                                        {product} {ergonomic}
   size_t G1HeapRegionSize                         = 4194304                                   {product} {ergonomic}
    uintx GCDrainStackTargetSize                   = 64                                        {product} {ergonomic}
     bool HeapDumpOnOutOfMemoryError               = true                                   {manageable} {command line}
   size_t InitialHeapSize                          = 264241152                                 {product} {ergonomic}
   size_t MarkStackSize                            = 4194304                                   {product} {ergonomic}
   size_t MaxHeapSize                              = 8589934592                                {product} {command line}
   size_t MaxMetaspaceSize                         = 4294967296                                {product} {command line}
   size_t MaxNewSize                               = 5150605312                                {product} {ergonomic}
   size_t MinHeapDeltaBytes                        = 4194304                                   {product} {ergonomic}
   size_t MinHeapSize                              = 8388608                                   {product} {ergonomic}
    uintx NonNMethodCodeHeapSize                   = 7602480                                {pd product} {ergonomic}
    uintx NonProfiledCodeHeapSize                  = 264634216                              {pd product} {ergonomic}
    uintx ProfiledCodeHeapSize                     = 264634216                              {pd product} {ergonomic}
    uintx ReservedCodeCacheSize                    = 536870912                              {pd product} {command line}
     bool SegmentedCodeCache                       = true                                      {product} {ergonomic}
   size_t SoftMaxHeapSize                          = 8589934592                             {manageable} {ergonomic}
     bool UseCompressedOops                        = true                           {product lp64_product} {ergonomic}
     bool UseG1GC                                  = true                                      {product} {ergonomic}
     bool UseLargePagesIndividualAllocation        = false                                  {pd product} {ergonomic}

Logging:
Log output configuration:
 #0: stdout all=warning uptime,level,tags foldmultilines=false
 #1: stderr all=off uptime,level,tags foldmultilines=false

Release file:
JAVA_VERSION="21.0.12.1" 
MODULES="java.base java.compiler java.datatransfer java.xml java.prefs java.desktop java.instrument java.logging java.management java.security.sasl java.naming java.rmi java.management.rmi java.net.http java.scripting java.security.jgss java.transaction.xa java.sql java.sql.rowset java.xml.crypto java.se java.smartcardio jdk.accessibility jdk.internal.jvmstat jdk.attach jdk.charsets jdk.internal.opt jdk.zipfs jdk.compiler jdk.crypto.ec jdk.crypto.cryptoki jdk.crypto.mscapi jdk.dynalink jdk.internal.ed jdk.editpad jdk.hotspot.agent jdk.httpserver jdk.internal.le jdk.internal.vm.ci jdk.internal.vm.compiler jdk.internal.vm.compiler.management jdk.jartool jdk.javadoc jdk.jcmd jdk.management jdk.management.agent jdk.jconsole jdk.jdeps jdk.jdwp.agent jdk.jdi jdk.jfr jdk.jshell jdk.jsobject jdk.jstatd jdk.localedata jdk.management.jfr jdk.naming.dns jdk.naming.rmi jdk.net jdk.nio.mapmode jdk.random jdk.sctp jdk.security.auth jdk.security.jgss jdk.unsupported jdk.unsupported.desktop jdk.xml.dom" 

Environment Variables:
JAVA_HOME=C:\Program Files\Java\jdk-17
PATH=C:\Python314\Scripts\;C:\Python314\;C:\Program Files\Eclipse Adoptium\jdk-25.0.3.9-hotspot\bin;C:\Program Files\Microsoft\jdk-11.0.16.101-hotspot\bin;C:\WINDOWS\system32;C:\WINDOWS;C:\WINDOWS\System32\Wbem;C:\WINDOWS\System32\WindowsPowerShell\v1.0\;C:\WINDOWS\System32\OpenSSH\;C:\Program Files\dotnet\;C:\MinGW\bin;C:\ProgramData\chocolatey\bin;C:\Users\AJI\AppData\Local\Pub\Cache\bin;C:\Program Files\Java\jdk-17\bin;d:\cursor\resources\app\bin;C:\Users\AJI\develop\flutter\bin;C:\Users\AJI\.local\bin;D:\node\node_modules\npm\bin;D:\node\;C:\Program Files\nodejs\;C:\Program Files\nodejs\node_modules\npm\bin;C:\Users\AJI\Documents\MONGO\mongosh-2.9.2-win32-x64\bin;C:\xampp\php;C:\Program Files\Git\cmd;C:\Users\AJI\AppData\Local\Programs\Python\Python312\Scripts\;C:\Users\AJI\AppData\Local\Programs\Python\Python312\;C:\Users\AJI\.local\bin;C:\Users\AJI\AppData\Local\Microsoft\WindowsApps;D:\IntelliJ IDEA Community Edition 2023.1.5\bin;;C:\mingw64\bin;C:\Users\AJI\.dotnet\tools;C:\Users\AJI\Documents\flutter_windows_3.13.4-stable\flutter\bin;C:\Users\AJI\AppData\Local\Pub\Cache\bin;D:\flutter_pub_cache;C:\Users\AJI\AppData\Local\Android\Sdk;C:\Program Files\Java\jdk-17\bin;D:\rider\JetBrains Rider 2024.3.7\bin;;D:\Program Files\Microsoft VS Code\bin;D:\freelanceing\cursor\resources\app\bin;C:\Users\AJI\AppData\Local\Programs\Microsoft VS Code\bin;C:\Users\AJI\AppData\Local\Programs\cursor\resources\app\bin;C:\Users\AJI\AppData\Roaming\npm
USERNAME=AJI
OS=Windows_NT
PROCESSOR_IDENTIFIER=Intel64 Family 6 Model 154 Stepping 3, GenuineIntel
TMP=C:\Users\AJI\AppData\Local\Temp
TEMP=C:\Users\AJI\AppData\Local\Temp




Periodic native trim disabled

---------------  S Y S T E M  ---------------

OS:
 Windows 11 , 64 bit Build 26100 (10.0.26100.9444)
OS uptime: 0 days 0:15 hours
Hyper-V role detected

CPU: total 20 (initial active 20) (10 cores per cpu, 2 threads per core) family 6 model 154 stepping 3 microcode 0x43b, cx8, cmov, fxsr, ht, mmx, 3dnowpref, sse, sse2, sse3, ssse3, sse4.1, sse4.2, popcnt, lzcnt, tsc, tscinvbit, avx, avx2, aes, erms, clmul, bmi1, bmi2, adx, sha, fma, vzeroupper, clflush, clflushopt, clwb, hv, serialize, rdtscp, rdpid, fsrm, f16c, cet_ibt, cet_ss
Processor Information for processor 0
  Max Mhz: 2300, Current Mhz: 2300, Mhz Limit: 2300
Processor Information for processor 1
  Max Mhz: 2300, Current Mhz: 2300, Mhz Limit: 2300
Processor Information for processor 2
  Max Mhz: 2300, Current Mhz: 2300, Mhz Limit: 2300
Processor Information for processor 3
  Max Mhz: 2300, Current Mhz: 2300, Mhz Limit: 2300
Processor Information for processor 4
  Max Mhz: 2300, Current Mhz: 2300, Mhz Limit: 2300
Processor Information for processor 5
  Max Mhz: 2300, Current Mhz: 2300, Mhz Limit: 2300
Processor Information for processor 6
  Max Mhz: 2300, Current Mhz: 2300, Mhz Limit: 2300
Processor Information for processor 7
  Max Mhz: 2300, Current Mhz: 2300, Mhz Limit: 2300
Processor Information for processor 8
  Max Mhz: 2300, Current Mhz: 2300, Mhz Limit: 2300
Processor Information for processor 9
  Max Mhz: 2300, Current Mhz: 2300, Mhz Limit: 2300
Processor Information for processor 10
  Max Mhz: 2300, Current Mhz: 2300, Mhz Limit: 2300
Processor Information for processor 11
  Max Mhz: 2300, Current Mhz: 2300, Mhz Limit: 2300
Processor Information for processor 12
  Max Mhz: 2300, Current Mhz: 1488, Mhz Limit: 2300
Processor Information for processor 13
  Max Mhz: 2300, Current Mhz: 1488, Mhz Limit: 2300
Processor Information for processor 14
  Max Mhz: 2300, Current Mhz: 1488, Mhz Limit: 2300
Processor Information for processor 15
  Max Mhz: 2300, Current Mhz: 1488, Mhz Limit: 2300
Processor Information for processor 16
  Max Mhz: 2300, Current Mhz: 1488, Mhz Limit: 2300
Processor Information for processor 17
  Max Mhz: 2300, Current Mhz: 1488, Mhz Limit: 2300
Processor Information for processor 18
  Max Mhz: 2300, Current Mhz: 1488, Mhz Limit: 2300
Processor Information for processor 19
  Max Mhz: 2300, Current Mhz: 1488, Mhz Limit: 2300

Memory: 4k page, system-wide physical 16068M (526M free)
TotalPageFile size 65220M (AvailPageFile size 1M)
current process WorkingSet (physical memory assigned to process): 56M, peak: 186M
current process commit charge ("private bytes"): 341M, peak: 426M

vm_info: OpenJDK 64-Bit Server VM (21.0.12.1+1-LTS) for windows-amd64 JRE (21.0.12.1+1-LTS), built on 2026-08-18T00:00:00Z by "admin" with MS VC++ 17.12 (VS2022)

END.
