#
# There is insufficient memory for the Java Runtime Environment to continue.
# Native memory allocation (malloc) failed to allocate 1623696 bytes. Error detail: Chunk::new
# Possible reasons:
#   The system is out of physical RAM or swap space
#   This process is running with CompressedOops enabled, and the Java Heap may be blocking the growth of the native heap
# Possible solutions:
#   Reduce memory load on the system
#   Increase physical memory or swap space
#   Check if swap backing store is full
#   Decrease Java heap size (-Xmx/-Xms)
#   Decrease number of Java threads
#   Decrease Java thread stack sizes (-Xss)
#   Set larger code cache with -XX:ReservedCodeCacheSize=
#   JVM is running with Zero Based Compressed Oops mode in which the Java heap is
#     placed in the first 32GB address space. The Java Heap base address is the
#     maximum limit for the native heap growth. Please use -XX:HeapBaseMinAddress
#     to set the Java Heap base and to place the Java Heap above 32GB virtual address.
# This output file may be truncated or incomplete.
#
#  Out of Memory Error (arena.cpp:168), pid=51848, tid=52076
#
# JRE version: OpenJDK Runtime Environment Temurin-21.0.12.1+1 (21.0.12.1+1) (build 21.0.12.1+1-LTS)
# Java VM: OpenJDK 64-Bit Server VM Temurin-21.0.12.1+1 (21.0.12.1+1-LTS, mixed mode, sharing, tiered, compressed oops, compressed class ptrs, g1 gc, windows-amd64)
# No core dump will be written. Minidumps are not enabled by default on client versions of Windows
#

---------------  S U M M A R Y ------------

Command Line: --add-opens=java.base/java.lang=ALL-UNNAMED --add-opens=java.base/java.lang.invoke=ALL-UNNAMED --add-opens=java.base/java.util=ALL-UNNAMED --add-opens=java.prefs/java.util.prefs=ALL-UNNAMED --add-exports=jdk.compiler/com.sun.tools.javac.api=ALL-UNNAMED --add-exports=jdk.compiler/com.sun.tools.javac.util=ALL-UNNAMED --add-opens=java.base/java.util=ALL-UNNAMED --add-opens=java.prefs/java.util.prefs=ALL-UNNAMED --add-opens=java.base/java.nio.charset=ALL-UNNAMED --add-opens=java.base/java.net=ALL-UNNAMED --add-opens=java.base/java.util.concurrent=ALL-UNNAMED --add-opens=java.base/java.util.concurrent.atomic=ALL-UNNAMED --add-opens=java.xml/javax.xml.namespace=ALL-UNNAMED --add-opens=java.base/java.time=ALL-UNNAMED -XX:MaxMetaspaceSize=4G -XX:ReservedCodeCacheSize=512m -XX:+HeapDumpOnOutOfMemoryError -Xmx8G -Dfile.encoding=UTF-8 -Duser.country=IN -Duser.language=en -Duser.variant -javaagent:C:\Users\AJI\.gradle\wrapper\dists\gradle-9.1.0-all\7wzd0jkjit61aq2p43wpjgij9\gradle-9.1.0\lib\agents\gradle-instrumentation-agent-9.1.0.jar org.gradle.launcher.daemon.bootstrap.GradleDaemon 9.1.0

Host: 12th Gen Intel(R) Core(TM) i7-12700H, 20 cores, 15G,  Windows 11 , 64 bit Build 26100 (10.0.26100.9444)
Time: Thu Sep 17 09:15:53 2026 India Standard Time elapsed time: 261.419534 seconds (0d 0h 4m 21s)

---------------  T H R E A D  ---------------

Current thread (0x0000023c7e923170):  JavaThread "C2 CompilerThread0" daemon [_thread_in_native, id=52076, stack(0x000000439a400000,0x000000439a500000) (1024K)]


Current CompileTask:
C2:261419 5015   !   4       java.lang.ClassLoader::loadClass (121 bytes)

Stack: [0x000000439a400000,0x000000439a500000]
Native frames: (J=compiled Java code, j=interpreted, Vv=VM code, C=native code)
V  [jvm.dll+0x6d83e9]
V  [jvm.dll+0x8b5736]
V  [jvm.dll+0x8b7cee]
V  [jvm.dll+0x8b83d3]
V  [jvm.dll+0x284596]
V  [jvm.dll+0xc685d]
V  [jvm.dll+0xc6da1]
V  [jvm.dll+0x3bf151]
V  [jvm.dll+0x1e3f42]
V  [jvm.dll+0x24c853]
V  [jvm.dll+0x24bce0]
V  [jvm.dll+0x1cb4ae]
V  [jvm.dll+0x25baad]
V  [jvm.dll+0x25a03a]
V  [jvm.dll+0x3f8aae]
V  [jvm.dll+0x8600cd]
V  [jvm.dll+0x6d6c1d]
C  [ucrtbase.dll+0x2cd30]
C  [KERNEL32.DLL+0x2cd87]
C  [ntdll.dll+0xacaec]


---------------  P R O C E S S  ---------------

Threads class SMR info:
_java_thread_list=0x0000023c7e9b8a20, length=33, elements={
0x0000023c4d701b20, 0x0000023c7e906d90, 0x0000023c7e908b20, 0x0000023c7e910660,
0x0000023c7e911320, 0x0000023c7e912e50, 0x0000023c7e91c710, 0x0000023c7e923170,
0x0000023c7e932980, 0x0000023c7eb29f00, 0x0000023c7eaf9860, 0x0000023c45eba240,
0x0000023c45253db0, 0x0000023c7eaa20a0, 0x0000023c4544d070, 0x0000023c45496430,
0x0000023c454493f0, 0x0000023c45f80560, 0x0000023c45f7f1b0, 0x0000023c45f7de00,
0x0000023c45f7eb20, 0x0000023c45f7f840, 0x0000023c45f7e490, 0x0000023c45f7d770,
0x0000023c46b44f40, 0x0000023c46b41ac0, 0x0000023c46b455d0, 0x0000023c46b44220,
0x0000023c46b43b90, 0x0000023c46b42150, 0x0000023c46b43500, 0x0000023c46b45c60,
0x0000023c46b42e70
}

Java Threads: ( => current thread )
  0x0000023c4d701b20 JavaThread "main"                              [_thread_blocked, id=51956, stack(0x0000004399600000,0x0000004399700000) (1024K)]
  0x0000023c7e906d90 JavaThread "Reference Handler"          daemon [_thread_blocked, id=52052, stack(0x0000004399e00000,0x0000004399f00000) (1024K)]
  0x0000023c7e908b20 JavaThread "Finalizer"                  daemon [_thread_blocked, id=52056, stack(0x0000004399f00000,0x000000439a000000) (1024K)]
  0x0000023c7e910660 JavaThread "Signal Dispatcher"          daemon [_thread_blocked, id=52060, stack(0x000000439a000000,0x000000439a100000) (1024K)]
  0x0000023c7e911320 JavaThread "Attach Listener"            daemon [_thread_blocked, id=52064, stack(0x000000439a100000,0x000000439a200000) (1024K)]
  0x0000023c7e912e50 JavaThread "Service Thread"             daemon [_thread_blocked, id=52068, stack(0x000000439a200000,0x000000439a300000) (1024K)]
  0x0000023c7e91c710 JavaThread "Monitor Deflation Thread"   daemon [_thread_blocked, id=52072, stack(0x000000439a300000,0x000000439a400000) (1024K)]
=>0x0000023c7e923170 JavaThread "C2 CompilerThread0"         daemon [_thread_in_native, id=52076, stack(0x000000439a400000,0x000000439a500000) (1024K)]
  0x0000023c7e932980 JavaThread "C1 CompilerThread0"         daemon [_thread_blocked, id=52080, stack(0x000000439a500000,0x000000439a600000) (1024K)]
  0x0000023c7eb29f00 JavaThread "Common-Cleaner"             daemon [_thread_blocked, id=52136, stack(0x000000439a700000,0x000000439a800000) (1024K)]
  0x0000023c7eaf9860 JavaThread "Notification Thread"        daemon [_thread_blocked, id=52180, stack(0x000000439a800000,0x000000439a900000) (1024K)]
  0x0000023c45eba240 JavaThread "Daemon health stats"               [_thread_blocked, id=21944, stack(0x000000439ae00000,0x000000439af00000) (1024K)]
  0x0000023c45253db0 JavaThread "Incoming local TCP Connector on port 9324"        [_thread_in_native, id=52736, stack(0x000000439af00000,0x000000439b000000) (1024K)]
  0x0000023c7eaa20a0 JavaThread "Daemon"                            [_thread_blocked, id=49688, stack(0x000000439b000000,0x000000439b100000) (1024K)]
  0x0000023c4544d070 JavaThread "Handler for socket connection from /127.0.0.1:9324 to /127.0.0.1:9325"        [_thread_in_native, id=49684, stack(0x000000439b100000,0x000000439b200000) (1024K)]
  0x0000023c45496430 JavaThread "Cancel handler"                    [_thread_blocked, id=52204, stack(0x000000439b200000,0x000000439b300000) (1024K)]
  0x0000023c454493f0 JavaThread "Daemon worker"                     [_thread_in_Java, id=52848, stack(0x000000439b300000,0x000000439b400000) (1024K)]
  0x0000023c45f80560 JavaThread "Daemon periodic checks"            [_thread_blocked, id=52856, stack(0x000000439b400000,0x000000439b500000) (1024K)]
  0x0000023c45f7f1b0 JavaThread "Asynchronous log dispatcher for DefaultDaemonConnection: socket connection from /127.0.0.1:9324 to /127.0.0.1:9325"        [_thread_blocked, id=52852, stack(0x000000439b500000,0x000000439b600000) (1024K)]
  0x0000023c45f7de00 JavaThread "Stdin handler"                     [_thread_blocked, id=52868, stack(0x000000439b600000,0x000000439b700000) (1024K)]
  0x0000023c45f7eb20 JavaThread "Daemon client event forwarder"        [_thread_in_vm, id=52860, stack(0x000000439b700000,0x000000439b800000) (1024K)]
  0x0000023c45f7f840 JavaThread "Cache worker for journal cache (C:\Users\AJI\.gradle\caches\journal-1)"        [_thread_blocked, id=52768, stack(0x000000439c100000,0x000000439c200000) (1024K)]
  0x0000023c45f7e490 JavaThread "File lock request listener"        [_thread_in_native, id=52772, stack(0x000000439c200000,0x000000439c300000) (1024K)]
  0x0000023c45f7d770 JavaThread "Cache worker for file hash cache (C:\Users\AJI\.gradle\caches\9.1.0\fileHashes)"        [_thread_blocked, id=52564, stack(0x000000439c300000,0x000000439c400000) (1024K)]
  0x0000023c46b44f40 JavaThread "Cache worker for file hash cache (C:\Users\AJI\Documents\Gostriders\gostriders\android\.gradle\9.1.0\fileHashes)"        [_thread_blocked, id=58292, stack(0x000000439c800000,0x000000439c900000) (1024K)]
  0x0000023c46b41ac0 JavaThread "Cache worker for Build Output Cleanup Cache (C:\Users\AJI\Documents\Gostriders\gostriders\android\.gradle\buildOutputCleanup)"        [_thread_blocked, id=58284, stack(0x000000439c900000,0x000000439ca00000) (1024K)]
  0x0000023c46b455d0 JavaThread "File watcher server"        daemon [_thread_in_native, id=29220, stack(0x000000439ca00000,0x000000439cb00000) (1024K)]
  0x0000023c46b44220 JavaThread "File watcher consumer"      daemon [_thread_blocked, id=7720, stack(0x000000439cb00000,0x000000439cc00000) (1024K)]
  0x0000023c46b43b90 JavaThread "Cache worker for checksums cache (C:\Users\AJI\Documents\Gostriders\gostriders\android\.gradle\9.1.0\checksums)"        [_thread_blocked, id=59144, stack(0x000000439cc00000,0x000000439cd00000) (1024K)]
  0x0000023c46b42150 JavaThread "Cache worker for file content cache (C:\Users\AJI\.gradle\caches\9.1.0\fileContent)"        [_thread_blocked, id=14860, stack(0x000000439cd00000,0x000000439ce00000) (1024K)]
  0x0000023c46b43500 JavaThread "Cache worker for cache directory md-supplier (C:\Users\AJI\.gradle\caches\9.1.0\md-supplier)"        [_thread_blocked, id=58700, stack(0x000000439ce00000,0x000000439cf00000) (1024K)]
  0x0000023c46b45c60 JavaThread "Cache worker for cache directory md-rule (C:\Users\AJI\.gradle\caches\9.1.0\md-rule)"        [_thread_blocked, id=58836, stack(0x000000439cf00000,0x000000439d000000) (1024K)]
  0x0000023c46b42e70 JavaThread "File lock release action executor Thread 2"        [_thread_blocked, id=43128, stack(0x0000004399300000,0x0000004399400000) (1024K)]
Total: 33

Other Threads:
  0x0000023c7e8ebdf0 VMThread "VM Thread"                           [id=52040, stack(0x0000004399d00000,0x0000004399e00000) (1024K)]
  0x0000023c7b8db850 WatcherThread "VM Periodic Task Thread"        [id=52036, stack(0x0000004399c00000,0x0000004399d00000) (1024K)]
  0x0000023c4d7ac560 WorkerThread "GC Thread#0"                     [id=51980, stack(0x0000004399700000,0x0000004399800000) (1024K)]
  0x0000023c7ec53170 WorkerThread "GC Thread#1"                     [id=51648, stack(0x000000439a900000,0x000000439aa00000) (1024K)]
  0x0000023c7ecfc480 WorkerThread "GC Thread#2"                     [id=51588, stack(0x000000439aa00000,0x000000439ab00000) (1024K)]
  0x0000023c7ecfc830 WorkerThread "GC Thread#3"                     [id=51584, stack(0x000000439ab00000,0x000000439ac00000) (1024K)]
  0x0000023c7ec618a0 WorkerThread "GC Thread#4"                     [id=51580, stack(0x000000439ac00000,0x000000439ad00000) (1024K)]
  0x0000023c7ec61c50 WorkerThread "GC Thread#5"                     [id=51700, stack(0x000000439ad00000,0x000000439ae00000) (1024K)]
  0x0000023c4615cbe0 WorkerThread "GC Thread#6"                     [id=39580, stack(0x000000439b800000,0x000000439b900000) (1024K)]
  0x0000023c4615cf90 WorkerThread "GC Thread#7"                     [id=52796, stack(0x000000439b900000,0x000000439ba00000) (1024K)]
  0x0000023c4617ed70 WorkerThread "GC Thread#8"                     [id=52360, stack(0x000000439ba00000,0x000000439bb00000) (1024K)]
  0x0000023c4617f120 WorkerThread "GC Thread#9"                     [id=52808, stack(0x000000439bb00000,0x000000439bc00000) (1024K)]
  0x0000023c46184cb0 WorkerThread "GC Thread#10"                    [id=51416, stack(0x000000439bc00000,0x000000439bd00000) (1024K)]
  0x0000023c461857c0 WorkerThread "GC Thread#11"                    [id=52560, stack(0x000000439bd00000,0x000000439be00000) (1024K)]
  0x0000023c46184550 WorkerThread "GC Thread#12"                    [id=52664, stack(0x000000439be00000,0x000000439bf00000) (1024K)]
  0x0000023c46185b70 WorkerThread "GC Thread#13"                    [id=12588, stack(0x000000439bf00000,0x000000439c000000) (1024K)]
  0x0000023c46185060 WorkerThread "GC Thread#14"                    [id=30788, stack(0x000000439c000000,0x000000439c100000) (1024K)]
  0x0000023c4d7bdc70 ConcurrentGCThread "G1 Main Marker"            [id=51984, stack(0x0000004399800000,0x0000004399900000) (1024K)]
  0x0000023c4d7be9a0 WorkerThread "G1 Conc#0"                       [id=51988, stack(0x0000004399900000,0x0000004399a00000) (1024K)]
  0x0000023c4527ef60 WorkerThread "G1 Conc#1"                       [id=59224, stack(0x000000439a600000,0x000000439a700000) (1024K)]
  0x0000023c4527f6c0 WorkerThread "G1 Conc#2"                       [id=59228, stack(0x000000439c500000,0x000000439c600000) (1024K)]
  0x0000023c4527fe20 WorkerThread "G1 Conc#3"                       [id=59232, stack(0x000000439c600000,0x000000439c700000) (1024K)]
  0x0000023c7b7aabb0 ConcurrentGCThread "G1 Refine#0"               [id=51992, stack(0x0000004399a00000,0x0000004399b00000) (1024K)]
  0x0000023c7b7ab640 ConcurrentGCThread "G1 Service"                [id=51996, stack(0x0000004399b00000,0x0000004399c00000) (1024K)]
Total: 24

Threads with active compile tasks:
C2 CompilerThread0  261457 5015   !   4       java.lang.ClassLoader::loadClass (121 bytes)
Total: 1

VM state: not at safepoint (normal execution)

VM Mutex/Monitor currently owned by a thread: None

Heap address: 0x0000000600000000, size: 8192 MB, Compressed Oops mode: Zero based, Oop shift amount: 3

CDS archive(s) mapped at: [0x0000023c00000000-0x0000023c00ba0000-0x0000023c00ba0000), size 12189696, SharedBaseAddress: 0x0000023c00000000, ArchiveRelocationMode: 1.
Compressed class space mapped at: 0x0000023c01000000-0x0000023c41000000, reserved size: 1073741824
Narrow klass base: 0x0000023c00000000, Narrow klass shift: 0, Narrow klass range: 0x100000000

GC Precious Log:
 CardTable entry size: 512
 Card Set container configuration: InlinePtr #cards 4 size 8 Array Of Cards #cards 32 size 80 Howl #buckets 8 coarsen threshold 7372 Howl Bitmap #cards 1024 size 144 coarsen threshold 921 Card regions per heap region 1 cards per card region 8192
 CPUs: 20 total, 20 available
 Memory: 16068M
 Large Page Support: Disabled
 NUMA Support: Disabled
 Compressed Oops: Enabled (Zero based)
 Heap Region Size: 4M
 Heap Min Capacity: 8M
 Heap Initial Capacity: 252M
 Heap Max Capacity: 8G
 Pre-touch: Disabled
 Parallel Workers: 15
 Concurrent Workers: 4
 Concurrent Refinement Workers: 15
 Periodic GC: Disabled

Heap:
 garbage-first heap   total 110592K, used 40949K [0x0000000600000000, 0x0000000800000000)
  region size 4096K, 5 young (20480K), 2 survivors (8192K)
 Metaspace       used 37979K, committed 39488K, reserved 1114112K
  class space    used 5482K, committed 6208K, reserved 1048576K

Heap Regions: E=young(eden), S=young(survivor), O=old, HS=humongous(starts), HC=humongous(continues), CS=collection set, F=free, TAMS=top-at-mark-start, PB=parsable bottom
|   0|0x0000000600000000, 0x0000000600400000, 0x0000000600400000|100%|HS|  |TAMS 0x0000000600000000| PB 0x0000000600000000| Complete 
|   1|0x0000000600400000, 0x0000000600800000, 0x0000000600800000|100%| O|  |TAMS 0x0000000600400000| PB 0x0000000600400000| Untracked 
|   2|0x0000000600800000, 0x0000000600bb4b30, 0x0000000600c00000| 92%| O|  |TAMS 0x0000000600800000| PB 0x0000000600800000| Untracked 
|   3|0x0000000600c00000, 0x0000000600f6a358, 0x0000000601000000| 85%| O|  |TAMS 0x0000000600c00000| PB 0x0000000600c00000| Untracked 
|   4|0x0000000601000000, 0x0000000601000000, 0x0000000601400000|  0%| F|  |TAMS 0x0000000601000000| PB 0x0000000601000000| Untracked 
|   5|0x0000000601400000, 0x00000006014de5d0, 0x0000000601800000| 21%| S|CS|TAMS 0x0000000601400000| PB 0x0000000601400000| Complete 
|   6|0x0000000601800000, 0x0000000601c00000, 0x0000000601c00000|100%| S|CS|TAMS 0x0000000601800000| PB 0x0000000601800000| Complete 
|   7|0x0000000601c00000, 0x0000000601c00000, 0x0000000602000000|  0%| F|  |TAMS 0x0000000601c00000| PB 0x0000000601c00000| Untracked 
|   8|0x0000000602000000, 0x0000000602000000, 0x0000000602400000|  0%| F|  |TAMS 0x0000000602000000| PB 0x0000000602000000| Untracked 
|   9|0x0000000602400000, 0x0000000602400000, 0x0000000602800000|  0%| F|  |TAMS 0x0000000602400000| PB 0x0000000602400000| Untracked 
|  10|0x0000000602800000, 0x0000000602800000, 0x0000000602c00000|  0%| F|  |TAMS 0x0000000602800000| PB 0x0000000602800000| Untracked 
|  11|0x0000000602c00000, 0x0000000602c00000, 0x0000000603000000|  0%| F|  |TAMS 0x0000000602c00000| PB 0x0000000602c00000| Untracked 
|  12|0x0000000603000000, 0x0000000603000000, 0x0000000603400000|  0%| F|  |TAMS 0x0000000603000000| PB 0x0000000603000000| Untracked 
|  13|0x0000000603400000, 0x0000000603400000, 0x0000000603800000|  0%| F|  |TAMS 0x0000000603400000| PB 0x0000000603400000| Untracked 
|  14|0x0000000603800000, 0x0000000603800000, 0x0000000603c00000|  0%| F|  |TAMS 0x0000000603800000| PB 0x0000000603800000| Untracked 
|  15|0x0000000603c00000, 0x0000000603c00000, 0x0000000604000000|  0%| F|  |TAMS 0x0000000603c00000| PB 0x0000000603c00000| Untracked 
|  16|0x0000000604000000, 0x0000000604000000, 0x0000000604400000|  0%| F|  |TAMS 0x0000000604000000| PB 0x0000000604000000| Untracked 
|  17|0x0000000604400000, 0x0000000604400000, 0x0000000604800000|  0%| F|  |TAMS 0x0000000604400000| PB 0x0000000604400000| Untracked 
|  18|0x0000000604800000, 0x0000000604800000, 0x0000000604c00000|  0%| F|  |TAMS 0x0000000604800000| PB 0x0000000604800000| Untracked 
|  19|0x0000000604c00000, 0x0000000604c00000, 0x0000000605000000|  0%| F|  |TAMS 0x0000000604c00000| PB 0x0000000604c00000| Untracked 
|  20|0x0000000605000000, 0x0000000605000000, 0x0000000605400000|  0%| F|  |TAMS 0x0000000605000000| PB 0x0000000605000000| Untracked 
|  48|0x000000060c000000, 0x000000060c0cee40, 0x000000060c400000| 20%| E|  |TAMS 0x000000060c000000| PB 0x000000060c000000| Complete 
|  49|0x000000060c400000, 0x000000060c800000, 0x000000060c800000|100%| E|CS|TAMS 0x000000060c400000| PB 0x000000060c400000| Complete 
|  62|0x000000060f800000, 0x000000060fc00000, 0x000000060fc00000|100%| E|CS|TAMS 0x000000060f800000| PB 0x000000060f800000| Complete 
|2045|0x00000007ff400000, 0x00000007ff800000, 0x00000007ff800000|100%| O|Cm|TAMS 0x00000007ff400000| PB 0x00000007ff400000| Complete 
|2046|0x00000007ff800000, 0x00000007ffc00000, 0x00000007ffc00000|100%| O|  |TAMS 0x00000007ff800000| PB 0x00000007ff800000| Untracked 
|2047|0x00000007ffc00000, 0x0000000800000000, 0x0000000800000000|100%| O|  |TAMS 0x00000007ffc00000| PB 0x00000007ffc00000| Untracked 

Card table byte_map: [0x0000023c725d0000,0x0000023c735d0000] _byte_map_base: 0x0000023c6f5d0000

Marking Bits: (CMBitMap*) 0x0000023c4d7acb80
 Bits: [0x0000023c735d0000, 0x0000023c7b5d0000)

Polling page: 0x0000023c4b4b0000

Metaspace:

Usage:
  Non-class:     31.74 MB used.
      Class:      5.35 MB used.
       Both:     37.09 MB used.

Virtual space:
  Non-class space:       64.00 MB reserved,      32.50 MB ( 51%) committed,  1 nodes.
      Class space:        1.00 GB reserved,       6.06 MB ( <1%) committed,  1 nodes.
             Both:        1.06 GB reserved,      38.56 MB (  4%) committed. 

Chunk freelists:
   Non-Class:  15.55 MB
       Class:  9.86 MB
        Both:  25.40 MB

MaxMetaspaceSize: 4.00 GB
CompressedClassSpaceSize: 1.00 GB
Initial GC threshold: 21.00 MB
Current GC threshold: 59.38 MB
CDS: on
 - commit_granule_bytes: 65536.
 - commit_granule_words: 8192.
 - virtual_space_node_default_size: 8388608.
 - enlarge_chunks_in_place: 1.
 - use_allocation_guard: 0.


Internal statistics:

num_allocs_failed_limit: 9.
num_arena_births: 2634.
num_arena_deaths: 0.
num_vsnodes_births: 2.
num_vsnodes_deaths: 0.
num_space_committed: 617.
num_space_uncommitted: 0.
num_chunks_returned_to_freelist: 9.
num_chunks_taken_from_freelist: 4447.
num_chunk_merges: 3.
num_chunk_splits: 2908.
num_chunks_enlarged: 1784.
num_inconsistent_stats: 0.

CodeHeap 'non-profiled nmethods': size=258432Kb used=2512Kb max_used=2512Kb free=255919Kb
 bounds [0x0000023c60ca0000, 0x0000023c60f20000, 0x0000023c70900000]
CodeHeap 'profiled nmethods': size=258368Kb used=8759Kb max_used=8986Kb free=249608Kb
 bounds [0x0000023c50900000, 0x0000023c511d0000, 0x0000023c60550000]
CodeHeap 'non-nmethods': size=7488Kb used=1820Kb max_used=2405Kb free=5668Kb
 bounds [0x0000023c60550000, 0x0000023c607c0000, 0x0000023c60ca0000]
CodeCache: size=524288Kb, used=13091Kb, max_used=13903Kb, free=511195Kb
 total_blobs=5213, nmethods=4520, adapters=597, full_count=0
Compilation: enabled, stopped_count=0, restarted_count=0

Compilation events (20 events):
Event: 261.303 Thread 0x0000023c7e932980 nmethod 5023 0x0000023c60f13a10 code [0x0000023c60f13ba0, 0x0000023c60f13c68]
Event: 261.309 Thread 0x0000023c7e932980 5024       3       java.lang.invoke.DelegatingMethodHandle::rebind (8 bytes)
Event: 261.309 Thread 0x0000023c7e932980 nmethod 5024 0x0000023c50a9b590 code [0x0000023c50a9b760, 0x0000023c50a9b9f0]
Event: 261.396 Thread 0x0000023c7e932980 5026       3       java.lang.Class::copyFields (36 bytes)
Event: 261.397 Thread 0x0000023c7e932980 nmethod 5026 0x0000023c50932d90 code [0x0000023c50933000, 0x0000023c50933a88]
Event: 261.397 Thread 0x0000023c7e932980 5027       3       org.gradle.internal.instantiation.generator.AbstractClassGenerator$ClassMetadata::resolveTypeVariables (19 bytes)
Event: 261.398 Thread 0x0000023c7e932980 nmethod 5027 0x0000023c50932790 code [0x0000023c50932960, 0x0000023c50932c90]
Event: 261.398 Thread 0x0000023c7e932980 5028       3       org.gradle.internal.reflect.JavaPropertyReflectionUtil::resolveMethodReturnType (44 bytes)
Event: 261.402 Thread 0x0000023c7e932980 nmethod 5028 0x0000023c509c9790 code [0x0000023c509c9cc0, 0x0000023c509ccb50]
Event: 261.402 Thread 0x0000023c7e932980 5029       3       org.gradle.internal.instantiation.generator.AbstractClassGenerator$MethodMetadata::<init> (15 bytes)
Event: 261.402 Thread 0x0000023c7e932980 nmethod 5029 0x0000023c50932290 code [0x0000023c50932440, 0x0000023c50932670]
Event: 261.402 Thread 0x0000023c7e932980 5030       3       org.gradle.internal.instantiation.generator.AbstractClassGenerator$PropertyMetadata::addGetter (129 bytes)
Event: 261.404 Thread 0x0000023c7e932980 nmethod 5030 0x0000023c50987610 code [0x0000023c509878e0, 0x0000023c50988a08]
Event: 261.404 Thread 0x0000023c7e932980 5032       3       org.gradle.model.internal.asm.MethodVisitorScope::_DUP (7 bytes)
Event: 261.404 Thread 0x0000023c7e932980 nmethod 5032 0x0000023c50987110 code [0x0000023c509872c0, 0x0000023c50987530]
Event: 261.404 Thread 0x0000023c7e932980 5033       3       java.lang.invoke.LambdaForm$DMH/0x0000023c011e8800::newInvokeSpecial (32 bytes)
Event: 261.404 Thread 0x0000023c7e932980 nmethod 5033 0x0000023c50986590 code [0x0000023c50986780, 0x0000023c50986f48]
Event: 261.404 Thread 0x0000023c7e932980 5031       3       org.gradle.internal.instantiation.generator.AbstractClassGenerator$MethodMetadata::shouldOverride (29 bytes)
Event: 261.405 Thread 0x0000023c7e932980 nmethod 5031 0x0000023c50918e90 code [0x0000023c50919040, 0x0000023c50919368]
Event: 261.408 Thread 0x0000023c7e932980 5035       3       java.lang.invoke.InvokerBytecodeGenerator::emitStoreInsn (21 bytes)

GC Heap History (16 events):
Event: 0.812 GC heap before
{Heap before GC invocations=0 (full 0):
 garbage-first heap   total 258048K, used 20480K [0x0000000600000000, 0x0000000800000000)
  region size 4096K, 5 young (20480K), 0 survivors (0K)
 Metaspace       used 887K, committed 1024K, reserved 1114112K
  class space    used 71K, committed 128K, reserved 1048576K
}
Event: 0.820 GC heap after
{Heap after GC invocations=1 (full 0):
 garbage-first heap   total 258048K, used 1440K [0x0000000600000000, 0x0000000800000000)
  region size 4096K, 1 young (4096K), 1 survivors (4096K)
 Metaspace       used 887K, committed 1024K, reserved 1114112K
  class space    used 71K, committed 128K, reserved 1048576K
}
Event: 3.765 GC heap before
{Heap before GC invocations=1 (full 0):
 garbage-first heap   total 258048K, used 46496K [0x0000000600000000, 0x0000000800000000)
  region size 4096K, 11 young (45056K), 1 survivors (4096K)
 Metaspace       used 4599K, committed 4800K, reserved 1114112K
  class space    used 582K, committed 704K, reserved 1048576K
}
Event: 3.771 GC heap after
{Heap after GC invocations=2 (full 0):
 garbage-first heap   total 258048K, used 11508K [0x0000000600000000, 0x0000000800000000)
  region size 4096K, 2 young (8192K), 2 survivors (8192K)
 Metaspace       used 4599K, committed 4800K, reserved 1114112K
  class space    used 582K, committed 704K, reserved 1048576K
}
Event: 7.552 GC heap before
{Heap before GC invocations=2 (full 0):
 garbage-first heap   total 258048K, used 101620K [0x0000000600000000, 0x0000000800000000)
  region size 4096K, 25 young (102400K), 2 survivors (8192K)
 Metaspace       used 14409K, committed 14848K, reserved 1114112K
  class space    used 2002K, committed 2176K, reserved 1048576K
}
Event: 7.562 GC heap after
{Heap after GC invocations=3 (full 0):
 garbage-first heap   total 258048K, used 21039K [0x0000000600000000, 0x0000000800000000)
  region size 4096K, 4 young (16384K), 4 survivors (16384K)
 Metaspace       used 14409K, committed 14848K, reserved 1114112K
  class space    used 2002K, committed 2176K, reserved 1048576K
}
Event: 37.192 GC heap before
{Heap before GC invocations=3 (full 0):
 garbage-first heap   total 258048K, used 70191K [0x0000000600000000, 0x0000000800000000)
  region size 4096K, 17 young (69632K), 4 survivors (16384K)
 Metaspace       used 20919K, committed 21504K, reserved 1114112K
  class space    used 2892K, committed 3136K, reserved 1048576K
}
Event: 37.208 GC heap after
{Heap after GC invocations=4 (full 0):
 garbage-first heap   total 258048K, used 24134K [0x0000000600000000, 0x0000000800000000)
  region size 4096K, 4 young (16384K), 4 survivors (16384K)
 Metaspace       used 20919K, committed 21504K, reserved 1114112K
  class space    used 2892K, committed 3136K, reserved 1048576K
}
Event: 39.044 GC heap before
{Heap before GC invocations=5 (full 0):
 garbage-first heap   total 98304K, used 93766K [0x0000000600000000, 0x0000000800000000)
  region size 4096K, 21 young (86016K), 4 survivors (16384K)
 Metaspace       used 29603K, committed 30720K, reserved 1114112K
  class space    used 4291K, committed 4864K, reserved 1048576K
}
Event: 39.052 GC heap after
{Heap after GC invocations=6 (full 0):
 garbage-first heap   total 118784K, used 27823K [0x0000000600000000, 0x0000000800000000)
  region size 4096K, 2 young (8192K), 2 survivors (8192K)
 Metaspace       used 29603K, committed 30720K, reserved 1114112K
  class space    used 4291K, committed 4864K, reserved 1048576K
}
Event: 40.165 GC heap before
{Heap before GC invocations=6 (full 0):
 garbage-first heap   total 118784K, used 64687K [0x0000000600000000, 0x0000000800000000)
  region size 4096K, 12 young (49152K), 2 survivors (8192K)
 Metaspace       used 34798K, committed 36096K, reserved 1114112K
  class space    used 4962K, committed 5632K, reserved 1048576K
}
Event: 40.171 GC heap after
{Heap after GC invocations=7 (full 0):
 garbage-first heap   total 118784K, used 30860K [0x0000000600000000, 0x0000000800000000)
  region size 4096K, 3 young (12288K), 3 survivors (12288K)
 Metaspace       used 34798K, committed 36096K, reserved 1114112K
  class space    used 4962K, committed 5632K, reserved 1048576K
}
Event: 40.243 GC heap before
{Heap before GC invocations=7 (full 0):
 garbage-first heap   total 118784K, used 30860K [0x0000000600000000, 0x0000000800000000)
  region size 4096K, 4 young (16384K), 3 survivors (12288K)
 Metaspace       used 35160K, committed 36416K, reserved 1114112K
  class space    used 5008K, committed 5632K, reserved 1048576K
}
Event: 40.247 GC heap after
{Heap after GC invocations=8 (full 0):
 garbage-first heap   total 118784K, used 30984K [0x0000000600000000, 0x0000000800000000)
  region size 4096K, 2 young (8192K), 2 survivors (8192K)
 Metaspace       used 35160K, committed 36416K, reserved 1114112K
  class space    used 5008K, committed 5632K, reserved 1048576K
}
Event: 256.918 GC heap before
{Heap before GC invocations=9 (full 0):
 garbage-first heap   total 110592K, used 92424K [0x0000000600000000, 0x0000000800000000)
  region size 4096K, 17 young (69632K), 2 survivors (8192K)
 Metaspace       used 36978K, committed 38336K, reserved 1114112K
  class space    used 5309K, committed 5952K, reserved 1048576K
}
Event: 257.045 GC heap after
{Heap after GC invocations=10 (full 0):
 garbage-first heap   total 110592K, used 32757K [0x0000000600000000, 0x0000000800000000)
  region size 4096K, 2 young (8192K), 2 survivors (8192K)
 Metaspace       used 36978K, committed 38336K, reserved 1114112K
  class space    used 5309K, committed 5952K, reserved 1048576K
}

Dll operation events (20 events):
Event: 0.210 Attempting to load shared library C:\Users\AJI\.vscode\extensions\redhat.java-1.56.0-win32-x64\jre\21.0.12.1-win32-x86_64\bin\nio.dll
Event: 0.217 Loaded shared library C:\Users\AJI\.vscode\extensions\redhat.java-1.56.0-win32-x64\jre\21.0.12.1-win32-x86_64\bin\nio.dll
Event: 0.224 Attempting to load shared library C:\Users\AJI\.vscode\extensions\redhat.java-1.56.0-win32-x64\jre\21.0.12.1-win32-x86_64\bin\zip.dll
Event: 0.224 Loaded shared library C:\Users\AJI\.vscode\extensions\redhat.java-1.56.0-win32-x64\jre\21.0.12.1-win32-x86_64\bin\zip.dll
Event: 0.852 Attempting to load shared library C:\Users\AJI\.vscode\extensions\redhat.java-1.56.0-win32-x64\jre\21.0.12.1-win32-x86_64\bin\jimage.dll
Event: 0.852 Loaded shared library C:\Users\AJI\.vscode\extensions\redhat.java-1.56.0-win32-x64\jre\21.0.12.1-win32-x86_64\bin\jimage.dll
Event: 1.639 Attempting to load shared library C:\Users\AJI\.vscode\extensions\redhat.java-1.56.0-win32-x64\jre\21.0.12.1-win32-x86_64\bin\verify.dll
Event: 1.640 Loaded shared library C:\Users\AJI\.vscode\extensions\redhat.java-1.56.0-win32-x64\jre\21.0.12.1-win32-x86_64\bin\verify.dll
Event: 1.944 Attempting to load shared library C:\Users\AJI\.gradle\native\1def1411415f61bf3af743bc5b6707747c0891f09f0c88961ee8f79bc544acac\windows-amd64\native-platform.dll
Event: 1.949 Loaded shared library C:\Users\AJI\.gradle\native\1def1411415f61bf3af743bc5b6707747c0891f09f0c88961ee8f79bc544acac\windows-amd64\native-platform.dll
Event: 2.034 Attempting to load shared library C:\Users\AJI\.gradle\native\0.2.8\x86_64-windows-gnu\gradle-fileevents.dll
Event: 2.038 Loaded shared library C:\Users\AJI\.gradle\native\0.2.8\x86_64-windows-gnu\gradle-fileevents.dll
Event: 5.298 Attempting to load shared library C:\Users\AJI\.vscode\extensions\redhat.java-1.56.0-win32-x64\jre\21.0.12.1-win32-x86_64\bin\management.dll
Event: 5.299 Loaded shared library C:\Users\AJI\.vscode\extensions\redhat.java-1.56.0-win32-x64\jre\21.0.12.1-win32-x86_64\bin\management.dll
Event: 5.302 Attempting to load shared library C:\Users\AJI\.vscode\extensions\redhat.java-1.56.0-win32-x64\jre\21.0.12.1-win32-x86_64\bin\management_ext.dll
Event: 5.305 Loaded shared library C:\Users\AJI\.vscode\extensions\redhat.java-1.56.0-win32-x64\jre\21.0.12.1-win32-x86_64\bin\management_ext.dll
Event: 6.148 Attempting to load shared library C:\Users\AJI\.vscode\extensions\redhat.java-1.56.0-win32-x64\jre\21.0.12.1-win32-x86_64\bin\extnet.dll
Event: 6.150 Loaded shared library C:\Users\AJI\.vscode\extensions\redhat.java-1.56.0-win32-x64\jre\21.0.12.1-win32-x86_64\bin\extnet.dll
Event: 6.754 Attempting to load shared library C:\Users\AJI\.vscode\extensions\redhat.java-1.56.0-win32-x64\jre\21.0.12.1-win32-x86_64\bin\sunmscapi.dll
Event: 6.759 Loaded shared library C:\Users\AJI\.vscode\extensions\redhat.java-1.56.0-win32-x64\jre\21.0.12.1-win32-x86_64\bin\sunmscapi.dll

Deoptimization events (20 events):
Event: 260.662 Thread 0x0000023c454493f0 Uncommon trap: trap_request=0xffffff45 fr.pc=0x0000023c60ee8290 relative=0x0000000000003710
Event: 260.662 Thread 0x0000023c454493f0 Uncommon trap: reason=unstable_if action=reinterpret pc=0x0000023c60ee8290 method=java.lang.ClassLoader.checkCerts(Ljava/lang/String;Ljava/security/CodeSource;)V @ 9 c2
Event: 260.662 Thread 0x0000023c454493f0 DEOPT PACKING pc=0x0000023c60ee8290 sp=0x000000439b3f9690
Event: 260.662 Thread 0x0000023c454493f0 DEOPT UNPACKING pc=0x0000023c605a4422 sp=0x000000439b3f9520 mode 2
Event: 260.672 Thread 0x0000023c454493f0 Uncommon trap: trap_request=0xffffff45 fr.pc=0x0000023c60e6b288 relative=0x00000000000008e8
Event: 260.673 Thread 0x0000023c454493f0 Uncommon trap: reason=unstable_if action=reinterpret pc=0x0000023c60e6b288 method=java.lang.Class.getPackageName()Ljava/lang/String; @ 55 c2
Event: 260.673 Thread 0x0000023c454493f0 DEOPT PACKING pc=0x0000023c60e6b288 sp=0x000000439b3f9550
Event: 260.673 Thread 0x0000023c454493f0 DEOPT UNPACKING pc=0x0000023c605a4422 sp=0x000000439b3f9510 mode 2
Event: 260.896 Thread 0x0000023c454493f0 Uncommon trap: trap_request=0xffffff45 fr.pc=0x0000023c60ecb950 relative=0x0000000000000a70
Event: 260.897 Thread 0x0000023c454493f0 Uncommon trap: reason=unstable_if action=reinterpret pc=0x0000023c60ecb950 method=org.objectweb.asm.Frame.push(I)V @ 26 c2
Event: 260.897 Thread 0x0000023c454493f0 DEOPT PACKING pc=0x0000023c60ecb950 sp=0x000000439b3f82c0
Event: 260.897 Thread 0x0000023c454493f0 DEOPT UNPACKING pc=0x0000023c605a4422 sp=0x000000439b3f81c8 mode 2
Event: 261.272 Thread 0x0000023c454493f0 Uncommon trap: trap_request=0xffffff45 fr.pc=0x0000023c60e6f6c0 relative=0x0000000000000580
Event: 261.272 Thread 0x0000023c454493f0 Uncommon trap: reason=unstable_if action=reinterpret pc=0x0000023c60e6f6c0 method=java.lang.invoke.InvokerBytecodeGenerator.storeInsnOpcode(Ljava/lang/invoke/LambdaForm$BasicType;)I @ 8 c2
Event: 261.272 Thread 0x0000023c454493f0 DEOPT PACKING pc=0x0000023c60e6f6c0 sp=0x000000439b3f6c00
Event: 261.273 Thread 0x0000023c454493f0 DEOPT UNPACKING pc=0x0000023c605a4422 sp=0x000000439b3f6b48 mode 2
Event: 261.275 Thread 0x0000023c454493f0 Uncommon trap: trap_request=0xffffff3d fr.pc=0x0000023c60eb9e90 relative=0x0000000000000c90
Event: 261.275 Thread 0x0000023c454493f0 Uncommon trap: reason=unstable_fused_if action=reinterpret pc=0x0000023c60eb9e90 method=org.objectweb.asm.ByteVector.putUTF8(Ljava/lang/String;)Lorg/objectweb/asm/ByteVector; @ 93 c2
Event: 261.275 Thread 0x0000023c454493f0 DEOPT PACKING pc=0x0000023c60eb9e90 sp=0x000000439b3f75e0
Event: 261.275 Thread 0x0000023c454493f0 DEOPT UNPACKING pc=0x0000023c605a4422 sp=0x000000439b3f7538 mode 2

Classes loaded (20 events):
Event: 60.093 Loading class java/nio/charset/CharacterCodingException
Event: 60.093 Loading class java/nio/charset/CharacterCodingException done
Event: 257.618 Loading class java/nio/file/FileTreeWalker
Event: 257.646 Loading class java/nio/file/FileTreeWalker done
Event: 257.654 Loading class java/nio/file/FileTreeWalker$DirectoryNode
Event: 257.656 Loading class java/nio/file/FileTreeWalker$DirectoryNode done
Event: 257.657 Loading class java/nio/file/FileTreeWalker$Event
Event: 257.657 Loading class java/nio/file/FileTreeWalker$Event done
Event: 257.657 Loading class java/nio/file/FileTreeWalker$EventType
Event: 257.657 Loading class java/nio/file/FileTreeWalker$EventType done
Event: 257.659 Loading class java/nio/file/Files$3
Event: 257.661 Loading class java/nio/file/Files$3 done
Event: 257.691 Loading class java/nio/file/FileVisitResult
Event: 257.694 Loading class java/nio/file/FileVisitResult done
Event: 260.359 Loading class java/util/stream/Streams$RangeIntSpliterator
Event: 260.362 Loading class java/util/stream/Streams$RangeIntSpliterator done
Event: 260.607 Loading class jdk/internal/loader/URLClassPath$FileLoader
Event: 260.609 Loading class jdk/internal/loader/URLClassPath$FileLoader done
Event: 260.617 Loading class jdk/internal/loader/URLClassPath$FileLoader$1
Event: 260.618 Loading class jdk/internal/loader/URLClassPath$FileLoader$1 done

Classes unloaded (0 events):
No events

Classes redefined (0 events):
No events

Internal exceptions (20 events):
Event: 40.334 Thread 0x0000023c454493f0 Exception <a 'sun/nio/fs/WindowsException'{0x000000060f9e4278}> (0x000000060f9e4278) 
thrown [s\src\hotspot\share\prims\jni.cpp, line 520]
Event: 40.334 Thread 0x0000023c454493f0 Exception <a 'sun/nio/fs/WindowsException'{0x000000060f9e5750}> (0x000000060f9e5750) 
thrown [s\src\hotspot\share\prims\jni.cpp, line 520]
Event: 40.357 Thread 0x0000023c454493f0 Exception <a 'java/lang/NoSuchMethodError'{0x000000060fae16c8}: 'java.lang.Object java.lang.invoke.Invokers$Holder.invoker(java.lang.Object, java.lang.Object, java.lang.Object, java.lang.Object, java.lang.Object, java.lang.Object)'> (0x000000060fae16c8) 
thrown [s\src\hotspot\share\interpreter\linkResolver.cpp, line 773]
Event: 50.781 Thread 0x0000023c454493f0 Exception <a 'java/lang/NoSuchMethodError'{0x00000006051aa358}: 'java.lang.Object java.lang.invoke.Invokers$Holder.invoker(java.lang.Object, java.lang.Object, java.lang.Object, java.lang.Object, java.lang.Object, java.lang.Object, java.lang.Object, java.lang.Object, java.lang.Object, java.lang.Object, java.lang.Object, java.lang.Object, java.lang.Object, java.lang.Object, java.lang.Object, java.lang.Object, java.lang.Object, java.lang.Object, java.lang.Object, java.lang.Object, java.lang.Object, java.lang.
Event: 50.782 Thread 0x0000023c454493f0 Exception <a 'java/lang/NoSuchMethodError'{0x00000006051b0c70}: 'java.lang.Object java.lang.invoke.DelegatingMethodHandle$Holder.delegate(java.lang.Object, java.lang.Object, java.lang.Object, java.lang.Object, java.lang.Object, java.lang.Object, java.lang.Object, java.lang.Object, java.lang.Object, java.lang.Object, java.lang.Object, java.lang.Object, java.lang.Object, java.lang.Object, java.lang.Object, java.lang.Object, java.lang.Object, java.lang.Object, java.lang.Object, java.lang.Object, java.lang.Obj
Event: 50.854 Thread 0x0000023c454493f0 Exception <a 'java/lang/NoSuchMethodError'{0x0000000604c70b00}: 'java.lang.Object java.lang.invoke.DirectMethodHandle$Holder.newInvokeSpecial(java.lang.Object, java.lang.Object, java.lang.Object, java.lang.Object, java.lang.Object, java.lang.Object, int)'> (0x0000000604c70b00) 
thrown [s\src\hotspot\share\interpreter\linkResolver.cpp, line 773]
Event: 50.854 Thread 0x0000023c454493f0 Exception <a 'java/lang/NoSuchMethodError'{0x0000000604c75a88}: 'java.lang.Object java.lang.invoke.DirectMethodHandle$Holder.invokeSpecial(java.lang.Object, java.lang.Object, java.lang.Object, java.lang.Object, java.lang.Object, java.lang.Object, java.lang.Object, int)'> (0x0000000604c75a88) 
thrown [s\src\hotspot\share\interpreter\linkResolver.cpp, line 773]
Event: 51.040 Thread 0x0000023c454493f0 Exception <a 'java/lang/IncompatibleClassChangeError'{0x00000006037a23e8}: Found class java.lang.Object, but interface was expected> (0x00000006037a23e8) 
thrown [s\src\hotspot\share\interpreter\linkResolver.cpp, line 840]
Event: 51.067 Thread 0x0000023c454493f0 Exception <a 'java/lang/NoSuchMethodError'{0x0000000603078860}: 'java.lang.Object java.lang.invoke.DirectMethodHandle$Holder.newInvokeSpecial(java.lang.Object, java.lang.Object, long)'> (0x0000000603078860) 
thrown [s\src\hotspot\share\interpreter\linkResolver.cpp, line 773]
Event: 51.067 Thread 0x0000023c454493f0 Exception <a 'java/lang/NoSuchMethodError'{0x000000060307d0f8}: 'java.lang.Object java.lang.invoke.Invokers$Holder.linkToTargetMethod(java.lang.Object, long, java.lang.Object)'> (0x000000060307d0f8) 
thrown [s\src\hotspot\share\interpreter\linkResolver.cpp, line 773]
Event: 60.083 Thread 0x0000023c45f7d770 Implicit null exception at 0x0000023c60d18861 to 0x0000023c60d18edc
Event: 60.083 Thread 0x0000023c45f7d770 Implicit null exception at 0x0000023c60e03a47 to 0x0000023c60e03e30
Event: 60.108 Thread 0x0000023c454493f0 Exception <a 'java/lang/NoSuchMethodError'{0x000000060335a280}: 'int java.lang.invoke.DirectMethodHandle$Holder.invokeInterface(java.lang.Object, java.lang.Object)'> (0x000000060335a280) 
thrown [s\src\hotspot\share\interpreter\linkResolver.cpp, line 773]
Event: 60.153 Thread 0x0000023c454493f0 Exception <a 'java/lang/NoSuchMethodError'{0x0000000602cf5688}: 'java.lang.Object java.lang.invoke.DirectMethodHandle$Holder.newInvokeSpecial(java.lang.Object, java.lang.Object, int, java.lang.Object, java.lang.Object, java.lang.Object, java.lang.Object)'> (0x0000000602cf5688) 
thrown [s\src\hotspot\share\interpreter\linkResolver.cpp, line 773]
Event: 60.153 Thread 0x0000023c454493f0 Exception <a 'java/lang/NoSuchMethodError'{0x0000000602cfdeb8}: 'java.lang.Object java.lang.invoke.Invokers$Holder.linkToTargetMethod(java.lang.Object, int, java.lang.Object, java.lang.Object, java.lang.Object, java.lang.Object, java.lang.Object)'> (0x0000000602cfdeb8) 
thrown [s\src\hotspot\share\interpreter\linkResolver.cpp, line 773]
Event: 260.344 Thread 0x0000023c454493f0 Exception <a 'java/lang/NoSuchMethodError'{0x000000060fa0e9a0}: 'java.lang.Object java.lang.invoke.DirectMethodHandle$Holder.invokeVirtual(java.lang.Object, java.lang.Object, int)'> (0x000000060fa0e9a0) 
thrown [s\src\hotspot\share\interpreter\linkResolver.cpp, line 773]
Event: 260.571 Thread 0x0000023c454493f0 Exception <a 'java/lang/NoSuchMethodError'{0x000000060fb34550}: 'void java.lang.invoke.DirectMethodHandle$Holder.invokeInterface(java.lang.Object, java.lang.Object, java.lang.Object, java.lang.Object, java.lang.Object, java.lang.Object, java.lang.Object)'> (0x000000060fb34550) 
thrown [s\src\hotspot\share\interpreter\linkResolver.cpp, line 773]
Event: 260.575 Thread 0x0000023c454493f0 Exception <a 'java/lang/NoSuchMethodError'{0x000000060fb39118}: 'void java.lang.invoke.DelegatingMethodHandle$Holder.reinvoke_L(java.lang.Object, java.lang.Object, java.lang.Object, java.lang.Object, java.lang.Object, java.lang.Object, java.lang.Object)'> (0x000000060fb39118) 
thrown [s\src\hotspot\share\interpreter\linkResolver.cpp, line 773]
Event: 260.849 Thread 0x0000023c454493f0 Exception <a 'java/lang/NoSuchMethodError'{0x000000060c483d58}: 'java.lang.Object java.lang.invoke.DirectMethodHandle$Holder.invokeVirtual(java.lang.Object, java.lang.Object, java.lang.Object, java.lang.Object, java.lang.Object, java.lang.Object, java.lang.Object, java.lang.Object, java.lang.Object, java.lang.Object, java.lang.Object, java.lang.Object, java.lang.Object, java.lang.Object, java.lang.Object)'> (0x000000060c483d58) 
thrown [s\src\hotspot\share\interpreter\linkResolver.cpp, line 773]
Event: 260.901 Thread 0x0000023c454493f0 Exception <a 'java/lang/NoSuchMethodError'{0x000000060c559408}: 'java.lang.Object java.lang.invoke.DirectMethodHandle$Holder.newInvokeSpecial(java.lang.Object, java.lang.Object, java.lang.Object, java.lang.Object, java.lang.Object, java.lang.Object, java.lang.Object, java.lang.Object, java.lang.Object, java.lang.Object, java.lang.Object, java.lang.Object, java.lang.Object)'> (0x000000060c559408) 
thrown [s\src\hotspot\share\interpreter\linkResolver.cpp, line 773]

ZGC Phase Switch (0 events):
No events

VM Operations (20 events):
Event: 224.572 Executing safepoint VM operation: Cleanup
Event: 224.575 Executing safepoint VM operation: Cleanup done
Event: 226.589 Executing safepoint VM operation: Cleanup
Event: 226.589 Executing safepoint VM operation: Cleanup done
Event: 228.617 Executing safepoint VM operation: Cleanup
Event: 228.617 Executing safepoint VM operation: Cleanup done
Event: 237.691 Executing safepoint VM operation: Cleanup
Event: 237.691 Executing safepoint VM operation: Cleanup done
Event: 247.773 Executing safepoint VM operation: Cleanup
Event: 247.773 Executing safepoint VM operation: Cleanup done
Event: 256.917 Executing safepoint VM operation: G1CollectForAllocation (G1 Evacuation Pause)
Event: 257.046 Executing safepoint VM operation: G1CollectForAllocation (G1 Evacuation Pause) done
Event: 258.051 Executing safepoint VM operation: Cleanup
Event: 258.051 Executing safepoint VM operation: Cleanup done
Event: 260.653 Executing non-safepoint VM operation: HandshakeAllThreads (Deoptimize)
Event: 260.653 Executing non-safepoint VM operation: HandshakeAllThreads (Deoptimize) done
Event: 260.653 Executing safepoint VM operation: Cleanup
Event: 260.654 Executing safepoint VM operation: Cleanup done
Event: 260.655 Executing non-safepoint VM operation: HandshakeAllThreads (Deoptimize)
Event: 260.655 Executing non-safepoint VM operation: HandshakeAllThreads (Deoptimize) done

Memory protections (0 events):
No events

Nmethod flushes (20 events):
Event: 40.264 Thread 0x0000023c7e8ebdf0 flushing  nmethod 0x0000023c50cbea10
Event: 40.264 Thread 0x0000023c7e8ebdf0 flushing  nmethod 0x0000023c50cbee10
Event: 40.264 Thread 0x0000023c7e8ebdf0 flushing  nmethod 0x0000023c50cbfd90
Event: 40.264 Thread 0x0000023c7e8ebdf0 flushing  nmethod 0x0000023c50cc0290
Event: 40.264 Thread 0x0000023c7e8ebdf0 flushing  nmethod 0x0000023c50cc1690
Event: 40.264 Thread 0x0000023c7e8ebdf0 flushing  nmethod 0x0000023c50cc6690
Event: 40.264 Thread 0x0000023c7e8ebdf0 flushing  nmethod 0x0000023c50cc8110
Event: 40.264 Thread 0x0000023c7e8ebdf0 flushing  nmethod 0x0000023c50d12e90
Event: 40.264 Thread 0x0000023c7e8ebdf0 flushing  nmethod 0x0000023c50d16d90
Event: 40.264 Thread 0x0000023c7e8ebdf0 flushing  nmethod 0x0000023c50d19490
Event: 40.264 Thread 0x0000023c7e8ebdf0 flushing  nmethod 0x0000023c50d2eb90
Event: 40.264 Thread 0x0000023c7e8ebdf0 flushing  nmethod 0x0000023c50d5b410
Event: 40.264 Thread 0x0000023c7e8ebdf0 flushing  nmethod 0x0000023c50d5ea10
Event: 40.264 Thread 0x0000023c7e8ebdf0 flushing  nmethod 0x0000023c50d78490
Event: 40.264 Thread 0x0000023c7e8ebdf0 flushing  nmethod 0x0000023c50d8f490
Event: 40.264 Thread 0x0000023c7e8ebdf0 flushing  nmethod 0x0000023c50ed2510
Event: 40.264 Thread 0x0000023c7e8ebdf0 flushing  nmethod 0x0000023c50ed4390
Event: 40.264 Thread 0x0000023c7e8ebdf0 flushing  nmethod 0x0000023c50ed5b90
Event: 40.264 Thread 0x0000023c7e8ebdf0 flushing  nmethod 0x0000023c50ed8910
Event: 40.264 Thread 0x0000023c7e8ebdf0 flushing  nmethod 0x0000023c50eeba90

Events (20 events):
Event: 7.817 Thread 0x0000023c45f7e490 Thread added: 0x0000023c45f7fed0
Event: 14.250 Thread 0x0000023c7e931510 Thread exited: 0x0000023c7e931510
Event: 16.912 Thread 0x0000023c7e932980 Thread added: 0x0000023c7e933050
Event: 18.186 Thread 0x0000023c7e933050 Thread exited: 0x0000023c7e933050
Event: 26.901 Thread 0x0000023c7e932980 Thread added: 0x0000023c7e9322b0
Event: 29.365 Thread 0x0000023c7e9322b0 Thread exited: 0x0000023c7e9322b0
Event: 37.557 Thread 0x0000023c7e932980 Thread added: 0x0000023c7e933050
Event: 37.852 Thread 0x0000023c454493f0 Thread added: 0x0000023c46b44f40
Event: 37.886 Thread 0x0000023c454493f0 Thread added: 0x0000023c46b41ac0
Event: 38.311 Thread 0x0000023c454493f0 Thread added: 0x0000023c46b455d0
Event: 38.322 Thread 0x0000023c454493f0 Thread added: 0x0000023c46b44220
Event: 38.769 Thread 0x0000023c454493f0 Thread added: 0x0000023c46b43b90
Event: 38.864 Thread 0x0000023c454493f0 Thread added: 0x0000023c46b42150
Event: 39.404 Thread 0x0000023c454493f0 Thread added: 0x0000023c46b43500
Event: 39.504 Thread 0x0000023c454493f0 Thread added: 0x0000023c46b45c60
Event: 43.012 Thread 0x0000023c7e933050 Thread exited: 0x0000023c7e933050
Event: 60.163 Thread 0x0000023c7e932980 Thread added: 0x0000023c7e931be0
Event: 64.400 Thread 0x0000023c7e931be0 Thread exited: 0x0000023c7e931be0
Event: 120.668 Thread 0x0000023c45f7fed0 Thread exited: 0x0000023c45f7fed0
Event: 257.117 Thread 0x0000023c45f7e490 Thread added: 0x0000023c46b42e70


Dynamic libraries:
0x00007ff79bf90000 - 0x00007ff79bf9e000 	C:\Users\AJI\.vscode\extensions\redhat.java-1.56.0-win32-x64\jre\21.0.12.1-win32-x86_64\bin\java.exe
0x00007ffe02160000 - 0x00007ffe023c7000 	C:\WINDOWS\SYSTEM32\ntdll.dll
0x00007ffe003b0000 - 0x00007ffe0047b000 	C:\WINDOWS\System32\KERNEL32.DLL
0x00007ffdff6f0000 - 0x00007ffdffaf2000 	C:\WINDOWS\System32\KERNELBASE.dll
0x00007ffdff410000 - 0x00007ffdff55c000 	C:\WINDOWS\System32\ucrtbase.dll
0x00007ffd821c0000 - 0x00007ffd821d8000 	C:\Users\AJI\.vscode\extensions\redhat.java-1.56.0-win32-x64\jre\21.0.12.1-win32-x86_64\bin\jli.dll
0x00007ffdc0f00000 - 0x00007ffdc0f1e000 	C:\Users\AJI\.vscode\extensions\redhat.java-1.56.0-win32-x64\jre\21.0.12.1-win32-x86_64\bin\VCRUNTIME140.dll
0x00007ffe019a0000 - 0x00007ffe01b6f000 	C:\WINDOWS\System32\USER32.dll
0x00007ffddfe30000 - 0x00007ffde00c0000 	C:\WINDOWS\WinSxS\amd64_microsoft.windows.common-controls_6595b64144ccf1df_6.0.26100.9278_none_3e0d1ba8e3303201\COMCTL32.dll
0x00007ffdff570000 - 0x00007ffdff597000 	C:\WINDOWS\System32\win32u.dll
0x00007ffe01970000 - 0x00007ffe0199b000 	C:\WINDOWS\System32\GDI32.dll
0x00007ffe018c0000 - 0x00007ffe01969000 	C:\WINDOWS\System32\msvcrt.dll
0x00007ffdffc90000 - 0x00007ffdffdb9000 	C:\WINDOWS\System32\gdi32full.dll
0x00007ffdff360000 - 0x00007ffdff403000 	C:\WINDOWS\System32\msvcp_win.dll
0x00007ffe01b90000 - 0x00007ffe01bc1000 	C:\WINDOWS\System32\IMM32.DLL
0x00007ffdd7ca0000 - 0x00007ffdd7cac000 	C:\Users\AJI\.vscode\extensions\redhat.java-1.56.0-win32-x64\jre\21.0.12.1-win32-x86_64\bin\vcruntime140_1.dll
0x00007ffd7e7f0000 - 0x00007ffd7e87d000 	C:\Users\AJI\.vscode\extensions\redhat.java-1.56.0-win32-x64\jre\21.0.12.1-win32-x86_64\bin\msvcp140.dll
0x00007ffcef0f0000 - 0x00007ffcefe92000 	C:\Users\AJI\.vscode\extensions\redhat.java-1.56.0-win32-x64\jre\21.0.12.1-win32-x86_64\bin\server\jvm.dll
0x00007ffe002e0000 - 0x00007ffe0039c000 	C:\WINDOWS\System32\ADVAPI32.dll
0x00007ffe00230000 - 0x00007ffe002d9000 	C:\WINDOWS\System32\sechost.dll
0x00007ffdfff30000 - 0x00007ffe00048000 	C:\WINDOWS\System32\RPCRT4.dll
0x00007ffe01720000 - 0x00007ffe017a0000 	C:\WINDOWS\System32\WS2_32.dll
0x00007ffdff1c0000 - 0x00007ffdff21e000 	C:\WINDOWS\SYSTEM32\POWRPROF.dll
0x00007ffdfb560000 - 0x00007ffdfb596000 	C:\WINDOWS\SYSTEM32\WINMM.dll
0x00007ffdf5020000 - 0x00007ffdf502b000 	C:\WINDOWS\SYSTEM32\VERSION.dll
0x00007ffdff1a0000 - 0x00007ffdff1b5000 	C:\WINDOWS\SYSTEM32\UMPDC.dll
0x00007ffdfdf70000 - 0x00007ffdfdf8b000 	C:\WINDOWS\SYSTEM32\kernel.appcore.dll
0x00007ffdd7be0000 - 0x00007ffdd7bea000 	C:\Users\AJI\.vscode\extensions\redhat.java-1.56.0-win32-x64\jre\21.0.12.1-win32-x86_64\bin\jimage.dll
0x00007ffdfc940000 - 0x00007ffdfcb8c000 	C:\WINDOWS\SYSTEM32\DBGHELP.DLL
0x00007ffe00d20000 - 0x00007ffe010a5000 	C:\WINDOWS\System32\combase.dll
0x00007ffe011b0000 - 0x00007ffe01289000 	C:\WINDOWS\System32\OLEAUT32.dll
0x00007ffdde450000 - 0x00007ffdde48b000 	C:\WINDOWS\SYSTEM32\dbgcore.DLL
0x00007ffdffdc0000 - 0x00007ffdffe6c000 	C:\WINDOWS\System32\bcryptPrimitives.dll
0x00007ffdd70d0000 - 0x00007ffdd70df000 	C:\Users\AJI\.vscode\extensions\redhat.java-1.56.0-win32-x64\jre\21.0.12.1-win32-x86_64\bin\instrument.dll
0x00007ffd7fbb0000 - 0x00007ffd7fbd0000 	C:\Users\AJI\.vscode\extensions\redhat.java-1.56.0-win32-x64\jre\21.0.12.1-win32-x86_64\bin\java.dll
0x00007ffe00580000 - 0x00007ffe00d18000 	C:\WINDOWS\System32\SHELL32.dll
0x00007ffdfcd80000 - 0x00007ffdfd62e000 	C:\WINDOWS\SYSTEM32\windows.storage.dll
0x00007ffe01320000 - 0x00007ffe0141b000 	C:\WINDOWS\System32\SHCORE.dll
0x00007ffe010b0000 - 0x00007ffe01116000 	C:\WINDOWS\System32\shlwapi.dll
0x00007ffdff280000 - 0x00007ffdff2a9000 	C:\WINDOWS\SYSTEM32\profapi.dll
0x00007ffd7fb90000 - 0x00007ffd7fba8000 	C:\Users\AJI\.vscode\extensions\redhat.java-1.56.0-win32-x64\jre\21.0.12.1-win32-x86_64\bin\zip.dll
0x00007ffdd7b20000 - 0x00007ffdd7b30000 	C:\Users\AJI\.vscode\extensions\redhat.java-1.56.0-win32-x64\jre\21.0.12.1-win32-x86_64\bin\net.dll
0x00007ffdf8730000 - 0x00007ffdf885a000 	C:\WINDOWS\SYSTEM32\WINHTTP.dll
0x00007ffdfe5f0000 - 0x00007ffdfe65c000 	C:\WINDOWS\system32\mswsock.dll
0x00007ffd7e7d0000 - 0x00007ffd7e7e6000 	C:\Users\AJI\.vscode\extensions\redhat.java-1.56.0-win32-x64\jre\21.0.12.1-win32-x86_64\bin\nio.dll
0x00007ffdd1b60000 - 0x00007ffdd1b70000 	C:\Users\AJI\.vscode\extensions\redhat.java-1.56.0-win32-x64\jre\21.0.12.1-win32-x86_64\bin\verify.dll
0x00007ffd7fce0000 - 0x00007ffd7fd07000 	C:\Users\AJI\.gradle\native\1def1411415f61bf3af743bc5b6707747c0891f09f0c88961ee8f79bc544acac\windows-amd64\native-platform.dll
0x00007ffcf9e70000 - 0x00007ffcf9ee7000 	C:\Users\AJI\.gradle\native\0.2.8\x86_64-windows-gnu\gradle-fileevents.dll
0x00007ffdd17c0000 - 0x00007ffdd17ca000 	C:\Users\AJI\.vscode\extensions\redhat.java-1.56.0-win32-x64\jre\21.0.12.1-win32-x86_64\bin\management.dll
0x00007ffdd0ce0000 - 0x00007ffdd0cec000 	C:\Users\AJI\.vscode\extensions\redhat.java-1.56.0-win32-x64\jre\21.0.12.1-win32-x86_64\bin\management_ext.dll
0x00007ffe01b80000 - 0x00007ffe01b88000 	C:\WINDOWS\System32\PSAPI.DLL
0x00007ffdfd9b0000 - 0x00007ffdfd9e3000 	C:\WINDOWS\SYSTEM32\IPHLPAPI.DLL
0x00007ffdfff00000 - 0x00007ffdfff0a000 	C:\WINDOWS\System32\NSI.dll
0x00007ffdd0ba0000 - 0x00007ffdd0ba9000 	C:\Users\AJI\.vscode\extensions\redhat.java-1.56.0-win32-x64\jre\21.0.12.1-win32-x86_64\bin\extnet.dll
0x00007ffdfe8e0000 - 0x00007ffdfe8fb000 	C:\WINDOWS\SYSTEM32\CRYPTSP.dll
0x00007ffdfdf90000 - 0x00007ffdfdfc9000 	C:\WINDOWS\system32\rsaenh.dll
0x00007ffdfe6a0000 - 0x00007ffdfe6d4000 	C:\WINDOWS\SYSTEM32\USERENV.dll
0x00007ffdff250000 - 0x00007ffdff27a000 	C:\WINDOWS\SYSTEM32\bcrypt.dll
0x00007ffdfe900000 - 0x00007ffdfe90c000 	C:\WINDOWS\SYSTEM32\CRYPTBASE.dll
0x00007ffdd0640000 - 0x00007ffdd064e000 	C:\Users\AJI\.vscode\extensions\redhat.java-1.56.0-win32-x64\jre\21.0.12.1-win32-x86_64\bin\sunmscapi.dll
0x00007ffdffb00000 - 0x00007ffdffc7e000 	C:\WINDOWS\System32\CRYPT32.dll
0x00007ffdfeb20000 - 0x00007ffdfeb50000 	C:\WINDOWS\SYSTEM32\ncrypt.dll
0x00007ffdfead0000 - 0x00007ffdfeb0f000 	C:\WINDOWS\SYSTEM32\NTASN1.dll
0x00007ffdd4f00000 - 0x00007ffdd4f08000 	C:\WINDOWS\system32\wshunix.dll

JVMTI agents:
C:\Users\AJI\.gradle\wrapper\dists\gradle-9.1.0-all\7wzd0jkjit61aq2p43wpjgij9\gradle-9.1.0\lib\agents\gradle-instrumentation-agent-9.1.0.jar path:C:\Users\AJI\.vscode\extensions\redhat.java-1.56.0-win32-x64\jre\21.0.12.1-win32-x86_64\bin\instrument.dll, loaded, initialized, instrumentlib options:none

dbghelp: loaded successfully - version: 4.0.5 - missing functions: none
symbol engine: initialized successfully - sym options: 0x614 - pdb path: .;C:\Users\AJI\.vscode\extensions\redhat.java-1.56.0-win32-x64\jre\21.0.12.1-win32-x86_64\bin;C:\WINDOWS\SYSTEM32;C:\WINDOWS\WinSxS\amd64_microsoft.windows.common-controls_6595b64144ccf1df_6.0.26100.9278_none_3e0d1ba8e3303201;C:\Users\AJI\.vscode\extensions\redhat.java-1.56.0-win32-x64\jre\21.0.12.1-win32-x86_64\bin\server;C:\Users\AJI\.gradle\native\1def1411415f61bf3af743bc5b6707747c0891f09f0c88961ee8f79bc544acac\windows-amd64;C:\Users\AJI\.gradle\native\0.2.8\x86_64-windows-gnu

VM Arguments:
jvm_args: --add-opens=java.base/java.lang=ALL-UNNAMED --add-opens=java.base/java.lang.invoke=ALL-UNNAMED --add-opens=java.base/java.util=ALL-UNNAMED --add-opens=java.prefs/java.util.prefs=ALL-UNNAMED --add-exports=jdk.compiler/com.sun.tools.javac.api=ALL-UNNAMED --add-exports=jdk.compiler/com.sun.tools.javac.util=ALL-UNNAMED --add-opens=java.base/java.util=ALL-UNNAMED --add-opens=java.prefs/java.util.prefs=ALL-UNNAMED --add-opens=java.base/java.nio.charset=ALL-UNNAMED --add-opens=java.base/java.net=ALL-UNNAMED --add-opens=java.base/java.util.concurrent=ALL-UNNAMED --add-opens=java.base/java.util.concurrent.atomic=ALL-UNNAMED --add-opens=java.xml/javax.xml.namespace=ALL-UNNAMED --add-opens=java.base/java.time=ALL-UNNAMED -XX:MaxMetaspaceSize=4G -XX:ReservedCodeCacheSize=512m -XX:+HeapDumpOnOutOfMemoryError -Xmx8G -Dfile.encoding=UTF-8 -Duser.country=IN -Duser.language=en -Duser.variant -javaagent:C:\Users\AJI\.gradle\wrapper\dists\gradle-9.1.0-all\7wzd0jkjit61aq2p43wpjgij9\gradle-9.1.0\lib\agents\gradle-instrumentation-agent-9.1.0.jar 
java_command: org.gradle.launcher.daemon.bootstrap.GradleDaemon 9.1.0
java_class_path (initial): C:\Users\AJI\.gradle\wrapper\dists\gradle-9.1.0-all\7wzd0jkjit61aq2p43wpjgij9\gradle-9.1.0\lib\gradle-daemon-main-9.1.0.jar
Launcher Type: SUN_STANDARD

[Global flags]
     intx CICompilerCount                          = 12                                        {product} {ergonomic}
     uint ConcGCThreads                            = 4                                         {product} {ergonomic}
     uint G1ConcRefinementThreads                  = 15                                        {product} {ergonomic}
   size_t G1HeapRegionSize                         = 4194304                                   {product} {ergonomic}
    uintx GCDrainStackTargetSize                   = 64                                        {product} {ergonomic}
     bool HeapDumpOnOutOfMemoryError               = true                                   {manageable} {command line}
   size_t InitialHeapSize                          = 264241152                                 {product} {ergonomic}
   size_t MarkStackSize                            = 4194304                                   {product} {ergonomic}
   size_t MaxHeapSize                              = 8589934592                                {product} {command line}
   size_t MaxMetaspaceSize                         = 4294967296                                {product} {command line}
   size_t MaxNewSize                               = 5150605312                                {product} {ergonomic}
   size_t MinHeapDeltaBytes                        = 4194304                                   {product} {ergonomic}
   size_t MinHeapSize                              = 8388608                                   {product} {ergonomic}
    uintx NonNMethodCodeHeapSize                   = 7602480                                {pd product} {ergonomic}
    uintx NonProfiledCodeHeapSize                  = 264634216                              {pd product} {ergonomic}
    uintx ProfiledCodeHeapSize                     = 264634216                              {pd product} {ergonomic}
    uintx ReservedCodeCacheSize                    = 536870912                              {pd product} {command line}
     bool SegmentedCodeCache                       = true                                      {product} {ergonomic}
   size_t SoftMaxHeapSize                          = 8589934592                             {manageable} {ergonomic}
     bool UseCompressedOops                        = true                           {product lp64_product} {ergonomic}
     bool UseG1GC                                  = true                                      {product} {ergonomic}
     bool UseLargePagesIndividualAllocation        = false                                  {pd product} {ergonomic}

Logging:
Log output configuration:
 #0: stdout all=warning uptime,level,tags foldmultilines=false
 #1: stderr all=off uptime,level,tags foldmultilines=false

Release file:
JAVA_VERSION="21.0.12.1" 
MODULES="java.base java.compiler java.datatransfer java.xml java.prefs java.desktop java.instrument java.logging java.management java.security.sasl java.naming java.rmi java.management.rmi java.net.http java.scripting java.security.jgss java.transaction.xa java.sql java.sql.rowset java.xml.crypto java.se java.smartcardio jdk.accessibility jdk.internal.jvmstat jdk.attach jdk.charsets jdk.internal.opt jdk.zipfs jdk.compiler jdk.crypto.ec jdk.crypto.cryptoki jdk.crypto.mscapi jdk.dynalink jdk.internal.ed jdk.editpad jdk.hotspot.agent jdk.httpserver jdk.internal.le jdk.internal.vm.ci jdk.internal.vm.compiler jdk.internal.vm.compiler.management jdk.jartool jdk.javadoc jdk.jcmd jdk.management jdk.management.agent jdk.jconsole jdk.jdeps jdk.jdwp.agent jdk.jdi jdk.jfr jdk.jshell jdk.jsobject jdk.jstatd jdk.localedata jdk.management.jfr jdk.naming.dns jdk.naming.rmi jdk.net jdk.nio.mapmode jdk.random jdk.sctp jdk.security.auth jdk.security.jgss jdk.unsupported jdk.unsupported.desktop jdk.xml.dom" 

Environment Variables:
JAVA_HOME=C:\Program Files\Java\jdk-17
PATH=C:\Python314\Scripts\;C:\Python314\;C:\Program Files\Eclipse Adoptium\jdk-25.0.3.9-hotspot\bin;C:\Program Files\Microsoft\jdk-11.0.16.101-hotspot\bin;C:\WINDOWS\system32;C:\WINDOWS;C:\WINDOWS\System32\Wbem;C:\WINDOWS\System32\WindowsPowerShell\v1.0\;C:\WINDOWS\System32\OpenSSH\;C:\Program Files\dotnet\;C:\MinGW\bin;C:\ProgramData\chocolatey\bin;C:\Users\AJI\AppData\Local\Pub\Cache\bin;C:\Program Files\Java\jdk-17\bin;d:\cursor\resources\app\bin;C:\Users\AJI\develop\flutter\bin;C:\Users\AJI\.local\bin;D:\node\node_modules\npm\bin;D:\node\;C:\Program Files\nodejs\;C:\Program Files\nodejs\node_modules\npm\bin;C:\Users\AJI\Documents\MONGO\mongosh-2.9.2-win32-x64\bin;C:\xampp\php;C:\Program Files\Git\cmd;C:\Users\AJI\AppData\Local\Programs\Python\Python312\Scripts\;C:\Users\AJI\AppData\Local\Programs\Python\Python312\;C:\Users\AJI\.local\bin;C:\Users\AJI\AppData\Local\Microsoft\WindowsApps;D:\IntelliJ IDEA Community Edition 2023.1.5\bin;;C:\mingw64\bin;C:\Users\AJI\.dotnet\tools;C:\Users\AJI\Documents\flutter_windows_3.13.4-stable\flutter\bin;C:\Users\AJI\AppData\Local\Pub\Cache\bin;D:\flutter_pub_cache;C:\Users\AJI\AppData\Local\Android\Sdk;C:\Program Files\Java\jdk-17\bin;D:\rider\JetBrains Rider 2024.3.7\bin;;D:\Program Files\Microsoft VS Code\bin;D:\freelanceing\cursor\resources\app\bin;C:\Users\AJI\AppData\Local\Programs\Microsoft VS Code\bin;C:\Users\AJI\AppData\Local\Programs\cursor\resources\app\bin;C:\Users\AJI\AppData\Roaming\npm
USERNAME=AJI
OS=Windows_NT
PROCESSOR_IDENTIFIER=Intel64 Family 6 Model 154 Stepping 3, GenuineIntel
TMP=C:\Users\AJI\AppData\Local\Temp
TEMP=C:\Users\AJI\AppData\Local\Temp




Periodic native trim disabled

---------------  S Y S T E M  ---------------

OS:
 Windows 11 , 64 bit Build 26100 (10.0.26100.9444)
OS uptime: 0 days 0:14 hours
Hyper-V role detected

CPU: total 20 (initial active 20) (10 cores per cpu, 2 threads per core) family 6 model 154 stepping 3 microcode 0x43b, cx8, cmov, fxsr, ht, mmx, 3dnowpref, sse, sse2, sse3, ssse3, sse4.1, sse4.2, popcnt, lzcnt, tsc, tscinvbit, avx, avx2, aes, erms, clmul, bmi1, bmi2, adx, sha, fma, vzeroupper, clflush, clflushopt, clwb, hv, serialize, rdtscp, rdpid, fsrm, f16c, cet_ibt, cet_ss
Processor Information for processor 0
  Max Mhz: 2300, Current Mhz: 2300, Mhz Limit: 2300
Processor Information for processor 1
  Max Mhz: 2300, Current Mhz: 2300, Mhz Limit: 2300
Processor Information for processor 2
  Max Mhz: 2300, Current Mhz: 2300, Mhz Limit: 2300
Processor Information for processor 3
  Max Mhz: 2300, Current Mhz: 2300, Mhz Limit: 2300
Processor Information for processor 4
  Max Mhz: 2300, Current Mhz: 2300, Mhz Limit: 2300
Processor Information for processor 5
  Max Mhz: 2300, Current Mhz: 2300, Mhz Limit: 2300
Processor Information for processor 6
  Max Mhz: 2300, Current Mhz: 2300, Mhz Limit: 2300
Processor Information for processor 7
  Max Mhz: 2300, Current Mhz: 2300, Mhz Limit: 2300
Processor Information for processor 8
  Max Mhz: 2300, Current Mhz: 2300, Mhz Limit: 2300
Processor Information for processor 9
  Max Mhz: 2300, Current Mhz: 2300, Mhz Limit: 2300
Processor Information for processor 10
  Max Mhz: 2300, Current Mhz: 2300, Mhz Limit: 2300
Processor Information for processor 11
  Max Mhz: 2300, Current Mhz: 2300, Mhz Limit: 2300
Processor Information for processor 12
  Max Mhz: 2300, Current Mhz: 1488, Mhz Limit: 2300
Processor Information for processor 13
  Max Mhz: 2300, Current Mhz: 1488, Mhz Limit: 2300
Processor Information for processor 14
  Max Mhz: 2300, Current Mhz: 1488, Mhz Limit: 2300
Processor Information for processor 15
  Max Mhz: 2300, Current Mhz: 1488, Mhz Limit: 2300
Processor Information for processor 16
  Max Mhz: 2300, Current Mhz: 1488, Mhz Limit: 2300
Processor Information for processor 17
  Max Mhz: 2300, Current Mhz: 2300, Mhz Limit: 2300
Processor Information for processor 18
  Max Mhz: 2300, Current Mhz: 1488, Mhz Limit: 2300
Processor Information for processor 19
  Max Mhz: 2300, Current Mhz: 1488, Mhz Limit: 2300

Memory: 4k page, system-wide physical 16068M (16M free)
TotalPageFile size 65220M (AvailPageFile size 147M)
current process WorkingSet (physical memory assigned to process): 113M, peak: 231M
current process commit charge ("private bytes"): 314M, peak: 427M

vm_info: OpenJDK 64-Bit Server VM (21.0.12.1+1-LTS) for windows-amd64 JRE (21.0.12.1+1-LTS), built on 2026-08-18T00:00:00Z by "admin" with MS VC++ 17.12 (VS2022)

END.
